Gnuplot not found, using plotters backend
hyperfeed_crucible_interval: profile=diagnostic elapsed_secs=5.013 interval_secs=5.013 interval_tps=297234.73 total_ops=1490164 arena_head_bytes=31596904 fresh_bytes=13336744 reclaimed_nodes=1185593 retired_backlog=6631 alloc_failure_events=0 retired_postings=0 reclaimed_postings=0
hyperfeed_crucible_fresh: profile=diagnostic elapsed_secs=5.013 general_bytes=0 row_version_bytes=10057960 skip_node_bytes=2322496 skip_posting_bytes=738976 skip_tower_bytes=217312 spill_bytes=0
hyperfeed_crucible_interval: profile=diagnostic elapsed_secs=10.026 interval_secs=5.013 interval_tps=301645.68 total_ops=3002218 arena_head_bytes=32858216 fresh_bytes=1261312 reclaimed_nodes=1216277 retired_backlog=8 alloc_failure_events=0 retired_postings=0 reclaimed_postings=0
hyperfeed_crucible_fresh: profile=diagnostic elapsed_secs=10.026 general_bytes=0 row_version_bytes=1261128 skip_node_bytes=0 skip_posting_bytes=0 skip_tower_bytes=184 spill_bytes=0
hyperfeed_crucible_interval: profile=diagnostic elapsed_secs=15.041 interval_secs=5.014 interval_tps=304021.08 total_ops=4526705 arena_head_bytes=32980360 fresh_bytes=122144 reclaimed_nodes=1214614 retired_backlog=5031 alloc_failure_events=0 retired_postings=0 reclaimed_postings=0
hyperfeed_crucible_fresh: profile=diagnostic elapsed_secs=15.041 general_bytes=0 row_version_bytes=122144 skip_node_bytes=0 skip_posting_bytes=0 skip_tower_bytes=0 spill_bytes=0
hyperfeed_crucible_interval: profile=diagnostic elapsed_secs=20.061 interval_secs=5.021 interval_tps=301645.96 total_ops=6041207 arena_head_bytes=33242472 fresh_bytes=262112 reclaimed_nodes=1214441 retired_backlog=2164 alloc_failure_events=0 retired_postings=0 reclaimed_postings=0
hyperfeed_crucible_fresh: profile=diagnostic elapsed_secs=20.061 general_bytes=0 row_version_bytes=28424 skip_node_bytes=166320 skip_posting_bytes=52920 skip_tower_bytes=14448 spill_bytes=0
hyperfeed_crucible_interval: profile=diagnostic elapsed_secs=25.075 interval_secs=5.014 interval_tps=298938.39 total_ops=7539944 arena_head_bytes=33242472 fresh_bytes=0 reclaimed_nodes=1194406 retired_backlog=6766 alloc_failure_events=0 retired_postings=0 reclaimed_postings=0
hyperfeed_crucible_fresh: profile=diagnostic elapsed_secs=25.075 general_bytes=0 row_version_bytes=0 skip_node_bytes=0 skip_posting_bytes=0 skip_tower_bytes=0 spill_bytes=0
hyperfeed_crucible_interval: profile=diagnostic elapsed_secs=30.090 interval_secs=5.015 interval_tps=306450.57 total_ops=9076750 arena_head_bytes=33258136 fresh_bytes=15664 reclaimed_nodes=1229421 retired_backlog=6817 alloc_failure_events=0 retired_postings=0 reclaimed_postings=0
hyperfeed_crucible_fresh: profile=diagnostic elapsed_secs=30.090 general_bytes=0 row_version_bytes=15664 skip_node_bytes=0 skip_posting_bytes=0 skip_tower_bytes=0 spill_bytes=0
hyperfeed_crucible_interval: profile=diagnostic elapsed_secs=35.105 interval_secs=5.015 interval_tps=304876.05 total_ops=10605702 arena_head_bytes=33259984 fresh_bytes=1848 reclaimed_nodes=1223837 retired_backlog=6113 alloc_failure_events=0 retired_postings=0 reclaimed_postings=0
hyperfeed_crucible_fresh: profile=diagnostic elapsed_secs=35.105 general_bytes=0 row_version_bytes=1848 skip_node_bytes=0 skip_posting_bytes=0 skip_tower_bytes=0 spill_bytes=0
hyperfeed_crucible_interval: profile=diagnostic elapsed_secs=40.119 interval_secs=5.015 interval_tps=307984.70 total_ops=12150146 arena_head_bytes=33286736 fresh_bytes=26752 reclaimed_nodes=1238060 retired_backlog=3617 alloc_failure_events=0 retired_postings=0 reclaimed_postings=0
hyperfeed_crucible_fresh: profile=diagnostic elapsed_secs=40.119 general_bytes=0 row_version_bytes=26752 skip_node_bytes=0 skip_posting_bytes=0 skip_tower_bytes=0 spill_bytes=0
hyperfeed_crucible_interval: profile=diagnostic elapsed_secs=45.134 interval_secs=5.015 interval_tps=306464.54 total_ops=13687004 arena_head_bytes=33286736 fresh_bytes=0 reclaimed_nodes=1227880 retired_backlog=5228 alloc_failure_events=0 retired_postings=0 reclaimed_postings=0
hyperfeed_crucible_fresh: profile=diagnostic elapsed_secs=45.134 general_bytes=0 row_version_bytes=0 skip_node_bytes=0 skip_posting_bytes=0 skip_tower_bytes=0 spill_bytes=0
hyperfeed_crucible_interval: profile=diagnostic elapsed_secs=50.135 interval_secs=5.000 interval_tps=302707.66 total_ops=15200645 arena_head_bytes=33287000 fresh_bytes=264 reclaimed_nodes=1210193 retired_backlog=5923 alloc_failure_events=0 retired_postings=0 reclaimed_postings=0
hyperfeed_crucible_fresh: profile=diagnostic elapsed_secs=50.135 general_bytes=0 row_version_bytes=264 skip_node_bytes=0 skip_posting_bytes=0 skip_tower_bytes=0 spill_bytes=0
hyperfeed_crucible_interval: profile=diagnostic elapsed_secs=55.139 interval_secs=5.005 interval_tps=299828.70 total_ops=16701150 arena_head_bytes=33322744 fresh_bytes=35744 reclaimed_nodes=1200654 retired_backlog=5675 alloc_failure_events=0 retired_postings=0 reclaimed_postings=0
hyperfeed_crucible_fresh: profile=diagnostic elapsed_secs=55.139 general_bytes=0 row_version_bytes=35552 skip_node_bytes=0 skip_posting_bytes=0 skip_tower_bytes=192 spill_bytes=0
hyperfeed_crucible_interval: profile=diagnostic elapsed_secs=60.152 interval_secs=5.013 interval_tps=307000.04 total_ops=18240275 arena_head_bytes=33332248 fresh_bytes=9504 reclaimed_nodes=1233693 retired_backlog=3317 alloc_failure_events=0 retired_postings=0 reclaimed_postings=0
hyperfeed_crucible_fresh: profile=diagnostic elapsed_secs=60.152 general_bytes=0 row_version_bytes=9504 skip_node_bytes=0 skip_posting_bytes=0 skip_tower_bytes=0 spill_bytes=0
hyperfeed_crucible_interval: profile=diagnostic elapsed_secs=65.166 interval_secs=5.014 interval_tps=304539.90 total_ops=19767208 arena_head_bytes=33354424 fresh_bytes=22176 reclaimed_nodes=1220590 retired_backlog=4229 alloc_failure_events=0 retired_postings=0 reclaimed_postings=0
hyperfeed_crucible_fresh: profile=diagnostic elapsed_secs=65.166 general_bytes=0 row_version_bytes=22176 skip_node_bytes=0 skip_posting_bytes=0 skip_tower_bytes=0 spill_bytes=0
hyperfeed_crucible_interval: profile=diagnostic elapsed_secs=70.181 interval_secs=5.015 interval_tps=309511.36 total_ops=21319312 arena_head_bytes=33381968 fresh_bytes=27544 reclaimed_nodes=1244158 retired_backlog=1795 alloc_failure_events=0 retired_postings=0 reclaimed_postings=0
hyperfeed_crucible_fresh: profile=diagnostic elapsed_secs=70.181 general_bytes=0 row_version_bytes=27544 skip_node_bytes=0 skip_posting_bytes=0 skip_tower_bytes=0 spill_bytes=0
hyperfeed_crucible_interval: profile=diagnostic elapsed_secs=75.196 interval_secs=5.015 interval_tps=305570.20 total_ops=22851616 arena_head_bytes=33389120 fresh_bytes=7152 reclaimed_nodes=1221675 retired_backlog=5944 alloc_failure_events=0 retired_postings=0 reclaimed_postings=0
hyperfeed_crucible_fresh: profile=diagnostic elapsed_secs=75.196 general_bytes=0 row_version_bytes=6952 skip_node_bytes=0 skip_posting_bytes=0 skip_tower_bytes=200 spill_bytes=0
hyperfeed_crucible_interval: profile=diagnostic elapsed_secs=80.200 interval_secs=5.004 interval_tps=302730.66 total_ops=24366616 arena_head_bytes=33473952 fresh_bytes=84832 reclaimed_nodes=1214177 retired_backlog=3748 alloc_failure_events=0 retired_postings=0 reclaimed_postings=0
hyperfeed_crucible_fresh: profile=diagnostic elapsed_secs=80.200 general_bytes=0 row_version_bytes=84832 skip_node_bytes=0 skip_posting_bytes=0 skip_tower_bytes=0 spill_bytes=0
hyperfeed_crucible_interval: profile=diagnostic elapsed_secs=85.220 interval_secs=5.020 interval_tps=298304.68 total_ops=25863980 arena_head_bytes=33475184 fresh_bytes=1232 reclaimed_nodes=1200247 retired_backlog=1384 alloc_failure_events=0 retired_postings=0 reclaimed_postings=0
hyperfeed_crucible_fresh: profile=diagnostic elapsed_secs=85.220 general_bytes=0 row_version_bytes=1232 skip_node_bytes=0 skip_posting_bytes=0 skip_tower_bytes=0 spill_bytes=0
hyperfeed_crucible_interval: profile=diagnostic elapsed_secs=90.235 interval_secs=5.016 interval_tps=306690.74 total_ops=27402200 arena_head_bytes=33475184 fresh_bytes=0 reclaimed_nodes=1230568 retired_backlog=1389 alloc_failure_events=0 retired_postings=0 reclaimed_postings=0
hyperfeed_crucible_fresh: profile=diagnostic elapsed_secs=90.235 general_bytes=0 row_version_bytes=0 skip_node_bytes=0 skip_posting_bytes=0 skip_tower_bytes=0 spill_bytes=0
hyperfeed_crucible_interval: profile=diagnostic elapsed_secs=95.250 interval_secs=5.015 interval_tps=304580.53 total_ops=28929603 arena_head_bytes=33700112 fresh_bytes=224928 reclaimed_nodes=1220056 retired_backlog=3263 alloc_failure_events=0 retired_postings=0 reclaimed_postings=0
hyperfeed_crucible_fresh: profile=diagnostic elapsed_secs=95.250 general_bytes=0 row_version_bytes=224928 skip_node_bytes=0 skip_posting_bytes=0 skip_tower_bytes=0 spill_bytes=0
hyperfeed_crucible_interval: profile=diagnostic elapsed_secs=100.264 interval_secs=5.014 interval_tps=306613.21 total_ops=30467028 arena_head_bytes=33703456 fresh_bytes=3344 reclaimed_nodes=1226103 retired_backlog=7105 alloc_failure_events=0 retired_postings=0 reclaimed_postings=0
hyperfeed_crucible_fresh: profile=diagnostic elapsed_secs=100.264 general_bytes=0 row_version_bytes=3344 skip_node_bytes=0 skip_posting_bytes=0 skip_tower_bytes=0 spill_bytes=0
hyperfeed_crucible_interval: profile=diagnostic elapsed_secs=105.278 interval_secs=5.013 interval_tps=306893.81 total_ops=32005580 arena_head_bytes=33703984 fresh_bytes=528 reclaimed_nodes=1233225 retired_backlog=4736 alloc_failure_events=0 retired_postings=0 reclaimed_postings=0
hyperfeed_crucible_fresh: profile=diagnostic elapsed_secs=105.278 general_bytes=0 row_version_bytes=528 skip_node_bytes=0 skip_posting_bytes=0 skip_tower_bytes=0 spill_bytes=0
hyperfeed_crucible_interval: profile=diagnostic elapsed_secs=110.299 interval_secs=5.021 interval_tps=301118.88 total_ops=33517571 arena_head_bytes=33841792 fresh_bytes=137808 reclaimed_nodes=1209853 retired_backlog=4439 alloc_failure_events=0 retired_postings=0 reclaimed_postings=0
hyperfeed_crucible_fresh: profile=diagnostic elapsed_secs=110.299 general_bytes=0 row_version_bytes=137808 skip_node_bytes=0 skip_posting_bytes=0 skip_tower_bytes=0 spill_bytes=0
hyperfeed_crucible_interval: profile=diagnostic elapsed_secs=115.309 interval_secs=5.010 interval_tps=296846.62 total_ops=35004757 arena_head_bytes=33843552 fresh_bytes=1760 reclaimed_nodes=1190994 retired_backlog=3201 alloc_failure_events=0 retired_postings=0 reclaimed_postings=0
hyperfeed_crucible_fresh: profile=diagnostic elapsed_secs=115.309 general_bytes=0 row_version_bytes=1760 skip_node_bytes=0 skip_posting_bytes=0 skip_tower_bytes=0 spill_bytes=0
hyperfeed_crucible_interval: profile=diagnostic elapsed_secs=120.322 interval_secs=5.013 interval_tps=304324.71 total_ops=36530439 arena_head_bytes=33843552 fresh_bytes=0 reclaimed_nodes=1219434 retired_backlog=4330 alloc_failure_events=0 retired_postings=0 reclaimed_postings=0
hyperfeed_crucible_fresh: profile=diagnostic elapsed_secs=120.322 general_bytes=0 row_version_bytes=0 skip_node_bytes=0 skip_posting_bytes=0 skip_tower_bytes=0 spill_bytes=0
hyperfeed_crucible_interval: profile=diagnostic elapsed_secs=125.336 interval_secs=5.014 interval_tps=304136.95 total_ops=38055436 arena_head_bytes=33844344 fresh_bytes=792 reclaimed_nodes=1219431 retired_backlog=4870 alloc_failure_events=0 retired_postings=0 reclaimed_postings=0
hyperfeed_crucible_fresh: profile=diagnostic elapsed_secs=125.336 general_bytes=0 row_version_bytes=792 skip_node_bytes=0 skip_posting_bytes=0 skip_tower_bytes=0 spill_bytes=0
hyperfeed_crucible_interval: profile=diagnostic elapsed_secs=130.351 interval_secs=5.014 interval_tps=307829.63 total_ops=39599007 arena_head_bytes=33844344 fresh_bytes=0 reclaimed_nodes=1236346 retired_backlog=3377 alloc_failure_events=0 retired_postings=0 reclaimed_postings=0
hyperfeed_crucible_fresh: profile=diagnostic elapsed_secs=130.351 general_bytes=0 row_version_bytes=0 skip_node_bytes=0 skip_posting_bytes=0 skip_tower_bytes=0 spill_bytes=0
hyperfeed_crucible_interval: profile=diagnostic elapsed_secs=135.365 interval_secs=5.015 interval_tps=306146.30 total_ops=41134206 arena_head_bytes=33844344 fresh_bytes=0 reclaimed_nodes=1225691 retired_backlog=5855 alloc_failure_events=0 retired_postings=0 reclaimed_postings=0
hyperfeed_crucible_fresh: profile=diagnostic elapsed_secs=135.365 general_bytes=0 row_version_bytes=0 skip_node_bytes=0 skip_posting_bytes=0 skip_tower_bytes=0 spill_bytes=0
hyperfeed_crucible_interval: profile=diagnostic elapsed_secs=140.368 interval_secs=5.002 interval_tps=303912.79 total_ops=42654494 arena_head_bytes=33844344 fresh_bytes=0 reclaimed_nodes=1214629 retired_backlog=7482 alloc_failure_events=0 retired_postings=0 reclaimed_postings=0
hyperfeed_crucible_fresh: profile=diagnostic elapsed_secs=140.368 general_bytes=0 row_version_bytes=0 skip_node_bytes=0 skip_posting_bytes=0 skip_tower_bytes=0 spill_bytes=0
hyperfeed_crucible_interval: profile=diagnostic elapsed_secs=145.379 interval_secs=5.011 interval_tps=299210.51 total_ops=44153827 arena_head_bytes=33844344 fresh_bytes=0 reclaimed_nodes=1203439 retired_backlog=3516 alloc_failure_events=0 retired_postings=0 reclaimed_postings=0
hyperfeed_crucible_fresh: profile=diagnostic elapsed_secs=145.379 general_bytes=0 row_version_bytes=0 skip_node_bytes=0 skip_posting_bytes=0 skip_tower_bytes=0 spill_bytes=0
hyperfeed_crucible_interval: profile=diagnostic elapsed_secs=150.392 interval_secs=5.014 interval_tps=304819.78 total_ops=45682058 arena_head_bytes=33846632 fresh_bytes=2288 reclaimed_nodes=1223223 retired_backlog=2816 alloc_failure_events=0 retired_postings=0 reclaimed_postings=0
hyperfeed_crucible_fresh: profile=diagnostic elapsed_secs=150.392 general_bytes=0 row_version_bytes=2288 skip_node_bytes=0 skip_posting_bytes=0 skip_tower_bytes=0 spill_bytes=0
hyperfeed_crucible_interval: profile=diagnostic elapsed_secs=155.405 interval_secs=5.013 interval_tps=305389.51 total_ops=47213085 arena_head_bytes=33846632 fresh_bytes=0 reclaimed_nodes=1225657 retired_backlog=2050 alloc_failure_events=0 retired_postings=0 reclaimed_postings=0
hyperfeed_crucible_fresh: profile=diagnostic elapsed_secs=155.405 general_bytes=0 row_version_bytes=0 skip_node_bytes=0 skip_posting_bytes=0 skip_tower_bytes=0 spill_bytes=0
hyperfeed_crucible_interval: profile=diagnostic elapsed_secs=160.418 interval_secs=5.013 interval_tps=308150.54 total_ops=48757856 arena_head_bytes=33846632 fresh_bytes=0 reclaimed_nodes=1230550 retired_backlog=7294 alloc_failure_events=0 retired_postings=0 reclaimed_postings=0
hyperfeed_crucible_fresh: profile=diagnostic elapsed_secs=160.418 general_bytes=0 row_version_bytes=0 skip_node_bytes=0 skip_posting_bytes=0 skip_tower_bytes=0 spill_bytes=0
hyperfeed_crucible_interval: profile=diagnostic elapsed_secs=165.432 interval_secs=5.013 interval_tps=306675.39 total_ops=50295366 arena_head_bytes=33846632 fresh_bytes=0 reclaimed_nodes=1231890 retired_backlog=5401 alloc_failure_events=0 retired_postings=0 reclaimed_postings=0
hyperfeed_crucible_fresh: profile=diagnostic elapsed_secs=165.432 general_bytes=0 row_version_bytes=0 skip_node_bytes=0 skip_posting_bytes=0 skip_tower_bytes=0 spill_bytes=0
hyperfeed_crucible_interval: profile=diagnostic elapsed_secs=170.443 interval_secs=5.011 interval_tps=301971.82 total_ops=51808639 arena_head_bytes=33846632 fresh_bytes=0 reclaimed_nodes=1209710 retired_backlog=6311 alloc_failure_events=0 retired_postings=0 reclaimed_postings=0
hyperfeed_crucible_fresh: profile=diagnostic elapsed_secs=170.443 general_bytes=0 row_version_bytes=0 skip_node_bytes=0 skip_posting_bytes=0 skip_tower_bytes=0 spill_bytes=0
hyperfeed_crucible_interval: profile=diagnostic elapsed_secs=175.453 interval_secs=5.009 interval_tps=299266.77 total_ops=53307775 arena_head_bytes=33846840 fresh_bytes=208 reclaimed_nodes=1202174 retired_backlog=3469 alloc_failure_events=0 retired_postings=0 reclaimed_postings=0
hyperfeed_crucible_fresh: profile=diagnostic elapsed_secs=175.453 general_bytes=0 row_version_bytes=0 skip_node_bytes=0 skip_posting_bytes=0 skip_tower_bytes=208 spill_bytes=0
hyperfeed_crucible_interval: profile=diagnostic elapsed_secs=180.467 interval_secs=5.015 interval_tps=306354.06 total_ops=54844034 arena_head_bytes=33887672 fresh_bytes=40832 reclaimed_nodes=1229451 retired_backlog=2994 alloc_failure_events=0 retired_postings=0 reclaimed_postings=0
hyperfeed_crucible_fresh: profile=diagnostic elapsed_secs=180.467 general_bytes=0 row_version_bytes=40832 skip_node_bytes=0 skip_posting_bytes=0 skip_tower_bytes=0 spill_bytes=0
hyperfeed_crucible_interval: profile=diagnostic elapsed_secs=185.482 interval_secs=5.015 interval_tps=303969.65 total_ops=56368469 arena_head_bytes=33887672 fresh_bytes=0 reclaimed_nodes=1219400 retired_backlog=3189 alloc_failure_events=0 retired_postings=0 reclaimed_postings=0
hyperfeed_crucible_fresh: profile=diagnostic elapsed_secs=185.482 general_bytes=0 row_version_bytes=0 skip_node_bytes=0 skip_posting_bytes=0 skip_tower_bytes=0 spill_bytes=0
hyperfeed_crucible_interval: profile=diagnostic elapsed_secs=190.497 interval_secs=5.014 interval_tps=307607.91 total_ops=57910947 arena_head_bytes=33888288 fresh_bytes=616 reclaimed_nodes=1230338 retired_backlog=6830 alloc_failure_events=0 retired_postings=0 reclaimed_postings=0
hyperfeed_crucible_fresh: profile=diagnostic elapsed_secs=190.497 general_bytes=0 row_version_bytes=616 skip_node_bytes=0 skip_posting_bytes=0 skip_tower_bytes=0 spill_bytes=0
hyperfeed_crucible_interval: profile=diagnostic elapsed_secs=195.510 interval_secs=5.013 interval_tps=304967.08 total_ops=59439814 arena_head_bytes=33951648 fresh_bytes=63360 reclaimed_nodes=1224129 retired_backlog=5807 alloc_failure_events=0 retired_postings=0 reclaimed_postings=0
hyperfeed_crucible_fresh: profile=diagnostic elapsed_secs=195.510 general_bytes=0 row_version_bytes=63360 skip_node_bytes=0 skip_posting_bytes=0 skip_tower_bytes=0 spill_bytes=0
hyperfeed_crucible_interval: profile=diagnostic elapsed_secs=200.535 interval_secs=5.025 interval_tps=299414.34 total_ops=60944489 arena_head_bytes=34155896 fresh_bytes=204248 reclaimed_nodes=1203893 retired_backlog=5638 alloc_failure_events=0 retired_postings=0 reclaimed_postings=0
hyperfeed_crucible_fresh: profile=diagnostic elapsed_secs=200.535 general_bytes=0 row_version_bytes=204248 skip_node_bytes=0 skip_posting_bytes=0 skip_tower_bytes=0 spill_bytes=0
hyperfeed_crucible_interval: profile=diagnostic elapsed_secs=205.543 interval_secs=5.007 interval_tps=297996.07 total_ops=62436629 arena_head_bytes=34489424 fresh_bytes=333528 reclaimed_nodes=1193708 retired_backlog=5601 alloc_failure_events=0 retired_postings=0 reclaimed_postings=0
hyperfeed_crucible_fresh: profile=diagnostic elapsed_secs=205.543 general_bytes=0 row_version_bytes=0 skip_node_bytes=236192 skip_posting_bytes=75152 skip_tower_bytes=22184 spill_bytes=0
hyperfeed_crucible_interval: profile=diagnostic elapsed_secs=210.558 interval_secs=5.015 interval_tps=305063.17 total_ops=63966486 arena_head_bytes=34496288 fresh_bytes=6864 reclaimed_nodes=1220140 retired_backlog=9378 alloc_failure_events=0 retired_postings=0 reclaimed_postings=0
hyperfeed_crucible_fresh: profile=diagnostic elapsed_secs=210.558 general_bytes=0 row_version_bytes=6864 skip_node_bytes=0 skip_posting_bytes=0 skip_tower_bytes=0 spill_bytes=0
hyperfeed_crucible_interval: profile=diagnostic elapsed_secs=215.572 interval_secs=5.015 interval_tps=303096.20 total_ops=65486436 arena_head_bytes=34562992 fresh_bytes=66704 reclaimed_nodes=1219707 retired_backlog=5610 alloc_failure_events=0 retired_postings=0 reclaimed_postings=0
hyperfeed_crucible_fresh: profile=diagnostic elapsed_secs=215.572 general_bytes=0 row_version_bytes=66704 skip_node_bytes=0 skip_posting_bytes=0 skip_tower_bytes=0 spill_bytes=0
hyperfeed_crucible_interval: profile=diagnostic elapsed_secs=220.586 interval_secs=5.014 interval_tps=307419.98 total_ops=67027703 arena_head_bytes=34563432 fresh_bytes=440 reclaimed_nodes=1234298 retired_backlog=4350 alloc_failure_events=0 retired_postings=0 reclaimed_postings=0
hyperfeed_crucible_fresh: profile=diagnostic elapsed_secs=220.586 general_bytes=0 row_version_bytes=440 skip_node_bytes=0 skip_posting_bytes=0 skip_tower_bytes=0 spill_bytes=0
hyperfeed_crucible_interval: profile=diagnostic elapsed_secs=225.600 interval_secs=5.014 interval_tps=305850.26 total_ops=68561177 arena_head_bytes=34564048 fresh_bytes=616 reclaimed_nodes=1229739 retired_backlog=1352 alloc_failure_events=0 retired_postings=0 reclaimed_postings=0
hyperfeed_crucible_fresh: profile=diagnostic elapsed_secs=225.600 general_bytes=0 row_version_bytes=616 skip_node_bytes=0 skip_posting_bytes=0 skip_tower_bytes=0 spill_bytes=0
hyperfeed_crucible_interval: profile=diagnostic elapsed_secs=230.607 interval_secs=5.008 interval_tps=299398.59 total_ops=70060481 arena_head_bytes=34578832 fresh_bytes=14784 reclaimed_nodes=1198964 retired_backlog=1846 alloc_failure_events=0 retired_postings=0 reclaimed_postings=0
hyperfeed_crucible_fresh: profile=diagnostic elapsed_secs=230.607 general_bytes=0 row_version_bytes=14784 skip_node_bytes=0 skip_posting_bytes=0 skip_tower_bytes=0 spill_bytes=0
hyperfeed_crucible_interval: profile=diagnostic elapsed_secs=235.613 interval_secs=5.006 interval_tps=297899.49 total_ops=71551647 arena_head_bytes=34579624 fresh_bytes=792 reclaimed_nodes=1191394 retired_backlog=3417 alloc_failure_events=0 retired_postings=0 reclaimed_postings=0
hyperfeed_crucible_fresh: profile=diagnostic elapsed_secs=235.613 general_bytes=0 row_version_bytes=792 skip_node_bytes=0 skip_posting_bytes=0 skip_tower_bytes=0 spill_bytes=0
hyperfeed_crucible_interval: profile=diagnostic elapsed_secs=240.073 interval_secs=4.461 interval_tps=298426.88 total_ops=72882784 arena_head_bytes=34579624 fresh_bytes=0 reclaimed_nodes=1068299 retired_backlog=0 alloc_failure_events=0 retired_postings=0 reclaimed_postings=0
hyperfeed_crucible_fresh: profile=diagnostic elapsed_secs=240.073 general_bytes=0 row_version_bytes=0 skip_node_bytes=0 skip_posting_bytes=0 skip_tower_bytes=0 spill_bytes=0
hyperfeed_crucible_correctness: profile=diagnostic table_rows=50000 index_postings=50000 exact_match=true
hyperfeed_crucible_stability: profile=diagnostic tail_fresh_bytes=736072 fresh_growth_budget_bytes=18260160 early_interval_tps=303605.14 late_interval_tps=303540.57 retained_tps=0.9998 arena_head_bytes=34579624
hyperfeed_crucible_gc_drain: profile=diagnostic retired_backlog=0 gc_recycle_errors=0 retired_postings=0 reclaimed_postings=0
hyperfeed_crucible_allocation_class: profile=diagnostic class=nodes allocated=65484 reachable=50001 retired=0 reusable=15483
hyperfeed_crucible_allocation_class: profile=diagnostic class=postings allocated=65483 reachable=50000 retired=0 reusable=15483
hyperfeed_crucible_allocation_class: profile=diagnostic class=towers allocated=65484 reachable=50001 retired=0 reusable=15483
hyperfeed_crucible_allocation_class: profile=diagnostic class=tower_lanes allocated=132415 reachable=99956 retired=0 reusable=32459
hyperfeed_crucible_allocation_audit: profile=diagnostic status=pass
hyperfeed_crucible_retry: profile=diagnostic max_insert_attempts=1 pressure_state=0 retry_alloc=0 gc_recycle_errors=0
hyperfeed_crucible_config: profile=diagnostic mode=aerostore_only aerostore_shm_bytes=134217728 workers=16
| Engine | TPS | Total Ops | p50 (us) | p90 (us) | p99 (us) | Upserts | Scans | Hot Upserts | Conflicts | Index Remove Fail | Index Insert Fail |
| aerostore | 303664.93 | 72882784 | 8.19 | 32.77 | 131.07 | 58306349 | 14576435 | 2915326 | 660657 | 0 | 0 |
hyperfeed_crucible_engine_timing: profile=diagnostic aerostore_elapsed_secs=240.011 operation_failures=0
hyperfeed_crucible_reclaim: profile=diagnostic vacuum_reclaimed_rows=58306349 index_retired_nodes=58306349 index_reclaimed_nodes=58306349 free_list_pushes=0 free_list_pops=0
hyperfeed_crucible_occ: profile=diagnostic alloc_fresh=141735 reused=58825271
