TLC2 Version 2026.09.22.222048 (rev: 35d40c9)
Running breadth-first search Model-Checking with fp 0 and seed 1 with 1 worker on 24 cores with 491MB heap and 64MB offheap memory [pid: 2299] (Linux 6.6.87.2-microsoft-standard-WSL2 amd64, Ubuntu 21.0.12.1 64bit, MSBDiskFPSet, DiskStateQueue).
Parsing file /tmp/aerostore-tlc-models-_ilxz69t/LifecyclePublication.tla
Parsing file /tmp/tlc-9851226895486805832/Integers.tla (jar:file:/home/zpconn/code/aerostore/target/verification-tools/tla/tla2tools.jar!/tla2sany/StandardModules/Integers.tla)
Parsing file /tmp/tlc-9851226895486805832/FiniteSets.tla (jar:file:/home/zpconn/code/aerostore/target/verification-tools/tla/tla2tools.jar!/tla2sany/StandardModules/FiniteSets.tla)
Parsing file /tmp/tlc-9851226895486805832/Naturals.tla (jar:file:/home/zpconn/code/aerostore/target/verification-tools/tla/tla2tools.jar!/tla2sany/StandardModules/Naturals.tla)
Parsing file /tmp/tlc-9851226895486805832/Sequences.tla (jar:file:/home/zpconn/code/aerostore/target/verification-tools/tla/tla2tools.jar!/tla2sany/StandardModules/Sequences.tla)
Semantic processing of module Naturals
Semantic processing of module Integers
Semantic processing of module Sequences
Semantic processing of module FiniteSets
Semantic processing of module LifecyclePublication
Linting of module LifecyclePublication
Starting... (2026-09-23 16:34:21)
Computing initial states...
Finished computing initial states: 1 distinct state generated at 2026-09-23 16:34:21.
Error: Invariant RegistrationSafety is violated.
Error: The behavior up to this point is:
State 1: <Initial predicate>
/\ active = {}
/\ beganBetweenReserveAndStore = {}
/\ snapshotActive = <<{}, {}>>
/\ dependencies = <<(0 :> -1 @@ 1 :> -1), (0 :> -1 @@ 1 :> -1)>>
/\ rejected = {}
/\ snapRows = <<<<1, 0>>, <<1, 0>>>>
/\ snapshotXmax = <<0, 0>>
/\ willWrite = <<FALSE, FALSE>>
/\ pc = <<"Start", "Start">>
/\ publicationStamp = <<0, 0>>
/\ captured = <<{}, {}>>
/\ nextId = 1
/\ answers = <<[rows |-> {}, afterMove |-> FALSE], [rows |-> {}, afterMove |-> FALSE]>>
/\ snapshotEnded = <<{}, {}>>
/\ lifecycle = 0
/\ committed = {}
/\ txid = <<0, 0>>
/\ rowHeads = <<1, 0>>
/\ postings = {<<1, 1>>}
/\ answered = {}
/\ snapped = {}
/\ logicalRows = <<1, 0>>
/\ stamps = (0 :> 0 @@ 1 :> 0)
/\ owner = (0 :> 0 @@ 1 :> 0)
/\ ended = {}

State 2: <StartLock(1) line 59, col 5 to line 64, col 98 of module LifecyclePublication>
/\ pc = <<"Reserve", "Start">>

State 3: <Reserve(1) line 66, col 5 to line 73, col 83 of module LifecyclePublication>
/\ pc = <<"Register", "Start">>
/\ nextId = 2
/\ txid = <<1, 0>>

State 4: <Register(1) line 75, col 5 to line 79, col 83 of module LifecyclePublication>
/\ active = {1}
/\ pc = <<"BeginUnlock", "Start">>

State 5: <BeginUnlock(1) line 81, col 5 to line 85, col 83 of module LifecyclePublication>
/\ pc = <<"SnapshotLock", "Start">>

State 6: <SnapshotLock(1) line 87, col 5 to line 91, col 83 of module LifecyclePublication>
/\ pc = <<"Snapshot", "Start">>

State 7: <StartLock(2) line 59, col 5 to line 64, col 98 of module LifecyclePublication>
/\ pc = <<"Snapshot", "Reserve">>

State 8: <Reserve(2) line 66, col 5 to line 73, col 83 of module LifecyclePublication>
/\ pc = <<"Snapshot", "Register">>
/\ nextId = 3
/\ txid = <<1, 2>>

State 9: <Snapshot(1) line 93, col 5 to line 103, col 91 of module LifecyclePublication>
/\ active = {1}
/\ beganBetweenReserveAndStore = {}
/\ snapshotActive = <<{1}, {}>>
/\ dependencies = <<(0 :> -1 @@ 1 :> -1), (0 :> -1 @@ 1 :> -1)>>
/\ rejected = {}
/\ snapRows = <<<<1, 0>>, <<1, 0>>>>
/\ snapshotXmax = <<3, 0>>
/\ willWrite = <<TRUE, FALSE>>
/\ pc = <<"Acquire", "Register">>
/\ publicationStamp = <<0, 0>>
/\ captured = <<{}, {}>>
/\ nextId = 3
/\ answers = <<[rows |-> {}, afterMove |-> FALSE], [rows |-> {}, afterMove |-> FALSE]>>
/\ snapshotEnded = <<{}, {}>>
/\ lifecycle = 0
/\ committed = {}
/\ txid = <<1, 2>>
/\ rowHeads = <<1, 0>>
/\ postings = {<<1, 1>>}
/\ answered = {}
/\ snapped = {1}
/\ logicalRows = <<1, 0>>
/\ stamps = (0 :> 0 @@ 1 :> 0)
/\ owner = (0 :> 0 @@ 1 :> 0)
/\ ended = {}

38 states generated, 27 distinct states found, 6 states left on queue.
The depth of the complete state graph search is 9.
Finished in 00s at (2026-09-23 16:34:21)
