extended_crucible_start families=64 cycles=128 workers=8 phases=3456 trace=fnv1a64:36ed2ab21804c6a9
extended_crucible_phase engine=aerostore phase=1/3456 name=cycle-000-plan-or-adhoc messages=64 retries=16 outputs=64 parity=PASS
extended_crucible_phase engine=aerostore phase=9/3456 name=cycle-000-third-provenance messages=64 retries=44 outputs=256 parity=PASS
extended_crucible_phase engine=aerostore phase=17/3456 name=cycle-000-position-refresh messages=64 retries=55 outputs=256 parity=PASS
extended_crucible_phase engine=aerostore phase=25/3456 name=cycle-000-duplicate-terminal messages=64 retries=0 outputs=0 parity=PASS
extended_crucible_phase engine=aerostore phase=33/3456 name=cycle-001-position-source-2 messages=64 retries=15 outputs=128 parity=PASS
extended_crucible_phase engine=aerostore phase=41/3456 name=cycle-001-project-due messages=64 retries=6 outputs=448 parity=PASS
extended_crucible_phase engine=aerostore phase=49/3456 name=cycle-001-cancelled-projections messages=64 retries=0 outputs=0 parity=PASS
extended_crucible_phase engine=aerostore phase=57/3456 name=cycle-002-duplicate-position messages=64 retries=0 outputs=0 parity=PASS
extended_crucible_phase engine=aerostore phase=65/3456 name=cycle-002-invalid-position messages=64 retries=0 outputs=0 parity=PASS
extended_crucible_phase engine=aerostore phase=73/3456 name=cycle-002-terminal-source-1 messages=64 retries=25 outputs=256 parity=PASS
extended_crucible_phase engine=aerostore phase=81/3456 name=cycle-002-expire-family messages=64 retries=66 outputs=0 parity=PASS
extended_crucible_phase engine=aerostore phase=89/3456 name=cycle-003-position-after-failed-fork messages=64 retries=14 outputs=128 parity=PASS
extended_crucible_phase engine=aerostore phase=97/3456 name=cycle-003-position-after-diversion messages=64 retries=75 outputs=256 parity=PASS
extended_crucible_phase engine=aerostore phase=105/3456 name=cycle-003-housekeeping messages=64 retries=6 outputs=0 parity=PASS
extended_crucible_phase engine=aerostore phase=113/3456 name=cycle-004-second-provenance messages=64 retries=17 outputs=128 parity=PASS
extended_crucible_phase engine=aerostore phase=121/3456 name=cycle-004-reschedule messages=64 retries=71 outputs=256 parity=PASS
extended_crucible_phase engine=aerostore phase=129/3456 name=cycle-004-terminal-source-4 messages=64 retries=20 outputs=256 parity=PASS
extended_crucible_phase engine=aerostore phase=137/3456 name=cycle-005-position-source-1 messages=256 retries=61 outputs=64 parity=PASS
extended_crucible_phase engine=aerostore phase=145/3456 name=cycle-005-position-source-4 messages=64 retries=61 outputs=256 parity=PASS
extended_crucible_phase engine=aerostore phase=153/3456 name=cycle-005-project-again messages=64 retries=5 outputs=448 parity=PASS
extended_crucible_phase engine=aerostore phase=161/3456 name=cycle-005-project-after-housekeeping messages=64 retries=2 outputs=0 parity=PASS
extended_crucible_phase engine=aerostore phase=169/3456 name=cycle-006-failed-fork-savepoint messages=64 retries=0 outputs=0 parity=PASS
extended_crucible_phase engine=aerostore phase=177/3456 name=cycle-006-diversion messages=64 retries=54 outputs=256 parity=PASS
extended_crucible_phase engine=aerostore phase=185/3456 name=cycle-006-position-after-terminal messages=64 retries=2 outputs=0 parity=PASS
extended_crucible_phase engine=aerostore phase=193/3456 name=cycle-007-delayed-position messages=64 retries=0 outputs=0 parity=PASS
extended_crucible_phase engine=aerostore phase=201/3456 name=cycle-007-whole-message-abort messages=64 retries=0 outputs=0 parity=PASS
extended_crucible_phase engine=aerostore phase=209/3456 name=cycle-007-terminal-source-2 messages=64 retries=27 outputs=256 parity=PASS
extended_crucible_phase engine=aerostore phase=217/3456 name=cycle-008-plan-or-adhoc messages=64 retries=13 outputs=64 parity=PASS
extended_crucible_phase engine=aerostore phase=225/3456 name=cycle-008-third-provenance messages=64 retries=38 outputs=256 parity=PASS
extended_crucible_phase engine=aerostore phase=233/3456 name=cycle-008-position-refresh messages=64 retries=69 outputs=256 parity=PASS
extended_crucible_phase engine=aerostore phase=241/3456 name=cycle-008-duplicate-terminal messages=64 retries=0 outputs=0 parity=PASS
extended_crucible_phase engine=aerostore phase=249/3456 name=cycle-009-position-source-2 messages=64 retries=16 outputs=128 parity=PASS
extended_crucible_phase engine=aerostore phase=257/3456 name=cycle-009-project-due messages=64 retries=6 outputs=448 parity=PASS
extended_crucible_phase engine=aerostore phase=265/3456 name=cycle-009-cancelled-projections messages=64 retries=0 outputs=0 parity=PASS
extended_crucible_phase engine=aerostore phase=273/3456 name=cycle-010-duplicate-position messages=64 retries=0 outputs=0 parity=PASS
extended_crucible_phase engine=aerostore phase=281/3456 name=cycle-010-invalid-position messages=64 retries=0 outputs=0 parity=PASS
extended_crucible_phase engine=aerostore phase=289/3456 name=cycle-010-terminal-source-1 messages=64 retries=38 outputs=256 parity=PASS
extended_crucible_phase engine=aerostore phase=297/3456 name=cycle-010-expire-family messages=64 retries=52 outputs=0 parity=PASS
extended_crucible_phase engine=aerostore phase=305/3456 name=cycle-011-position-after-failed-fork messages=64 retries=20 outputs=128 parity=PASS
extended_crucible_phase engine=aerostore phase=313/3456 name=cycle-011-position-after-diversion messages=64 retries=61 outputs=256 parity=PASS
extended_crucible_phase engine=aerostore phase=321/3456 name=cycle-011-housekeeping messages=64 retries=4 outputs=0 parity=PASS
extended_crucible_phase engine=aerostore phase=329/3456 name=cycle-012-second-provenance messages=64 retries=11 outputs=128 parity=PASS
extended_crucible_phase engine=aerostore phase=337/3456 name=cycle-012-reschedule messages=64 retries=52 outputs=256 parity=PASS
extended_crucible_phase engine=aerostore phase=345/3456 name=cycle-012-terminal-source-4 messages=64 retries=18 outputs=256 parity=PASS
extended_crucible_phase engine=aerostore phase=353/3456 name=cycle-013-position-source-1 messages=256 retries=53 outputs=64 parity=PASS
extended_crucible_phase engine=aerostore phase=361/3456 name=cycle-013-position-source-4 messages=64 retries=54 outputs=256 parity=PASS
extended_crucible_phase engine=aerostore phase=369/3456 name=cycle-013-project-again messages=64 retries=9 outputs=448 parity=PASS
extended_crucible_phase engine=aerostore phase=377/3456 name=cycle-013-project-after-housekeeping messages=64 retries=0 outputs=0 parity=PASS
extended_crucible_phase engine=aerostore phase=385/3456 name=cycle-014-failed-fork-savepoint messages=64 retries=1 outputs=0 parity=PASS
extended_crucible_phase engine=aerostore phase=393/3456 name=cycle-014-diversion messages=64 retries=44 outputs=256 parity=PASS
extended_crucible_phase engine=aerostore phase=401/3456 name=cycle-014-position-after-terminal messages=64 retries=0 outputs=0 parity=PASS
extended_crucible_phase engine=aerostore phase=409/3456 name=cycle-015-delayed-position messages=64 retries=1 outputs=0 parity=PASS
extended_crucible_phase engine=aerostore phase=417/3456 name=cycle-015-whole-message-abort messages=64 retries=0 outputs=0 parity=PASS
extended_crucible_phase engine=aerostore phase=425/3456 name=cycle-015-terminal-source-2 messages=64 retries=22 outputs=256 parity=PASS
extended_crucible_phase engine=aerostore phase=433/3456 name=cycle-016-plan-or-adhoc messages=64 retries=11 outputs=64 parity=PASS
extended_crucible_phase engine=aerostore phase=441/3456 name=cycle-016-third-provenance messages=64 retries=40 outputs=256 parity=PASS
extended_crucible_phase engine=aerostore phase=449/3456 name=cycle-016-position-refresh messages=64 retries=57 outputs=256 parity=PASS
extended_crucible_phase engine=aerostore phase=457/3456 name=cycle-016-duplicate-terminal messages=64 retries=0 outputs=0 parity=PASS
extended_crucible_phase engine=aerostore phase=465/3456 name=cycle-017-position-source-2 messages=64 retries=22 outputs=128 parity=PASS
extended_crucible_phase engine=aerostore phase=473/3456 name=cycle-017-project-due messages=64 retries=6 outputs=448 parity=PASS
extended_crucible_phase engine=aerostore phase=481/3456 name=cycle-017-cancelled-projections messages=64 retries=0 outputs=0 parity=PASS
extended_crucible_phase engine=aerostore phase=489/3456 name=cycle-018-duplicate-position messages=64 retries=0 outputs=0 parity=PASS
extended_crucible_phase engine=aerostore phase=497/3456 name=cycle-018-invalid-position messages=64 retries=1 outputs=0 parity=PASS
extended_crucible_phase engine=aerostore phase=505/3456 name=cycle-018-terminal-source-1 messages=64 retries=28 outputs=256 parity=PASS
extended_crucible_phase engine=aerostore phase=513/3456 name=cycle-018-expire-family messages=64 retries=58 outputs=0 parity=PASS
extended_crucible_phase engine=aerostore phase=521/3456 name=cycle-019-position-after-failed-fork messages=64 retries=15 outputs=128 parity=PASS
extended_crucible_phase engine=aerostore phase=529/3456 name=cycle-019-position-after-diversion messages=64 retries=81 outputs=256 parity=PASS
extended_crucible_phase engine=aerostore phase=537/3456 name=cycle-019-housekeeping messages=64 retries=9 outputs=0 parity=PASS
extended_crucible_phase engine=aerostore phase=545/3456 name=cycle-020-second-provenance messages=64 retries=14 outputs=128 parity=PASS
extended_crucible_phase engine=aerostore phase=553/3456 name=cycle-020-reschedule messages=64 retries=57 outputs=256 parity=PASS
extended_crucible_phase engine=aerostore phase=561/3456 name=cycle-020-terminal-source-4 messages=64 retries=22 outputs=256 parity=PASS
extended_crucible_phase engine=aerostore phase=569/3456 name=cycle-021-position-source-1 messages=256 retries=52 outputs=64 parity=PASS
extended_crucible_phase engine=aerostore phase=577/3456 name=cycle-021-position-source-4 messages=64 retries=54 outputs=256 parity=PASS
extended_crucible_phase engine=aerostore phase=585/3456 name=cycle-021-project-again messages=64 retries=6 outputs=448 parity=PASS
extended_crucible_phase engine=aerostore phase=593/3456 name=cycle-021-project-after-housekeeping messages=64 retries=0 outputs=0 parity=PASS
extended_crucible_phase engine=aerostore phase=601/3456 name=cycle-022-failed-fork-savepoint messages=64 retries=1 outputs=0 parity=PASS
extended_crucible_phase engine=aerostore phase=609/3456 name=cycle-022-diversion messages=64 retries=48 outputs=256 parity=PASS
extended_crucible_phase engine=aerostore phase=617/3456 name=cycle-022-position-after-terminal messages=64 retries=2 outputs=0 parity=PASS
extended_crucible_phase engine=aerostore phase=625/3456 name=cycle-023-delayed-position messages=64 retries=0 outputs=0 parity=PASS
extended_crucible_phase engine=aerostore phase=633/3456 name=cycle-023-whole-message-abort messages=64 retries=0 outputs=0 parity=PASS
extended_crucible_phase engine=aerostore phase=641/3456 name=cycle-023-terminal-source-2 messages=64 retries=24 outputs=256 parity=PASS
extended_crucible_phase engine=aerostore phase=649/3456 name=cycle-024-plan-or-adhoc messages=64 retries=11 outputs=64 parity=PASS
extended_crucible_phase engine=aerostore phase=657/3456 name=cycle-024-third-provenance messages=64 retries=32 outputs=256 parity=PASS
extended_crucible_phase engine=aerostore phase=665/3456 name=cycle-024-position-refresh messages=64 retries=61 outputs=256 parity=PASS
extended_crucible_phase engine=aerostore phase=673/3456 name=cycle-024-duplicate-terminal messages=64 retries=0 outputs=0 parity=PASS
extended_crucible_phase engine=aerostore phase=681/3456 name=cycle-025-position-source-2 messages=64 retries=15 outputs=128 parity=PASS
extended_crucible_phase engine=aerostore phase=689/3456 name=cycle-025-project-due messages=64 retries=3 outputs=448 parity=PASS
extended_crucible_phase engine=aerostore phase=697/3456 name=cycle-025-cancelled-projections messages=64 retries=0 outputs=0 parity=PASS
extended_crucible_phase engine=aerostore phase=705/3456 name=cycle-026-duplicate-position messages=64 retries=0 outputs=0 parity=PASS
extended_crucible_phase engine=aerostore phase=713/3456 name=cycle-026-invalid-position messages=64 retries=0 outputs=0 parity=PASS
extended_crucible_phase engine=aerostore phase=721/3456 name=cycle-026-terminal-source-1 messages=64 retries=32 outputs=256 parity=PASS
extended_crucible_phase engine=aerostore phase=729/3456 name=cycle-026-expire-family messages=64 retries=51 outputs=0 parity=PASS
extended_crucible_phase engine=aerostore phase=737/3456 name=cycle-027-position-after-failed-fork messages=64 retries=21 outputs=128 parity=PASS
extended_crucible_phase engine=aerostore phase=745/3456 name=cycle-027-position-after-diversion messages=64 retries=52 outputs=256 parity=PASS
extended_crucible_phase engine=aerostore phase=753/3456 name=cycle-027-housekeeping messages=64 retries=7 outputs=0 parity=PASS
extended_crucible_phase engine=aerostore phase=761/3456 name=cycle-028-second-provenance messages=64 retries=18 outputs=128 parity=PASS
extended_crucible_phase engine=aerostore phase=769/3456 name=cycle-028-reschedule messages=64 retries=49 outputs=256 parity=PASS
extended_crucible_phase engine=aerostore phase=777/3456 name=cycle-028-terminal-source-4 messages=64 retries=21 outputs=256 parity=PASS
extended_crucible_phase engine=aerostore phase=785/3456 name=cycle-029-position-source-1 messages=256 retries=45 outputs=64 parity=PASS
extended_crucible_phase engine=aerostore phase=793/3456 name=cycle-029-position-source-4 messages=64 retries=54 outputs=256 parity=PASS
extended_crucible_phase engine=aerostore phase=801/3456 name=cycle-029-project-again messages=64 retries=6 outputs=448 parity=PASS
extended_crucible_phase engine=aerostore phase=809/3456 name=cycle-029-project-after-housekeeping messages=64 retries=0 outputs=0 parity=PASS
extended_crucible_phase engine=aerostore phase=817/3456 name=cycle-030-failed-fork-savepoint messages=64 retries=2 outputs=0 parity=PASS
extended_crucible_phase engine=aerostore phase=825/3456 name=cycle-030-diversion messages=64 retries=54 outputs=256 parity=PASS
extended_crucible_phase engine=aerostore phase=833/3456 name=cycle-030-position-after-terminal messages=64 retries=2 outputs=0 parity=PASS
extended_crucible_phase engine=aerostore phase=841/3456 name=cycle-031-delayed-position messages=64 retries=1 outputs=0 parity=PASS
extended_crucible_phase engine=aerostore phase=849/3456 name=cycle-031-whole-message-abort messages=64 retries=0 outputs=0 parity=PASS
extended_crucible_phase engine=aerostore phase=857/3456 name=cycle-031-terminal-source-2 messages=64 retries=16 outputs=256 parity=PASS
extended_crucible_phase engine=aerostore phase=865/3456 name=cycle-032-plan-or-adhoc messages=64 retries=12 outputs=64 parity=PASS
extended_crucible_phase engine=aerostore phase=873/3456 name=cycle-032-third-provenance messages=64 retries=27 outputs=256 parity=PASS
extended_crucible_phase engine=aerostore phase=881/3456 name=cycle-032-position-refresh messages=64 retries=57 outputs=256 parity=PASS
extended_crucible_phase engine=aerostore phase=889/3456 name=cycle-032-duplicate-terminal messages=64 retries=0 outputs=0 parity=PASS
extended_crucible_phase engine=aerostore phase=897/3456 name=cycle-033-position-source-2 messages=64 retries=16 outputs=128 parity=PASS
extended_crucible_phase engine=aerostore phase=905/3456 name=cycle-033-project-due messages=64 retries=5 outputs=448 parity=PASS
extended_crucible_phase engine=aerostore phase=913/3456 name=cycle-033-cancelled-projections messages=64 retries=0 outputs=0 parity=PASS
extended_crucible_phase engine=aerostore phase=921/3456 name=cycle-034-duplicate-position messages=64 retries=0 outputs=0 parity=PASS
extended_crucible_phase engine=aerostore phase=929/3456 name=cycle-034-invalid-position messages=64 retries=2 outputs=0 parity=PASS
extended_crucible_phase engine=aerostore phase=937/3456 name=cycle-034-terminal-source-1 messages=64 retries=41 outputs=256 parity=PASS
extended_crucible_phase engine=aerostore phase=945/3456 name=cycle-034-expire-family messages=64 retries=57 outputs=0 parity=PASS
extended_crucible_phase engine=aerostore phase=953/3456 name=cycle-035-position-after-failed-fork messages=64 retries=17 outputs=128 parity=PASS
extended_crucible_phase engine=aerostore phase=961/3456 name=cycle-035-position-after-diversion messages=64 retries=68 outputs=256 parity=PASS
extended_crucible_phase engine=aerostore phase=969/3456 name=cycle-035-housekeeping messages=64 retries=9 outputs=0 parity=PASS
extended_crucible_phase engine=aerostore phase=977/3456 name=cycle-036-second-provenance messages=64 retries=14 outputs=128 parity=PASS
extended_crucible_phase engine=aerostore phase=985/3456 name=cycle-036-reschedule messages=64 retries=49 outputs=256 parity=PASS
extended_crucible_phase engine=aerostore phase=993/3456 name=cycle-036-terminal-source-4 messages=64 retries=29 outputs=256 parity=PASS
extended_crucible_phase engine=aerostore phase=1001/3456 name=cycle-037-position-source-1 messages=256 retries=57 outputs=64 parity=PASS
extended_crucible_phase engine=aerostore phase=1009/3456 name=cycle-037-position-source-4 messages=64 retries=55 outputs=256 parity=PASS
extended_crucible_phase engine=aerostore phase=1017/3456 name=cycle-037-project-again messages=64 retries=6 outputs=448 parity=PASS
extended_crucible_phase engine=aerostore phase=1025/3456 name=cycle-037-project-after-housekeeping messages=64 retries=0 outputs=0 parity=PASS
extended_crucible_phase engine=aerostore phase=1033/3456 name=cycle-038-failed-fork-savepoint messages=64 retries=0 outputs=0 parity=PASS
extended_crucible_phase engine=aerostore phase=1041/3456 name=cycle-038-diversion messages=64 retries=60 outputs=256 parity=PASS
extended_crucible_phase engine=aerostore phase=1049/3456 name=cycle-038-position-after-terminal messages=64 retries=2 outputs=0 parity=PASS
extended_crucible_phase engine=aerostore phase=1057/3456 name=cycle-039-delayed-position messages=64 retries=0 outputs=0 parity=PASS
extended_crucible_phase engine=aerostore phase=1065/3456 name=cycle-039-whole-message-abort messages=64 retries=0 outputs=0 parity=PASS
extended_crucible_phase engine=aerostore phase=1073/3456 name=cycle-039-terminal-source-2 messages=64 retries=27 outputs=256 parity=PASS
extended_crucible_phase engine=aerostore phase=1081/3456 name=cycle-040-plan-or-adhoc messages=64 retries=7 outputs=64 parity=PASS
extended_crucible_phase engine=aerostore phase=1089/3456 name=cycle-040-third-provenance messages=64 retries=38 outputs=256 parity=PASS
extended_crucible_phase engine=aerostore phase=1097/3456 name=cycle-040-position-refresh messages=64 retries=57 outputs=256 parity=PASS
extended_crucible_phase engine=aerostore phase=1105/3456 name=cycle-040-duplicate-terminal messages=64 retries=0 outputs=0 parity=PASS
extended_crucible_phase engine=aerostore phase=1113/3456 name=cycle-041-position-source-2 messages=64 retries=16 outputs=128 parity=PASS
extended_crucible_phase engine=aerostore phase=1121/3456 name=cycle-041-project-due messages=64 retries=6 outputs=448 parity=PASS
extended_crucible_phase engine=aerostore phase=1129/3456 name=cycle-041-cancelled-projections messages=64 retries=0 outputs=0 parity=PASS
extended_crucible_phase engine=aerostore phase=1137/3456 name=cycle-042-duplicate-position messages=64 retries=0 outputs=0 parity=PASS
extended_crucible_phase engine=aerostore phase=1145/3456 name=cycle-042-invalid-position messages=64 retries=0 outputs=0 parity=PASS
extended_crucible_phase engine=aerostore phase=1153/3456 name=cycle-042-terminal-source-1 messages=64 retries=28 outputs=256 parity=PASS
extended_crucible_phase engine=aerostore phase=1161/3456 name=cycle-042-expire-family messages=64 retries=52 outputs=0 parity=PASS
extended_crucible_phase engine=aerostore phase=1169/3456 name=cycle-043-position-after-failed-fork messages=64 retries=21 outputs=128 parity=PASS
extended_crucible_phase engine=aerostore phase=1177/3456 name=cycle-043-position-after-diversion messages=64 retries=61 outputs=256 parity=PASS
extended_crucible_phase engine=aerostore phase=1185/3456 name=cycle-043-housekeeping messages=64 retries=7 outputs=0 parity=PASS
extended_crucible_phase engine=aerostore phase=1193/3456 name=cycle-044-second-provenance messages=64 retries=12 outputs=128 parity=PASS
extended_crucible_phase engine=aerostore phase=1201/3456 name=cycle-044-reschedule messages=64 retries=59 outputs=256 parity=PASS
extended_crucible_phase engine=aerostore phase=1209/3456 name=cycle-044-terminal-source-4 messages=64 retries=18 outputs=256 parity=PASS
extended_crucible_phase engine=aerostore phase=1217/3456 name=cycle-045-position-source-1 messages=256 retries=55 outputs=64 parity=PASS
extended_crucible_phase engine=aerostore phase=1225/3456 name=cycle-045-position-source-4 messages=64 retries=52 outputs=256 parity=PASS
extended_crucible_phase engine=aerostore phase=1233/3456 name=cycle-045-project-again messages=64 retries=7 outputs=448 parity=PASS
extended_crucible_phase engine=aerostore phase=1241/3456 name=cycle-045-project-after-housekeeping messages=64 retries=2 outputs=0 parity=PASS
extended_crucible_phase engine=aerostore phase=1249/3456 name=cycle-046-failed-fork-savepoint messages=64 retries=0 outputs=0 parity=PASS
extended_crucible_phase engine=aerostore phase=1257/3456 name=cycle-046-diversion messages=64 retries=40 outputs=256 parity=PASS
extended_crucible_phase engine=aerostore phase=1265/3456 name=cycle-046-position-after-terminal messages=64 retries=2 outputs=0 parity=PASS
extended_crucible_phase engine=aerostore phase=1273/3456 name=cycle-047-delayed-position messages=64 retries=2 outputs=0 parity=PASS
extended_crucible_phase engine=aerostore phase=1281/3456 name=cycle-047-whole-message-abort messages=64 retries=0 outputs=0 parity=PASS
extended_crucible_phase engine=aerostore phase=1289/3456 name=cycle-047-terminal-source-2 messages=64 retries=34 outputs=256 parity=PASS
extended_crucible_phase engine=aerostore phase=1297/3456 name=cycle-048-plan-or-adhoc messages=64 retries=7 outputs=64 parity=PASS
extended_crucible_phase engine=aerostore phase=1305/3456 name=cycle-048-third-provenance messages=64 retries=38 outputs=256 parity=PASS
extended_crucible_phase engine=aerostore phase=1313/3456 name=cycle-048-position-refresh messages=64 retries=77 outputs=256 parity=PASS
extended_crucible_phase engine=aerostore phase=1321/3456 name=cycle-048-duplicate-terminal messages=64 retries=0 outputs=0 parity=PASS
extended_crucible_phase engine=aerostore phase=1329/3456 name=cycle-049-position-source-2 messages=64 retries=12 outputs=128 parity=PASS
extended_crucible_phase engine=aerostore phase=1337/3456 name=cycle-049-project-due messages=64 retries=8 outputs=448 parity=PASS
extended_crucible_phase engine=aerostore phase=1345/3456 name=cycle-049-cancelled-projections messages=64 retries=0 outputs=0 parity=PASS
extended_crucible_phase engine=aerostore phase=1353/3456 name=cycle-050-duplicate-position messages=64 retries=0 outputs=0 parity=PASS
extended_crucible_phase engine=aerostore phase=1361/3456 name=cycle-050-invalid-position messages=64 retries=0 outputs=0 parity=PASS
extended_crucible_phase engine=aerostore phase=1369/3456 name=cycle-050-terminal-source-1 messages=64 retries=26 outputs=256 parity=PASS
extended_crucible_phase engine=aerostore phase=1377/3456 name=cycle-050-expire-family messages=64 retries=50 outputs=0 parity=PASS
extended_crucible_phase engine=aerostore phase=1385/3456 name=cycle-051-position-after-failed-fork messages=64 retries=17 outputs=128 parity=PASS
extended_crucible_phase engine=aerostore phase=1393/3456 name=cycle-051-position-after-diversion messages=64 retries=78 outputs=256 parity=PASS
extended_crucible_phase engine=aerostore phase=1401/3456 name=cycle-051-housekeeping messages=64 retries=5 outputs=0 parity=PASS
extended_crucible_phase engine=aerostore phase=1409/3456 name=cycle-052-second-provenance messages=64 retries=11 outputs=128 parity=PASS
extended_crucible_phase engine=aerostore phase=1417/3456 name=cycle-052-reschedule messages=64 retries=61 outputs=256 parity=PASS
extended_crucible_phase engine=aerostore phase=1425/3456 name=cycle-052-terminal-source-4 messages=64 retries=26 outputs=256 parity=PASS
extended_crucible_phase engine=aerostore phase=1433/3456 name=cycle-053-position-source-1 messages=256 retries=54 outputs=64 parity=PASS
extended_crucible_phase engine=aerostore phase=1441/3456 name=cycle-053-position-source-4 messages=64 retries=52 outputs=256 parity=PASS
extended_crucible_phase engine=aerostore phase=1449/3456 name=cycle-053-project-again messages=64 retries=5 outputs=448 parity=PASS
extended_crucible_phase engine=aerostore phase=1457/3456 name=cycle-053-project-after-housekeeping messages=64 retries=0 outputs=0 parity=PASS
extended_crucible_phase engine=aerostore phase=1465/3456 name=cycle-054-failed-fork-savepoint messages=64 retries=0 outputs=0 parity=PASS
extended_crucible_phase engine=aerostore phase=1473/3456 name=cycle-054-diversion messages=64 retries=46 outputs=256 parity=PASS
extended_crucible_phase engine=aerostore phase=1481/3456 name=cycle-054-position-after-terminal messages=64 retries=1 outputs=0 parity=PASS
extended_crucible_phase engine=aerostore phase=1489/3456 name=cycle-055-delayed-position messages=64 retries=1 outputs=0 parity=PASS
extended_crucible_phase engine=aerostore phase=1497/3456 name=cycle-055-whole-message-abort messages=64 retries=0 outputs=0 parity=PASS
extended_crucible_phase engine=aerostore phase=1505/3456 name=cycle-055-terminal-source-2 messages=64 retries=22 outputs=256 parity=PASS
extended_crucible_phase engine=aerostore phase=1513/3456 name=cycle-056-plan-or-adhoc messages=64 retries=10 outputs=64 parity=PASS
extended_crucible_phase engine=aerostore phase=1521/3456 name=cycle-056-third-provenance messages=64 retries=39 outputs=256 parity=PASS
extended_crucible_phase engine=aerostore phase=1529/3456 name=cycle-056-position-refresh messages=64 retries=52 outputs=256 parity=PASS
extended_crucible_phase engine=aerostore phase=1537/3456 name=cycle-056-duplicate-terminal messages=64 retries=0 outputs=0 parity=PASS
extended_crucible_phase engine=aerostore phase=1545/3456 name=cycle-057-position-source-2 messages=64 retries=12 outputs=128 parity=PASS
extended_crucible_phase engine=aerostore phase=1553/3456 name=cycle-057-project-due messages=64 retries=5 outputs=448 parity=PASS
extended_crucible_phase engine=aerostore phase=1561/3456 name=cycle-057-cancelled-projections messages=64 retries=0 outputs=0 parity=PASS
extended_crucible_phase engine=aerostore phase=1569/3456 name=cycle-058-duplicate-position messages=64 retries=0 outputs=0 parity=PASS
extended_crucible_phase engine=aerostore phase=1577/3456 name=cycle-058-invalid-position messages=64 retries=0 outputs=0 parity=PASS
extended_crucible_phase engine=aerostore phase=1585/3456 name=cycle-058-terminal-source-1 messages=64 retries=39 outputs=256 parity=PASS
extended_crucible_phase engine=aerostore phase=1593/3456 name=cycle-058-expire-family messages=64 retries=56 outputs=0 parity=PASS
extended_crucible_phase engine=aerostore phase=1601/3456 name=cycle-059-position-after-failed-fork messages=64 retries=15 outputs=128 parity=PASS
extended_crucible_phase engine=aerostore phase=1609/3456 name=cycle-059-position-after-diversion messages=64 retries=61 outputs=256 parity=PASS
extended_crucible_phase engine=aerostore phase=1617/3456 name=cycle-059-housekeeping messages=64 retries=6 outputs=0 parity=PASS
extended_crucible_phase engine=aerostore phase=1625/3456 name=cycle-060-second-provenance messages=64 retries=15 outputs=128 parity=PASS
extended_crucible_phase engine=aerostore phase=1633/3456 name=cycle-060-reschedule messages=64 retries=60 outputs=256 parity=PASS
extended_crucible_phase engine=aerostore phase=1641/3456 name=cycle-060-terminal-source-4 messages=64 retries=31 outputs=256 parity=PASS
extended_crucible_phase engine=aerostore phase=1649/3456 name=cycle-061-position-source-1 messages=256 retries=56 outputs=64 parity=PASS
extended_crucible_phase engine=aerostore phase=1657/3456 name=cycle-061-position-source-4 messages=64 retries=48 outputs=256 parity=PASS
extended_crucible_phase engine=aerostore phase=1665/3456 name=cycle-061-project-again messages=64 retries=7 outputs=448 parity=PASS
extended_crucible_phase engine=aerostore phase=1673/3456 name=cycle-061-project-after-housekeeping messages=64 retries=0 outputs=0 parity=PASS
extended_crucible_phase engine=aerostore phase=1681/3456 name=cycle-062-failed-fork-savepoint messages=64 retries=1 outputs=0 parity=PASS
extended_crucible_phase engine=aerostore phase=1689/3456 name=cycle-062-diversion messages=64 retries=45 outputs=256 parity=PASS
extended_crucible_phase engine=aerostore phase=1697/3456 name=cycle-062-position-after-terminal messages=64 retries=2 outputs=0 parity=PASS
extended_crucible_phase engine=aerostore phase=1705/3456 name=cycle-063-delayed-position messages=64 retries=1 outputs=0 parity=PASS
extended_crucible_phase engine=aerostore phase=1713/3456 name=cycle-063-whole-message-abort messages=64 retries=0 outputs=0 parity=PASS
extended_crucible_phase engine=aerostore phase=1721/3456 name=cycle-063-terminal-source-2 messages=64 retries=28 outputs=256 parity=PASS
extended_crucible_phase engine=aerostore phase=1729/3456 name=cycle-064-plan-or-adhoc messages=64 retries=10 outputs=64 parity=PASS
extended_crucible_phase engine=aerostore phase=1737/3456 name=cycle-064-third-provenance messages=64 retries=30 outputs=256 parity=PASS
extended_crucible_phase engine=aerostore phase=1745/3456 name=cycle-064-position-refresh messages=64 retries=64 outputs=256 parity=PASS
extended_crucible_phase engine=aerostore phase=1753/3456 name=cycle-064-duplicate-terminal messages=64 retries=0 outputs=0 parity=PASS
extended_crucible_phase engine=aerostore phase=1761/3456 name=cycle-065-position-source-2 messages=64 retries=15 outputs=128 parity=PASS
extended_crucible_phase engine=aerostore phase=1769/3456 name=cycle-065-project-due messages=64 retries=6 outputs=448 parity=PASS
extended_crucible_phase engine=aerostore phase=1777/3456 name=cycle-065-cancelled-projections messages=64 retries=0 outputs=0 parity=PASS
extended_crucible_phase engine=aerostore phase=1785/3456 name=cycle-066-duplicate-position messages=64 retries=0 outputs=0 parity=PASS
extended_crucible_phase engine=aerostore phase=1793/3456 name=cycle-066-invalid-position messages=64 retries=0 outputs=0 parity=PASS
extended_crucible_phase engine=aerostore phase=1801/3456 name=cycle-066-terminal-source-1 messages=64 retries=33 outputs=256 parity=PASS
extended_crucible_phase engine=aerostore phase=1809/3456 name=cycle-066-expire-family messages=64 retries=53 outputs=0 parity=PASS
extended_crucible_phase engine=aerostore phase=1817/3456 name=cycle-067-position-after-failed-fork messages=64 retries=20 outputs=128 parity=PASS
extended_crucible_phase engine=aerostore phase=1825/3456 name=cycle-067-position-after-diversion messages=64 retries=56 outputs=256 parity=PASS
extended_crucible_phase engine=aerostore phase=1833/3456 name=cycle-067-housekeeping messages=64 retries=3 outputs=0 parity=PASS
extended_crucible_phase engine=aerostore phase=1841/3456 name=cycle-068-second-provenance messages=64 retries=14 outputs=128 parity=PASS
extended_crucible_phase engine=aerostore phase=1849/3456 name=cycle-068-reschedule messages=64 retries=66 outputs=256 parity=PASS
extended_crucible_phase engine=aerostore phase=1857/3456 name=cycle-068-terminal-source-4 messages=64 retries=17 outputs=256 parity=PASS
extended_crucible_phase engine=aerostore phase=1865/3456 name=cycle-069-position-source-1 messages=256 retries=54 outputs=64 parity=PASS
extended_crucible_phase engine=aerostore phase=1873/3456 name=cycle-069-position-source-4 messages=64 retries=53 outputs=256 parity=PASS
extended_crucible_phase engine=aerostore phase=1881/3456 name=cycle-069-project-again messages=64 retries=5 outputs=448 parity=PASS
extended_crucible_phase engine=aerostore phase=1889/3456 name=cycle-069-project-after-housekeeping messages=64 retries=0 outputs=0 parity=PASS
extended_crucible_phase engine=aerostore phase=1897/3456 name=cycle-070-failed-fork-savepoint messages=64 retries=1 outputs=0 parity=PASS
extended_crucible_phase engine=aerostore phase=1905/3456 name=cycle-070-diversion messages=64 retries=41 outputs=256 parity=PASS
extended_crucible_phase engine=aerostore phase=1913/3456 name=cycle-070-position-after-terminal messages=64 retries=0 outputs=0 parity=PASS
extended_crucible_phase engine=aerostore phase=1921/3456 name=cycle-071-delayed-position messages=64 retries=1 outputs=0 parity=PASS
extended_crucible_phase engine=aerostore phase=1929/3456 name=cycle-071-whole-message-abort messages=64 retries=0 outputs=0 parity=PASS
extended_crucible_phase engine=aerostore phase=1937/3456 name=cycle-071-terminal-source-2 messages=64 retries=25 outputs=256 parity=PASS
extended_crucible_phase engine=aerostore phase=1945/3456 name=cycle-072-plan-or-adhoc messages=64 retries=7 outputs=64 parity=PASS
extended_crucible_phase engine=aerostore phase=1953/3456 name=cycle-072-third-provenance messages=64 retries=39 outputs=256 parity=PASS
extended_crucible_phase engine=aerostore phase=1961/3456 name=cycle-072-position-refresh messages=64 retries=65 outputs=256 parity=PASS
extended_crucible_phase engine=aerostore phase=1969/3456 name=cycle-072-duplicate-terminal messages=64 retries=0 outputs=0 parity=PASS
extended_crucible_phase engine=aerostore phase=1977/3456 name=cycle-073-position-source-2 messages=64 retries=24 outputs=128 parity=PASS
extended_crucible_phase engine=aerostore phase=1985/3456 name=cycle-073-project-due messages=64 retries=3 outputs=448 parity=PASS
extended_crucible_phase engine=aerostore phase=1993/3456 name=cycle-073-cancelled-projections messages=64 retries=0 outputs=0 parity=PASS
extended_crucible_phase engine=aerostore phase=2001/3456 name=cycle-074-duplicate-position messages=64 retries=0 outputs=0 parity=PASS
extended_crucible_phase engine=aerostore phase=2009/3456 name=cycle-074-invalid-position messages=64 retries=0 outputs=0 parity=PASS
extended_crucible_phase engine=aerostore phase=2017/3456 name=cycle-074-terminal-source-1 messages=64 retries=37 outputs=256 parity=PASS
extended_crucible_phase engine=aerostore phase=2025/3456 name=cycle-074-expire-family messages=64 retries=54 outputs=0 parity=PASS
extended_crucible_phase engine=aerostore phase=2033/3456 name=cycle-075-position-after-failed-fork messages=64 retries=18 outputs=128 parity=PASS
extended_crucible_phase engine=aerostore phase=2041/3456 name=cycle-075-position-after-diversion messages=64 retries=71 outputs=256 parity=PASS
extended_crucible_phase engine=aerostore phase=2049/3456 name=cycle-075-housekeeping messages=64 retries=5 outputs=0 parity=PASS
extended_crucible_phase engine=aerostore phase=2057/3456 name=cycle-076-second-provenance messages=64 retries=12 outputs=128 parity=PASS
extended_crucible_phase engine=aerostore phase=2065/3456 name=cycle-076-reschedule messages=64 retries=58 outputs=256 parity=PASS
extended_crucible_phase engine=aerostore phase=2073/3456 name=cycle-076-terminal-source-4 messages=64 retries=21 outputs=256 parity=PASS
extended_crucible_phase engine=aerostore phase=2081/3456 name=cycle-077-position-source-1 messages=256 retries=54 outputs=64 parity=PASS
extended_crucible_phase engine=aerostore phase=2089/3456 name=cycle-077-position-source-4 messages=64 retries=53 outputs=256 parity=PASS
extended_crucible_phase engine=aerostore phase=2097/3456 name=cycle-077-project-again messages=64 retries=7 outputs=448 parity=PASS
extended_crucible_phase engine=aerostore phase=2105/3456 name=cycle-077-project-after-housekeeping messages=64 retries=0 outputs=0 parity=PASS
extended_crucible_phase engine=aerostore phase=2113/3456 name=cycle-078-failed-fork-savepoint messages=64 retries=0 outputs=0 parity=PASS
extended_crucible_phase engine=aerostore phase=2121/3456 name=cycle-078-diversion messages=64 retries=45 outputs=256 parity=PASS
extended_crucible_phase engine=aerostore phase=2129/3456 name=cycle-078-position-after-terminal messages=64 retries=0 outputs=0 parity=PASS
extended_crucible_phase engine=aerostore phase=2137/3456 name=cycle-079-delayed-position messages=64 retries=1 outputs=0 parity=PASS
extended_crucible_phase engine=aerostore phase=2145/3456 name=cycle-079-whole-message-abort messages=64 retries=0 outputs=0 parity=PASS
extended_crucible_phase engine=aerostore phase=2153/3456 name=cycle-079-terminal-source-2 messages=64 retries=22 outputs=256 parity=PASS
extended_crucible_phase engine=aerostore phase=2161/3456 name=cycle-080-plan-or-adhoc messages=64 retries=12 outputs=64 parity=PASS
extended_crucible_phase engine=aerostore phase=2169/3456 name=cycle-080-third-provenance messages=64 retries=33 outputs=256 parity=PASS
extended_crucible_phase engine=aerostore phase=2177/3456 name=cycle-080-position-refresh messages=64 retries=54 outputs=256 parity=PASS
extended_crucible_phase engine=aerostore phase=2185/3456 name=cycle-080-duplicate-terminal messages=64 retries=0 outputs=0 parity=PASS
extended_crucible_phase engine=aerostore phase=2193/3456 name=cycle-081-position-source-2 messages=64 retries=18 outputs=128 parity=PASS
extended_crucible_phase engine=aerostore phase=2201/3456 name=cycle-081-project-due messages=64 retries=8 outputs=448 parity=PASS
extended_crucible_phase engine=aerostore phase=2209/3456 name=cycle-081-cancelled-projections messages=64 retries=0 outputs=0 parity=PASS
extended_crucible_phase engine=aerostore phase=2217/3456 name=cycle-082-duplicate-position messages=64 retries=0 outputs=0 parity=PASS
extended_crucible_phase engine=aerostore phase=2225/3456 name=cycle-082-invalid-position messages=64 retries=0 outputs=0 parity=PASS
extended_crucible_phase engine=aerostore phase=2233/3456 name=cycle-082-terminal-source-1 messages=64 retries=28 outputs=256 parity=PASS
extended_crucible_phase engine=aerostore phase=2241/3456 name=cycle-082-expire-family messages=64 retries=53 outputs=0 parity=PASS
extended_crucible_phase engine=aerostore phase=2249/3456 name=cycle-083-position-after-failed-fork messages=64 retries=25 outputs=128 parity=PASS
extended_crucible_phase engine=aerostore phase=2257/3456 name=cycle-083-position-after-diversion messages=64 retries=72 outputs=256 parity=PASS
extended_crucible_phase engine=aerostore phase=2265/3456 name=cycle-083-housekeeping messages=64 retries=5 outputs=0 parity=PASS
extended_crucible_phase engine=aerostore phase=2273/3456 name=cycle-084-second-provenance messages=64 retries=22 outputs=128 parity=PASS
extended_crucible_phase engine=aerostore phase=2281/3456 name=cycle-084-reschedule messages=64 retries=71 outputs=256 parity=PASS
extended_crucible_phase engine=aerostore phase=2289/3456 name=cycle-084-terminal-source-4 messages=64 retries=24 outputs=256 parity=PASS
extended_crucible_phase engine=aerostore phase=2297/3456 name=cycle-085-position-source-1 messages=256 retries=56 outputs=64 parity=PASS
extended_crucible_phase engine=aerostore phase=2305/3456 name=cycle-085-position-source-4 messages=64 retries=44 outputs=256 parity=PASS
extended_crucible_phase engine=aerostore phase=2313/3456 name=cycle-085-project-again messages=64 retries=7 outputs=448 parity=PASS
extended_crucible_phase engine=aerostore phase=2321/3456 name=cycle-085-project-after-housekeeping messages=64 retries=0 outputs=0 parity=PASS
extended_crucible_phase engine=aerostore phase=2329/3456 name=cycle-086-failed-fork-savepoint messages=64 retries=1 outputs=0 parity=PASS
extended_crucible_phase engine=aerostore phase=2337/3456 name=cycle-086-diversion messages=64 retries=35 outputs=256 parity=PASS
extended_crucible_phase engine=aerostore phase=2345/3456 name=cycle-086-position-after-terminal messages=64 retries=1 outputs=0 parity=PASS
extended_crucible_phase engine=aerostore phase=2353/3456 name=cycle-087-delayed-position messages=64 retries=2 outputs=0 parity=PASS
extended_crucible_phase engine=aerostore phase=2361/3456 name=cycle-087-whole-message-abort messages=64 retries=0 outputs=0 parity=PASS
extended_crucible_phase engine=aerostore phase=2369/3456 name=cycle-087-terminal-source-2 messages=64 retries=28 outputs=256 parity=PASS
extended_crucible_phase engine=aerostore phase=2377/3456 name=cycle-088-plan-or-adhoc messages=64 retries=11 outputs=64 parity=PASS
extended_crucible_phase engine=aerostore phase=2385/3456 name=cycle-088-third-provenance messages=64 retries=38 outputs=256 parity=PASS
extended_crucible_phase engine=aerostore phase=2393/3456 name=cycle-088-position-refresh messages=64 retries=61 outputs=256 parity=PASS
extended_crucible_phase engine=aerostore phase=2401/3456 name=cycle-088-duplicate-terminal messages=64 retries=0 outputs=0 parity=PASS
extended_crucible_phase engine=aerostore phase=2409/3456 name=cycle-089-position-source-2 messages=64 retries=14 outputs=128 parity=PASS
extended_crucible_phase engine=aerostore phase=2417/3456 name=cycle-089-project-due messages=64 retries=6 outputs=448 parity=PASS
extended_crucible_phase engine=aerostore phase=2425/3456 name=cycle-089-cancelled-projections messages=64 retries=0 outputs=0 parity=PASS
extended_crucible_phase engine=aerostore phase=2433/3456 name=cycle-090-duplicate-position messages=64 retries=0 outputs=0 parity=PASS
extended_crucible_phase engine=aerostore phase=2441/3456 name=cycle-090-invalid-position messages=64 retries=0 outputs=0 parity=PASS
extended_crucible_phase engine=aerostore phase=2449/3456 name=cycle-090-terminal-source-1 messages=64 retries=25 outputs=256 parity=PASS
extended_crucible_phase engine=aerostore phase=2457/3456 name=cycle-090-expire-family messages=64 retries=50 outputs=0 parity=PASS
extended_crucible_phase engine=aerostore phase=2465/3456 name=cycle-091-position-after-failed-fork messages=64 retries=16 outputs=128 parity=PASS
extended_crucible_phase engine=aerostore phase=2473/3456 name=cycle-091-position-after-diversion messages=64 retries=55 outputs=256 parity=PASS
extended_crucible_phase engine=aerostore phase=2481/3456 name=cycle-091-housekeeping messages=64 retries=6 outputs=0 parity=PASS
extended_crucible_phase engine=aerostore phase=2489/3456 name=cycle-092-second-provenance messages=64 retries=13 outputs=128 parity=PASS
extended_crucible_phase engine=aerostore phase=2497/3456 name=cycle-092-reschedule messages=64 retries=58 outputs=256 parity=PASS
extended_crucible_phase engine=aerostore phase=2505/3456 name=cycle-092-terminal-source-4 messages=64 retries=24 outputs=256 parity=PASS
extended_crucible_phase engine=aerostore phase=2513/3456 name=cycle-093-position-source-1 messages=256 retries=57 outputs=64 parity=PASS
extended_crucible_phase engine=aerostore phase=2521/3456 name=cycle-093-position-source-4 messages=64 retries=43 outputs=256 parity=PASS
extended_crucible_phase engine=aerostore phase=2529/3456 name=cycle-093-project-again messages=64 retries=6 outputs=448 parity=PASS
extended_crucible_phase engine=aerostore phase=2537/3456 name=cycle-093-project-after-housekeeping messages=64 retries=0 outputs=0 parity=PASS
extended_crucible_phase engine=aerostore phase=2545/3456 name=cycle-094-failed-fork-savepoint messages=64 retries=2 outputs=0 parity=PASS
extended_crucible_phase engine=aerostore phase=2553/3456 name=cycle-094-diversion messages=64 retries=55 outputs=256 parity=PASS
extended_crucible_phase engine=aerostore phase=2561/3456 name=cycle-094-position-after-terminal messages=64 retries=2 outputs=0 parity=PASS
extended_crucible_phase engine=aerostore phase=2569/3456 name=cycle-095-delayed-position messages=64 retries=1 outputs=0 parity=PASS
extended_crucible_phase engine=aerostore phase=2577/3456 name=cycle-095-whole-message-abort messages=64 retries=0 outputs=0 parity=PASS
extended_crucible_phase engine=aerostore phase=2585/3456 name=cycle-095-terminal-source-2 messages=64 retries=22 outputs=256 parity=PASS
extended_crucible_phase engine=aerostore phase=2593/3456 name=cycle-096-plan-or-adhoc messages=64 retries=10 outputs=64 parity=PASS
extended_crucible_phase engine=aerostore phase=2601/3456 name=cycle-096-third-provenance messages=64 retries=28 outputs=256 parity=PASS
extended_crucible_phase engine=aerostore phase=2609/3456 name=cycle-096-position-refresh messages=64 retries=65 outputs=256 parity=PASS
extended_crucible_phase engine=aerostore phase=2617/3456 name=cycle-096-duplicate-terminal messages=64 retries=0 outputs=0 parity=PASS
extended_crucible_phase engine=aerostore phase=2625/3456 name=cycle-097-position-source-2 messages=64 retries=24 outputs=128 parity=PASS
extended_crucible_phase engine=aerostore phase=2633/3456 name=cycle-097-project-due messages=64 retries=6 outputs=448 parity=PASS
extended_crucible_phase engine=aerostore phase=2641/3456 name=cycle-097-cancelled-projections messages=64 retries=0 outputs=0 parity=PASS
extended_crucible_phase engine=aerostore phase=2649/3456 name=cycle-098-duplicate-position messages=64 retries=0 outputs=0 parity=PASS
extended_crucible_phase engine=aerostore phase=2657/3456 name=cycle-098-invalid-position messages=64 retries=0 outputs=0 parity=PASS
extended_crucible_phase engine=aerostore phase=2665/3456 name=cycle-098-terminal-source-1 messages=64 retries=32 outputs=256 parity=PASS
extended_crucible_phase engine=aerostore phase=2673/3456 name=cycle-098-expire-family messages=64 retries=47 outputs=0 parity=PASS
extended_crucible_phase engine=aerostore phase=2681/3456 name=cycle-099-position-after-failed-fork messages=64 retries=19 outputs=128 parity=PASS
extended_crucible_phase engine=aerostore phase=2689/3456 name=cycle-099-position-after-diversion messages=64 retries=61 outputs=256 parity=PASS
extended_crucible_phase engine=aerostore phase=2697/3456 name=cycle-099-housekeeping messages=64 retries=7 outputs=0 parity=PASS
extended_crucible_phase engine=aerostore phase=2705/3456 name=cycle-100-second-provenance messages=64 retries=12 outputs=128 parity=PASS
extended_crucible_phase engine=aerostore phase=2713/3456 name=cycle-100-reschedule messages=64 retries=57 outputs=256 parity=PASS
extended_crucible_phase engine=aerostore phase=2721/3456 name=cycle-100-terminal-source-4 messages=64 retries=33 outputs=256 parity=PASS
extended_crucible_phase engine=aerostore phase=2729/3456 name=cycle-101-position-source-1 messages=256 retries=51 outputs=64 parity=PASS
extended_crucible_phase engine=aerostore phase=2737/3456 name=cycle-101-position-source-4 messages=64 retries=50 outputs=256 parity=PASS
extended_crucible_phase engine=aerostore phase=2745/3456 name=cycle-101-project-again messages=64 retries=6 outputs=448 parity=PASS
extended_crucible_phase engine=aerostore phase=2753/3456 name=cycle-101-project-after-housekeeping messages=64 retries=0 outputs=0 parity=PASS
extended_crucible_phase engine=aerostore phase=2761/3456 name=cycle-102-failed-fork-savepoint messages=64 retries=0 outputs=0 parity=PASS
extended_crucible_phase engine=aerostore phase=2769/3456 name=cycle-102-diversion messages=64 retries=42 outputs=256 parity=PASS
extended_crucible_phase engine=aerostore phase=2777/3456 name=cycle-102-position-after-terminal messages=64 retries=2 outputs=0 parity=PASS
extended_crucible_phase engine=aerostore phase=2785/3456 name=cycle-103-delayed-position messages=64 retries=0 outputs=0 parity=PASS
extended_crucible_phase engine=aerostore phase=2793/3456 name=cycle-103-whole-message-abort messages=64 retries=0 outputs=0 parity=PASS
extended_crucible_phase engine=aerostore phase=2801/3456 name=cycle-103-terminal-source-2 messages=64 retries=24 outputs=256 parity=PASS
extended_crucible_phase engine=aerostore phase=2809/3456 name=cycle-104-plan-or-adhoc messages=64 retries=10 outputs=64 parity=PASS
extended_crucible_phase engine=aerostore phase=2817/3456 name=cycle-104-third-provenance messages=64 retries=46 outputs=256 parity=PASS
extended_crucible_phase engine=aerostore phase=2825/3456 name=cycle-104-position-refresh messages=64 retries=60 outputs=256 parity=PASS
extended_crucible_phase engine=aerostore phase=2833/3456 name=cycle-104-duplicate-terminal messages=64 retries=0 outputs=0 parity=PASS
extended_crucible_phase engine=aerostore phase=2841/3456 name=cycle-105-position-source-2 messages=64 retries=20 outputs=128 parity=PASS
extended_crucible_phase engine=aerostore phase=2849/3456 name=cycle-105-project-due messages=64 retries=4 outputs=448 parity=PASS
extended_crucible_phase engine=aerostore phase=2857/3456 name=cycle-105-cancelled-projections messages=64 retries=0 outputs=0 parity=PASS
extended_crucible_phase engine=aerostore phase=2865/3456 name=cycle-106-duplicate-position messages=64 retries=0 outputs=0 parity=PASS
extended_crucible_phase engine=aerostore phase=2873/3456 name=cycle-106-invalid-position messages=64 retries=0 outputs=0 parity=PASS
extended_crucible_phase engine=aerostore phase=2881/3456 name=cycle-106-terminal-source-1 messages=64 retries=35 outputs=256 parity=PASS
extended_crucible_phase engine=aerostore phase=2889/3456 name=cycle-106-expire-family messages=64 retries=54 outputs=0 parity=PASS
extended_crucible_phase engine=aerostore phase=2897/3456 name=cycle-107-position-after-failed-fork messages=64 retries=23 outputs=128 parity=PASS
extended_crucible_phase engine=aerostore phase=2905/3456 name=cycle-107-position-after-diversion messages=64 retries=83 outputs=256 parity=PASS
extended_crucible_phase engine=aerostore phase=2913/3456 name=cycle-107-housekeeping messages=64 retries=10 outputs=0 parity=PASS
extended_crucible_phase engine=aerostore phase=2921/3456 name=cycle-108-second-provenance messages=64 retries=16 outputs=128 parity=PASS
extended_crucible_phase engine=aerostore phase=2929/3456 name=cycle-108-reschedule messages=64 retries=73 outputs=256 parity=PASS
extended_crucible_phase engine=aerostore phase=2937/3456 name=cycle-108-terminal-source-4 messages=64 retries=24 outputs=256 parity=PASS
extended_crucible_phase engine=aerostore phase=2945/3456 name=cycle-109-position-source-1 messages=256 retries=53 outputs=64 parity=PASS
extended_crucible_phase engine=aerostore phase=2953/3456 name=cycle-109-position-source-4 messages=64 retries=50 outputs=256 parity=PASS
extended_crucible_phase engine=aerostore phase=2961/3456 name=cycle-109-project-again messages=64 retries=9 outputs=448 parity=PASS
extended_crucible_phase engine=aerostore phase=2969/3456 name=cycle-109-project-after-housekeeping messages=64 retries=0 outputs=0 parity=PASS
extended_crucible_phase engine=aerostore phase=2977/3456 name=cycle-110-failed-fork-savepoint messages=64 retries=0 outputs=0 parity=PASS
extended_crucible_phase engine=aerostore phase=2985/3456 name=cycle-110-diversion messages=64 retries=47 outputs=256 parity=PASS
extended_crucible_phase engine=aerostore phase=2993/3456 name=cycle-110-position-after-terminal messages=64 retries=1 outputs=0 parity=PASS
extended_crucible_phase engine=aerostore phase=3001/3456 name=cycle-111-delayed-position messages=64 retries=0 outputs=0 parity=PASS
extended_crucible_phase engine=aerostore phase=3009/3456 name=cycle-111-whole-message-abort messages=64 retries=0 outputs=0 parity=PASS
extended_crucible_phase engine=aerostore phase=3017/3456 name=cycle-111-terminal-source-2 messages=64 retries=23 outputs=256 parity=PASS
extended_crucible_phase engine=aerostore phase=3025/3456 name=cycle-112-plan-or-adhoc messages=64 retries=9 outputs=64 parity=PASS
extended_crucible_phase engine=aerostore phase=3033/3456 name=cycle-112-third-provenance messages=64 retries=34 outputs=256 parity=PASS
extended_crucible_phase engine=aerostore phase=3041/3456 name=cycle-112-position-refresh messages=64 retries=74 outputs=256 parity=PASS
extended_crucible_phase engine=aerostore phase=3049/3456 name=cycle-112-duplicate-terminal messages=64 retries=0 outputs=0 parity=PASS
extended_crucible_phase engine=aerostore phase=3057/3456 name=cycle-113-position-source-2 messages=64 retries=25 outputs=128 parity=PASS
extended_crucible_phase engine=aerostore phase=3065/3456 name=cycle-113-project-due messages=64 retries=6 outputs=448 parity=PASS
extended_crucible_phase engine=aerostore phase=3073/3456 name=cycle-113-cancelled-projections messages=64 retries=0 outputs=0 parity=PASS
extended_crucible_phase engine=aerostore phase=3081/3456 name=cycle-114-duplicate-position messages=64 retries=0 outputs=0 parity=PASS
extended_crucible_phase engine=aerostore phase=3089/3456 name=cycle-114-invalid-position messages=64 retries=0 outputs=0 parity=PASS
extended_crucible_phase engine=aerostore phase=3097/3456 name=cycle-114-terminal-source-1 messages=64 retries=30 outputs=256 parity=PASS
extended_crucible_phase engine=aerostore phase=3105/3456 name=cycle-114-expire-family messages=64 retries=57 outputs=0 parity=PASS
extended_crucible_phase engine=aerostore phase=3113/3456 name=cycle-115-position-after-failed-fork messages=64 retries=15 outputs=128 parity=PASS
extended_crucible_phase engine=aerostore phase=3121/3456 name=cycle-115-position-after-diversion messages=64 retries=65 outputs=256 parity=PASS
extended_crucible_phase engine=aerostore phase=3129/3456 name=cycle-115-housekeeping messages=64 retries=10 outputs=0 parity=PASS
extended_crucible_phase engine=aerostore phase=3137/3456 name=cycle-116-second-provenance messages=64 retries=11 outputs=128 parity=PASS
extended_crucible_phase engine=aerostore phase=3145/3456 name=cycle-116-reschedule messages=64 retries=80 outputs=256 parity=PASS
extended_crucible_phase engine=aerostore phase=3153/3456 name=cycle-116-terminal-source-4 messages=64 retries=28 outputs=256 parity=PASS
extended_crucible_phase engine=aerostore phase=3161/3456 name=cycle-117-position-source-1 messages=256 retries=55 outputs=64 parity=PASS
extended_crucible_phase engine=aerostore phase=3169/3456 name=cycle-117-position-source-4 messages=64 retries=58 outputs=256 parity=PASS
extended_crucible_phase engine=aerostore phase=3177/3456 name=cycle-117-project-again messages=64 retries=9 outputs=448 parity=PASS
extended_crucible_phase engine=aerostore phase=3185/3456 name=cycle-117-project-after-housekeeping messages=64 retries=0 outputs=0 parity=PASS
extended_crucible_phase engine=aerostore phase=3193/3456 name=cycle-118-failed-fork-savepoint messages=64 retries=0 outputs=0 parity=PASS
extended_crucible_phase engine=aerostore phase=3201/3456 name=cycle-118-diversion messages=64 retries=41 outputs=256 parity=PASS
extended_crucible_phase engine=aerostore phase=3209/3456 name=cycle-118-position-after-terminal messages=64 retries=2 outputs=0 parity=PASS
extended_crucible_phase engine=aerostore phase=3217/3456 name=cycle-119-delayed-position messages=64 retries=0 outputs=0 parity=PASS
extended_crucible_phase engine=aerostore phase=3225/3456 name=cycle-119-whole-message-abort messages=64 retries=0 outputs=0 parity=PASS
extended_crucible_phase engine=aerostore phase=3233/3456 name=cycle-119-terminal-source-2 messages=64 retries=31 outputs=256 parity=PASS
extended_crucible_phase engine=aerostore phase=3241/3456 name=cycle-120-plan-or-adhoc messages=64 retries=12 outputs=64 parity=PASS
extended_crucible_phase engine=aerostore phase=3249/3456 name=cycle-120-third-provenance messages=64 retries=35 outputs=256 parity=PASS
extended_crucible_phase engine=aerostore phase=3257/3456 name=cycle-120-position-refresh messages=64 retries=66 outputs=256 parity=PASS
extended_crucible_phase engine=aerostore phase=3265/3456 name=cycle-120-duplicate-terminal messages=64 retries=0 outputs=0 parity=PASS
extended_crucible_phase engine=aerostore phase=3273/3456 name=cycle-121-position-source-2 messages=64 retries=17 outputs=128 parity=PASS
extended_crucible_phase engine=aerostore phase=3281/3456 name=cycle-121-project-due messages=64 retries=5 outputs=448 parity=PASS
extended_crucible_phase engine=aerostore phase=3289/3456 name=cycle-121-cancelled-projections messages=64 retries=0 outputs=0 parity=PASS
extended_crucible_phase engine=aerostore phase=3297/3456 name=cycle-122-duplicate-position messages=64 retries=0 outputs=0 parity=PASS
extended_crucible_phase engine=aerostore phase=3305/3456 name=cycle-122-invalid-position messages=64 retries=0 outputs=0 parity=PASS
extended_crucible_phase engine=aerostore phase=3313/3456 name=cycle-122-terminal-source-1 messages=64 retries=34 outputs=256 parity=PASS
extended_crucible_phase engine=aerostore phase=3321/3456 name=cycle-122-expire-family messages=64 retries=46 outputs=0 parity=PASS
extended_crucible_phase engine=aerostore phase=3329/3456 name=cycle-123-position-after-failed-fork messages=64 retries=16 outputs=128 parity=PASS
extended_crucible_phase engine=aerostore phase=3337/3456 name=cycle-123-position-after-diversion messages=64 retries=75 outputs=256 parity=PASS
extended_crucible_phase engine=aerostore phase=3345/3456 name=cycle-123-housekeeping messages=64 retries=7 outputs=0 parity=PASS
extended_crucible_phase engine=aerostore phase=3353/3456 name=cycle-124-second-provenance messages=64 retries=11 outputs=128 parity=PASS
extended_crucible_phase engine=aerostore phase=3361/3456 name=cycle-124-reschedule messages=64 retries=51 outputs=256 parity=PASS
extended_crucible_phase engine=aerostore phase=3369/3456 name=cycle-124-terminal-source-4 messages=64 retries=25 outputs=256 parity=PASS
extended_crucible_phase engine=aerostore phase=3377/3456 name=cycle-125-position-source-1 messages=256 retries=57 outputs=64 parity=PASS
extended_crucible_phase engine=aerostore phase=3385/3456 name=cycle-125-position-source-4 messages=64 retries=55 outputs=256 parity=PASS
extended_crucible_phase engine=aerostore phase=3393/3456 name=cycle-125-project-again messages=64 retries=6 outputs=448 parity=PASS
extended_crucible_phase engine=aerostore phase=3401/3456 name=cycle-125-project-after-housekeeping messages=64 retries=0 outputs=0 parity=PASS
extended_crucible_phase engine=aerostore phase=3409/3456 name=cycle-126-failed-fork-savepoint messages=64 retries=0 outputs=0 parity=PASS
extended_crucible_phase engine=aerostore phase=3417/3456 name=cycle-126-diversion messages=64 retries=42 outputs=256 parity=PASS
extended_crucible_phase engine=aerostore phase=3425/3456 name=cycle-126-position-after-terminal messages=64 retries=0 outputs=0 parity=PASS
extended_crucible_phase engine=aerostore phase=3433/3456 name=cycle-127-delayed-position messages=64 retries=0 outputs=0 parity=PASS
extended_crucible_phase engine=aerostore phase=3441/3456 name=cycle-127-whole-message-abort messages=64 retries=0 outputs=0 parity=PASS
extended_crucible_phase engine=aerostore phase=3449/3456 name=cycle-127-terminal-source-2 messages=64 retries=23 outputs=256 parity=PASS
extended_crucible_phase engine=aerostore phase=3456/3456 name=cycle-127-expire-family messages=64 retries=61 outputs=0 parity=PASS
extended_crucible_contract engine=aerostore case=serializable_absent_candidate_creation status=PASS details=Expected one commit and one serialization rejection after overlapping empty candidate searches activate different slots for the same key. Observed initial counts=0/0, committed=1, rejected=1, matching_rows=1, matching_index_postings=1. Native predicate dependencies and automatic index maintenance; no caller-supplied locks.
extended_crucible_contract engine=aerostore case=committed_row_and_index_visibility status=PASS details=Expected staged writes to remain invisible, and native commit to publish row and index together. Before commit row=Some(10), new_key=[]; immediately after commit row=Some(20), new_key=[0], fresh_reader_committed=true, overlapping_reader_committed=false, raw_old_postings=[], raw_new_postings=[0].
extended_crucible_contract engine=aerostore case=index_candidates_respect_transaction_snapshot status=PASS details=Expected the old snapshot's row to remain discoverable after a key move, or explicit serialization rejection. Independent witness sees row=Some(10); old_key_candidates=[], rejected_at_lookup=true, candidate_reader_committed=false. Operational errors are not accepted as serialization protection.
extended_crucible_contract engine=aerostore case=savepoint_and_whole_message_rollback status=PASS details=Expected rollback to preserve pre-savepoint multirow writes [90,60,0], discard nested candidate writes, and leave the committed transfer unchanged after a later whole-message abort. Observed restored=[Some(90), Some(60), Some(0)], committed=true, committed_rows=[(0, 90), (1, 60), (2, 0)], after_abort=[(0, 90), (1, 60), (2, 0)]. This probe covers native table state; it makes no claim about an external index overlay.
extended_crucible_contract engine=aerostore case=multirow_table_snapshot_visibility status=PASS details=Expected a reader spanning a two-row transfer to retain [100,50] in its snapshot, and a new reader to observe [90,60]. Observed old_reader=[Some(100),Some(50)], writer_committed=true, new_reader=[Some(90), Some(60)], new_reader_committed=true. Both views must conserve total=150.
extended_crucible_contract engine=aerostore case=concrete_read_dependency_write_skew status=PASS details=Expected one serialization rejection when overlapping transactions read both active records and each deactivates a different record. Observed committed=1, rejected=1, remaining_active=1, final_rows=[(0, 0), (1, 1)]. This contrasts concrete row-read dependencies with the separate empty-candidate probe.
extended_crucible_replay engine=aerostore status=PASS messages=245760 committed=237568 retries=75918 messages_per_second=19639.98 p99_us=2294.09 error=None
extended_crucible_result mode=all status=PASS report=/home/zpconn/code/aerostore/docs/bench_data/verified_engine_2026-09-23/campaign/extended_64f_128c_8w/pair-01-candidate/extended.json
