note: verifying root module (selected functions)

note: while loop: not all errors may have been reported; rerun with a higher value for --multiple-errors to find other potential errors in this function
  --> /home/zpconn/code/aerostore/target/verification-planning/final/predicate-capture/capture_wrong_stamp.rs:98:5
   |
98 |     while bucket_pos < buckets.len()
   |     ^^^^^^^^^^^^^^^^^^^^^^^^^^^^^^^^

error: invariant not satisfied at end of loop body
   --> /home/zpconn/code/aerostore/target/verification-planning/final/predicate-capture/capture_wrong_stamp.rs:102:13
    |
102 |             permitted_additions(initial_reads, tx.index_reads@, index.offset(), buckets@, index.stamps()),
    |             ^^^^^^^^^^^^^^^^^^^^^^^^^^^^^^^^^^^^^^^^^^^^^^^^^^^^^^^^^^^^^^^^^^^^^^^^^^^^^^^^^^^^^^^^^^^^^

error: invariant not satisfied at end of loop body
   --> /home/zpconn/code/aerostore/target/verification-planning/final/predicate-capture/capture_wrong_stamp.rs:109:13
    |
109 | /             forall|j: int| 0 <= j < bucket_pos ==>
110 | |                 captured(tx.index_reads@, index.offset(), buckets[j], index.stamps()[buckets[j]])
111 | |                     && index.stamps()[buckets[j]] < tx.txid,
    | |___________________________________________________________^

verification results:: 1 verified, 1 errors (partial verification with `--verify-*`)
error: aborting due to 2 previous errors

