note: verifying root module (selected functions)

note: while loop: not all errors may have been reported; rerun with a higher value for --multiple-errors to find other potential errors in this function
   --> /home/zpconn/code/aerostore/target/verification/predicate-phase/final/postings/wrong_rollback_key.rs:223:9
    |
223 |         while ri > 0
    |         ^^^^^^^^^^^^

error: precondition not satisfied
   --> /home/zpconn/code/aerostore/target/verification/predicate-phase/final/postings/wrong_rollback_key.rs:240:23
    |
 87 | ...nding < old(self).state().binding_count, old(self).state().held.contains((binding, *key)),
    |                                             ------------------------------------------------ failed precondition
...
240 | ... = driver . transactional_remove ( previous . binding , previous . before . as_ref ( ) . expect ( "inserted destination" ) , & previous . row_id , ) {
    |       ^^^^^^^^^^^^^^^^^^^^^^^^^^^^^^^^^^^^^^^^^^^^^^^^^^^^^^^^^^^^^^^^^^^^^^^^^^^^^^^^^^^^^^^^^^^^^^^^^^^^^^^^^^^^^^^^^^^^^^^^^^^^^^^^^^^^^^^^^^^^^^^^^

error: precondition not satisfied
   --> /home/zpconn/code/aerostore/target/verification/predicate-phase/final/postings/wrong_rollback_key.rs:240:76
    |
240 | ..._remove ( previous . binding , previous . before . as_ref ( ) . expect ( "inserted destination" ) , & previous . row_id , ) {
    |                                   ^^^^^^^^^^^^^^^^^^^^^^^^^^^^^^^^^^^^^^^^^^^^^^^^^^^^^^^^^^^^^^^^^^
    |
   --> std_specs/option.rs:195:8
    |
    = note: failed precondition

verification results:: 1 verified, 1 errors (partial verification with `--verify-*`)
error: aborting due to 2 previous errors

