   Compiling proc-macro2 v1.0.106
   Compiling unicode-ident v1.0.24
   Compiling quote v1.0.44
   Compiling syn v1.0.109
   Compiling serde_core v1.0.228
   Compiling serde v1.0.228
   Compiling libc v0.2.182
   Compiling cfg-if v1.0.4
   Compiling equivalent v1.0.2
   Compiling hashbrown v0.16.1
   Compiling winnow v0.5.40
   Compiling crossbeam-utils v0.8.21
   Compiling glob v0.3.3
   Compiling getrandom v0.4.1
   Compiling autocfg v1.5.0
   Compiling same-file v1.0.6
   Compiling rustix v0.38.44
   Compiling linux-raw-sys v0.4.15
   Compiling minimal-lexical v0.2.1
   Compiling bitflags v2.11.0
   Compiling regex-syntax v0.8.10
   Compiling memchr v2.8.0
   Compiling libloading v0.8.9
   Compiling anyhow v1.0.102
   Compiling home v0.5.12
   Compiling version_check v0.9.5
   Compiling walkdir v2.5.0
   Compiling either v1.15.0
   Compiling bindgen v0.64.0
   Compiling hashbrown v0.12.3
   Compiling bytecheck v0.6.12
   Compiling log v0.4.29
   Compiling once_cell v1.21.3
   Compiling lazy_static v1.5.0
   Compiling shlex v1.3.0
   Compiling lazycell v1.3.0
   Compiling ahash v0.7.8
   Compiling peeking_take_while v0.1.2
   Compiling bitflags v1.3.2
   Compiling rustc-hash v1.1.0
   Compiling clang-sys v1.8.1
   Compiling rend v0.4.2
   Compiling pkg-config v0.3.32
   Compiling indexmap v1.9.3
   Compiling simdutf8 v0.1.5
   Compiling rkyv v0.7.46
   Compiling rustix v1.1.4
   Compiling nom v7.1.3
   Compiling indexmap v2.13.0
   Compiling pin-project-lite v0.2.16
   Compiling bytes v1.11.1
   Compiling linux-raw-sys v0.12.1
   Compiling crossbeam-epoch v0.9.18
   Compiling crossbeam-queue v0.3.12
   Compiling crossbeam-channel v0.5.15
   Compiling seahash v4.1.0
   Compiling mutf8 v0.2.0
   Compiling syn v2.0.117
   Compiling crossbeam-deque v0.8.6
   Compiling crossbeam-skiplist v0.1.3
   Compiling tuplex v0.1.2
   Compiling ryu v1.0.23
   Compiling fastrand v2.3.0
   Compiling itoa v1.0.17
   Compiling getrandom v0.2.17
   Compiling crossbeam v0.8.4
   Compiling uuid v1.21.0
   Compiling regex-automata v0.4.14
   Compiling which v4.4.2
   Compiling cexpr v0.6.0
   Compiling tempfile v3.26.0
   Compiling serde_spanned v0.6.9
   Compiling toml_datetime v0.6.11
   Compiling toml_edit v0.19.15
   Compiling regex v1.12.3
   Compiling bind_syn v0.1.0
   Compiling ptr_meta_derive v0.1.4
   Compiling bytecheck_derive v0.6.12
   Compiling enumx_derive v0.4.2
   Compiling rkyv_derive v0.7.46
   Compiling cex_derive v0.5.2
   Compiling serde_derive v1.0.228
   Compiling tokio-macros v2.6.0
   Compiling tcl_derive v0.1.5
   Compiling aerostore_macros v0.1.0 (/home/zpconn/code/aerostore/aerostore_macros)
   Compiling toml v0.7.8
   Compiling ptr_meta v0.1.4
   Compiling inwelling v0.5.5
   Compiling tokio v1.49.0
   Compiling tcl v0.1.8
   Compiling enumx v0.4.3
   Compiling cex v0.5.2
   Compiling bincode v1.3.3
   Compiling clib v0.2.4
   Compiling aerostore_core v0.1.0 (/home/zpconn/code/aerostore/aerostore_core)
   Compiling aerostore_tcl v0.1.0 (/home/zpconn/code/aerostore/aerostore_tcl)
    Finished `release` profile [optimized] target(s) in 16.96s
     Running unittests src/lib.rs (target/verification-next/tcl-tests/release/deps/aerostore_tcl-1d4537ea47c71201)

running 18 tests
test tests::append_stapi_option_wraps_values_in_braces ... ok
test tests::fixed_ascii_round_trip_and_overflow_rejection ... ok
test tests::format_decode_error_includes_line_column_and_message ... ok
test tests::decode_fixed_ascii_stops_at_first_nul ... ok
test tests::flight_state_delta_codec_round_trips_changed_fields ... ok
test tests::publication_failure_after_wal_acceptance_is_never_a_serialization_retry ... ok
test tests::resolve_scan_mode_honors_chunked_configuration ... ok
test tests::resolve_scan_mode_invalid_chunk_rows_falls_back_to_defaults ... ok
test tests::scale_coord_rounds_to_microdegrees ... ok
test tests::resolve_shm_path_honors_environment_override ... ok
test tests::native_commit_updates_only_changed_indexes ... ok
test tests::native_delete_then_reinsert_restores_full_index_state ... ok
test vacuum_index_cleanup_tests::savepoint_and_abort_do_not_publish_rolled_back_index_keys ... ok
test tests::wal_rejection_preserves_rows_and_indexes_and_is_not_automatically_retryable ... ok
test vacuum_index_cleanup_tests::vacuum_after_delete_never_recreates_or_removes_another_live_posting ... ok
test vacuum_index_cleanup_tests::warm_attachment_rebinds_all_six_indexes_before_writing ... ok
test vacuum_index_cleanup_tests::vacuum_keeps_current_postings_when_key_returns_to_reclaimed_value ... ok
test tests::warm_table_committer_resumes_its_bound_stream ... ok

test result: ok. 18 passed; 0 failed; 0 ignored; 0 measured; 0 filtered out; finished in 0.02s

     Running tests/config_checkpoint_integration.rs (target/verification-next/tcl-tests/release/deps/config_checkpoint_integration-26741ad5e9389fd0)

running 4 tests
    Blocking    Blocking waiting for file lock on package cache
 waiting for file lock on package cache
    Blocking waiting for file lock on package cache
    Blocking waiting for file lock on package cache
    Blocking waiting for file lock on package cache
    Blocking waiting for file lock on package cache
    Blocking waiting for file lock on package cache
    Blocking waiting for file lock on package cache
    Blocking waiting for file lock on package cache
    Blocking waiting for file lock on package cache
    Blocking waiting for file lock on package cache
    Blocking waiting for file lock on package cache
    Blocking waiting for file lock on package cache
    Blocking waiting for file lock on package cache
   Compiling once_cell v1.21.3
    Blocking    Blocking waiting for file lock on artifact directory
 waiting for file lock on artifact directory
    Blocking waiting for file lock on artifact directory
   Compiling ahash v0.7.8
   Compiling hashbrown v0.12.3
   Compiling rkyv v0.7.46
   Compiling aerostore_core v0.1.0 (/home/zpconn/code/aerostore/aerostore_core)
   Compiling aerostore_tcl v0.1.0 (/home/zpconn/code/aerostore/aerostore_tcl)
    Finished `release` profile [optimized] target(s) in 3.87s
    Finished `release` profile [optimized] target(s) in 3.88s
    Finished `release` profile [optimized] target(s) in 3.88s
    Finished `release` profile [optimized] target(s) in 3.89s
rejected_transition_ok
warm_bound_mode_ok
test bound_mode_transition_is_rejected_without_changing_config_or_rows ... ok
phase1_ok checkpoint rows=32768
phase2_ok
test synchronous_checkpoint_and_wal_recovers_all_rows ... ok
tcl_sync_benchmark mode=on txns=1200 tps=189.90346573824974
tcl_sync_benchmark mode=off txns=1200 tps=40000.0
test benchmark_tcl_synchronous_commit_modes ... ok
periodic_ok before=156 after=0 checkpoint_bytes=2064412
test periodic_checkpointer_creates_checkpoint_and_shrinks_wal ... ok

test result: ok. 4 passed; 0 failed; 0 ignored; 0 measured; 0 filtered out; finished in 18.98s

     Running tests/search_stapi_bridge.rs (target/verification-next/tcl-tests/release/deps/search_stapi_bridge-58748136d2367524)

running 1 test
    Finished `release` profile [optimized] target(s) in 0.05s
bridge_ok
test tcl_search_uses_stapi_path_for_list_and_raw_compare_inputs ... ok

test result: ok. 1 passed; 0 failed; 0 ignored; 0 measured; 0 filtered out; finished in 1.06s

