    Finished `bench` profile [optimized] target(s) in 0.08s
     Running benches/hyperfeed_crucible.rs (target/release/deps/hyperfeed_crucible-ad5d5cc489a334b2)
Gnuplot not found, using plotters backend
hyperfeed_crucible_interval: profile=diagnostic elapsed_secs=5.015 interval_secs=5.015 interval_tps=327829.56 total_ops=1644116 arena_head_bytes=31814088 fresh_bytes=13558216 reclaimed_nodes=1308983 retired_backlog=6427 alloc_failure_events=0 retired_postings=0 reclaimed_postings=0
hyperfeed_crucible_fresh: profile=diagnostic elapsed_secs=5.015 general_bytes=0 row_version_bytes=10477192 skip_node_bytes=2178528 skip_posting_bytes=693168 skip_tower_bytes=209328 spill_bytes=0
hyperfeed_crucible_interval: profile=diagnostic elapsed_secs=10.028 interval_secs=5.013 interval_tps=324219.52 total_ops=3269364 arena_head_bytes=31983888 fresh_bytes=169800 reclaimed_nodes=1306637 retired_backlog=0 alloc_failure_events=0 retired_postings=0 reclaimed_postings=0
hyperfeed_crucible_fresh: profile=diagnostic elapsed_secs=10.028 general_bytes=0 row_version_bytes=54384 skip_node_bytes=81136 skip_posting_bytes=25816 skip_tower_bytes=8464 spill_bytes=0
hyperfeed_crucible_interval: profile=diagnostic elapsed_secs=15.042 interval_secs=5.014 interval_tps=326951.58 total_ops=4908577 arena_head_bytes=32944040 fresh_bytes=960152 reclaimed_nodes=1304098 retired_backlog=7279 alloc_failure_events=0 retired_postings=0 reclaimed_postings=0
hyperfeed_crucible_fresh: profile=diagnostic elapsed_secs=15.042 general_bytes=0 row_version_bytes=959992 skip_node_bytes=0 skip_posting_bytes=0 skip_tower_bytes=160 spill_bytes=0
hyperfeed_crucible_interval: profile=diagnostic elapsed_secs=20.054 interval_secs=5.012 interval_tps=317167.56 total_ops=6498348 arena_head_bytes=33025968 fresh_bytes=81928 reclaimed_nodes=1272680 retired_backlog=6428 alloc_failure_events=0 retired_postings=0 reclaimed_postings=0
hyperfeed_crucible_fresh: profile=diagnostic elapsed_secs=20.054 general_bytes=0 row_version_bytes=81576 skip_node_bytes=0 skip_posting_bytes=0 skip_tower_bytes=352 spill_bytes=0
hyperfeed_crucible_interval: profile=diagnostic elapsed_secs=25.063 interval_secs=5.009 interval_tps=320944.69 total_ops=8106001 arena_head_bytes=33025968 fresh_bytes=0 reclaimed_nodes=1287731 retired_backlog=4815 alloc_failure_events=0 retired_postings=0 reclaimed_postings=0
hyperfeed_crucible_fresh: profile=diagnostic elapsed_secs=25.063 general_bytes=0 row_version_bytes=0 skip_node_bytes=0 skip_posting_bytes=0 skip_tower_bytes=0 spill_bytes=0
hyperfeed_crucible_interval: profile=diagnostic elapsed_secs=30.081 interval_secs=5.018 interval_tps=320834.19 total_ops=9716059 arena_head_bytes=33164848 fresh_bytes=138880 reclaimed_nodes=1285753 retired_backlog=7086 alloc_failure_events=0 retired_postings=0 reclaimed_postings=0
hyperfeed_crucible_fresh: profile=diagnostic elapsed_secs=30.081 general_bytes=0 row_version_bytes=130152 skip_node_bytes=6160 skip_posting_bytes=1960 skip_tower_bytes=608 spill_bytes=0
hyperfeed_crucible_interval: profile=diagnostic elapsed_secs=35.097 interval_secs=5.015 interval_tps=317731.96 total_ops=11309543 arena_head_bytes=33322016 fresh_bytes=157168 reclaimed_nodes=1276823 retired_backlog=5052 alloc_failure_events=0 retired_postings=0 reclaimed_postings=0
hyperfeed_crucible_fresh: profile=diagnostic elapsed_secs=35.097 general_bytes=0 row_version_bytes=157168 skip_node_bytes=0 skip_posting_bytes=0 skip_tower_bytes=0 spill_bytes=0
hyperfeed_crucible_interval: profile=diagnostic elapsed_secs=40.110 interval_secs=5.013 interval_tps=322990.65 total_ops=12928668 arena_head_bytes=33473032 fresh_bytes=151016 reclaimed_nodes=1294651 retired_backlog=5704 alloc_failure_events=0 retired_postings=0 reclaimed_postings=0
hyperfeed_crucible_fresh: profile=diagnostic elapsed_secs=40.110 general_bytes=0 row_version_bytes=88 skip_node_bytes=107184 skip_posting_bytes=34104 skip_tower_bytes=9640 spill_bytes=0
hyperfeed_crucible_interval: profile=diagnostic elapsed_secs=45.123 interval_secs=5.013 interval_tps=317397.59 total_ops=14519902 arena_head_bytes=33536392 fresh_bytes=63360 reclaimed_nodes=1274240 retired_backlog=4462 alloc_failure_events=0 retired_postings=0 reclaimed_postings=0
hyperfeed_crucible_fresh: profile=diagnostic elapsed_secs=45.123 general_bytes=0 row_version_bytes=63360 skip_node_bytes=0 skip_posting_bytes=0 skip_tower_bytes=0 spill_bytes=0
hyperfeed_crucible_interval: profile=diagnostic elapsed_secs=50.136 interval_secs=5.013 interval_tps=298971.32 total_ops=16018792 arena_head_bytes=33621048 fresh_bytes=84656 reclaimed_nodes=1196414 retired_backlog=7150 alloc_failure_events=0 retired_postings=0 reclaimed_postings=0
hyperfeed_crucible_fresh: profile=diagnostic elapsed_secs=50.136 general_bytes=0 row_version_bytes=84656 skip_node_bytes=0 skip_posting_bytes=0 skip_tower_bytes=0 spill_bytes=0
hyperfeed_crucible_interval: profile=diagnostic elapsed_secs=55.153 interval_secs=5.017 interval_tps=299474.66 total_ops=17521221 arena_head_bytes=33910744 fresh_bytes=289696 reclaimed_nodes=1207883 retired_backlog=1211 alloc_failure_events=0 retired_postings=0 reclaimed_postings=0
hyperfeed_crucible_fresh: profile=diagnostic elapsed_secs=55.153 general_bytes=0 row_version_bytes=289696 skip_node_bytes=0 skip_posting_bytes=0 skip_tower_bytes=0 spill_bytes=0
hyperfeed_crucible_interval: profile=diagnostic elapsed_secs=60.165 interval_secs=5.011 interval_tps=288297.76 total_ops=18965986 arena_head_bytes=34598024 fresh_bytes=687280 reclaimed_nodes=1150351 retired_backlog=6686 alloc_failure_events=0 retired_postings=0 reclaimed_postings=0
hyperfeed_crucible_fresh: profile=diagnostic elapsed_secs=60.165 general_bytes=0 row_version_bytes=687280 skip_node_bytes=0 skip_posting_bytes=0 skip_tower_bytes=0 spill_bytes=0
hyperfeed_crucible_interval: profile=diagnostic elapsed_secs=65.182 interval_secs=5.017 interval_tps=283521.75 total_ops=20388518 arena_head_bytes=34615448 fresh_bytes=17424 reclaimed_nodes=1140859 retired_backlog=3836 alloc_failure_events=0 retired_postings=0 reclaimed_postings=0
hyperfeed_crucible_fresh: profile=diagnostic elapsed_secs=65.182 general_bytes=0 row_version_bytes=17424 skip_node_bytes=0 skip_posting_bytes=0 skip_tower_bytes=0 spill_bytes=0
hyperfeed_crucible_interval: profile=diagnostic elapsed_secs=70.197 interval_secs=5.015 interval_tps=318631.03 total_ops=21986397 arena_head_bytes=34615448 fresh_bytes=0 reclaimed_nodes=1279305 retired_backlog=2834 alloc_failure_events=0 retired_postings=0 reclaimed_postings=0
hyperfeed_crucible_fresh: profile=diagnostic elapsed_secs=70.197 general_bytes=0 row_version_bytes=0 skip_node_bytes=0 skip_posting_bytes=0 skip_tower_bytes=0 spill_bytes=0
hyperfeed_crucible_interval: profile=diagnostic elapsed_secs=75.211 interval_secs=5.014 interval_tps=315599.70 total_ops=23568953 arena_head_bytes=34616328 fresh_bytes=880 reclaimed_nodes=1265418 retired_backlog=3488 alloc_failure_events=0 retired_postings=0 reclaimed_postings=0
hyperfeed_crucible_fresh: profile=diagnostic elapsed_secs=75.211 general_bytes=0 row_version_bytes=0 skip_node_bytes=0 skip_posting_bytes=0 skip_tower_bytes=880 spill_bytes=0
hyperfeed_crucible_interval: profile=diagnostic elapsed_secs=80.226 interval_secs=5.015 interval_tps=320183.31 total_ops=25174517 arena_head_bytes=34616328 fresh_bytes=0 reclaimed_nodes=1285727 retired_backlog=2204 alloc_failure_events=0 retired_postings=0 reclaimed_postings=0
hyperfeed_crucible_fresh: profile=diagnostic elapsed_secs=80.226 general_bytes=0 row_version_bytes=0 skip_node_bytes=0 skip_posting_bytes=0 skip_tower_bytes=0 spill_bytes=0
hyperfeed_crucible_interval: profile=diagnostic elapsed_secs=85.251 interval_secs=5.025 interval_tps=316351.86 total_ops=26764214 arena_head_bytes=34620024 fresh_bytes=3696 reclaimed_nodes=1270365 retired_backlog=3575 alloc_failure_events=0 retired_postings=0 reclaimed_postings=0
hyperfeed_crucible_fresh: profile=diagnostic elapsed_secs=85.251 general_bytes=0 row_version_bytes=3696 skip_node_bytes=0 skip_posting_bytes=0 skip_tower_bytes=0 spill_bytes=0
hyperfeed_crucible_interval: profile=diagnostic elapsed_secs=90.270 interval_secs=5.019 interval_tps=315340.19 total_ops=28346981 arena_head_bytes=34620200 fresh_bytes=176 reclaimed_nodes=1269250 retired_backlog=535 alloc_failure_events=0 retired_postings=0 reclaimed_postings=0
hyperfeed_crucible_fresh: profile=diagnostic elapsed_secs=90.270 general_bytes=0 row_version_bytes=176 skip_node_bytes=0 skip_posting_bytes=0 skip_tower_bytes=0 spill_bytes=0
hyperfeed_crucible_interval: profile=diagnostic elapsed_secs=95.287 interval_secs=5.017 interval_tps=314552.83 total_ops=29925182 arena_head_bytes=34620200 fresh_bytes=0 reclaimed_nodes=1261629 retired_backlog=1502 alloc_failure_events=0 retired_postings=0 reclaimed_postings=0
hyperfeed_crucible_fresh: profile=diagnostic elapsed_secs=95.287 general_bytes=0 row_version_bytes=0 skip_node_bytes=0 skip_posting_bytes=0 skip_tower_bytes=0 spill_bytes=0
hyperfeed_crucible_interval: profile=diagnostic elapsed_secs=100.301 interval_secs=5.014 interval_tps=321735.00 total_ops=31538301 arena_head_bytes=34620640 fresh_bytes=440 reclaimed_nodes=1284306 retired_backlog=7660 alloc_failure_events=0 retired_postings=0 reclaimed_postings=0
hyperfeed_crucible_fresh: profile=diagnostic elapsed_secs=100.301 general_bytes=0 row_version_bytes=440 skip_node_bytes=0 skip_posting_bytes=0 skip_tower_bytes=0 spill_bytes=0
hyperfeed_crucible_interval: profile=diagnostic elapsed_secs=105.315 interval_secs=5.014 interval_tps=315380.57 total_ops=33119689 arena_head_bytes=34621080 fresh_bytes=440 reclaimed_nodes=1263887 retired_backlog=8874 alloc_failure_events=0 retired_postings=0 reclaimed_postings=0
hyperfeed_crucible_fresh: profile=diagnostic elapsed_secs=105.315 general_bytes=0 row_version_bytes=440 skip_node_bytes=0 skip_posting_bytes=0 skip_tower_bytes=0 spill_bytes=0
hyperfeed_crucible_interval: profile=diagnostic elapsed_secs=110.328 interval_secs=5.013 interval_tps=320848.82 total_ops=34728081 arena_head_bytes=34624600 fresh_bytes=3520 reclaimed_nodes=1285491 retired_backlog=10067 alloc_failure_events=0 retired_postings=0 reclaimed_postings=0
hyperfeed_crucible_fresh: profile=diagnostic elapsed_secs=110.328 general_bytes=0 row_version_bytes=3520 skip_node_bytes=0 skip_posting_bytes=0 skip_tower_bytes=0 spill_bytes=0
hyperfeed_crucible_interval: profile=diagnostic elapsed_secs=115.329 interval_secs=5.000 interval_tps=313895.73 total_ops=36297609 arena_head_bytes=34625568 fresh_bytes=968 reclaimed_nodes=1262702 retired_backlog=2986 alloc_failure_events=0 retired_postings=0 reclaimed_postings=0
hyperfeed_crucible_fresh: profile=diagnostic elapsed_secs=115.329 general_bytes=0 row_version_bytes=968 skip_node_bytes=0 skip_posting_bytes=0 skip_tower_bytes=0 spill_bytes=0
hyperfeed_crucible_interval: profile=diagnostic elapsed_secs=120.110 interval_secs=4.781 interval_tps=305120.99 total_ops=37756498 arena_head_bytes=34625568 fresh_bytes=0 reclaimed_nodes=1170175 retired_backlog=0 alloc_failure_events=0 retired_postings=0 reclaimed_postings=0
hyperfeed_crucible_fresh: profile=diagnostic elapsed_secs=120.110 general_bytes=0 row_version_bytes=0 skip_node_bytes=0 skip_posting_bytes=0 skip_tower_bytes=0 spill_bytes=0
hyperfeed_crucible_correctness: profile=diagnostic table_rows=50000 index_postings=50000 exact_match=true
hyperfeed_crucible_stability: profile=diagnostic tail_fresh_bytes=27544 fresh_growth_budget_bytes=18255872 early_interval_tps=315234.25 late_interval_tps=313430.15 retained_tps=0.9943 arena_head_bytes=34625568
hyperfeed_crucible_gc_drain: profile=diagnostic retired_backlog=0 gc_recycle_errors=0 retired_postings=0 reclaimed_postings=0
hyperfeed_crucible_allocation_class: profile=diagnostic class=nodes allocated=63484 reachable=50001 retired=0 reusable=13483
hyperfeed_crucible_allocation_class: profile=diagnostic class=postings allocated=63483 reachable=50000 retired=0 reusable=13483
hyperfeed_crucible_allocation_class: profile=diagnostic class=towers allocated=63512 reachable=50001 retired=0 reusable=13511
hyperfeed_crucible_allocation_class: profile=diagnostic class=tower_lanes allocated=128722 reachable=100271 retired=0 reusable=28451
hyperfeed_crucible_allocation_audit: profile=diagnostic status=pass
hyperfeed_crucible_retry: profile=diagnostic max_insert_attempts=1 pressure_state=0 retry_alloc=0 gc_recycle_errors=0
hyperfeed_crucible_config: profile=diagnostic mode=aerostore_only aerostore_shm_bytes=134217728 workers=16
| Engine | TPS | Total Ops | p50 (us) | p90 (us) | p99 (us) | Upserts | Scans | Hot Upserts | Conflicts | Index Remove Fail | Index Insert Fail |
| aerostore | 314615.04 | 37756498 | 8.19 | 32.77 | 131.07 | 30205358 | 7551140 | 1510274 | 355215 | 0 | 0 |
hyperfeed_crucible_engine_timing: profile=diagnostic aerostore_elapsed_secs=120.009 operation_failures=0
hyperfeed_crucible_reclaim: profile=diagnostic vacuum_reclaimed_rows=30205358 index_retired_nodes=30205358 index_reclaimed_nodes=30205358 free_list_pushes=0 free_list_pops=0
hyperfeed_crucible_occ: profile=diagnostic alloc_fresh=147866 reused=30412707
