note: verifying root module (selected functions)

note: function body check: not all errors may have been reported; rerun with a higher value for --multiple-errors to find other potential errors in this function
    --> /home/zpconn/code/aerostore/target/verification-storage/final-fixed/row-retention/attempt_reclaim_head.rs:1627:1
     |
1627 | / pub fn vacuum_row_acquired<D:Vacuum>(driver:&mut D,row_id:usize,global_xmin:u64,Ghost(tx):Ghost<Snapshot>)
1628 | |     -> (result:Result<Vec<Reclaimed>,Error>)
     | |___________________________________________^

error: invariant not satisfied before loop
    --> /home/zpconn/code/aerostore/target/verification-storage/final-fixed/row-retention/attempt_reclaim_head.rs:1671:868
     |
1671 | ... contains ( prev_offset ) , driver . state ( ) . image . rows [ prev_offset ] . next == curr_offset , reachable ( driver . stat...
     |                                ^^^^^^^^^^^^^^^^^^^^^^^^^^^^^^^^^^^^^^^^^^^^^^^^^^^^^^^^^^^^^^^^^^^^^^^

error: invariant not satisfied before loop
    --> /home/zpconn/code/aerostore/target/verification-storage/final-fixed/row-retention/attempt_reclaim_head.rs:1671:1074
     |
1671 | ...image , curr_offset ) ) , kept . disjoint ( reachable ( driver . state ( ) . image , curr_offset ) ) , kept . contains ( prev_o...
     |                              ^^^^^^^^^^^^^^^^^^^^^^^^^^^^^^^^^^^^^^^^^^^^^^^^^^^^^^^^^^^^^^^^^^^^^^^^^^

note: recommendation not met
    --> /home/zpconn/code/aerostore/target/verification-storage/final-fixed/row-retention/attempt_reclaim_head.rs:1671:1297
     |
1671 | ... ( p ) && p != head_offset ==> ! eligible ( driver . state ( ) . image . rows [ p ] , global_xmin ) , reachable ( driver . stat...
     |                                                ^^^^^^^^^^^^^^^^^^^^^^^^^^^^^^^^^^^^^^^
     |
    --> map.rs:87:12
     |
     = note: recommendation not met

note: recommendation not met
    --> /home/zpconn/code/aerostore/target/verification-storage/final-fixed/row-retention/attempt_reclaim_head.rs:1671:1681
     |
1671 | ...ontains ( p ) ==> p != head_offset && eligible ( initial . image . rows [ p ] , global_xmin ) , reclaimed . len ( ) == removed ...
     |                                                     ^^^^^^^^^^^^^^^^^^^^^^^^^^^^
     |
    --> map.rs:87:12
     |
     = note: recommendation not met

note: recommendation not met
    --> /home/zpconn/code/aerostore/target/verification-storage/final-fixed/row-retention/attempt_reclaim_head.rs:1771:97
     |
1771 | ...   <==> reachable(initial.image,head_offset).contains(p) && p!=head_offset && eligible(initial.image.rows[p],global_xmin) by {
     |                                                                                           ^^^^^^^^^^^^^^^^^^^^^
     |
    --> map.rs:87:12
     |
     = note: recommendation not met

note: recommendation not met
    --> /home/zpconn/code/aerostore/target/verification-storage/final-fixed/row-retention/attempt_reclaim_head.rs:1772:95
     |
1772 |             if reachable(initial.image,head_offset).contains(p) && p!=head_offset && eligible(initial.image.rows[p],global_xmin)
     |                                                                                               ^^^^^^^^^^^^^^^^^^^^^
     |
    --> map.rs:87:12
     |
     = note: recommendation not met

verification results:: 1 verified, 1 errors (partial verification with `--verify-*`)
error: aborting due to 2 previous errors

