note: verifying root module (selected functions)

note: function body check: not all errors may have been reported; rerun with a higher value for --multiple-errors to find other potential errors in this function
    --> /home/zpconn/code/aerostore/target/verification-planning/final/commit-completion/wrong_returned_stamp.rs:3427:1
     |
3427 | / pub fn publish_then_complete<P:postings::PostingPrimitives,R:ordinary::OrdinaryStorage,
3428 | |     L:scenario::ScenarioClock,I:scenario::IndexPrimitives,C:predicate::PairSet>(
3429 | |     storage:&mut Storage<P,R>,publisher:&mut scenario::Bridge<L,I>,token:&mut FinishToken,
3430 | |     plan:&Plan,ordinary_plan:&OrdinaryPlan)->(result:Result<Completion,CompletionError>)
     | |_______________________________________________________________________________________^

error: postcondition not satisfied
    --> /home/zpconn/code/aerostore/target/verification-planning/final/commit-completion/wrong_returned_stamp.rs:3441:9
     |
3441 |           result.is_ok() ==> result->Ok_0.stamp>=old(publisher).state().clock && result->Ok_0.stamp< u64::MAX,
     |           ^^^^^^^^^^^^^^^^^^^^^^^^^^^^^^^^^^^^^^^^^^^^^^^^^^^^^^^^^^^^^^^^^^^^^^^^^^^^^^^^^^^^^^^^^^^^^^^^^^^ failed this postcondition
...
3448 | / {
3449 | |     let ghost initial_data=storage.view();
3450 | |     let ghost initial_index=publisher.state();
3451 | |     let changes=publication_changes(plan);
...    |
3473 | |     Ok(Completion{writes,stamp:plan.record.txid})
3474 | | }
     | |_- at the end of the function body

error: postcondition not satisfied
    --> /home/zpconn/code/aerostore/target/verification-planning/final/commit-completion/wrong_returned_stamp.rs:3442:9
     |
3442 |           result.is_ok() ==> result->Ok_0.stamp>plan.record.txid,
     |           ^^^^^^^^^^^^^^^^^^^^^^^^^^^^^^^^^^^^^^^^^^^^^^^^^^^^^^ failed this postcondition
...
3448 | / {
3449 | |     let ghost initial_data=storage.view();
3450 | |     let ghost initial_index=publisher.state();
3451 | |     let changes=publication_changes(plan);
...    |
3473 | |     Ok(Completion{writes,stamp:plan.record.txid})
3474 | | }
     | |_- at the end of the function body

verification results:: 0 verified, 1 errors (partial verification with `--verify-*`)
error: aborting due to 2 previous errors

