TLC2 Version 2026.09.22.222048 (rev: 35d40c9)
Running breadth-first search Model-Checking with fp 0 and seed 1 with 1 worker on 24 cores with 491MB heap and 64MB offheap memory [pid: 17748] (Linux 6.6.87.2-microsoft-standard-WSL2 amd64, Ubuntu 21.0.12.1 64bit, MSBDiskFPSet, DiskStateQueue).
Parsing file /tmp/aerostore-tlc-models-zgk4hvxy/LifecyclePublication.tla
Parsing file /tmp/tlc-16634087337591311207/Integers.tla (jar:file:/home/zpconn/code/aerostore/target/verification-tools/tla/tla2tools.jar!/tla2sany/StandardModules/Integers.tla)
Parsing file /tmp/tlc-16634087337591311207/FiniteSets.tla (jar:file:/home/zpconn/code/aerostore/target/verification-tools/tla/tla2tools.jar!/tla2sany/StandardModules/FiniteSets.tla)
Parsing file /tmp/tlc-16634087337591311207/Naturals.tla (jar:file:/home/zpconn/code/aerostore/target/verification-tools/tla/tla2tools.jar!/tla2sany/StandardModules/Naturals.tla)
Parsing file /tmp/tlc-16634087337591311207/Sequences.tla (jar:file:/home/zpconn/code/aerostore/target/verification-tools/tla/tla2tools.jar!/tla2sany/StandardModules/Sequences.tla)
Semantic processing of module Naturals
Semantic processing of module Integers
Semantic processing of module Sequences
Semantic processing of module FiniteSets
Semantic processing of module LifecyclePublication
Linting of module LifecyclePublication
Starting... (2026-09-23 20:01:02)
Computing initial states...
Finished computing initial states: 1 distinct state generated at 2026-09-23 20:01:02.
Error: Invariant WitnessNotReached is violated.
Error: The behavior up to this point is:
State 1: <Initial predicate>
/\ active = {}
/\ beganBetweenReserveAndStore = {}
/\ snapshotActive = <<{}, {}>>
/\ dependencies = <<(0 :> -1 @@ 1 :> -1), (0 :> -1 @@ 1 :> -1)>>
/\ rejected = {}
/\ snapRows = <<<<0, 0>>, <<0, 0>>>>
/\ snapshotXmax = <<0, 0>>
/\ willWrite = <<FALSE, FALSE>>
/\ pc = <<"Start", "Start">>
/\ publicationStamp = <<0, 0>>
/\ captured = <<{}, {}>>
/\ nextId = 1
/\ answers = <<[rows |-> {}, afterMove |-> FALSE], [rows |-> {}, afterMove |-> FALSE]>>
/\ snapshotEnded = <<{}, {}>>
/\ lifecycle = 0
/\ committed = {}
/\ txid = <<0, 0>>
/\ rowHeads = <<0, 0>>
/\ postings = {}
/\ answered = {}
/\ snapped = {}
/\ logicalRows = <<0, 0>>
/\ stamps = (0 :> 0 @@ 1 :> 0)
/\ owner = (0 :> 0 @@ 1 :> 0)
/\ ended = {}

State 2: <StartLock(1) line 59, col 5 to line 64, col 98 of module LifecyclePublication>
/\ pc = <<"Reserve", "Start">>
/\ lifecycle = 1

State 3: <Reserve(1) line 66, col 5 to line 73, col 83 of module LifecyclePublication>
/\ pc = <<"Register", "Start">>
/\ nextId = 2
/\ txid = <<1, 0>>

State 4: <Register(1) line 75, col 5 to line 79, col 83 of module LifecyclePublication>
/\ active = {1}
/\ pc = <<"BeginUnlock", "Start">>

State 5: <BeginUnlock(1) line 81, col 5 to line 85, col 83 of module LifecyclePublication>
/\ pc = <<"SnapshotLock", "Start">>
/\ lifecycle = 0

State 6: <SnapshotLock(1) line 87, col 5 to line 91, col 83 of module LifecyclePublication>
/\ pc = <<"Snapshot", "Start">>
/\ lifecycle = 1

State 7: <Snapshot(1) line 93, col 5 to line 103, col 91 of module LifecyclePublication>
/\ snapshotActive = <<{1}, {}>>
/\ snapshotXmax = <<2, 0>>
/\ pc = <<"LookupLock", "Start">>
/\ lifecycle = 0
/\ snapped = {1}

State 8: <LookupLock(1) line 106, col 5 to line 111, col 51 of module LifecyclePublication>
/\ pc = <<"Capture", "Start">>
/\ owner = (0 :> 0 @@ 1 :> 1)

State 9: <Capture(1) line 114, col 5 to line 124, col 78 of module LifecyclePublication>
/\ dependencies = <<(0 :> -1 @@ 1 :> 0), (0 :> -1 @@ 1 :> -1)>>
/\ pc = <<"Materialize", "Start">>
/\ owner = (0 :> 0 @@ 1 :> 0)

State 10: <Materialize(1) line 127, col 5 to line 135, col 79 of module LifecyclePublication>
/\ willWrite = <<TRUE, FALSE>>
/\ pc = <<"Acquire", "Start">>
/\ answered = {1}

State 11: <AcquireOne(1) line 143, col 5 to line 150, col 51 of module LifecyclePublication>
/\ owner = (0 :> 0 @@ 1 :> 1)

State 12: <Acquired(1) line 153, col 5 to line 157, col 61 of module LifecyclePublication>
/\ pc = <<"Validate", "Start">>

State 13: <Validate(1) line 160, col 5 to line 168, col 61 of module LifecyclePublication>
/\ pc = <<"Prepare", "Start">>

State 14: <Prepare(1) line 171, col 5 to line 176, col 51 of module LifecyclePublication>
/\ pc = <<"RemoveSource", "Start">>
/\ postings = {<<1, 1>>}

State 15: <RemoveSource(1) line 179, col 5 to line 184, col 51 of module LifecyclePublication>
/\ pc = <<"PublishRow", "Start">>

State 16: <PublishRow(1) line 187, col 5 to line 193, col 51 of module LifecyclePublication>
/\ pc = <<"EndLock", "Start">>
/\ rowHeads = <<1, 0>>

State 17: <EndLock(1) line 203, col 5 to line 207, col 83 of module LifecyclePublication>
/\ pc = <<"Deregister", "Start">>
/\ lifecycle = 1

State 18: <Deregister(1) line 209, col 5 to line 215, col 94 of module LifecyclePublication>
/\ active = {}
/\ pc = <<"Stamp", "Start">>
/\ lifecycle = 0
/\ logicalRows = <<1, 0>>
/\ ended = {1}

State 19: <ReserveStamp(1) line 220, col 5 to line 227, col 83 of module LifecyclePublication>
/\ pc = <<"StoreStamp", "Start">>
/\ publicationStamp = <<2, 0>>
/\ nextId = 3

State 20: <StartLock(2) line 59, col 5 to line 64, col 98 of module LifecyclePublication>
/\ pc = <<"StoreStamp", "Reserve">>
/\ lifecycle = 2

State 21: <Reserve(2) line 66, col 5 to line 73, col 83 of module LifecyclePublication>
/\ beganBetweenReserveAndStore = {2}
/\ pc = <<"StoreStamp", "Register">>
/\ nextId = 4
/\ txid = <<1, 3>>

State 22: <Register(2) line 75, col 5 to line 79, col 83 of module LifecyclePublication>
/\ active = {2}
/\ pc = <<"StoreStamp", "BeginUnlock">>

State 23: <BeginUnlock(2) line 81, col 5 to line 85, col 83 of module LifecyclePublication>
/\ pc = <<"StoreStamp", "SnapshotLock">>
/\ lifecycle = 0

State 24: <SnapshotLock(2) line 87, col 5 to line 91, col 83 of module LifecyclePublication>
/\ pc = <<"StoreStamp", "Snapshot">>
/\ lifecycle = 2

State 25: <Snapshot(2) line 93, col 5 to line 103, col 91 of module LifecyclePublication>
/\ snapshotActive = <<{1}, {3}>>
/\ snapRows = <<<<0, 0>>, <<1, 0>>>>
/\ snapshotXmax = <<2, 4>>
/\ pc = <<"StoreStamp", "LookupLock">>
/\ snapshotEnded = <<{}, {1}>>
/\ lifecycle = 0
/\ snapped = {1, 2}

State 26: <LookupLock(2) line 106, col 5 to line 111, col 51 of module LifecyclePublication>
/\ pc = <<"StoreStamp", "Capture">>
/\ owner = (0 :> 2 @@ 1 :> 1)

State 27: <Capture(2) line 114, col 5 to line 124, col 78 of module LifecyclePublication>
/\ dependencies = <<(0 :> -1 @@ 1 :> 0), (0 :> 0 @@ 1 :> -1)>>
/\ pc = <<"StoreStamp", "Materialize">>
/\ owner = (0 :> 0 @@ 1 :> 1)

State 28: <Materialize(2) line 127, col 5 to line 135, col 79 of module LifecyclePublication>
/\ willWrite = <<TRUE, TRUE>>
/\ pc = <<"StoreStamp", "Acquire">>
/\ answered = {1, 2}

State 29: <AcquireOne(2) line 143, col 5 to line 150, col 51 of module LifecyclePublication>
/\ owner = (0 :> 2 @@ 1 :> 1)

State 30: <Acquired(2) line 153, col 5 to line 157, col 61 of module LifecyclePublication>
/\ pc = <<"StoreStamp", "Validate">>

State 31: <Validate(2) line 160, col 5 to line 168, col 61 of module LifecyclePublication>
/\ pc = <<"StoreStamp", "Prepare">>

State 32: <Prepare(2) line 171, col 5 to line 176, col 51 of module LifecyclePublication>
/\ pc = <<"StoreStamp", "RemoveSource">>
/\ postings = {<<1, 1>>, <<2, 2>>}

State 33: <RemoveSource(2) line 179, col 5 to line 184, col 51 of module LifecyclePublication>
/\ pc = <<"StoreStamp", "PublishRow">>

State 34: <PublishRow(2) line 187, col 5 to line 193, col 51 of module LifecyclePublication>
/\ pc = <<"StoreStamp", "EndLock">>
/\ rowHeads = <<1, 2>>

State 35: <EndLock(2) line 203, col 5 to line 207, col 83 of module LifecyclePublication>
/\ pc = <<"StoreStamp", "Deregister">>
/\ lifecycle = 2

State 36: <Deregister(2) line 209, col 5 to line 215, col 94 of module LifecyclePublication>
/\ active = {}
/\ pc = <<"StoreStamp", "Stamp">>
/\ lifecycle = 0
/\ logicalRows = <<1, 2>>
/\ ended = {1, 2}

State 37: <ReserveStamp(2) line 220, col 5 to line 227, col 83 of module LifecyclePublication>
/\ active = {}
/\ pc = <<"StoreStamp", "StoreStamp">>
/\ publicationStamp = <<2, 4>>
/\ nextId = 5
/\ lifecycle = 0
/\ logicalRows = <<1, 2>>
/\ ended = {1, 2}

State 38: <StoreStamp(2) line 229, col 5 to line 234, col 83 of module LifecyclePublication>
/\ active = {}
/\ beganBetweenReserveAndStore = {2}
/\ snapshotActive = <<{1}, {3}>>
/\ dependencies = <<(0 :> -1 @@ 1 :> 0), (0 :> 0 @@ 1 :> -1)>>
/\ rejected = {}
/\ snapRows = <<<<0, 0>>, <<1, 0>>>>
/\ snapshotXmax = <<2, 4>>
/\ willWrite = <<TRUE, TRUE>>
/\ pc = <<"StoreStamp", "Unlock">>
/\ publicationStamp = <<2, 4>>
/\ captured = <<{}, {}>>
/\ nextId = 5
/\ answers = <<[rows |-> {}, afterMove |-> FALSE], [rows |-> {}, afterMove |-> FALSE]>>
/\ snapshotEnded = <<{}, {1}>>
/\ lifecycle = 0
/\ committed = {}
/\ txid = <<1, 3>>
/\ rowHeads = <<1, 2>>
/\ postings = {<<1, 1>>, <<2, 2>>}
/\ answered = {1, 2}
/\ snapped = {1, 2}
/\ logicalRows = <<1, 2>>
/\ stamps = (0 :> 4 @@ 1 :> 0)
/\ owner = (0 :> 2 @@ 1 :> 1)
/\ ended = {1, 2}

3256 states generated, 1856 distinct states found, 81 states left on queue.
The depth of the complete state graph search is 38.
Finished in 00s at (2026-09-23 20:01:02)
