note: verifying root module (selected functions)

note: function body check: not all errors may have been reported; rerun with a higher value for --multiple-errors to find other potential errors in this function
    --> /home/zpconn/code/aerostore/target/verification-p1-completion/final/indexed-slice/omit_bucket_context.rs:2320:1
     |
2320 | / pub fn indexed_read_then_validate<D: SlicePrimitives<P>, V: lookup::Storage, P: KeyPredicate, C: lookup::CandidateSet>(
2321 | |     driver: &D, validation_driver: &V, tx: &mut lookup::Transaction, query: &P,
2322 | |     binding: usize, binding_count: usize, offset: usize, bucket: usize,
2323 | |     Tracked(authority): Tracked<&mut ownership::Authority>) -> (result: Result<Outcome, SliceError>)
     | |___________________________________________________________________________________________________^

error: precondition not satisfied
    --> /home/zpconn/code/aerostore/target/verification-p1-completion/final/indexed-slice/omit_bucket_context.rs:2363:13
     |
2210 |             forall|value:usize| p.bucket(value) == self.key_bucket(ownership::lease_key(lease).1, value),
     |             -------------------------------------------------------------------------------------------- failed precondition
...
2363 |             driver.guarded_correspondence(*tx, *query, &guards[0], &*authority);
     |             ^^^^^^^^^^^^^^^^^^^^^^^^^^^^^^^^^^^^^^^^^^^^^^^^^^^^^^^^^^^^^^^^^^^

error: precondition not satisfied
    --> /home/zpconn/code/aerostore/target/verification-p1-completion/final/indexed-slice/omit_bucket_context.rs:2366:27
     |
1712 | /         forall|i: int| 0 <= i < buckets.len() ==>
1713 | |             index.held().contains(buckets[i]) && index.stamps().contains_key(buckets[i]),
     | |________________________________________________________________________________________- failed precondition
...
2366 |           captured_result = capture::capture_dependencies(&index, &mut captured, &buckets);
     |                             ^^^^^^^^^^^^^^^^^^^^^^^^^^^^^^^^^^^^^^^^^^^^^^^^^^^^^^^^^^^^^^

verification results:: 0 verified, 1 errors (partial verification with `--verify-*`)
error: aborting due to 2 previous errors

