note: verifying root module (selected functions)

note: function body check: not all errors may have been reported; rerun with a higher value for --multiple-errors to find other potential errors in this function
   --> /home/zpconn/code/aerostore/target/verification-storage/final-fixed/lifecycle/bypass_slot_ownership.rs:314:1
    |
314 | / pub fn end_transaction<D: LifecyclePrimitives>(driver: &mut D, registration: ProcArrayRegistration)
315 | |     -> (result: Result<(), ProcArrayError>)
    | |__________________________________________^

error: postcondition not satisfied
   --> /home/zpconn/code/aerostore/target/verification-storage/final-fixed/lifecycle/bypass_slot_ownership.rs:322:9
    |
322 | /         result.is_ok() ==> registration.slot_idx < PROCARRAY_SLOTS
323 | |             && old(driver).state().slots[registration.slot_idx as int].txid == registration.txid
324 | |             && final(driver).state().slots == old(driver).state().slots.update(registration.slot_idx as int,
325 | |                 Slot { txid: 0, snapshot_xmin: 0 }),
    | |___________________________________________________^ failed this postcondition
...
353 |   Ok ( ( ) )
    |   ---------- at the end of the function body

error: postcondition not satisfied
   --> /home/zpconn/code/aerostore/target/verification-storage/final-fixed/lifecycle/bypass_slot_ownership.rs:327:9
    |
327 | /         result == if registration.slot_idx >= PROCARRAY_SLOTS {
328 | |             Err(ProcArrayError::InvalidSlot { slot_idx: registration.slot_idx })
329 | |         } else if old(driver).state().slots[registration.slot_idx as int].txid != registration.txid {
330 | |             Err(ProcArrayError::SlotOwnershipMismatch { slot_idx: registration.slot_idx,
331 | |                 expected_txid: registration.txid,
332 | |                 observed_txid: old(driver).state().slots[registration.slot_idx as int].txid })
333 | |         } else { Ok(()) },
    | |_________________________^ failed this postcondition
...
353 |   Ok ( ( ) )
    |   ---------- at the end of the function body

verification results:: 0 verified, 1 errors (partial verification with `--verify-*`)
error: aborting due to 2 previous errors

