note: verifying root module (selected functions)

note: function body check: not all errors may have been reported; rerun with a higher value for --multiple-errors to find other potential errors in this function
   --> /home/zpconn/code/aerostore/target/verification-next/formal-final/concurrent/omit_partial_publication_poison.rs:230:1
    |
230 | / pub fn commit_with_record_impl<T, P: CommitPrimitives<T>, const WRITE_AHEAD: bool, F>(driver: &mut P, tx: &mut OccTransaction<T>,...
231 | |  -> (result: Result<OccCommitRecord<T>, Error>)
    | |______________________________________________^

error: postcondition not satisfied
   --> /home/zpconn/code/aerostore/target/verification-next/formal-final/concurrent/omit_partial_publication_poison.rs:233:10
    |
233 |  ensures safe_release(final(driver).events()),
    |          ^^^^^^^^^^^^^^^^^^^^^^^^^^^^^^^^^^^^ failed this postcondition
...
289 |         return Err ( Error :: Index . into ( ) ) ;
    |         ---------------------------------------- at this exit

error: postcondition not satisfied
   --> /home/zpconn/code/aerostore/target/verification-next/formal-final/concurrent/omit_partial_publication_poison.rs:235:4
    |
235 |    result.is_err() && final(driver).events().rows_published ==> final(driver).events().poisoned,
    |    ^^^^^^^^^^^^^^^^^^^^^^^^^^^^^^^^^^^^^^^^^^^^^^^^^^^^^^^^^^^^^^^^^^^^^^^^^^^^^^^^^^^^^^^^^^^^ failed this postcondition
...
289 |         return Err ( Error :: Index . into ( ) ) ;
    |         ---------------------------------------- at this exit

verification results:: 0 verified, 1 errors (partial verification with `--verify-*`)
error: aborting due to 2 previous errors

