note: verifying root module (selected functions)

note: function body check: not all errors may have been reported; rerun with a higher value for --multiple-errors to find other potential errors in this function
   --> /home/zpconn/code/aerostore/target/verification-next/formal-final/concurrent/skip_write_ahead_callback.rs:230:1
    |
230 | / pub fn commit_with_record_impl<T, P: CommitPrimitives<T>, const WRITE_AHEAD: bool, F>(driver: &mut P, tx: &mut OccTransaction<T>,...
231 | |  -> (result: Result<OccCommitRecord<T>, Error>)
    | |______________________________________________^

error: precondition not satisfied
   --> /home/zpconn/code/aerostore/target/verification-next/formal-final/concurrent/skip_write_ahead_callback.rs:277:1
    |
193 |             old(self).events().write_ahead ==> old(self).events().callback_complete,
    |             ----------------------------------------------------------------------- failed precondition
...
277 | driver . remove_index_sources ( & index_changes ) ? ;
    | ^^^^^^^^^^^^^^^^^^^^^^^^^^^^^^^^^^^^^^^^^^^^^^^^^

error: precondition not satisfied
   --> /home/zpconn/code/aerostore/target/verification-next/formal-final/concurrent/skip_write_ahead_callback.rs:279:24
    |
199 |             old(self).events().record_prepared, old(self).events().callback_complete,
    |                                                 ------------------------------------ failed precondition
...
279 |     Some ( record ) => driver . publish_prepared_write_set ( & record ) . map ( | ( ) | record . writes ) , None => driver . publis...
    |                        ^^^^^^^^^^^^^^^^^^^^^^^^^^^^^^^^^^^^^^^^^^^^^^^^

verification results:: 0 verified, 1 errors (partial verification with `--verify-*`)
error: aborting due to 2 previous errors

