note: verifying root module (selected functions)

note: function body check: not all errors may have been reported; rerun with a higher value for --multiple-errors to find other potential errors in this function
   --> /home/zpconn/code/aerostore/target/verification-next/formal-final/concurrent/skip_wal_binding_check.rs:230:1
    |
230 | / pub fn commit_with_record_impl<T, P: CommitPrimitives<T>, const WRITE_AHEAD: bool, F>(driver: &mut P, tx: &mut OccTransaction<T>,...
231 | |  -> (result: Result<OccCommitRecord<T>, Error>)
    | |______________________________________________^

error: postcondition not satisfied
   --> /home/zpconn/code/aerostore/target/verification-next/formal-final/concurrent/skip_wal_binding_check.rs:234:4
    |
234 |      result.is_ok() ==> completed(final(driver).events()),
    |      ^^^^^^^^^^^^^^^^^^^^^^^^^^^^^^^^^^^^^^^^^^^^^^^^^^^^ failed this postcondition
235 |      result.is_err() && final(driver).events().rows_published ==> final(driver).events().poisoned,
236 | / {
237 | | driver . ensure_open ( tx ) ? ;
238 | | let final_write_indices = driver . final_write_indices ( tx ) ;
239 | | let index_changes = driver . index_changes ( tx , & final_write_indices ) ? ;
...   |
319 | | Ok ( commit_record )
320 | | }
    | |_- at the end of the function body

error: precondition not satisfied
   --> /home/zpconn/code/aerostore/target/verification-next/formal-final/concurrent/skip_wal_binding_check.rs:273:16
    |
135 | /             !old(self).events().write_ahead && old(self).events().has_writes
136 | |                 ==> (old(self).events().unlogged_write_checked && !old(self).events().durably_bound),
    | |____________________________________________________________________________________________________- failed precondition
...
273 |   let inserted = driver . prepare_index_destinations ( & index_changes ) ? ;
    |                  ^^^^^^^^^^^^^^^^^^^^^^^^^^^^^^^^^^^^^^^^^^^^^^^^^^^^^^^

verification results:: 0 verified, 1 errors (partial verification with `--verify-*`)
error: aborting due to 2 previous errors

