==> Running sustained crucible for 120s (Aerostore-only=1)
    Finished `bench` profile [optimized] target(s) in 0.08s
     Running benches/hyperfeed_crucible.rs (target/release/deps/hyperfeed_crucible-ad5d5cc489a334b2)
Gnuplot not found, using plotters backend
hyperfeed_crucible_interval: profile=diagnostic elapsed_secs=5.015 interval_secs=5.015 interval_tps=327829.56 total_ops=1644116 arena_head_bytes=31814088 fresh_bytes=13558216 reclaimed_nodes=1308983 retired_backlog=6427 alloc_failure_events=0 retired_postings=0 reclaimed_postings=0
hyperfeed_crucible_fresh: profile=diagnostic elapsed_secs=5.015 general_bytes=0 row_version_bytes=10477192 skip_node_bytes=2178528 skip_posting_bytes=693168 skip_tower_bytes=209328 spill_bytes=0
hyperfeed_crucible_interval: profile=diagnostic elapsed_secs=10.028 interval_secs=5.013 interval_tps=324219.52 total_ops=3269364 arena_head_bytes=31983888 fresh_bytes=169800 reclaimed_nodes=1306637 retired_backlog=0 alloc_failure_events=0 retired_postings=0 reclaimed_postings=0
hyperfeed_crucible_fresh: profile=diagnostic elapsed_secs=10.028 general_bytes=0 row_version_bytes=54384 skip_node_bytes=81136 skip_posting_bytes=25816 skip_tower_bytes=8464 spill_bytes=0
hyperfeed_crucible_interval: profile=diagnostic elapsed_secs=15.042 interval_secs=5.014 interval_tps=326951.58 total_ops=4908577 arena_head_bytes=32944040 fresh_bytes=960152 reclaimed_nodes=1304098 retired_backlog=7279 alloc_failure_events=0 retired_postings=0 reclaimed_postings=0
hyperfeed_crucible_fresh: profile=diagnostic elapsed_secs=15.042 general_bytes=0 row_version_bytes=959992 skip_node_bytes=0 skip_posting_bytes=0 skip_tower_bytes=160 spill_bytes=0
hyperfeed_crucible_interval: profile=diagnostic elapsed_secs=20.054 interval_secs=5.012 interval_tps=317167.56 total_ops=6498348 arena_head_bytes=33025968 fresh_bytes=81928 reclaimed_nodes=1272680 retired_backlog=6428 alloc_failure_events=0 retired_postings=0 reclaimed_postings=0
hyperfeed_crucible_fresh: profile=diagnostic elapsed_secs=20.054 general_bytes=0 row_version_bytes=81576 skip_node_bytes=0 skip_posting_bytes=0 skip_tower_bytes=352 spill_bytes=0
hyperfeed_crucible_interval: profile=diagnostic elapsed_secs=25.063 interval_secs=5.009 interval_tps=320944.69 total_ops=8106001 arena_head_bytes=33025968 fresh_bytes=0 reclaimed_nodes=1287731 retired_backlog=4815 alloc_failure_events=0 retired_postings=0 reclaimed_postings=0
hyperfeed_crucible_fresh: profile=diagnostic elapsed_secs=25.063 general_bytes=0 row_version_bytes=0 skip_node_bytes=0 skip_posting_bytes=0 skip_tower_bytes=0 spill_bytes=0
hyperfeed_crucible_interval: profile=diagnostic elapsed_secs=30.081 interval_secs=5.018 interval_tps=320834.19 total_ops=9716059 arena_head_bytes=33164848 fresh_bytes=138880 reclaimed_nodes=1285753 retired_backlog=7086 alloc_failure_events=0 retired_postings=0 reclaimed_postings=0
hyperfeed_crucible_fresh: profile=diagnostic elapsed_secs=30.081 general_bytes=0 row_version_bytes=130152 skip_node_bytes=6160 skip_posting_bytes=1960 skip_tower_bytes=608 spill_bytes=0
hyperfeed_crucible_interval: profile=diagnostic elapsed_secs=35.097 interval_secs=5.015 interval_tps=317731.96 total_ops=11309543 arena_head_bytes=33322016 fresh_bytes=157168 reclaimed_nodes=1276823 retired_backlog=5052 alloc_failure_events=0 retired_postings=0 reclaimed_postings=0
hyperfeed_crucible_fresh: profile=diagnostic elapsed_secs=35.097 general_bytes=0 row_version_bytes=157168 skip_node_bytes=0 skip_posting_bytes=0 skip_tower_bytes=0 spill_bytes=0
hyperfeed_crucible_interval: profile=diagnostic elapsed_secs=40.110 interval_secs=5.013 interval_tps=322990.65 total_ops=12928668 arena_head_bytes=33473032 fresh_bytes=151016 reclaimed_nodes=1294651 retired_backlog=5704 alloc_failure_events=0 retired_postings=0 reclaimed_postings=0
hyperfeed_crucible_fresh: profile=diagnostic elapsed_secs=40.110 general_bytes=0 row_version_bytes=88 skip_node_bytes=107184 skip_posting_bytes=34104 skip_tower_bytes=9640 spill_bytes=0
hyperfeed_crucible_interval: profile=diagnostic elapsed_secs=45.123 interval_secs=5.013 interval_tps=317397.59 total_ops=14519902 arena_head_bytes=33536392 fresh_bytes=63360 reclaimed_nodes=1274240 retired_backlog=4462 alloc_failure_events=0 retired_postings=0 reclaimed_postings=0
hyperfeed_crucible_fresh: profile=diagnostic elapsed_secs=45.123 general_bytes=0 row_version_bytes=63360 skip_node_bytes=0 skip_posting_bytes=0 skip_tower_bytes=0 spill_bytes=0
hyperfeed_crucible_interval: profile=diagnostic elapsed_secs=50.136 interval_secs=5.013 interval_tps=298971.32 total_ops=16018792 arena_head_bytes=33621048 fresh_bytes=84656 reclaimed_nodes=1196414 retired_backlog=7150 alloc_failure_events=0 retired_postings=0 reclaimed_postings=0
hyperfeed_crucible_fresh: profile=diagnostic elapsed_secs=50.136 general_bytes=0 row_version_bytes=84656 skip_node_bytes=0 skip_posting_bytes=0 skip_tower_bytes=0 spill_bytes=0
hyperfeed_crucible_interval: profile=diagnostic elapsed_secs=55.153 interval_secs=5.017 interval_tps=299474.66 total_ops=17521221 arena_head_bytes=33910744 fresh_bytes=289696 reclaimed_nodes=1207883 retired_backlog=1211 alloc_failure_events=0 retired_postings=0 reclaimed_postings=0
hyperfeed_crucible_fresh: profile=diagnostic elapsed_secs=55.153 general_bytes=0 row_version_bytes=289696 skip_node_bytes=0 skip_posting_bytes=0 skip_tower_bytes=0 spill_bytes=0
hyperfeed_crucible_interval: profile=diagnostic elapsed_secs=60.165 interval_secs=5.011 interval_tps=288297.76 total_ops=18965986 arena_head_bytes=34598024 fresh_bytes=687280 reclaimed_nodes=1150351 retired_backlog=6686 alloc_failure_events=0 retired_postings=0 reclaimed_postings=0
hyperfeed_crucible_fresh: profile=diagnostic elapsed_secs=60.165 general_bytes=0 row_version_bytes=687280 skip_node_bytes=0 skip_posting_bytes=0 skip_tower_bytes=0 spill_bytes=0
hyperfeed_crucible_interval: profile=diagnostic elapsed_secs=65.182 interval_secs=5.017 interval_tps=283521.75 total_ops=20388518 arena_head_bytes=34615448 fresh_bytes=17424 reclaimed_nodes=1140859 retired_backlog=3836 alloc_failure_events=0 retired_postings=0 reclaimed_postings=0
hyperfeed_crucible_fresh: profile=diagnostic elapsed_secs=65.182 general_bytes=0 row_version_bytes=17424 skip_node_bytes=0 skip_posting_bytes=0 skip_tower_bytes=0 spill_bytes=0
hyperfeed_crucible_interval: profile=diagnostic elapsed_secs=70.197 interval_secs=5.015 interval_tps=318631.03 total_ops=21986397 arena_head_bytes=34615448 fresh_bytes=0 reclaimed_nodes=1279305 retired_backlog=2834 alloc_failure_events=0 retired_postings=0 reclaimed_postings=0
hyperfeed_crucible_fresh: profile=diagnostic elapsed_secs=70.197 general_bytes=0 row_version_bytes=0 skip_node_bytes=0 skip_posting_bytes=0 skip_tower_bytes=0 spill_bytes=0
hyperfeed_crucible_interval: profile=diagnostic elapsed_secs=75.211 interval_secs=5.014 interval_tps=315599.70 total_ops=23568953 arena_head_bytes=34616328 fresh_bytes=880 reclaimed_nodes=1265418 retired_backlog=3488 alloc_failure_events=0 retired_postings=0 reclaimed_postings=0
hyperfeed_crucible_fresh: profile=diagnostic elapsed_secs=75.211 general_bytes=0 row_version_bytes=0 skip_node_bytes=0 skip_posting_bytes=0 skip_tower_bytes=880 spill_bytes=0
hyperfeed_crucible_interval: profile=diagnostic elapsed_secs=80.226 interval_secs=5.015 interval_tps=320183.31 total_ops=25174517 arena_head_bytes=34616328 fresh_bytes=0 reclaimed_nodes=1285727 retired_backlog=2204 alloc_failure_events=0 retired_postings=0 reclaimed_postings=0
hyperfeed_crucible_fresh: profile=diagnostic elapsed_secs=80.226 general_bytes=0 row_version_bytes=0 skip_node_bytes=0 skip_posting_bytes=0 skip_tower_bytes=0 spill_bytes=0
hyperfeed_crucible_interval: profile=diagnostic elapsed_secs=85.251 interval_secs=5.025 interval_tps=316351.86 total_ops=26764214 arena_head_bytes=34620024 fresh_bytes=3696 reclaimed_nodes=1270365 retired_backlog=3575 alloc_failure_events=0 retired_postings=0 reclaimed_postings=0
hyperfeed_crucible_fresh: profile=diagnostic elapsed_secs=85.251 general_bytes=0 row_version_bytes=3696 skip_node_bytes=0 skip_posting_bytes=0 skip_tower_bytes=0 spill_bytes=0
hyperfeed_crucible_interval: profile=diagnostic elapsed_secs=90.270 interval_secs=5.019 interval_tps=315340.19 total_ops=28346981 arena_head_bytes=34620200 fresh_bytes=176 reclaimed_nodes=1269250 retired_backlog=535 alloc_failure_events=0 retired_postings=0 reclaimed_postings=0
hyperfeed_crucible_fresh: profile=diagnostic elapsed_secs=90.270 general_bytes=0 row_version_bytes=176 skip_node_bytes=0 skip_posting_bytes=0 skip_tower_bytes=0 spill_bytes=0
hyperfeed_crucible_interval: profile=diagnostic elapsed_secs=95.287 interval_secs=5.017 interval_tps=314552.83 total_ops=29925182 arena_head_bytes=34620200 fresh_bytes=0 reclaimed_nodes=1261629 retired_backlog=1502 alloc_failure_events=0 retired_postings=0 reclaimed_postings=0
hyperfeed_crucible_fresh: profile=diagnostic elapsed_secs=95.287 general_bytes=0 row_version_bytes=0 skip_node_bytes=0 skip_posting_bytes=0 skip_tower_bytes=0 spill_bytes=0
hyperfeed_crucible_interval: profile=diagnostic elapsed_secs=100.301 interval_secs=5.014 interval_tps=321735.00 total_ops=31538301 arena_head_bytes=34620640 fresh_bytes=440 reclaimed_nodes=1284306 retired_backlog=7660 alloc_failure_events=0 retired_postings=0 reclaimed_postings=0
hyperfeed_crucible_fresh: profile=diagnostic elapsed_secs=100.301 general_bytes=0 row_version_bytes=440 skip_node_bytes=0 skip_posting_bytes=0 skip_tower_bytes=0 spill_bytes=0
hyperfeed_crucible_interval: profile=diagnostic elapsed_secs=105.315 interval_secs=5.014 interval_tps=315380.57 total_ops=33119689 arena_head_bytes=34621080 fresh_bytes=440 reclaimed_nodes=1263887 retired_backlog=8874 alloc_failure_events=0 retired_postings=0 reclaimed_postings=0
hyperfeed_crucible_fresh: profile=diagnostic elapsed_secs=105.315 general_bytes=0 row_version_bytes=440 skip_node_bytes=0 skip_posting_bytes=0 skip_tower_bytes=0 spill_bytes=0
hyperfeed_crucible_interval: profile=diagnostic elapsed_secs=110.328 interval_secs=5.013 interval_tps=320848.82 total_ops=34728081 arena_head_bytes=34624600 fresh_bytes=3520 reclaimed_nodes=1285491 retired_backlog=10067 alloc_failure_events=0 retired_postings=0 reclaimed_postings=0
hyperfeed_crucible_fresh: profile=diagnostic elapsed_secs=110.328 general_bytes=0 row_version_bytes=3520 skip_node_bytes=0 skip_posting_bytes=0 skip_tower_bytes=0 spill_bytes=0
hyperfeed_crucible_interval: profile=diagnostic elapsed_secs=115.329 interval_secs=5.000 interval_tps=313895.73 total_ops=36297609 arena_head_bytes=34625568 fresh_bytes=968 reclaimed_nodes=1262702 retired_backlog=2986 alloc_failure_events=0 retired_postings=0 reclaimed_postings=0
hyperfeed_crucible_fresh: profile=diagnostic elapsed_secs=115.329 general_bytes=0 row_version_bytes=968 skip_node_bytes=0 skip_posting_bytes=0 skip_tower_bytes=0 spill_bytes=0
hyperfeed_crucible_interval: profile=diagnostic elapsed_secs=120.110 interval_secs=4.781 interval_tps=305120.99 total_ops=37756498 arena_head_bytes=34625568 fresh_bytes=0 reclaimed_nodes=1170175 retired_backlog=0 alloc_failure_events=0 retired_postings=0 reclaimed_postings=0
hyperfeed_crucible_fresh: profile=diagnostic elapsed_secs=120.110 general_bytes=0 row_version_bytes=0 skip_node_bytes=0 skip_posting_bytes=0 skip_tower_bytes=0 spill_bytes=0
hyperfeed_crucible_correctness: profile=diagnostic table_rows=50000 index_postings=50000 exact_match=true
hyperfeed_crucible_stability: profile=diagnostic tail_fresh_bytes=27544 fresh_growth_budget_bytes=18255872 early_interval_tps=315234.25 late_interval_tps=313430.15 retained_tps=0.9943 arena_head_bytes=34625568
hyperfeed_crucible_gc_drain: profile=diagnostic retired_backlog=0 gc_recycle_errors=0 retired_postings=0 reclaimed_postings=0
hyperfeed_crucible_allocation_class: profile=diagnostic class=nodes allocated=63484 reachable=50001 retired=0 reusable=13483
hyperfeed_crucible_allocation_class: profile=diagnostic class=postings allocated=63483 reachable=50000 retired=0 reusable=13483
hyperfeed_crucible_allocation_class: profile=diagnostic class=towers allocated=63512 reachable=50001 retired=0 reusable=13511
hyperfeed_crucible_allocation_class: profile=diagnostic class=tower_lanes allocated=128722 reachable=100271 retired=0 reusable=28451
hyperfeed_crucible_allocation_audit: profile=diagnostic status=pass
hyperfeed_crucible_retry: profile=diagnostic max_insert_attempts=1 pressure_state=0 retry_alloc=0 gc_recycle_errors=0
hyperfeed_crucible_config: profile=diagnostic mode=aerostore_only aerostore_shm_bytes=134217728 workers=16
| Engine | TPS | Total Ops | p50 (us) | p90 (us) | p99 (us) | Upserts | Scans | Hot Upserts | Conflicts | Index Remove Fail | Index Insert Fail |
| aerostore | 314615.04 | 37756498 | 8.19 | 32.77 | 131.07 | 30205358 | 7551140 | 1510274 | 355215 | 0 | 0 |
hyperfeed_crucible_engine_timing: profile=diagnostic aerostore_elapsed_secs=120.009 operation_failures=0
hyperfeed_crucible_reclaim: profile=diagnostic vacuum_reclaimed_rows=30205358 index_retired_nodes=30205358 index_reclaimed_nodes=30205358 free_list_pushes=0 free_list_pops=0
hyperfeed_crucible_occ: profile=diagnostic alloc_fresh=147866 reused=30412707
==> Running sustained crucible for 240s (Aerostore-only=1)
    Finished `bench` profile [optimized] target(s) in 0.06s
     Running benches/hyperfeed_crucible.rs (target/release/deps/hyperfeed_crucible-ad5d5cc489a334b2)
Gnuplot not found, using plotters backend
hyperfeed_crucible_interval: profile=diagnostic elapsed_secs=5.016 interval_secs=5.016 interval_tps=316470.07 total_ops=1587316 arena_head_bytes=32500600 fresh_bytes=14244728 reclaimed_nodes=1262948 retired_backlog=7048 alloc_failure_events=0 retired_postings=0 reclaimed_postings=0
hyperfeed_crucible_fresh: profile=diagnostic elapsed_secs=5.016 general_bytes=0 row_version_bytes=11075856 skip_node_bytes=2245584 skip_posting_bytes=714504 skip_tower_bytes=208784 spill_bytes=0
hyperfeed_crucible_interval: profile=diagnostic elapsed_secs=10.029 interval_secs=5.014 interval_tps=315322.01 total_ops=3168235 arena_head_bytes=33468760 fresh_bytes=968160 reclaimed_nodes=1271743 retired_backlog=0 alloc_failure_events=0 retired_postings=0 reclaimed_postings=0
hyperfeed_crucible_fresh: profile=diagnostic elapsed_secs=10.029 general_bytes=0 row_version_bytes=793144 skip_node_bytes=123024 skip_posting_bytes=39144 skip_tower_bytes=12848 spill_bytes=0
hyperfeed_crucible_interval: profile=diagnostic elapsed_secs=15.043 interval_secs=5.014 interval_tps=318535.29 total_ops=4765228 arena_head_bytes=33469624 fresh_bytes=864 reclaimed_nodes=1274382 retired_backlog=3244 alloc_failure_events=0 retired_postings=0 reclaimed_postings=0
hyperfeed_crucible_fresh: profile=diagnostic elapsed_secs=15.043 general_bytes=0 row_version_bytes=704 skip_node_bytes=0 skip_posting_bytes=0 skip_tower_bytes=160 spill_bytes=0
hyperfeed_crucible_interval: profile=diagnostic elapsed_secs=20.056 interval_secs=5.013 interval_tps=320406.94 total_ops=6371494 arena_head_bytes=33478416 fresh_bytes=8792 reclaimed_nodes=1280617 retired_backlog=7625 alloc_failure_events=0 retired_postings=0 reclaimed_postings=0
hyperfeed_crucible_fresh: profile=diagnostic elapsed_secs=20.056 general_bytes=0 row_version_bytes=8624 skip_node_bytes=0 skip_posting_bytes=0 skip_tower_bytes=168 spill_bytes=0
hyperfeed_crucible_interval: profile=diagnostic elapsed_secs=25.061 interval_secs=5.005 interval_tps=312058.06 total_ops=7933414 arena_head_bytes=33496728 fresh_bytes=18312 reclaimed_nodes=1252224 retired_backlog=4960 alloc_failure_events=0 retired_postings=0 reclaimed_postings=0
hyperfeed_crucible_fresh: profile=diagnostic elapsed_secs=25.061 general_bytes=0 row_version_bytes=18128 skip_node_bytes=0 skip_posting_bytes=0 skip_tower_bytes=184 spill_bytes=0
hyperfeed_crucible_interval: profile=diagnostic elapsed_secs=30.080 interval_secs=5.019 interval_tps=312364.32 total_ops=9501043 arena_head_bytes=33498888 fresh_bytes=2160 reclaimed_nodes=1257319 retired_backlog=1731 alloc_failure_events=0 retired_postings=0 reclaimed_postings=0
hyperfeed_crucible_fresh: profile=diagnostic elapsed_secs=30.080 general_bytes=0 row_version_bytes=1936 skip_node_bytes=0 skip_posting_bytes=0 skip_tower_bytes=224 spill_bytes=0
hyperfeed_crucible_interval: profile=diagnostic elapsed_secs=35.096 interval_secs=5.016 interval_tps=309796.15 total_ops=11054953 arena_head_bytes=33509536 fresh_bytes=10648 reclaimed_nodes=1235308 retired_backlog=9543 alloc_failure_events=0 retired_postings=0 reclaimed_postings=0
hyperfeed_crucible_fresh: profile=diagnostic elapsed_secs=35.096 general_bytes=0 row_version_bytes=10648 skip_node_bytes=0 skip_posting_bytes=0 skip_tower_bytes=0 spill_bytes=0
hyperfeed_crucible_interval: profile=diagnostic elapsed_secs=40.109 interval_secs=5.013 interval_tps=315849.65 total_ops=12638433 arena_head_bytes=33545320 fresh_bytes=35784 reclaimed_nodes=1269649 retired_backlog=6671 alloc_failure_events=0 retired_postings=0 reclaimed_postings=0
hyperfeed_crucible_fresh: profile=diagnostic elapsed_secs=40.109 general_bytes=0 row_version_bytes=35288 skip_node_bytes=0 skip_posting_bytes=0 skip_tower_bytes=496 spill_bytes=0
hyperfeed_crucible_interval: profile=diagnostic elapsed_secs=45.122 interval_secs=5.013 interval_tps=313373.61 total_ops=14209380 arena_head_bytes=33561512 fresh_bytes=16192 reclaimed_nodes=1258229 retired_backlog=5203 alloc_failure_events=0 retired_postings=0 reclaimed_postings=0
hyperfeed_crucible_fresh: profile=diagnostic elapsed_secs=45.122 general_bytes=0 row_version_bytes=16192 skip_node_bytes=0 skip_posting_bytes=0 skip_tower_bytes=0 spill_bytes=0
hyperfeed_crucible_interval: profile=diagnostic elapsed_secs=50.137 interval_secs=5.014 interval_tps=318049.10 total_ops=15804212 arena_head_bytes=33763576 fresh_bytes=202064 reclaimed_nodes=1275070 retired_backlog=6014 alloc_failure_events=0 retired_postings=0 reclaimed_postings=0
hyperfeed_crucible_fresh: profile=diagnostic elapsed_secs=50.137 general_bytes=0 row_version_bytes=35816 skip_node_bytes=118272 skip_posting_bytes=37632 skip_tower_bytes=10344 spill_bytes=0
hyperfeed_crucible_interval: profile=diagnostic elapsed_secs=55.161 interval_secs=5.024 interval_tps=312805.52 total_ops=17375892 arena_head_bytes=33777200 fresh_bytes=13624 reclaimed_nodes=1254827 retired_backlog=8516 alloc_failure_events=0 retired_postings=0 reclaimed_postings=0
hyperfeed_crucible_fresh: profile=diagnostic elapsed_secs=55.161 general_bytes=0 row_version_bytes=12144 skip_node_bytes=0 skip_posting_bytes=0 skip_tower_bytes=1480 spill_bytes=0
hyperfeed_crucible_interval: profile=diagnostic elapsed_secs=60.173 interval_secs=5.012 interval_tps=312509.06 total_ops=18942172 arena_head_bytes=33786264 fresh_bytes=9064 reclaimed_nodes=1255399 retired_backlog=6150 alloc_failure_events=0 retired_postings=0 reclaimed_postings=0
hyperfeed_crucible_fresh: profile=diagnostic elapsed_secs=60.173 general_bytes=0 row_version_bytes=9064 skip_node_bytes=0 skip_posting_bytes=0 skip_tower_bytes=0 spill_bytes=0
hyperfeed_crucible_interval: profile=diagnostic elapsed_secs=65.189 interval_secs=5.015 interval_tps=311159.61 total_ops=20502788 arena_head_bytes=33794448 fresh_bytes=8184 reclaimed_nodes=1251532 retired_backlog=3121 alloc_failure_events=0 retired_postings=0 reclaimed_postings=0
hyperfeed_crucible_fresh: profile=diagnostic elapsed_secs=65.189 general_bytes=0 row_version_bytes=8184 skip_node_bytes=0 skip_posting_bytes=0 skip_tower_bytes=0 spill_bytes=0
hyperfeed_crucible_interval: profile=diagnostic elapsed_secs=70.203 interval_secs=5.014 interval_tps=314324.87 total_ops=22078886 arena_head_bytes=33811520 fresh_bytes=17072 reclaimed_nodes=1259794 retired_backlog=4173 alloc_failure_events=0 retired_postings=0 reclaimed_postings=0
hyperfeed_crucible_fresh: profile=diagnostic elapsed_secs=70.203 general_bytes=0 row_version_bytes=17072 skip_node_bytes=0 skip_posting_bytes=0 skip_tower_bytes=0 spill_bytes=0
hyperfeed_crucible_interval: profile=diagnostic elapsed_secs=75.217 interval_secs=5.014 interval_tps=312262.34 total_ops=23644539 arena_head_bytes=33811520 fresh_bytes=0 reclaimed_nodes=1251246 retired_backlog=5478 alloc_failure_events=0 retired_postings=0 reclaimed_postings=0
hyperfeed_crucible_fresh: profile=diagnostic elapsed_secs=75.217 general_bytes=0 row_version_bytes=0 skip_node_bytes=0 skip_posting_bytes=0 skip_tower_bytes=0 spill_bytes=0
hyperfeed_crucible_interval: profile=diagnostic elapsed_secs=80.231 interval_secs=5.014 interval_tps=315937.16 total_ops=25228750 arena_head_bytes=33847160 fresh_bytes=35640 reclaimed_nodes=1268918 retired_backlog=3917 alloc_failure_events=0 retired_postings=0 reclaimed_postings=0
hyperfeed_crucible_fresh: profile=diagnostic elapsed_secs=80.231 general_bytes=0 row_version_bytes=35640 skip_node_bytes=0 skip_posting_bytes=0 skip_tower_bytes=0 spill_bytes=0
hyperfeed_crucible_interval: profile=diagnostic elapsed_secs=85.240 interval_secs=5.009 interval_tps=312985.32 total_ops=26796467 arena_head_bytes=33849448 fresh_bytes=2288 reclaimed_nodes=1255485 retired_backlog=2587 alloc_failure_events=0 retired_postings=0 reclaimed_postings=0
hyperfeed_crucible_fresh: profile=diagnostic elapsed_secs=85.240 general_bytes=0 row_version_bytes=2288 skip_node_bytes=0 skip_posting_bytes=0 skip_tower_bytes=0 spill_bytes=0
hyperfeed_crucible_interval: profile=diagnostic elapsed_secs=90.250 interval_secs=5.010 interval_tps=311198.36 total_ops=28355622 arena_head_bytes=34117144 fresh_bytes=267696 reclaimed_nodes=1245918 retired_backlog=4003 alloc_failure_events=0 retired_postings=0 reclaimed_postings=0
hyperfeed_crucible_fresh: profile=diagnostic elapsed_secs=90.250 general_bytes=0 row_version_bytes=267696 skip_node_bytes=0 skip_posting_bytes=0 skip_tower_bytes=0 spill_bytes=0
hyperfeed_crucible_interval: profile=diagnostic elapsed_secs=95.265 interval_secs=5.015 interval_tps=312040.55 total_ops=29920466 arena_head_bytes=34117936 fresh_bytes=792 reclaimed_nodes=1253172 retired_backlog=2725 alloc_failure_events=0 retired_postings=0 reclaimed_postings=0
hyperfeed_crucible_fresh: profile=diagnostic elapsed_secs=95.265 general_bytes=0 row_version_bytes=792 skip_node_bytes=0 skip_posting_bytes=0 skip_tower_bytes=0 spill_bytes=0
hyperfeed_crucible_interval: profile=diagnostic elapsed_secs=100.279 interval_secs=5.014 interval_tps=315131.27 total_ops=31500502 arena_head_bytes=34133160 fresh_bytes=15224 reclaimed_nodes=1262740 retired_backlog=4023 alloc_failure_events=0 retired_postings=0 reclaimed_postings=0
hyperfeed_crucible_fresh: profile=diagnostic elapsed_secs=100.279 general_bytes=0 row_version_bytes=15224 skip_node_bytes=0 skip_posting_bytes=0 skip_tower_bytes=0 spill_bytes=0
hyperfeed_crucible_interval: profile=diagnostic elapsed_secs=105.293 interval_secs=5.014 interval_tps=314964.04 total_ops=33079794 arena_head_bytes=34165456 fresh_bytes=32296 reclaimed_nodes=1262409 retired_backlog=4994 alloc_failure_events=0 retired_postings=0 reclaimed_postings=0
hyperfeed_crucible_fresh: profile=diagnostic elapsed_secs=105.293 general_bytes=0 row_version_bytes=32296 skip_node_bytes=0 skip_posting_bytes=0 skip_tower_bytes=0 spill_bytes=0
hyperfeed_crucible_interval: profile=diagnostic elapsed_secs=110.307 interval_secs=5.014 interval_tps=316039.03 total_ops=34664498 arena_head_bytes=34165512 fresh_bytes=56 reclaimed_nodes=1269563 retired_backlog=3206 alloc_failure_events=0 retired_postings=0 reclaimed_postings=0
hyperfeed_crucible_fresh: profile=diagnostic elapsed_secs=110.307 general_bytes=0 row_version_bytes=0 skip_node_bytes=0 skip_posting_bytes=0 skip_tower_bytes=56 spill_bytes=0
hyperfeed_crucible_interval: profile=diagnostic elapsed_secs=115.321 interval_secs=5.014 interval_tps=311956.06 total_ops=36228590 arena_head_bytes=34166744 fresh_bytes=1232 reclaimed_nodes=1244788 retired_backlog=9723 alloc_failure_events=0 retired_postings=0 reclaimed_postings=0
hyperfeed_crucible_fresh: profile=diagnostic elapsed_secs=115.321 general_bytes=0 row_version_bytes=1232 skip_node_bytes=0 skip_posting_bytes=0 skip_tower_bytes=0 spill_bytes=0
hyperfeed_crucible_interval: profile=diagnostic elapsed_secs=120.335 interval_secs=5.014 interval_tps=311196.03 total_ops=37788791 arena_head_bytes=34991040 fresh_bytes=824296 reclaimed_nodes=1253714 retired_backlog=4154 alloc_failure_events=0 retired_postings=0 reclaimed_postings=0
hyperfeed_crucible_fresh: profile=diagnostic elapsed_secs=120.335 general_bytes=0 row_version_bytes=824296 skip_node_bytes=0 skip_posting_bytes=0 skip_tower_bytes=0 spill_bytes=0
hyperfeed_crucible_interval: profile=diagnostic elapsed_secs=125.350 interval_secs=5.015 interval_tps=310573.57 total_ops=39346441 arena_head_bytes=34991040 fresh_bytes=0 reclaimed_nodes=1245546 retired_backlog=4742 alloc_failure_events=0 retired_postings=0 reclaimed_postings=0
hyperfeed_crucible_fresh: profile=diagnostic elapsed_secs=125.350 general_bytes=0 row_version_bytes=0 skip_node_bytes=0 skip_posting_bytes=0 skip_tower_bytes=0 spill_bytes=0
hyperfeed_crucible_interval: profile=diagnostic elapsed_secs=130.364 interval_secs=5.014 interval_tps=316196.45 total_ops=40931904 arena_head_bytes=34991040 fresh_bytes=0 reclaimed_nodes=1267646 retired_backlog=5445 alloc_failure_events=0 retired_postings=0 reclaimed_postings=0
hyperfeed_crucible_fresh: profile=diagnostic elapsed_secs=130.364 general_bytes=0 row_version_bytes=0 skip_node_bytes=0 skip_posting_bytes=0 skip_tower_bytes=0 spill_bytes=0
hyperfeed_crucible_interval: profile=diagnostic elapsed_secs=135.379 interval_secs=5.014 interval_tps=313951.45 total_ops=42506146 arena_head_bytes=34991040 fresh_bytes=0 reclaimed_nodes=1260625 retired_backlog=4257 alloc_failure_events=0 retired_postings=0 reclaimed_postings=0
hyperfeed_crucible_fresh: profile=diagnostic elapsed_secs=135.379 general_bytes=0 row_version_bytes=0 skip_node_bytes=0 skip_posting_bytes=0 skip_tower_bytes=0 spill_bytes=0
hyperfeed_crucible_interval: profile=diagnostic elapsed_secs=140.393 interval_secs=5.014 interval_tps=316496.77 total_ops=44093197 arena_head_bytes=34996056 fresh_bytes=5016 reclaimed_nodes=1268182 retired_backlog=5677 alloc_failure_events=0 retired_postings=0 reclaimed_postings=0
hyperfeed_crucible_fresh: profile=diagnostic elapsed_secs=140.393 general_bytes=0 row_version_bytes=5016 skip_node_bytes=0 skip_posting_bytes=0 skip_tower_bytes=0 spill_bytes=0
hyperfeed_crucible_interval: profile=diagnostic elapsed_secs=145.400 interval_secs=5.006 interval_tps=309990.09 total_ops=45645162 arena_head_bytes=34996144 fresh_bytes=88 reclaimed_nodes=1244394 retired_backlog=2875 alloc_failure_events=0 retired_postings=0 reclaimed_postings=0
hyperfeed_crucible_fresh: profile=diagnostic elapsed_secs=145.400 general_bytes=0 row_version_bytes=88 skip_node_bytes=0 skip_posting_bytes=0 skip_tower_bytes=0 spill_bytes=0
hyperfeed_crucible_interval: profile=diagnostic elapsed_secs=150.413 interval_secs=5.013 interval_tps=311933.73 total_ops=47208991 arena_head_bytes=34996144 fresh_bytes=0 reclaimed_nodes=1250434 retired_backlog=3529 alloc_failure_events=0 retired_postings=0 reclaimed_postings=0
hyperfeed_crucible_fresh: profile=diagnostic elapsed_secs=150.413 general_bytes=0 row_version_bytes=0 skip_node_bytes=0 skip_posting_bytes=0 skip_tower_bytes=0 spill_bytes=0
hyperfeed_crucible_interval: profile=diagnostic elapsed_secs=155.427 interval_secs=5.015 interval_tps=311800.88 total_ops=48772552 arena_head_bytes=34996144 fresh_bytes=0 reclaimed_nodes=1249161 retired_backlog=5190 alloc_failure_events=0 retired_postings=0 reclaimed_postings=0
hyperfeed_crucible_fresh: profile=diagnostic elapsed_secs=155.427 general_bytes=0 row_version_bytes=0 skip_node_bytes=0 skip_posting_bytes=0 skip_tower_bytes=0 spill_bytes=0
hyperfeed_crucible_interval: profile=diagnostic elapsed_secs=160.441 interval_secs=5.014 interval_tps=316489.76 total_ops=50359276 arena_head_bytes=35019464 fresh_bytes=23320 reclaimed_nodes=1270164 retired_backlog=4391 alloc_failure_events=0 retired_postings=0 reclaimed_postings=0
hyperfeed_crucible_fresh: profile=diagnostic elapsed_secs=160.441 general_bytes=0 row_version_bytes=23320 skip_node_bytes=0 skip_posting_bytes=0 skip_tower_bytes=0 spill_bytes=0
hyperfeed_crucible_interval: profile=diagnostic elapsed_secs=165.455 interval_secs=5.014 interval_tps=315463.35 total_ops=51941102 arena_head_bytes=35019464 fresh_bytes=0 reclaimed_nodes=1266691 retired_backlog=3166 alloc_failure_events=0 retired_postings=0 reclaimed_postings=0
hyperfeed_crucible_fresh: profile=diagnostic elapsed_secs=165.455 general_bytes=0 row_version_bytes=0 skip_node_bytes=0 skip_posting_bytes=0 skip_tower_bytes=0 spill_bytes=0
hyperfeed_crucible_interval: profile=diagnostic elapsed_secs=170.470 interval_secs=5.015 interval_tps=317593.91 total_ops=53533756 arena_head_bytes=35024304 fresh_bytes=4840 reclaimed_nodes=1274311 retired_backlog=2957 alloc_failure_events=0 retired_postings=0 reclaimed_postings=0
hyperfeed_crucible_fresh: profile=diagnostic elapsed_secs=170.470 general_bytes=0 row_version_bytes=4840 skip_node_bytes=0 skip_posting_bytes=0 skip_tower_bytes=0 spill_bytes=0
hyperfeed_crucible_interval: profile=diagnostic elapsed_secs=175.481 interval_secs=5.011 interval_tps=312188.98 total_ops=55098217 arena_head_bytes=35024304 fresh_bytes=0 reclaimed_nodes=1247548 retired_backlog=7001 alloc_failure_events=0 retired_postings=0 reclaimed_postings=0
hyperfeed_crucible_fresh: profile=diagnostic elapsed_secs=175.481 general_bytes=0 row_version_bytes=0 skip_node_bytes=0 skip_posting_bytes=0 skip_tower_bytes=0 spill_bytes=0
hyperfeed_crucible_interval: profile=diagnostic elapsed_secs=180.491 interval_secs=5.010 interval_tps=311576.56 total_ops=56659231 arena_head_bytes=35328048 fresh_bytes=303744 reclaimed_nodes=1252595 retired_backlog=3208 alloc_failure_events=0 retired_postings=0 reclaimed_postings=0
hyperfeed_crucible_fresh: profile=diagnostic elapsed_secs=180.491 general_bytes=0 row_version_bytes=0 skip_node_bytes=216128 skip_posting_bytes=68768 skip_tower_bytes=18848 spill_bytes=0
hyperfeed_crucible_interval: profile=diagnostic elapsed_secs=185.506 interval_secs=5.015 interval_tps=309299.31 total_ops=58210309 arena_head_bytes=35328048 fresh_bytes=0 reclaimed_nodes=1234879 retired_backlog=9229 alloc_failure_events=0 retired_postings=0 reclaimed_postings=0
hyperfeed_crucible_fresh: profile=diagnostic elapsed_secs=185.506 general_bytes=0 row_version_bytes=0 skip_node_bytes=0 skip_posting_bytes=0 skip_tower_bytes=0 spill_bytes=0
hyperfeed_crucible_interval: profile=diagnostic elapsed_secs=190.521 interval_secs=5.015 interval_tps=314744.45 total_ops=59788659 arena_head_bytes=35328048 fresh_bytes=0 reclaimed_nodes=1265122 retired_backlog=6787 alloc_failure_events=0 retired_postings=0 reclaimed_postings=0
hyperfeed_crucible_fresh: profile=diagnostic elapsed_secs=190.521 general_bytes=0 row_version_bytes=0 skip_node_bytes=0 skip_posting_bytes=0 skip_tower_bytes=0 spill_bytes=0
hyperfeed_crucible_interval: profile=diagnostic elapsed_secs=195.534 interval_secs=5.013 interval_tps=313584.87 total_ops=61360591 arena_head_bytes=35329016 fresh_bytes=968 reclaimed_nodes=1255707 retired_backlog=8627 alloc_failure_events=0 retired_postings=0 reclaimed_postings=0
hyperfeed_crucible_fresh: profile=diagnostic elapsed_secs=195.534 general_bytes=0 row_version_bytes=968 skip_node_bytes=0 skip_posting_bytes=0 skip_tower_bytes=0 spill_bytes=0
hyperfeed_crucible_interval: profile=diagnostic elapsed_secs=200.547 interval_secs=5.013 interval_tps=316075.63 total_ops=62945156 arena_head_bytes=35340984 fresh_bytes=11968 reclaimed_nodes=1268488 retired_backlog=7731 alloc_failure_events=0 retired_postings=0 reclaimed_postings=0
hyperfeed_crucible_fresh: profile=diagnostic elapsed_secs=200.547 general_bytes=0 row_version_bytes=11968 skip_node_bytes=0 skip_posting_bytes=0 skip_tower_bytes=0 spill_bytes=0
hyperfeed_crucible_interval: profile=diagnostic elapsed_secs=205.561 interval_secs=5.014 interval_tps=309687.85 total_ops=64497966 arena_head_bytes=35373808 fresh_bytes=32824 reclaimed_nodes=1246077 retired_backlog=3939 alloc_failure_events=0 retired_postings=0 reclaimed_postings=0
hyperfeed_crucible_fresh: profile=diagnostic elapsed_secs=205.561 general_bytes=0 row_version_bytes=32824 skip_node_bytes=0 skip_posting_bytes=0 skip_tower_bytes=0 spill_bytes=0
hyperfeed_crucible_interval: profile=diagnostic elapsed_secs=210.564 interval_secs=5.003 interval_tps=312522.51 total_ops=66061383 arena_head_bytes=35373808 fresh_bytes=0 reclaimed_nodes=1250578 retired_backlog=4101 alloc_failure_events=0 retired_postings=0 reclaimed_postings=0
hyperfeed_crucible_fresh: profile=diagnostic elapsed_secs=210.564 general_bytes=0 row_version_bytes=0 skip_node_bytes=0 skip_posting_bytes=0 skip_tower_bytes=0 spill_bytes=0
hyperfeed_crucible_interval: profile=diagnostic elapsed_secs=215.578 interval_secs=5.015 interval_tps=309988.20 total_ops=67615894 arena_head_bytes=35373808 fresh_bytes=0 reclaimed_nodes=1242310 retired_backlog=5399 alloc_failure_events=0 retired_postings=0 reclaimed_postings=0
hyperfeed_crucible_fresh: profile=diagnostic elapsed_secs=215.578 general_bytes=0 row_version_bytes=0 skip_node_bytes=0 skip_posting_bytes=0 skip_tower_bytes=0 spill_bytes=0
hyperfeed_crucible_interval: profile=diagnostic elapsed_secs=220.592 interval_secs=5.014 interval_tps=314778.02 total_ops=69194206 arena_head_bytes=35373808 fresh_bytes=0 reclaimed_nodes=1263342 retired_backlog=4725 alloc_failure_events=0 retired_postings=0 reclaimed_postings=0
hyperfeed_crucible_fresh: profile=diagnostic elapsed_secs=220.592 general_bytes=0 row_version_bytes=0 skip_node_bytes=0 skip_posting_bytes=0 skip_tower_bytes=0 spill_bytes=0
hyperfeed_crucible_interval: profile=diagnostic elapsed_secs=225.606 interval_secs=5.014 interval_tps=312094.65 total_ops=70759040 arena_head_bytes=35373808 fresh_bytes=0 reclaimed_nodes=1252797 retired_backlog=3750 alloc_failure_events=0 retired_postings=0 reclaimed_postings=0
hyperfeed_crucible_fresh: profile=diagnostic elapsed_secs=225.606 general_bytes=0 row_version_bytes=0 skip_node_bytes=0 skip_posting_bytes=0 skip_tower_bytes=0 spill_bytes=0
hyperfeed_crucible_interval: profile=diagnostic elapsed_secs=230.620 interval_secs=5.013 interval_tps=315045.85 total_ops=72338496 arena_head_bytes=35373808 fresh_bytes=0 reclaimed_nodes=1263794 retired_backlog=3554 alloc_failure_events=0 retired_postings=0 reclaimed_postings=0
hyperfeed_crucible_fresh: profile=diagnostic elapsed_secs=230.620 general_bytes=0 row_version_bytes=0 skip_node_bytes=0 skip_posting_bytes=0 skip_tower_bytes=0 spill_bytes=0
hyperfeed_crucible_interval: profile=diagnostic elapsed_secs=235.628 interval_secs=5.009 interval_tps=311961.73 total_ops=73900963 arena_head_bytes=35373808 fresh_bytes=0 reclaimed_nodes=1252089 retired_backlog=1435 alloc_failure_events=0 retired_postings=0 reclaimed_postings=0
hyperfeed_crucible_fresh: profile=diagnostic elapsed_secs=235.628 general_bytes=0 row_version_bytes=0 skip_node_bytes=0 skip_posting_bytes=0 skip_tower_bytes=0 spill_bytes=0
hyperfeed_crucible_interval: profile=diagnostic elapsed_secs=240.074 interval_secs=4.446 interval_tps=303615.17 total_ops=75250774 arena_head_bytes=35373808 fresh_bytes=0 reclaimed_nodes=1081269 retired_backlog=0 alloc_failure_events=0 retired_postings=0 reclaimed_postings=0
hyperfeed_crucible_fresh: profile=diagnostic elapsed_secs=240.074 general_bytes=0 row_version_bytes=0 skip_node_bytes=0 skip_posting_bytes=0 skip_tower_bytes=0 spill_bytes=0
hyperfeed_crucible_correctness: profile=diagnostic table_rows=50000 index_postings=50000 exact_match=true
hyperfeed_crucible_stability: profile=diagnostic tail_fresh_bytes=382768 fresh_growth_budget_bytes=18255872 early_interval_tps=314030.60 late_interval_tps=312818.91 retained_tps=0.9961 arena_head_bytes=35373808
hyperfeed_crucible_gc_drain: profile=diagnostic retired_backlog=0 gc_recycle_errors=0 retired_postings=0 reclaimed_postings=0
hyperfeed_crucible_allocation_class: profile=diagnostic class=nodes allocated=65359 reachable=50001 retired=0 reusable=15358
hyperfeed_crucible_allocation_class: profile=diagnostic class=postings allocated=65358 reachable=50000 retired=0 reusable=15358
hyperfeed_crucible_allocation_class: profile=diagnostic class=towers allocated=65359 reachable=50001 retired=0 reusable=15358
hyperfeed_crucible_allocation_class: profile=diagnostic class=tower_lanes allocated=131742 reachable=100139 retired=0 reusable=31603
hyperfeed_crucible_allocation_audit: profile=diagnostic status=pass
hyperfeed_crucible_retry: profile=diagnostic max_insert_attempts=1 pressure_state=0 retry_alloc=0 gc_recycle_errors=0
hyperfeed_crucible_config: profile=diagnostic mode=aerostore_only aerostore_shm_bytes=134217728 workers=16
| Engine | TPS | Total Ops | p50 (us) | p90 (us) | p99 (us) | Upserts | Scans | Hot Upserts | Conflicts | Index Remove Fail | Index Insert Fail |
| aerostore | 313533.69 | 75250774 | 8.19 | 32.77 | 131.07 | 60200743 | 15050031 | 3010043 | 707630 | 0 | 0 |
hyperfeed_crucible_engine_timing: profile=diagnostic aerostore_elapsed_secs=240.009 operation_failures=0
hyperfeed_crucible_reclaim: profile=diagnostic vacuum_reclaimed_rows=60200743 index_retired_nodes=60200743 index_reclaimed_nodes=60200743 free_list_pushes=0 free_list_pops=0
hyperfeed_crucible_occ: profile=diagnostic alloc_fresh=151151 reused=60757222
120s: TPS=314615.04, elapsed=120.009s, tail fresh=27544 bytes, retained interval TPS=0.994
240s: TPS=313533.69, elapsed=240.009s, tail fresh=382768 bytes, retained interval TPS=0.996
Logs: /home/zpconn/code/aerostore/docs/bench_data/transactional_indexes_2026-09-22/churn_128m/crucible_profile_2g_120s.log, /home/zpconn/code/aerostore/docs/bench_data/transactional_indexes_2026-09-22/churn_128m/crucible_profile_2g_240s.log
PASS: sustained correctness, memory, throughput, and drain gates satisfied. PostgreSQL comparison was not requested.
