note: verifying root module (selected functions)

note: while loop: not all errors may have been reported; rerun with a higher value for --multiple-errors to find other potential errors in this function
   --> /home/zpconn/code/aerostore/target/verification-planning/final/row-publication/write_zero_deleter.rs:951:5
    |
951 |     while i<record.writes.len()
    |     ^^^^^^^^^^^^^^^^^^^^^^^^^^^

error: postcondition not satisfied
   --> /home/zpconn/code/aerostore/target/verification-planning/final/row-publication/write_zero_deleter.rs:939:13
    |
939 |     ensures allowed_prefix(old(driver).image(),final(driver).image(),record.writes[0],record.txid),
    |             ^^^^^^^^^^^^^^^^^^^^^^^^^^^^^^^^^^^^^^^^^^^^^^^^^^^^^^^^^^^^^^^^^^^^^^^^^^^^^^^^^^^^^^ failed this postcondition
...
968 | let new_row = driver . resolve ( write . new_offset ) ? ;
    |                                                       - at this exit

error: postcondition not satisfied
   --> /home/zpconn/code/aerostore/target/verification-planning/final/row-publication/write_zero_deleter.rs:941:9
    |
941 | /         r.is_err() ==> final(driver).image()==publication_prefix(old(driver).image(),record.writes[0],record.txid,0)
942 | |             || final(driver).image()==publication_prefix(old(driver).image(),record.writes[0],record.txid,1),
    | |____________________________________________________________________________________________________________^ failed this postcondition
...
968 |   let new_row = driver . resolve ( write . new_offset ) ? ;
    |                                                         - at this exit

verification results:: 1 verified, 1 errors (partial verification with `--verify-*`)
error: aborting due to 2 previous errors

