    Finished `bench` profile [optimized] target(s) in 0.06s
     Running benches/hyperfeed_crucible.rs (target/release/deps/hyperfeed_crucible-ad5d5cc489a334b2)
Gnuplot not found, using plotters backend
hyperfeed_crucible_interval: profile=diagnostic elapsed_secs=5.015 interval_secs=5.015 interval_tps=375414.50 total_ops=1882522 arena_head_bytes=21649520 fresh_bytes=3461040 reclaimed_nodes=1503309 retired_backlog=2844 alloc_failure_events=0 retired_postings=0 reclaimed_postings=0
hyperfeed_crucible_fresh: profile=diagnostic elapsed_secs=5.015 general_bytes=0 row_version_bytes=1191256 skip_node_bytes=1600192 skip_posting_bytes=509152 skip_tower_bytes=160440 spill_bytes=0
hyperfeed_crucible_interval: profile=diagnostic elapsed_secs=10.024 interval_secs=5.009 interval_tps=367171.34 total_ops=3721702 arena_head_bytes=21680872 fresh_bytes=31352 reclaimed_nodes=1474173 retired_backlog=0 alloc_failure_events=0 retired_postings=0 reclaimed_postings=0
hyperfeed_crucible_fresh: profile=diagnostic elapsed_secs=10.024 general_bytes=0 row_version_bytes=30888 skip_node_bytes=0 skip_posting_bytes=0 skip_tower_bytes=464 spill_bytes=0
hyperfeed_crucible_interval: profile=diagnostic elapsed_secs=15.036 interval_secs=5.012 interval_tps=364177.10 total_ops=5546948 arena_head_bytes=21709768 fresh_bytes=28896 reclaimed_nodes=1457835 retired_backlog=2356 alloc_failure_events=0 retired_postings=0 reclaimed_postings=0
hyperfeed_crucible_fresh: profile=diagnostic elapsed_secs=15.036 general_bytes=0 row_version_bytes=28688 skip_node_bytes=0 skip_posting_bytes=0 skip_tower_bytes=208 spill_bytes=0
hyperfeed_crucible_interval: profile=diagnostic elapsed_secs=20.049 interval_secs=5.014 interval_tps=392214.82 total_ops=7513410 arena_head_bytes=21733704 fresh_bytes=23936 reclaimed_nodes=1575510 retired_backlog=3 alloc_failure_events=0 retired_postings=0 reclaimed_postings=0
hyperfeed_crucible_fresh: profile=diagnostic elapsed_secs=20.049 general_bytes=0 row_version_bytes=23936 skip_node_bytes=0 skip_posting_bytes=0 skip_tower_bytes=0 spill_bytes=0
hyperfeed_crucible_interval: profile=diagnostic elapsed_secs=25.063 interval_secs=5.014 interval_tps=366579.90 total_ops=9351288 arena_head_bytes=21746816 fresh_bytes=13112 reclaimed_nodes=1465923 retired_backlog=4430 alloc_failure_events=0 retired_postings=0 reclaimed_postings=0
hyperfeed_crucible_fresh: profile=diagnostic elapsed_secs=25.063 general_bytes=0 row_version_bytes=13112 skip_node_bytes=0 skip_posting_bytes=0 skip_tower_bytes=0 spill_bytes=0
hyperfeed_crucible_interval: profile=diagnostic elapsed_secs=30.077 interval_secs=5.014 interval_tps=341308.70 total_ops=11062738 arena_head_bytes=21747608 fresh_bytes=792 reclaimed_nodes=1367660 retired_backlog=5937 alloc_failure_events=0 retired_postings=0 reclaimed_postings=0
hyperfeed_crucible_fresh: profile=diagnostic elapsed_secs=30.077 general_bytes=0 row_version_bytes=792 skip_node_bytes=0 skip_posting_bytes=0 skip_tower_bytes=0 spill_bytes=0
hyperfeed_crucible_interval: profile=diagnostic elapsed_secs=35.091 interval_secs=5.014 interval_tps=358160.76 total_ops=12858605 arena_head_bytes=21785888 fresh_bytes=38280 reclaimed_nodes=1440444 retired_backlog=2170 alloc_failure_events=0 retired_postings=0 reclaimed_postings=0
hyperfeed_crucible_fresh: profile=diagnostic elapsed_secs=35.091 general_bytes=0 row_version_bytes=6336 skip_node_bytes=21120 skip_posting_bytes=6720 skip_tower_bytes=4104 spill_bytes=0
hyperfeed_crucible_interval: profile=diagnostic elapsed_secs=40.093 interval_secs=5.002 interval_tps=358643.50 total_ops=14652526 arena_head_bytes=21789496 fresh_bytes=3608 reclaimed_nodes=1437231 retired_backlog=61 alloc_failure_events=0 retired_postings=0 reclaimed_postings=0
hyperfeed_crucible_fresh: profile=diagnostic elapsed_secs=40.093 general_bytes=0 row_version_bytes=3608 skip_node_bytes=0 skip_posting_bytes=0 skip_tower_bytes=0 spill_bytes=0
hyperfeed_crucible_interval: profile=diagnostic elapsed_secs=45.115 interval_secs=5.022 interval_tps=372327.54 total_ops=16522265 arena_head_bytes=21795128 fresh_bytes=5632 reclaimed_nodes=1491768 retired_backlog=4078 alloc_failure_events=0 retired_postings=0 reclaimed_postings=0
hyperfeed_crucible_fresh: profile=diagnostic elapsed_secs=45.115 general_bytes=0 row_version_bytes=5632 skip_node_bytes=0 skip_posting_bytes=0 skip_tower_bytes=0 spill_bytes=0
hyperfeed_crucible_interval: profile=diagnostic elapsed_secs=50.129 interval_secs=5.014 interval_tps=362423.03 total_ops=18339380 arena_head_bytes=21798648 fresh_bytes=3520 reclaimed_nodes=1450111 retired_backlog=7665 alloc_failure_events=0 retired_postings=0 reclaimed_postings=0
hyperfeed_crucible_fresh: profile=diagnostic elapsed_secs=50.129 general_bytes=0 row_version_bytes=3520 skip_node_bytes=0 skip_posting_bytes=0 skip_tower_bytes=0 spill_bytes=0
hyperfeed_crucible_interval: profile=diagnostic elapsed_secs=55.144 interval_secs=5.015 interval_tps=356260.46 total_ops=20125928 arena_head_bytes=21803400 fresh_bytes=4752 reclaimed_nodes=1432804 retired_backlog=4070 alloc_failure_events=0 retired_postings=0 reclaimed_postings=0
hyperfeed_crucible_fresh: profile=diagnostic elapsed_secs=55.144 general_bytes=0 row_version_bytes=4752 skip_node_bytes=0 skip_posting_bytes=0 skip_tower_bytes=0 spill_bytes=0
hyperfeed_crucible_interval: profile=diagnostic elapsed_secs=60.159 interval_secs=5.015 interval_tps=348031.27 total_ops=21871298 arena_head_bytes=21804632 fresh_bytes=1232 reclaimed_nodes=1395309 retired_backlog=5056 alloc_failure_events=0 retired_postings=0 reclaimed_postings=0
hyperfeed_crucible_fresh: profile=diagnostic elapsed_secs=60.159 general_bytes=0 row_version_bytes=1232 skip_node_bytes=0 skip_posting_bytes=0 skip_tower_bytes=0 spill_bytes=0
hyperfeed_crucible_interval: profile=diagnostic elapsed_secs=65.173 interval_secs=5.014 interval_tps=379965.47 total_ops=23776587 arena_head_bytes=21813608 fresh_bytes=8976 reclaimed_nodes=1523797 retired_backlog=5494 alloc_failure_events=0 retired_postings=0 reclaimed_postings=0
hyperfeed_crucible_fresh: profile=diagnostic elapsed_secs=65.173 general_bytes=0 row_version_bytes=8976 skip_node_bytes=0 skip_posting_bytes=0 skip_tower_bytes=0 spill_bytes=0
hyperfeed_crucible_interval: profile=diagnostic elapsed_secs=70.175 interval_secs=5.003 interval_tps=399708.44 total_ops=25776135 arena_head_bytes=21823464 fresh_bytes=9856 reclaimed_nodes=1596857 retired_backlog=8324 alloc_failure_events=0 retired_postings=0 reclaimed_postings=0
hyperfeed_crucible_fresh: profile=diagnostic elapsed_secs=70.175 general_bytes=0 row_version_bytes=9856 skip_node_bytes=0 skip_posting_bytes=0 skip_tower_bytes=0 spill_bytes=0
hyperfeed_crucible_interval: profile=diagnostic elapsed_secs=75.177 interval_secs=5.002 interval_tps=393645.39 total_ops=27745014 arena_head_bytes=21831736 fresh_bytes=8272 reclaimed_nodes=1581258 retired_backlog=2162 alloc_failure_events=0 retired_postings=0 reclaimed_postings=0
hyperfeed_crucible_fresh: profile=diagnostic elapsed_secs=75.177 general_bytes=0 row_version_bytes=8272 skip_node_bytes=0 skip_posting_bytes=0 skip_tower_bytes=0 spill_bytes=0
hyperfeed_crucible_interval: profile=diagnostic elapsed_secs=80.190 interval_secs=5.013 interval_tps=404976.70 total_ops=29775191 arena_head_bytes=21841592 fresh_bytes=9856 reclaimed_nodes=1624471 retired_backlog=1831 alloc_failure_events=0 retired_postings=0 reclaimed_postings=0
hyperfeed_crucible_fresh: profile=diagnostic elapsed_secs=80.190 general_bytes=0 row_version_bytes=9856 skip_node_bytes=0 skip_posting_bytes=0 skip_tower_bytes=0 spill_bytes=0
hyperfeed_crucible_interval: profile=diagnostic elapsed_secs=85.204 interval_secs=5.014 interval_tps=386255.29 total_ops=31711913 arena_head_bytes=21847136 fresh_bytes=5544 reclaimed_nodes=1549788 retired_backlog=1385 alloc_failure_events=0 retired_postings=0 reclaimed_postings=0
hyperfeed_crucible_fresh: profile=diagnostic elapsed_secs=85.204 general_bytes=0 row_version_bytes=5544 skip_node_bytes=0 skip_posting_bytes=0 skip_tower_bytes=0 spill_bytes=0
hyperfeed_crucible_interval: profile=diagnostic elapsed_secs=90.219 interval_secs=5.014 interval_tps=374278.21 total_ops=33588682 arena_head_bytes=21850216 fresh_bytes=3080 reclaimed_nodes=1497364 retired_backlog=5461 alloc_failure_events=0 retired_postings=0 reclaimed_postings=0
hyperfeed_crucible_fresh: profile=diagnostic elapsed_secs=90.219 general_bytes=0 row_version_bytes=3080 skip_node_bytes=0 skip_posting_bytes=0 skip_tower_bytes=0 spill_bytes=0
hyperfeed_crucible_interval: profile=diagnostic elapsed_secs=95.233 interval_secs=5.014 interval_tps=364396.01 total_ops=35415794 arena_head_bytes=21852856 fresh_bytes=2640 reclaimed_nodes=1464809 retired_backlog=2341 alloc_failure_events=0 retired_postings=0 reclaimed_postings=0
hyperfeed_crucible_fresh: profile=diagnostic elapsed_secs=95.233 general_bytes=0 row_version_bytes=2640 skip_node_bytes=0 skip_posting_bytes=0 skip_tower_bytes=0 spill_bytes=0
hyperfeed_crucible_interval: profile=diagnostic elapsed_secs=100.236 interval_secs=5.003 interval_tps=358068.64 total_ops=37207370 arena_head_bytes=21854000 fresh_bytes=1144 reclaimed_nodes=1435421 retired_backlog=173 alloc_failure_events=0 retired_postings=0 reclaimed_postings=0
hyperfeed_crucible_fresh: profile=diagnostic elapsed_secs=100.236 general_bytes=0 row_version_bytes=1144 skip_node_bytes=0 skip_posting_bytes=0 skip_tower_bytes=0 spill_bytes=0
hyperfeed_crucible_interval: profile=diagnostic elapsed_secs=105.258 interval_secs=5.022 interval_tps=357452.29 total_ops=39002377 arena_head_bytes=21856552 fresh_bytes=2552 reclaimed_nodes=1430981 retired_backlog=5199 alloc_failure_events=0 retired_postings=0 reclaimed_postings=0
hyperfeed_crucible_fresh: profile=diagnostic elapsed_secs=105.258 general_bytes=0 row_version_bytes=2552 skip_node_bytes=0 skip_posting_bytes=0 skip_tower_bytes=0 spill_bytes=0
hyperfeed_crucible_interval: profile=diagnostic elapsed_secs=110.272 interval_secs=5.014 interval_tps=384857.77 total_ops=40932035 arena_head_bytes=21857696 fresh_bytes=1144 reclaimed_nodes=1547813 retired_backlog=1142 alloc_failure_events=0 retired_postings=0 reclaimed_postings=0
hyperfeed_crucible_fresh: profile=diagnostic elapsed_secs=110.272 general_bytes=0 row_version_bytes=1144 skip_node_bytes=0 skip_posting_bytes=0 skip_tower_bytes=0 spill_bytes=0
hyperfeed_crucible_interval: profile=diagnostic elapsed_secs=115.287 interval_secs=5.015 interval_tps=381723.10 total_ops=42846288 arena_head_bytes=21860512 fresh_bytes=2816 reclaimed_nodes=1525330 retired_backlog=7168 alloc_failure_events=0 retired_postings=0 reclaimed_postings=0
hyperfeed_crucible_fresh: profile=diagnostic elapsed_secs=115.287 general_bytes=0 row_version_bytes=2816 skip_node_bytes=0 skip_posting_bytes=0 skip_tower_bytes=0 spill_bytes=0
hyperfeed_crucible_interval: profile=diagnostic elapsed_secs=120.302 interval_secs=5.015 interval_tps=355378.95 total_ops=44628685 arena_head_bytes=21860952 fresh_bytes=440 reclaimed_nodes=1431512 retired_backlog=1609 alloc_failure_events=0 retired_postings=0 reclaimed_postings=0
hyperfeed_crucible_fresh: profile=diagnostic elapsed_secs=120.302 general_bytes=0 row_version_bytes=440 skip_node_bytes=0 skip_posting_bytes=0 skip_tower_bytes=0 spill_bytes=0
hyperfeed_crucible_interval: profile=diagnostic elapsed_secs=125.317 interval_secs=5.015 interval_tps=379319.63 total_ops=46530804 arena_head_bytes=21863416 fresh_bytes=2464 reclaimed_nodes=1522811 retired_backlog=502 alloc_failure_events=0 retired_postings=0 reclaimed_postings=0
hyperfeed_crucible_fresh: profile=diagnostic elapsed_secs=125.317 general_bytes=0 row_version_bytes=2464 skip_node_bytes=0 skip_posting_bytes=0 skip_tower_bytes=0 spill_bytes=0
hyperfeed_crucible_interval: profile=diagnostic elapsed_secs=130.324 interval_secs=5.007 interval_tps=391326.49 total_ops=48490221 arena_head_bytes=21864560 fresh_bytes=1144 reclaimed_nodes=1564735 retired_backlog=3238 alloc_failure_events=0 retired_postings=0 reclaimed_postings=0
hyperfeed_crucible_fresh: profile=diagnostic elapsed_secs=130.324 general_bytes=0 row_version_bytes=1144 skip_node_bytes=0 skip_posting_bytes=0 skip_tower_bytes=0 spill_bytes=0
hyperfeed_crucible_interval: profile=diagnostic elapsed_secs=135.330 interval_secs=5.006 interval_tps=377672.91 total_ops=50380934 arena_head_bytes=21866408 fresh_bytes=1848 reclaimed_nodes=1512198 retired_backlog=3652 alloc_failure_events=0 retired_postings=0 reclaimed_postings=0
hyperfeed_crucible_fresh: profile=diagnostic elapsed_secs=135.330 general_bytes=0 row_version_bytes=1848 skip_node_bytes=0 skip_posting_bytes=0 skip_tower_bytes=0 spill_bytes=0
hyperfeed_crucible_interval: profile=diagnostic elapsed_secs=140.344 interval_secs=5.014 interval_tps=363456.28 total_ops=52203262 arena_head_bytes=21867288 fresh_bytes=880 reclaimed_nodes=1459162 retired_backlog=2368 alloc_failure_events=0 retired_postings=0 reclaimed_postings=0
hyperfeed_crucible_fresh: profile=diagnostic elapsed_secs=140.344 general_bytes=0 row_version_bytes=880 skip_node_bytes=0 skip_posting_bytes=0 skip_tower_bytes=0 spill_bytes=0
hyperfeed_crucible_interval: profile=diagnostic elapsed_secs=145.357 interval_secs=5.013 interval_tps=378028.27 total_ops=54098460 arena_head_bytes=21867992 fresh_bytes=704 reclaimed_nodes=1511049 retired_backlog=7475 alloc_failure_events=0 retired_postings=0 reclaimed_postings=0
hyperfeed_crucible_fresh: profile=diagnostic elapsed_secs=145.357 general_bytes=0 row_version_bytes=704 skip_node_bytes=0 skip_posting_bytes=0 skip_tower_bytes=0 spill_bytes=0
hyperfeed_crucible_interval: profile=diagnostic elapsed_secs=150.371 interval_secs=5.014 interval_tps=371591.37 total_ops=55961481 arena_head_bytes=21870544 fresh_bytes=2552 reclaimed_nodes=1492475 retired_backlog=5461 alloc_failure_events=0 retired_postings=0 reclaimed_postings=0
hyperfeed_crucible_fresh: profile=diagnostic elapsed_secs=150.371 general_bytes=0 row_version_bytes=2552 skip_node_bytes=0 skip_posting_bytes=0 skip_tower_bytes=0 spill_bytes=0
hyperfeed_crucible_interval: profile=diagnostic elapsed_secs=155.384 interval_secs=5.013 interval_tps=360296.06 total_ops=57767810 arena_head_bytes=21870896 fresh_bytes=352 reclaimed_nodes=1447310 retired_backlog=3175 alloc_failure_events=0 retired_postings=0 reclaimed_postings=0
hyperfeed_crucible_fresh: profile=diagnostic elapsed_secs=155.384 general_bytes=0 row_version_bytes=352 skip_node_bytes=0 skip_posting_bytes=0 skip_tower_bytes=0 spill_bytes=0
hyperfeed_crucible_interval: profile=diagnostic elapsed_secs=160.406 interval_secs=5.022 interval_tps=361115.13 total_ops=59581315 arena_head_bytes=21872304 fresh_bytes=1408 reclaimed_nodes=1451605 retired_backlog=2396 alloc_failure_events=0 retired_postings=0 reclaimed_postings=0
hyperfeed_crucible_fresh: profile=diagnostic elapsed_secs=160.406 general_bytes=0 row_version_bytes=1408 skip_node_bytes=0 skip_posting_bytes=0 skip_tower_bytes=0 spill_bytes=0
hyperfeed_crucible_interval: profile=diagnostic elapsed_secs=165.428 interval_secs=5.022 interval_tps=371714.92 total_ops=61448136 arena_head_bytes=21873360 fresh_bytes=1056 reclaimed_nodes=1490530 retired_backlog=5298 alloc_failure_events=0 retired_postings=0 reclaimed_postings=0
hyperfeed_crucible_fresh: profile=diagnostic elapsed_secs=165.428 general_bytes=0 row_version_bytes=1056 skip_node_bytes=0 skip_posting_bytes=0 skip_tower_bytes=0 spill_bytes=0
hyperfeed_crucible_interval: profile=diagnostic elapsed_secs=170.441 interval_secs=5.012 interval_tps=389240.83 total_ops=63399166 arena_head_bytes=21875472 fresh_bytes=2112 reclaimed_nodes=1562693 retired_backlog=3434 alloc_failure_events=0 retired_postings=0 reclaimed_postings=0
hyperfeed_crucible_fresh: profile=diagnostic elapsed_secs=170.441 general_bytes=0 row_version_bytes=2112 skip_node_bytes=0 skip_posting_bytes=0 skip_tower_bytes=0 spill_bytes=0
hyperfeed_crucible_interval: profile=diagnostic elapsed_secs=175.454 interval_secs=5.013 interval_tps=375232.72 total_ops=65280196 arena_head_bytes=21876880 fresh_bytes=1408 reclaimed_nodes=1506405 retired_backlog=1853 alloc_failure_events=0 retired_postings=0 reclaimed_postings=0
hyperfeed_crucible_fresh: profile=diagnostic elapsed_secs=175.454 general_bytes=0 row_version_bytes=1408 skip_node_bytes=0 skip_posting_bytes=0 skip_tower_bytes=0 spill_bytes=0
hyperfeed_crucible_interval: profile=diagnostic elapsed_secs=180.466 interval_secs=5.013 interval_tps=381978.26 total_ops=67194927 arena_head_bytes=21878816 fresh_bytes=1936 reclaimed_nodes=1525246 retired_backlog=8395 alloc_failure_events=0 retired_postings=0 reclaimed_postings=0
hyperfeed_crucible_fresh: profile=diagnostic elapsed_secs=180.466 general_bytes=0 row_version_bytes=1936 skip_node_bytes=0 skip_posting_bytes=0 skip_tower_bytes=0 spill_bytes=0
hyperfeed_crucible_interval: profile=diagnostic elapsed_secs=185.479 interval_secs=5.013 interval_tps=369846.09 total_ops=69048939 arena_head_bytes=21879872 fresh_bytes=1056 reclaimed_nodes=1486342 retired_backlog=5255 alloc_failure_events=0 retired_postings=0 reclaimed_postings=0
hyperfeed_crucible_fresh: profile=diagnostic elapsed_secs=185.479 general_bytes=0 row_version_bytes=1056 skip_node_bytes=0 skip_posting_bytes=0 skip_tower_bytes=0 spill_bytes=0
hyperfeed_crucible_interval: profile=diagnostic elapsed_secs=190.503 interval_secs=5.024 interval_tps=380303.23 total_ops=70959608 arena_head_bytes=21881896 fresh_bytes=2024 reclaimed_nodes=1529805 retired_backlog=3968 alloc_failure_events=0 retired_postings=0 reclaimed_postings=0
hyperfeed_crucible_fresh: profile=diagnostic elapsed_secs=190.503 general_bytes=0 row_version_bytes=2024 skip_node_bytes=0 skip_posting_bytes=0 skip_tower_bytes=0 spill_bytes=0
hyperfeed_crucible_interval: profile=diagnostic elapsed_secs=195.527 interval_secs=5.023 interval_tps=385112.51 total_ops=72894173 arena_head_bytes=21884320 fresh_bytes=2424 reclaimed_nodes=1548337 retired_backlog=3291 alloc_failure_events=0 retired_postings=0 reclaimed_postings=0
hyperfeed_crucible_fresh: profile=diagnostic elapsed_secs=195.527 general_bytes=0 row_version_bytes=2200 skip_node_bytes=0 skip_posting_bytes=0 skip_tower_bytes=224 spill_bytes=0
hyperfeed_crucible_interval: profile=diagnostic elapsed_secs=200.540 interval_secs=5.013 interval_tps=378991.54 total_ops=74793981 arena_head_bytes=21886520 fresh_bytes=2200 reclaimed_nodes=1523011 retired_backlog=145 alloc_failure_events=0 retired_postings=0 reclaimed_postings=0
hyperfeed_crucible_fresh: profile=diagnostic elapsed_secs=200.540 general_bytes=0 row_version_bytes=2200 skip_node_bytes=0 skip_posting_bytes=0 skip_tower_bytes=0 spill_bytes=0
hyperfeed_crucible_interval: profile=diagnostic elapsed_secs=205.553 interval_secs=5.013 interval_tps=347530.66 total_ops=76536170 arena_head_bytes=21887400 fresh_bytes=880 reclaimed_nodes=1389966 retired_backlog=3904 alloc_failure_events=0 retired_postings=0 reclaimed_postings=0
hyperfeed_crucible_fresh: profile=diagnostic elapsed_secs=205.553 general_bytes=0 row_version_bytes=880 skip_node_bytes=0 skip_posting_bytes=0 skip_tower_bytes=0 spill_bytes=0
hyperfeed_crucible_interval: profile=diagnostic elapsed_secs=210.565 interval_secs=5.012 interval_tps=371627.79 total_ops=78398757 arena_head_bytes=21888280 fresh_bytes=880 reclaimed_nodes=1485526 retired_backlog=8450 alloc_failure_events=0 retired_postings=0 reclaimed_postings=0
hyperfeed_crucible_fresh: profile=diagnostic elapsed_secs=210.565 general_bytes=0 row_version_bytes=880 skip_node_bytes=0 skip_posting_bytes=0 skip_tower_bytes=0 spill_bytes=0
hyperfeed_crucible_interval: profile=diagnostic elapsed_secs=215.578 interval_secs=5.014 interval_tps=392106.60 total_ops=80364672 arena_head_bytes=21890304 fresh_bytes=2024 reclaimed_nodes=1580864 retired_backlog=319 alloc_failure_events=0 retired_postings=0 reclaimed_postings=0
hyperfeed_crucible_fresh: profile=diagnostic elapsed_secs=215.578 general_bytes=0 row_version_bytes=2024 skip_node_bytes=0 skip_posting_bytes=0 skip_tower_bytes=0 spill_bytes=0
hyperfeed_crucible_interval: profile=diagnostic elapsed_secs=220.581 interval_secs=5.003 interval_tps=396079.26 total_ops=82346253 arena_head_bytes=21892680 fresh_bytes=2376 reclaimed_nodes=1581727 retired_backlog=3840 alloc_failure_events=0 retired_postings=0 reclaimed_postings=0
hyperfeed_crucible_fresh: profile=diagnostic elapsed_secs=220.581 general_bytes=0 row_version_bytes=2376 skip_node_bytes=0 skip_posting_bytes=0 skip_tower_bytes=0 spill_bytes=0
hyperfeed_crucible_interval: profile=diagnostic elapsed_secs=225.605 interval_secs=5.024 interval_tps=384735.01 total_ops=84279147 arena_head_bytes=21894176 fresh_bytes=1496 reclaimed_nodes=1546866 retired_backlog=3287 alloc_failure_events=0 retired_postings=0 reclaimed_postings=0
hyperfeed_crucible_fresh: profile=diagnostic elapsed_secs=225.605 general_bytes=0 row_version_bytes=1496 skip_node_bytes=0 skip_posting_bytes=0 skip_tower_bytes=0 spill_bytes=0
hyperfeed_crucible_interval: profile=diagnostic elapsed_secs=230.618 interval_secs=5.013 interval_tps=357639.85 total_ops=86072000 arena_head_bytes=21894528 fresh_bytes=352 reclaimed_nodes=1432072 retired_backlog=5520 alloc_failure_events=0 retired_postings=0 reclaimed_postings=0
hyperfeed_crucible_fresh: profile=diagnostic elapsed_secs=230.618 general_bytes=0 row_version_bytes=352 skip_node_bytes=0 skip_posting_bytes=0 skip_tower_bytes=0 spill_bytes=0
hyperfeed_crucible_interval: profile=diagnostic elapsed_secs=235.632 interval_secs=5.014 interval_tps=328768.42 total_ops=87720478 arena_head_bytes=21894528 fresh_bytes=0 reclaimed_nodes=1317382 retired_backlog=6927 alloc_failure_events=0 retired_postings=0 reclaimed_postings=0
hyperfeed_crucible_fresh: profile=diagnostic elapsed_secs=235.632 general_bytes=0 row_version_bytes=0 skip_node_bytes=0 skip_posting_bytes=0 skip_tower_bytes=0 spill_bytes=0
hyperfeed_crucible_interval: profile=diagnostic elapsed_secs=240.061 interval_secs=4.428 interval_tps=350670.92 total_ops=89273403 arena_head_bytes=21895232 fresh_bytes=704 reclaimed_nodes=1249256 retired_backlog=0 alloc_failure_events=0 retired_postings=0 reclaimed_postings=0
hyperfeed_crucible_fresh: profile=diagnostic elapsed_secs=240.061 general_bytes=0 row_version_bytes=704 skip_node_bytes=0 skip_posting_bytes=0 skip_tower_bytes=0 spill_bytes=0
hyperfeed_crucible_correctness: profile=diagnostic table_rows=50000 index_postings=50000 exact_match=true
hyperfeed_crucible_stability: profile=diagnostic tail_fresh_bytes=34280 fresh_growth_budget_bytes=18188480 early_interval_tps=370975.80 late_interval_tps=372682.70 retained_tps=1.0046 arena_head_bytes=21895232
hyperfeed_crucible_gc_drain: profile=diagnostic retired_backlog=0 gc_recycle_errors=0 retired_postings=0 reclaimed_postings=0
hyperfeed_crucible_allocation_class: profile=diagnostic class=nodes allocated=59213 reachable=50001 retired=0 reusable=9212
hyperfeed_crucible_allocation_class: profile=diagnostic class=postings allocated=59212 reachable=50000 retired=0 reusable=9212
hyperfeed_crucible_allocation_class: profile=diagnostic class=towers allocated=59269 reachable=50001 retired=0 reusable=9268
hyperfeed_crucible_allocation_class: profile=diagnostic class=tower_lanes allocated=120525 reachable=100506 retired=0 reusable=20019
hyperfeed_crucible_allocation_audit: profile=diagnostic status=pass
hyperfeed_crucible_retry: profile=diagnostic max_insert_attempts=1 pressure_state=0 retry_alloc=0 gc_recycle_errors=0
hyperfeed_crucible_config: profile=diagnostic mode=aerostore_only aerostore_shm_bytes=134217728 workers=16
| Engine | TPS | Total Ops | p50 (us) | p90 (us) | p99 (us) | Upserts | Scans | Hot Upserts | Conflicts | Index Remove Fail | Index Insert Fail |
| aerostore | 371965.79 | 89273403 | 8.19 | 16.38 | 32.77 | 71418851 | 17854552 | 3570949 | 330 | 0 | 0 |
hyperfeed_crucible_engine_timing: profile=diagnostic aerostore_elapsed_secs=240.004 operation_failures=0
hyperfeed_crucible_reclaim: profile=diagnostic vacuum_reclaimed_rows=71418851 index_retired_nodes=71418851 index_reclaimed_nodes=71418851 free_list_pushes=0 free_list_pops=0
hyperfeed_crucible_occ: profile=diagnostic alloc_fresh=15956 reused=71403225
