   Compiling proc-macro2 v1.0.106
   Compiling quote v1.0.44
   Compiling unicode-ident v1.0.24
   Compiling libc v0.2.182
   Compiling cfg-if v1.0.4
   Compiling version_check v0.9.5
   Compiling zerocopy v0.8.40
   Compiling syn v1.0.109
   Compiling serde_core v1.0.228
   Compiling typenum v1.19.0
   Compiling memchr v2.8.0
   Compiling once_cell v1.21.3
   Compiling pin-project-lite v0.2.16
   Compiling crossbeam-utils v0.8.21
   Compiling getrandom v0.3.4
   Compiling serde v1.0.228
   Compiling subtle v2.6.1
   Compiling zmij v1.0.21
   Compiling itoa v1.0.17
   Compiling futures-sink v0.3.32
   Compiling futures-core v0.3.32
   Compiling serde_json v1.0.149
   Compiling tinyvec_macros v0.1.1
   Compiling log v0.4.29
   Compiling ident_case v1.0.1
   Compiling fnv v1.0.7
   Compiling strsim v0.10.0
   Compiling regex-syntax v0.8.10
   Compiling bytes v1.11.1
   Compiling tinyvec v1.10.0
   Compiling rustversion v1.0.22
   Compiling futures-channel v0.3.32
   Compiling smallvec v1.15.1
   Compiling slab v0.4.12
   Compiling futures-io v0.3.32
   Compiling generic-array v0.14.7
   Compiling futures-task v0.3.32
   Compiling bitflags v2.11.0
   Compiling cpufeatures v0.2.17
   Compiling autocfg v1.5.0
   Compiling ahash v0.7.8
   Compiling parking_lot_core v0.9.12
   Compiling unicode-bidi v0.3.18
   Compiling bytecheck v0.6.12
   Compiling rustix v1.1.4
   Compiling find-msvc-tools v0.1.9
   Compiling unicode-properties v0.1.4
   Compiling shlex v1.3.0
   Compiling getrandom v0.4.1
   Compiling tracing-core v0.1.36
   Compiling scopeguard v1.2.0
   Compiling byteorder v1.5.0
   Compiling cc v1.2.56
   Compiling rayon-core v1.13.0
   Compiling siphasher v1.0.2
   Compiling linux-raw-sys v0.12.1
   Compiling rend v0.4.2
   Compiling simdutf8 v0.1.5
   Compiling base64 v0.22.1
   Compiling unicode-normalization v0.1.25
   Compiling either v1.15.0
   Compiling num-traits v0.2.19
   Compiling fallible-iterator v0.2.0
   Compiling phf_shared v0.13.1
   Compiling crossbeam-epoch v0.9.18
   Compiling lock_api v0.4.14
   Compiling plotters-backend v0.3.7
   Compiling anstyle v1.0.13
   Compiling syn v2.0.117
   Compiling crossbeam-deque v0.8.6
   Compiling rkyv v0.7.46
   Compiling lazy_static v1.5.0
   Compiling fastrand v2.3.0
   Compiling clap_lex v1.0.0
   Compiling stringprep v0.1.5
   Compiling ciborium-io v0.2.2
   Compiling rustix v0.38.44
   Compiling plotters-svg v0.3.7
   Compiling sharded-slab v0.1.7
   Compiling clap_builder v4.5.60
   Compiling phf v0.13.1
   Compiling tracing v0.1.44
   Compiling tracing-log v0.2.0
   Compiling itertools v0.10.5
   Compiling crossbeam-queue v0.3.12
   Compiling getrandom v0.2.17
   Compiling mio v1.1.1
   Compiling socket2 v0.6.2
   Compiling block-buffer v0.10.4
   Compiling crypto-common v0.1.7
   Compiling rand_core v0.9.5
   Compiling digest v0.10.7
   Compiling rand_core v0.6.4
   Compiling whoami v2.1.1
   Compiling wait-timeout v0.2.1
   Compiling parking_lot v0.12.5
   Compiling hashbrown v0.12.3
   Compiling hmac v0.12.1
   Compiling sha2 v0.10.9
   Compiling md-5 v0.10.6
   Compiling crossbeam-channel v0.5.15
   Compiling thread_local v1.1.9
   Compiling percent-encoding v2.3.2
   Compiling cast v0.3.0
   Compiling bit-vec v0.8.0
   Compiling nu-ansi-term v0.50.3
   Compiling linux-raw-sys v0.4.15
   Compiling seahash v4.1.0
   Compiling generator v0.8.8
   Compiling quick-error v1.2.3
   Compiling regex-automata v0.4.14
   Compiling minimal-lexical v0.2.1
   Compiling same-file v1.0.6
   Compiling bit-set v0.8.0
   Compiling rayon v1.11.0
   Compiling walkdir v2.5.0
   Compiling plotters v0.3.7
   Compiling crossbeam v0.8.4
   Compiling nom v7.1.3
   Compiling rand_xorshift v0.4.0
   Compiling is-terminal v0.4.17
   Compiling crossbeam-skiplist v0.1.3
   Compiling scoped-tls v1.0.1
   Compiling oorandom v11.1.5
   Compiling unarray v0.1.4
   Compiling hex v0.4.3
   Compiling anes v0.1.6
   Compiling ryu v1.0.23
   Compiling tempfile v3.26.0
   Compiling criterion-plot v0.5.0
   Compiling rusty-fork v0.3.1
   Compiling clap v4.5.60
   Compiling zerocopy-derive v0.8.40
   Compiling serde_derive v1.0.228
   Compiling futures-macro v0.3.32
   Compiling darling_core v0.13.4
   Compiling tokio-macros v2.6.0
   Compiling async-trait v0.1.89
   Compiling aerostore_macros v0.1.0 (/home/zpconn/code/aerostore/aerostore_macros)
   Compiling ptr_meta_derive v0.1.4
   Compiling bytecheck_derive v0.6.12
   Compiling rkyv_derive v0.7.46
   Compiling tokio v1.49.0
   Compiling futures-util v0.3.32
   Compiling ptr_meta v0.1.4
   Compiling matchers v0.2.0
   Compiling regex v1.12.3
   Compiling tracing-subscriber v0.3.22
   Compiling darling_macro v0.13.4
   Compiling darling v0.13.4
   Compiling serde_with_macros v1.5.2
   Compiling loom v0.7.2
   Compiling serde_with v1.14.0
   Compiling bincode v1.3.3
   Compiling tinytemplate v1.2.1
   Compiling futures-executor v0.3.32
   Compiling futures v0.3.32
   Compiling bollard-stubs v1.42.0-rc.3
   Compiling ppv-lite86 v0.2.21
   Compiling half v2.7.1
   Compiling ciborium-ll v0.2.2
   Compiling rand_chacha v0.9.0
   Compiling rand_chacha v0.3.1
   Compiling ciborium v0.2.2
   Compiling rand v0.9.2
   Compiling rand v0.8.5
   Compiling tokio-util v0.7.18
   Compiling criterion v0.5.1
   Compiling postgres-protocol v0.6.10
   Compiling proptest v1.10.0
   Compiling postgres-types v0.2.12
   Compiling aerostore_core v0.1.0 (/home/zpconn/code/aerostore/aerostore_core)
   Compiling tokio-postgres v0.7.16
   Compiling postgres v0.19.12
   Compiling testcontainers v0.15.0
    Finished `release` profile [optimized] target(s) in 12.21s
     Running tests/occ_transactional_index.rs (target/release/deps/occ_transactional_index-80a51d590d615acb)

running 20 tests
test absent_candidate_creation_rejects_one_disjoint_slot_writer ... ok
test all_predicate_forms_detect_a_row_entering_their_result ... ok
test attached_table_cannot_begin_without_complete_registered_index_set ... ok
test concurrent_multirow_key_moves_never_return_a_mixed_successful_snapshot ... ok
test different_equality_keys_do_not_force_table_wide_serialization ... ok
test ignored_lookup_conflict_cannot_be_cleared_by_savepoint_rollback ... ok
test invalid_later_index_key_cannot_partially_publish_rows_or_earlier_indexes ... ok
test managed_indexes_reject_raw_mutations_through_attached_handles ... ok
test newer_overlapping_reader_does_not_inherit_an_obsolete_vacuum_horizon ... ok
test old_snapshot_first_lookup_after_delete_is_complete_or_rejected ... ok
test old_snapshot_first_lookup_after_key_move_is_complete_or_rejected ... ok
test older_writer_committing_after_newer_writer_invalidates_later_snapshot ... ok
test own_writes_nested_savepoints_and_abort_preserve_exact_index_state ... ok
test postcommit_wal_error_leaves_row_and_managed_index_consistent ... ok
test predicate_publication_is_visible_across_independently_mapped_processes ... ok
test repeated_in_members_and_many_colliding_keys_preserve_exact_candidates ... ok
test rollback_to_savepoint_cannot_erase_an_outer_empty_predicate_dependency ... ok
test row_guard_outliving_commit_pins_its_version_without_unlocking_a_later_owner ... ok
test transactional_index_child ... ok
test vacuum_preserves_snapshot_excluding_an_older_late_committing_writer ... ok

test result: ok. 20 passed; 0 failed; 0 ignored; 0 measured; 0 filtered out; finished in 0.05s

     Running tests/occ_write_skew.rs (target/release/deps/occ_write_skew-3ecb2a07744a6d86)

running 6 tests
test ssi_rejects_write_skew_across_distinct_partition_lock_buckets ... ok
test ssi_rejects_write_skew_and_returns_serialization_failure ... ok
test ssi_rejects_write_skew_for_tcl_like_keyed_upserts ... ok
test ssi_rejects_write_skew_when_reads_flow_through_pk_rbo_route ... ok
test ssi_rejects_write_skew_when_reads_flow_through_stapi_planner ... ok
test ssi_rejects_write_skew_with_savepoint_heavy_write_paths ... ok

test result: ok. 6 passed; 0 failed; 0 ignored; 0 measured; 0 filtered out; finished in 0.04s

     Running tests/transactional_query_execution.rs (target/release/deps/transactional_query_execution-e4669511673b166a)

running 8 tests
test chunked_query_read_error_releases_only_its_own_registration ... ok
test indexed_plan_cannot_silently_lose_an_old_snapshots_moved_key ... ok
test missing_primary_map_entry_still_enrolls_the_empty_predicate ... ok
test numeric_primary_key_keeps_its_type_when_using_a_registered_index ... ok
test primary_key_plan_uses_registered_predicate_when_map_is_stale ... ok
test strict_query_errors_release_transaction_registrations ... ok
test strict_snapshot_retries_a_filter_time_write_before_returning_results ... ok
test unbound_stale_index_falls_back_and_rechecks_its_driving_filter ... ok

test result: ok. 8 passed; 0 failed; 0 ignored; 0 measured; 0 filtered out; finished in 0.00s

