TLC2 Version 2026.09.22.222048 (rev: 35d40c9)
Running breadth-first search Model-Checking with fp 0 and seed 1 with 1 worker on 24 cores with 491MB heap and 64MB offheap memory [pid: 964] (Linux 6.6.87.2-microsoft-standard-WSL2 amd64, Ubuntu 21.0.12.1 64bit, MSBDiskFPSet, DiskStateQueue).
Parsing file /tmp/aerostore-tlc-models-uquyd5w5/LiveKeyPosting.tla
Parsing file /tmp/tlc-4820687384736563623/Naturals.tla (jar:file:/home/zpconn/code/aerostore/target/verification-tools/tla/tla2tools.jar!/tla2sany/StandardModules/Naturals.tla)
Parsing file /tmp/tlc-4820687384736563623/FiniteSets.tla (jar:file:/home/zpconn/code/aerostore/target/verification-tools/tla/tla2tools.jar!/tla2sany/StandardModules/FiniteSets.tla)
Parsing file /tmp/tlc-4820687384736563623/Sequences.tla (jar:file:/home/zpconn/code/aerostore/target/verification-tools/tla/tla2tools.jar!/tla2sany/StandardModules/Sequences.tla)
Semantic processing of module Naturals
Semantic processing of module Sequences
Semantic processing of module FiniteSets
Semantic processing of module LiveKeyPosting
Linting of module LiveKeyPosting
Starting... (2026-09-23 09:17:02)
Computing initial states...
Finished computing initial states: 1 distinct state generated at 2026-09-23 09:17:02.
Error: Invariant WitnessNotReached is violated.
Error: The behavior up to this point is:
State 1: <Initial predicate>
/\ reclaimed = FALSE
/\ retired = {}
/\ reachable = {0}
/\ free = {1, 2}

State 2: <Insert(1) line 10, col 14 to line 11, col 48 of module LiveKeyPosting>
/\ reachable = {0, 1}
/\ free = {2}

State 3: <Remove(1) line 12, col 14 to line 13, col 45 of module LiveKeyPosting>
/\ retired = {1}
/\ free = {2}

State 4: <Collect line 14, col 12 to line 16, col 33 of module LiveKeyPosting>
/\ reclaimed = TRUE
/\ retired = {}
/\ reachable = {0}
/\ free = {1, 2}

9 states generated, 8 distinct states found, 3 states left on queue.
The depth of the complete state graph search is 4.
Finished in 00s at (2026-09-23 09:17:02)
