note: verifying root module (selected functions)

note: function body check: not all errors may have been reported; rerun with a higher value for --multiple-errors to find other potential errors in this function
    --> /home/zpconn/code/aerostore/target/verification-planning/final/row-retention/public_omits_kernel_dispatch.rs:1920:1
     |
1920 | pub fn public_vacuum_reclaim_once<D:VacuumDispatch>(driver:&mut D,requested_xmin:u64)->(result:Result<Vec<Reclaimed>,Error>)
     | ^^^^^^^^^^^^^^^^^^^^^^^^^^^^^^^^^^^^^^^^^^^^^^^^^^^^^^^^^^^^^^^^^^^^^^^^^^^^^^^^^^^^^^^^^^^^^^^^^^^^^^^^^^^^^^^^^^^^^^^^^^^

error: postcondition not satisfied
    --> /home/zpconn/code/aerostore/target/verification-planning/final/row-retention/public_omits_kernel_dispatch.rs:1922:13
     |
1922 |     ensures final(driver).dispatched_horizon().is_some(),
     |             ^^^^^^^^^^^^^^^^^^^^^^^^^^^^^^^^^^^^^^^^^^^^ failed this postcondition
...
1928 | Ok(Vec::new())
     | -------------- at the end of the function body

note: recommendation not met
    --> /home/zpconn/code/aerostore/target/verification-planning/final/row-retention/public_omits_kernel_dispatch.rs:1923:9
     |
1923 |         final(driver).dispatched_horizon().unwrap()<=requested_xmin,
     |         ^^^^^^^^^^^^^^^^^^^^^^^^^^^^^^^^^^^^^^^^^^^
     |
    --> std_specs/option.rs:154:8
     |
     = note: recommendation not met

error: postcondition not satisfied
    --> /home/zpconn/code/aerostore/target/verification-planning/final/row-retention/public_omits_kernel_dispatch.rs:1923:9
     |
1923 |         final(driver).dispatched_horizon().unwrap()<=requested_xmin,
     |         ^^^^^^^^^^^^^^^^^^^^^^^^^^^^^^^^^^^^^^^^^^^^^^^^^^^^^^^^^^^ failed this postcondition
...
1928 | Ok(Vec::new())
     | -------------- at the end of the function body

note: recommendation not met
    --> /home/zpconn/code/aerostore/target/verification-planning/final/row-retention/public_omits_kernel_dispatch.rs:1925:13
     |
1925 |             final(driver).dispatched_horizon().unwrap()<=old(driver).state().slots[i].snapshot_xmin,
     |             ^^^^^^^^^^^^^^^^^^^^^^^^^^^^^^^^^^^^^^^^^^^
     |
    --> std_specs/option.rs:154:8
     |
     = note: recommendation not met

verification results:: 0 verified, 1 errors (partial verification with `--verify-*`)
error: aborting due to 2 previous errors

