note: verifying root module (selected functions)

error: assertion failed
    --> /home/zpconn/code/aerostore/target/verification-planning/final/row-retention/skip_native_scan.rs:1768:16
     |
1768 |         assert(reachable(driver.state().image,head_offset) =~= kept);
     |                ^^^^^^^^^^^^^^^^^^^^^^^^^^^^^^^^^^^^^^^^^^^^^^^^^^^^ assertion failed

note: recommendation not met
    --> /home/zpconn/code/aerostore/target/verification-planning/final/row-retention/skip_native_scan.rs:1771:97
     |
1771 | ...   <==> reachable(initial.image,head_offset).contains(p) && p!=head_offset && eligible(initial.image.rows[p],global_xmin) by {
     |                                                                                           ^^^^^^^^^^^^^^^^^^^^^
     |
    --> map.rs:87:12
     |
     = note: recommendation not met

note: recommendation not met
    --> /home/zpconn/code/aerostore/target/verification-planning/final/row-retention/skip_native_scan.rs:1772:95
     |
1772 |             if reachable(initial.image,head_offset).contains(p) && p!=head_offset && eligible(initial.image.rows[p],global_xmin)
     |                                                                                               ^^^^^^^^^^^^^^^^^^^^^
     |
    --> map.rs:87:12
     |
     = note: recommendation not met

verification results:: 1 verified, 1 errors (partial verification with `--verify-*`)
error: aborting due to 1 previous error

