   Compiling aerostore_core v0.1.0 (/home/zpconn/code/aerostore/aerostore_core)
    Finished `bench` profile [optimized] target(s) in 10.42s
     Running benches/hyperfeed_crucible.rs (target/release/deps/hyperfeed_crucible-ad5d5cc489a334b2)
Gnuplot not found, using plotters backend
hyperfeed_crucible_interval: profile=profile_2g elapsed_secs=5.019 interval_secs=5.019 interval_tps=328666.56 total_ops=1649522 arena_head_bytes=32788856 fresh_bytes=14532984 reclaimed_nodes=1315474 retired_backlog=4288 alloc_failure_events=0 retired_postings=0 reclaimed_postings=0
hyperfeed_crucible_fresh: profile=profile_2g elapsed_secs=5.019 general_bytes=0 row_version_bytes=11395560 skip_node_bytes=2219360 skip_posting_bytes=706160 skip_tower_bytes=211904 spill_bytes=0
hyperfeed_crucible_interval: profile=profile_2g elapsed_secs=10.032 interval_secs=5.013 interval_tps=324390.64 total_ops=3275731 arena_head_bytes=33269040 fresh_bytes=480184 reclaimed_nodes=1305273 retired_backlog=0 alloc_failure_events=0 retired_postings=0 reclaimed_postings=0
hyperfeed_crucible_fresh: profile=profile_2g elapsed_secs=10.032 general_bytes=0 row_version_bytes=166320 skip_node_bytes=222112 skip_posting_bytes=70672 skip_tower_bytes=21080 spill_bytes=0
hyperfeed_crucible_interval: profile=profile_2g elapsed_secs=15.044 interval_secs=5.012 interval_tps=328067.04 total_ops=4920165 arena_head_bytes=33564352 fresh_bytes=295312 reclaimed_nodes=1308899 retired_backlog=6633 alloc_failure_events=0 retired_postings=0 reclaimed_postings=0
hyperfeed_crucible_fresh: profile=profile_2g elapsed_secs=15.044 general_bytes=0 row_version_bytes=295152 skip_node_bytes=0 skip_posting_bytes=0 skip_tower_bytes=160 spill_bytes=0
hyperfeed_crucible_interval: profile=profile_2g elapsed_secs=20.065 interval_secs=5.021 interval_tps=323873.30 total_ops=6546290 arena_head_bytes=33575000 fresh_bytes=10648 reclaimed_nodes=1303781 retired_backlog=3744 alloc_failure_events=0 retired_postings=0 reclaimed_postings=0
hyperfeed_crucible_fresh: profile=profile_2g elapsed_secs=20.065 general_bytes=0 row_version_bytes=10296 skip_node_bytes=0 skip_posting_bytes=0 skip_tower_bytes=352 spill_bytes=0
hyperfeed_crucible_interval: profile=profile_2g elapsed_secs=25.080 interval_secs=5.015 interval_tps=304737.85 total_ops=8074400 arena_head_bytes=33591808 fresh_bytes=16808 reclaimed_nodes=1217624 retired_backlog=8623 alloc_failure_events=0 retired_postings=0 reclaimed_postings=0
hyperfeed_crucible_fresh: profile=profile_2g elapsed_secs=25.080 general_bytes=0 row_version_bytes=16808 skip_node_bytes=0 skip_posting_bytes=0 skip_tower_bytes=0 spill_bytes=0
hyperfeed_crucible_interval: profile=profile_2g elapsed_secs=30.089 interval_secs=5.009 interval_tps=289373.16 total_ops=9523929 arena_head_bytes=34539352 fresh_bytes=947544 reclaimed_nodes=1168216 retired_backlog=0 alloc_failure_events=0 retired_postings=0 reclaimed_postings=0
hyperfeed_crucible_fresh: profile=profile_2g elapsed_secs=30.089 general_bytes=0 row_version_bytes=947320 skip_node_bytes=0 skip_posting_bytes=0 skip_tower_bytes=224 spill_bytes=0
hyperfeed_crucible_correctness: profile=profile_2g table_rows=50000 index_postings=50000 exact_match=true
hyperfeed_crucible_stability: profile=profile_2g tail_fresh_bytes=975000 fresh_growth_budget_bytes=18255872 early_interval_tps=327041.41 late_interval_tps=305994.77 retained_tps=0.9356 arena_head_bytes=34539352
hyperfeed_crucible_gc_drain: profile=profile_2g retired_backlog=0 gc_recycle_errors=0 retired_postings=0 reclaimed_postings=0
hyperfeed_crucible_allocation_class: profile=profile_2g class=nodes allocated=63873 reachable=50001 retired=0 reusable=13872
hyperfeed_crucible_allocation_class: profile=profile_2g class=postings allocated=63872 reachable=50000 retired=0 reusable=13872
hyperfeed_crucible_allocation_class: profile=profile_2g class=towers allocated=63879 reachable=50001 retired=0 reusable=13878
hyperfeed_crucible_allocation_class: profile=profile_2g class=tower_lanes allocated=129258 reachable=100072 retired=0 reusable=29186
hyperfeed_crucible_allocation_audit: profile=profile_2g status=pass
hyperfeed_crucible_retry: profile=profile_2g max_insert_attempts=1 pressure_state=0 retry_alloc=0 gc_recycle_errors=0
hyperfeed_crucible_config: profile=profile_2g aerostore_shm_bytes=2147483648 vacuum_interval_ms=25 index_gc_interval_ms=25 workers=16 duration_secs=30 mix_upsert=80 mix_scan=20 hot_upsert_share=5% postgres={synchronous_commit=off,fsync=on,wal_writer_delay=10s}
| Engine | TPS | Total Ops | p50 (us) | p90 (us) | p99 (us) | Upserts | Scans | Hot Upserts | Conflicts | Index Remove Fail | Index Insert Fail |
|---|---:|---:|---:|---:|---:|---:|---:|---:|---:|---:|---:|
| aerostore | 317417.51 | 9523929 | 8.19 | 32.77 | 131.07 | 7619267 | 1904662 | 380969 | 91087 | 0 | 0 |
| postgres | 49760.59 | 1492930 | 262.14 | 262.14 | 524.29 | 1194466 | 298464 | 59728 | 0 | 0 | 0 |
| Engine Memory Telemetry | Source | Peak (MiB) | End (MiB) | Samples | Notes |
|---|---|---:|---:|---:|---|
| aerostore | proc_pss_kb(parent) | 19.87 | 17.79 | 7 | profile_shm_bytes=2147483648 (2048.00 MiB) |
| postgres | docker_stats_mem_usage_kb | 123.80 | 123.80 | 7 | container_runtime_memory |
| Aerostore Reclaim Telemetry | vacuum_reclaimed_rows | index_retired_nodes_delta | index_reclaimed_nodes_delta | free_list_pushes_delta | free_list_pops_delta |
|---|---:|---:|---:|---:|---:|
| profile_2g | 7619267 | 7619267 | 7619267 | 0 | 0 |
| Aerostore Epoch Lag Telemetry | epoch_lag_start | epoch_lag_end | epoch_lag_peak | active_slots_start | active_slots_end |
|---|---:|---:|---:|---:|---:|
| profile_2g | 0 | 0 | 27302 | 0 | 0 |
| Aerostore OCC Recycle Telemetry | alloc_from_starved | alloc_from_primary | alloc_from_probe | alloc_fresh | pop_empty | pop_cas_fail | push_success | push_cas_fail | stash_starved |
|---|---:|---:|---:|---:|---:|---:|---:|---:|---:|
| profile_2g | 0 | 7292113 | 272429 | 145812 | 1157044 | 0 | 7710354 | 0 | 0 |
| Aerostore Index Retry Telemetry | insert_ops | remove_ops | retry_loops | retry_alloc | retry_structural | retry_epoch | max_insert_attempts | max_remove_attempts | gc_nodes_examined | gc_nodes_requeued | gc_recycle_errors | gc_assist_calls | gc_assist_reclaimed | gc_daemon_cycles | gc_daemon_reclaimed | pressure_window_failures | pressure_window_reclaimed | pressure_consecutive_healthy_windows | retired_backlog | pressure_state | pressure_to_normal | pressure_to_warm | pressure_to_hot | alloc_failure_events | reserve_node_pushes | reserve_node_hits | reserve_node_misses | reserve_posting_pushes | reserve_posting_hits | reserve_posting_misses | reserve_tower_pushes | reserve_tower_hits | reserve_tower_misses | retry_phase_b_hits | retry_phase_c_hits |
|---|---:|---:|---:|---:|---:|---:|---:|---:|---:|---:|---:|---:|---:|---:|---:|---:|---:|---:|---:|---:|---:|---:|---:|---:|---:|---:|---:|---:|---:|---:|---:|---:|---:|---:|---:|
| profile_2g | 7669267 | 7619267 | 0 | 0 | 0 | 0 | 1 | 1 | 18874874 | 11255607 | 0 | 0 | 0 | 2295 | 7619267 | 0 | 7619267 | 0 | 0 | 0 | 0 | 0 | 0 | 0 | 0 | 0 | 0 | 0 | 0 | 0 | 0 | 0 | 0 | 0 | 0 |
| Postgres Scan Breakdown | Client RTT p50 (us) | Server Exec p50 (us) | IPC/Protocol p50 (us) | Client RTT p90 (us) | Server Exec p90 (us) | IPC/Protocol p90 (us) | Client RTT p99 (us) | Server Exec p99 (us) | IPC/Protocol p99 (us) |
|---|---:|---:|---:|---:|---:|---:|---:|---:|---:|
| postgres_scan | 262.14 | 16.38 | 245.76 | 262.14 | 32.77 | 229.38 | 524.29 | 65.54 | 458.75 |
| Aerostore Raw Scan | p50 (us) | p90 (us) | p99 (us) |
|---|---:|---:|---:|
| aerostore_scan | 4.10 | 16.38 | 32.77 |
hyperfeed_crucible_summary: profile=profile_2g tps_ratio_aerostore_vs_postgres=6.38x total_p99_ratio=0.250
hyperfeed_crucible_engine_timing: profile=profile_2g aerostore_elapsed_secs=30.004 postgres_elapsed_secs=30.002 aerostore_upsert_p99_us=524.29 postgres_upsert_p99_us=262.14
Benchmarking hyperfeed_crucible/profile_2g_aerostore_vs_postgres_tps_ratio
Benchmarking hyperfeed_crucible/profile_2g_aerostore_vs_postgres_tps_ratio: Warming up for 3.0000 s
Benchmarking hyperfeed_crucible/profile_2g_aerostore_vs_postgres_tps_ratio: Collecting 10 samples in estimated 5.0000 s (27B iterations)
Benchmarking hyperfeed_crucible/profile_2g_aerostore_vs_postgres_tps_ratio: Analyzing
hyperfeed_crucible/profile_2g_aerostore_vs_postgres_tps_ratio
                        time:   [187.00 ps 187.19 ps 187.43 ps]
                        change: [-0.4990% -0.0373% +0.3679%] (p = 0.87 > 0.05)
                        No change in performance detected.
Benchmarking hyperfeed_crucible/profile_2g_aerostore_vs_postgres_p99_ratio
Benchmarking hyperfeed_crucible/profile_2g_aerostore_vs_postgres_p99_ratio: Warming up for 3.0000 s
Benchmarking hyperfeed_crucible/profile_2g_aerostore_vs_postgres_p99_ratio: Collecting 10 samples in estimated 5.0000 s (27B iterations)
Benchmarking hyperfeed_crucible/profile_2g_aerostore_vs_postgres_p99_ratio: Analyzing
hyperfeed_crucible/profile_2g_aerostore_vs_postgres_p99_ratio
                        time:   [189.25 ps 190.45 ps 191.38 ps]
                        change: [-0.7676% +0.0673% +0.9908%] (p = 0.89 > 0.05)
                        No change in performance detected.

