   Compiling aerostore_core v0.1.0 (/home/zpconn/code/aerostore/aerostore_core)
    Finished `bench` profile [optimized] target(s) in 10.76s
     Running benches/hyperfeed_crucible.rs (target/release/deps/hyperfeed_crucible-ad5d5cc489a334b2)
Gnuplot not found, using plotters backend
occ_conflict_trace pid=198 reason=1 count=1
occ_conflict_trace pid=203 reason=1 count=1
occ_conflict_trace pid=205 reason=0 count=1
occ_conflict_trace pid=204 reason=1 count=1
occ_conflict_trace pid=194 reason=1 count=1
occ_conflict_trace pid=195 reason=0 count=1
occ_conflict_trace pid=199 reason=0 count=1
occ_conflict_trace pid=197 reason=0 count=1
occ_conflict_trace pid=202 reason=0 count=1
occ_conflict_trace pid=207 reason=0 count=1
occ_conflict_trace pid=208 reason=1 count=1
occ_conflict_trace pid=194 reason=0 count=1
occ_conflict_trace pid=201 reason=0 count=1
occ_conflict_trace pid=206 reason=0 count=1
occ_conflict_trace pid=203 reason=0 count=1
occ_conflict_trace pid=197 reason=1 count=1
occ_conflict_trace pid=202 reason=1 count=1
occ_conflict_trace pid=196 reason=1 count=1
occ_conflict_trace pid=206 reason=1 count=1
occ_conflict_trace pid=199 reason=1 count=1
occ_conflict_trace pid=198 reason=0 count=1
occ_conflict_trace pid=200 reason=0 count=1
occ_conflict_trace pid=193 reason=1 count=1
occ_conflict_trace pid=207 reason=1 count=1
occ_conflict_trace pid=196 reason=0 count=1
occ_conflict_trace pid=195 reason=1 count=1
occ_conflict_trace pid=205 reason=1 count=1
occ_conflict_trace pid=208 reason=0 count=1
occ_conflict_trace pid=200 reason=1 count=1
occ_conflict_trace pid=204 reason=0 count=1
occ_conflict_trace pid=193 reason=0 count=1
occ_conflict_trace pid=201 reason=1 count=1
occ_conflict_trace pid=193 reason=1 count=256
occ_conflict_trace pid=206 reason=1 count=256
occ_conflict_trace pid=194 reason=1 count=256
occ_conflict_trace pid=203 reason=1 count=256
occ_conflict_trace pid=200 reason=1 count=256
occ_conflict_trace pid=207 reason=1 count=256
occ_conflict_trace pid=198 reason=1 count=256
occ_conflict_trace pid=196 reason=1 count=256
occ_conflict_trace pid=201 reason=1 count=256
occ_conflict_trace pid=205 reason=1 count=256
occ_conflict_trace pid=195 reason=1 count=256
occ_conflict_trace pid=204 reason=1 count=256
occ_conflict_trace pid=199 reason=1 count=256
occ_conflict_trace pid=197 reason=1 count=256
occ_conflict_trace pid=202 reason=1 count=256
occ_conflict_trace pid=208 reason=1 count=256
occ_conflict_trace pid=195 reason=0 count=256
occ_conflict_trace pid=204 reason=0 count=256
occ_conflict_trace pid=203 reason=0 count=256
occ_conflict_trace pid=201 reason=0 count=256
occ_conflict_trace pid=206 reason=0 count=256
occ_conflict_trace pid=205 reason=0 count=256
occ_conflict_trace pid=208 reason=0 count=256
occ_conflict_trace pid=194 reason=0 count=256
occ_conflict_trace pid=196 reason=0 count=256
occ_conflict_trace pid=199 reason=0 count=256
occ_conflict_trace pid=207 reason=0 count=256
occ_conflict_trace pid=193 reason=0 count=256
occ_conflict_trace pid=202 reason=0 count=256
occ_conflict_trace pid=200 reason=0 count=256
occ_conflict_trace pid=198 reason=0 count=256
occ_conflict_trace pid=197 reason=0 count=256
occ_conflict_trace pid=193 reason=1 count=512
occ_conflict_trace pid=207 reason=1 count=512
occ_conflict_trace pid=200 reason=1 count=512
occ_conflict_trace pid=194 reason=1 count=512
occ_conflict_trace pid=198 reason=1 count=512
occ_conflict_trace pid=202 reason=1 count=512
occ_conflict_trace pid=195 reason=1 count=512
occ_conflict_trace pid=197 reason=1 count=512
occ_conflict_trace pid=205 reason=1 count=512
occ_conflict_trace pid=206 reason=1 count=512
occ_conflict_trace pid=203 reason=1 count=512
occ_conflict_trace pid=201 reason=1 count=512
occ_conflict_trace pid=196 reason=1 count=512
occ_conflict_trace pid=204 reason=1 count=512
occ_conflict_trace pid=208 reason=1 count=512
occ_conflict_trace pid=199 reason=1 count=512
occ_conflict_trace pid=195 reason=0 count=512
hyperfeed_crucible_interval: profile=diagnostic elapsed_secs=5.023 interval_secs=5.023 interval_tps=299389.22 total_ops=1503759 arena_head_bytes=31090216 fresh_bytes=12834344 reclaimed_nodes=1199260 retired_backlog=3859 alloc_failure_events=0 retired_postings=0 reclaimed_postings=0
hyperfeed_crucible_fresh: profile=diagnostic elapsed_secs=5.023 general_bytes=0 row_version_bytes=9996800 skip_node_bytes=2008688 skip_posting_bytes=639128 skip_tower_bytes=189728 spill_bytes=0
occ_conflict_trace pid=196 reason=0 count=512
occ_conflict_trace pid=204 reason=0 count=512
occ_conflict_trace pid=199 reason=0 count=512
occ_conflict_trace pid=203 reason=0 count=512
occ_conflict_trace pid=207 reason=0 count=512
occ_conflict_trace pid=194 reason=0 count=512
occ_conflict_trace pid=206 reason=0 count=512
occ_conflict_trace pid=205 reason=0 count=512
occ_conflict_trace pid=208 reason=0 count=512
occ_conflict_trace pid=193 reason=1 count=768
occ_conflict_trace pid=198 reason=0 count=512
occ_conflict_trace pid=202 reason=0 count=512
occ_conflict_trace pid=200 reason=1 count=768
occ_conflict_trace pid=193 reason=0 count=512
occ_conflict_trace pid=200 reason=0 count=512
occ_conflict_trace pid=194 reason=1 count=768
occ_conflict_trace pid=207 reason=1 count=768
occ_conflict_trace pid=197 reason=0 count=512
occ_conflict_trace pid=201 reason=0 count=512
occ_conflict_trace pid=195 reason=1 count=768
occ_conflict_trace pid=202 reason=1 count=768
occ_conflict_trace pid=198 reason=1 count=768
occ_conflict_trace pid=205 reason=1 count=768
occ_conflict_trace pid=206 reason=1 count=768
occ_conflict_trace pid=197 reason=1 count=768
occ_conflict_trace pid=203 reason=1 count=768
occ_conflict_trace pid=201 reason=1 count=768
occ_conflict_trace pid=208 reason=1 count=768
occ_conflict_trace pid=196 reason=1 count=768
occ_conflict_trace pid=204 reason=1 count=768
occ_conflict_trace pid=199 reason=1 count=768
occ_conflict_trace pid=204 reason=0 count=768
occ_conflict_trace pid=193 reason=1 count=1024
occ_conflict_trace pid=195 reason=0 count=768
occ_conflict_trace pid=195 reason=1 count=1024
occ_conflict_trace pid=194 reason=1 count=1024
occ_conflict_trace pid=196 reason=0 count=768
occ_conflict_trace pid=198 reason=1 count=1024
occ_conflict_trace pid=200 reason=1 count=1024
occ_conflict_trace pid=199 reason=0 count=768
occ_conflict_trace pid=207 reason=0 count=768
occ_conflict_trace pid=202 reason=1 count=1024
occ_conflict_trace pid=207 reason=1 count=1024
occ_conflict_trace pid=194 reason=0 count=768
occ_conflict_trace pid=202 reason=0 count=768
occ_conflict_trace pid=205 reason=0 count=768
occ_conflict_trace pid=205 reason=1 count=1024
occ_conflict_trace pid=208 reason=1 count=1024
occ_conflict_trace pid=203 reason=1 count=1024
occ_conflict_trace pid=203 reason=0 count=768
occ_conflict_trace pid=193 reason=0 count=768
occ_conflict_trace pid=206 reason=1 count=1024
occ_conflict_trace pid=197 reason=1 count=1024
occ_conflict_trace pid=208 reason=0 count=768
occ_conflict_trace pid=201 reason=0 count=768
occ_conflict_trace pid=206 reason=0 count=768
occ_conflict_trace pid=196 reason=1 count=1024
occ_conflict_trace pid=200 reason=0 count=768
occ_conflict_trace pid=201 reason=1 count=1024
occ_conflict_trace pid=197 reason=0 count=768
occ_conflict_trace pid=204 reason=1 count=1024
occ_conflict_trace pid=198 reason=0 count=768
occ_conflict_trace pid=199 reason=1 count=1024
occ_conflict_trace pid=193 reason=1 count=1280
occ_conflict_trace pid=195 reason=1 count=1280
occ_conflict_trace pid=194 reason=1 count=1280
hyperfeed_crucible_interval: profile=diagnostic elapsed_secs=10.036 interval_secs=5.014 interval_tps=287143.12 total_ops=2943409 arena_head_bytes=31203160 fresh_bytes=112944 reclaimed_nodes=1151731 retired_backlog=3853 alloc_failure_events=0 retired_postings=0 reclaimed_postings=0
hyperfeed_crucible_fresh: profile=diagnostic elapsed_secs=10.036 general_bytes=0 row_version_bytes=112640 skip_node_bytes=0 skip_posting_bytes=0 skip_tower_bytes=304 spill_bytes=0
occ_conflict_trace pid=198 reason=1 count=1280
occ_conflict_trace pid=203 reason=1 count=1280
occ_conflict_trace pid=208 reason=1 count=1280
occ_conflict_trace pid=204 reason=0 count=1024
occ_conflict_trace pid=200 reason=1 count=1280
occ_conflict_trace pid=197 reason=1 count=1280
occ_conflict_trace pid=207 reason=1 count=1280
occ_conflict_trace pid=202 reason=1 count=1280
occ_conflict_trace pid=205 reason=1 count=1280
occ_conflict_trace pid=207 reason=0 count=1024
occ_conflict_trace pid=196 reason=1 count=1280
occ_conflict_trace pid=206 reason=1 count=1280
occ_conflict_trace pid=195 reason=0 count=1024
occ_conflict_trace pid=202 reason=0 count=1024
occ_conflict_trace pid=194 reason=0 count=1024
occ_conflict_trace pid=205 reason=0 count=1024
occ_conflict_trace pid=199 reason=0 count=1024
occ_conflict_trace pid=196 reason=0 count=1024
occ_conflict_trace pid=204 reason=1 count=1280
occ_conflict_trace pid=201 reason=1 count=1280
occ_conflict_trace pid=193 reason=0 count=1024
occ_conflict_trace pid=208 reason=0 count=1024
occ_conflict_trace pid=199 reason=1 count=1280
occ_conflict_trace pid=201 reason=0 count=1024
occ_conflict_trace pid=200 reason=0 count=1024
occ_conflict_trace pid=206 reason=0 count=1024
occ_conflict_trace pid=203 reason=0 count=1024
occ_conflict_trace pid=197 reason=0 count=1024
occ_conflict_trace pid=193 reason=1 count=1536
occ_conflict_trace pid=195 reason=1 count=1536
occ_conflict_trace pid=198 reason=0 count=1024
occ_conflict_trace pid=200 reason=1 count=1536
occ_conflict_trace pid=198 reason=1 count=1536
occ_conflict_trace pid=203 reason=1 count=1536
occ_conflict_trace pid=194 reason=1 count=1536
occ_conflict_trace pid=208 reason=1 count=1536
occ_conflict_trace pid=197 reason=1 count=1536
occ_conflict_trace pid=207 reason=1 count=1536
occ_conflict_trace pid=206 reason=1 count=1536
occ_conflict_trace pid=202 reason=1 count=1536
occ_conflict_trace pid=205 reason=1 count=1536
occ_conflict_trace pid=204 reason=1 count=1536
occ_conflict_trace pid=204 reason=0 count=1280
occ_conflict_trace pid=196 reason=1 count=1536
occ_conflict_trace pid=207 reason=0 count=1280
occ_conflict_trace pid=199 reason=1 count=1536
occ_conflict_trace pid=202 reason=0 count=1280
occ_conflict_trace pid=201 reason=1 count=1536
occ_conflict_trace pid=196 reason=0 count=1280
occ_conflict_trace pid=205 reason=0 count=1280
occ_conflict_trace pid=193 reason=1 count=1792
occ_conflict_trace pid=201 reason=0 count=1280
occ_conflict_trace pid=194 reason=0 count=1280
occ_conflict_trace pid=195 reason=1 count=1792
occ_conflict_trace pid=193 reason=0 count=1280
occ_conflict_trace pid=199 reason=0 count=1280
occ_conflict_trace pid=195 reason=0 count=1280
occ_conflict_trace pid=203 reason=0 count=1280
occ_conflict_trace pid=208 reason=1 count=1792
occ_conflict_trace pid=203 reason=1 count=1792
occ_conflict_trace pid=197 reason=1 count=1792
occ_conflict_trace pid=206 reason=0 count=1280
occ_conflict_trace pid=200 reason=0 count=1280
occ_conflict_trace pid=208 reason=0 count=1280
occ_conflict_trace pid=198 reason=1 count=1792
occ_conflict_trace pid=194 reason=1 count=1792
occ_conflict_trace pid=200 reason=1 count=1792
occ_conflict_trace pid=202 reason=1 count=1792
occ_conflict_trace pid=205 reason=1 count=1792
occ_conflict_trace pid=206 reason=1 count=1792
occ_conflict_trace pid=207 reason=1 count=1792
occ_conflict_trace pid=197 reason=0 count=1280
occ_conflict_trace pid=198 reason=0 count=1280
occ_conflict_trace pid=204 reason=1 count=1792
hyperfeed_crucible_interval: profile=diagnostic elapsed_secs=15.050 interval_secs=5.013 interval_tps=293758.19 total_ops=4416140 arena_head_bytes=31879096 fresh_bytes=675936 reclaimed_nodes=1175990 retired_backlog=6049 alloc_failure_events=0 retired_postings=0 reclaimed_postings=0
hyperfeed_crucible_fresh: profile=diagnostic elapsed_secs=15.050 general_bytes=0 row_version_bytes=675224 skip_node_bytes=0 skip_posting_bytes=0 skip_tower_bytes=712 spill_bytes=0
occ_conflict_trace pid=196 reason=1 count=1792
occ_conflict_trace pid=199 reason=1 count=1792
occ_conflict_trace pid=193 reason=1 count=2048
occ_conflict_trace pid=201 reason=1 count=1792
occ_conflict_trace pid=195 reason=1 count=2048
occ_conflict_trace pid=204 reason=0 count=1536
occ_conflict_trace pid=207 reason=0 count=1536
occ_conflict_trace pid=208 reason=1 count=2048
occ_conflict_trace pid=196 reason=0 count=1536
occ_conflict_trace pid=197 reason=1 count=2048
occ_conflict_trace pid=199 reason=0 count=1536
occ_conflict_trace pid=201 reason=0 count=1536
occ_conflict_trace pid=203 reason=0 count=1536
occ_conflict_trace pid=203 reason=1 count=2048
occ_conflict_trace pid=194 reason=0 count=1536
occ_conflict_trace pid=206 reason=1 count=2048
occ_conflict_trace pid=200 reason=1 count=2048
occ_conflict_trace pid=205 reason=0 count=1536
occ_conflict_trace pid=202 reason=1 count=2048
occ_conflict_trace pid=198 reason=1 count=2048
occ_conflict_trace pid=194 reason=1 count=2048
occ_conflict_trace pid=202 reason=0 count=1536
occ_conflict_trace pid=205 reason=1 count=2048
occ_conflict_trace pid=193 reason=0 count=1536
occ_conflict_trace pid=206 reason=0 count=1536
occ_conflict_trace pid=207 reason=1 count=2048
occ_conflict_trace pid=195 reason=0 count=1536
occ_conflict_trace pid=200 reason=0 count=1536
occ_conflict_trace pid=204 reason=1 count=2048
occ_conflict_trace pid=199 reason=1 count=2048
occ_conflict_trace pid=197 reason=0 count=1536
occ_conflict_trace pid=208 reason=0 count=1536
occ_conflict_trace pid=196 reason=1 count=2048
occ_conflict_trace pid=201 reason=1 count=2048
occ_conflict_trace pid=193 reason=1 count=2304
occ_conflict_trace pid=198 reason=0 count=1536
occ_conflict_trace pid=195 reason=1 count=2304
occ_conflict_trace pid=208 reason=1 count=2304
occ_conflict_trace pid=204 reason=0 count=1792
occ_conflict_trace pid=203 reason=1 count=2304
occ_conflict_trace pid=197 reason=1 count=2304
occ_conflict_trace pid=198 reason=1 count=2304
occ_conflict_trace pid=202 reason=1 count=2304
occ_conflict_trace pid=200 reason=1 count=2304
occ_conflict_trace pid=194 reason=1 count=2304
occ_conflict_trace pid=206 reason=1 count=2304
occ_conflict_trace pid=207 reason=1 count=2304
occ_conflict_trace pid=205 reason=1 count=2304
occ_conflict_trace pid=201 reason=0 count=1792
occ_conflict_trace pid=196 reason=0 count=1792
occ_conflict_trace pid=205 reason=0 count=1792
occ_conflict_trace pid=199 reason=0 count=1792
occ_conflict_trace pid=207 reason=0 count=1792
occ_conflict_trace pid=194 reason=0 count=1792
occ_conflict_trace pid=203 reason=0 count=1792
occ_conflict_trace pid=206 reason=0 count=1792
occ_conflict_trace pid=204 reason=1 count=2304
occ_conflict_trace pid=193 reason=1 count=2560
occ_conflict_trace pid=195 reason=0 count=1792
occ_conflict_trace pid=199 reason=1 count=2304
occ_conflict_trace pid=202 reason=0 count=1792
occ_conflict_trace pid=201 reason=1 count=2304
occ_conflict_trace pid=200 reason=0 count=1792
occ_conflict_trace pid=196 reason=1 count=2304
occ_conflict_trace pid=193 reason=0 count=1792
occ_conflict_trace pid=195 reason=1 count=2560
hyperfeed_crucible_interval: profile=diagnostic elapsed_secs=20.063 interval_secs=5.013 interval_tps=284914.47 total_ops=5844465 arena_head_bytes=31938400 fresh_bytes=59304 reclaimed_nodes=1148700 retired_backlog=0 alloc_failure_events=0 retired_postings=0 reclaimed_postings=0
hyperfeed_crucible_fresh: profile=diagnostic elapsed_secs=20.063 general_bytes=0 row_version_bytes=59136 skip_node_bytes=0 skip_posting_bytes=0 skip_tower_bytes=168 spill_bytes=0
occ_conflict_trace pid=208 reason=1 count=2560
occ_conflict_trace pid=208 reason=0 count=1792
occ_conflict_trace pid=197 reason=1 count=2560
occ_conflict_trace pid=203 reason=1 count=2560
occ_conflict_trace pid=198 reason=0 count=1792
occ_conflict_trace pid=202 reason=1 count=2560
occ_conflict_trace pid=198 reason=1 count=2560
occ_conflict_trace pid=197 reason=0 count=1792
occ_conflict_trace pid=200 reason=1 count=2560
occ_conflict_trace pid=207 reason=1 count=2560
occ_conflict_trace pid=206 reason=1 count=2560
occ_conflict_trace pid=204 reason=0 count=2048
occ_conflict_trace pid=194 reason=1 count=2560
occ_conflict_trace pid=205 reason=1 count=2560
occ_conflict_trace pid=201 reason=0 count=2048
occ_conflict_trace pid=201 reason=1 count=2560
occ_conflict_trace pid=199 reason=1 count=2560
occ_conflict_trace pid=199 reason=0 count=2048
occ_conflict_trace pid=204 reason=1 count=2560
occ_conflict_trace pid=194 reason=0 count=2048
occ_conflict_trace pid=193 reason=1 count=2816
occ_conflict_trace pid=203 reason=0 count=2048
occ_conflict_trace pid=196 reason=0 count=2048
occ_conflict_trace pid=196 reason=1 count=2560
occ_conflict_trace pid=195 reason=1 count=2816
occ_conflict_trace pid=205 reason=0 count=2048
occ_conflict_trace pid=206 reason=0 count=2048
occ_conflict_trace pid=195 reason=0 count=2048
occ_conflict_trace pid=207 reason=0 count=2048
occ_conflict_trace pid=208 reason=1 count=2816
occ_conflict_trace pid=197 reason=1 count=2816
occ_conflict_trace pid=202 reason=1 count=2816
occ_conflict_trace pid=198 reason=1 count=2816
occ_conflict_trace pid=202 reason=0 count=2048
occ_conflict_trace pid=207 reason=1 count=2816
occ_conflict_trace pid=193 reason=0 count=2048
occ_conflict_trace pid=200 reason=0 count=2048
occ_conflict_trace pid=203 reason=1 count=2816
occ_conflict_trace pid=208 reason=0 count=2048
occ_conflict_trace pid=200 reason=1 count=2816
occ_conflict_trace pid=206 reason=1 count=2816
occ_conflict_trace pid=198 reason=0 count=2048
occ_conflict_trace pid=197 reason=0 count=2048
occ_conflict_trace pid=194 reason=1 count=2816
occ_conflict_trace pid=193 reason=1 count=3072
occ_conflict_trace pid=204 reason=0 count=2304
occ_conflict_trace pid=205 reason=1 count=2816
occ_conflict_trace pid=201 reason=1 count=2816
occ_conflict_trace pid=204 reason=1 count=2816
occ_conflict_trace pid=199 reason=1 count=2816
occ_conflict_trace pid=201 reason=0 count=2304
occ_conflict_trace pid=195 reason=1 count=3072
occ_conflict_trace pid=196 reason=1 count=2816
occ_conflict_trace pid=194 reason=0 count=2304
occ_conflict_trace pid=208 reason=1 count=3072
occ_conflict_trace pid=203 reason=0 count=2304
occ_conflict_trace pid=199 reason=0 count=2304
occ_conflict_trace pid=205 reason=0 count=2304
occ_conflict_trace pid=200 reason=1 count=3072
occ_conflict_trace pid=203 reason=1 count=3072
occ_conflict_trace pid=202 reason=1 count=3072
occ_conflict_trace pid=207 reason=1 count=3072
occ_conflict_trace pid=198 reason=1 count=3072
occ_conflict_trace pid=197 reason=1 count=3072
occ_conflict_trace pid=196 reason=0 count=2304
occ_conflict_trace pid=206 reason=0 count=2304
occ_conflict_trace pid=195 reason=0 count=2304
hyperfeed_crucible_interval: profile=diagnostic elapsed_secs=25.076 interval_secs=5.013 interval_tps=306089.90 total_ops=7378833 arena_head_bytes=31986984 fresh_bytes=48584 reclaimed_nodes=1223324 retired_backlog=4209 alloc_failure_events=0 retired_postings=0 reclaimed_postings=0
hyperfeed_crucible_fresh: profile=diagnostic elapsed_secs=25.076 general_bytes=0 row_version_bytes=13376 skip_node_bytes=24816 skip_posting_bytes=7896 skip_tower_bytes=2496 spill_bytes=0
occ_conflict_trace pid=206 reason=1 count=3072
occ_conflict_trace pid=193 reason=0 count=2304
occ_conflict_trace pid=207 reason=0 count=2304
occ_conflict_trace pid=208 reason=0 count=2304
occ_conflict_trace pid=194 reason=1 count=3072
occ_conflict_trace pid=198 reason=0 count=2304
occ_conflict_trace pid=200 reason=0 count=2304
occ_conflict_trace pid=199 reason=1 count=3072
occ_conflict_trace pid=202 reason=0 count=2304
occ_conflict_trace pid=201 reason=1 count=3072
occ_conflict_trace pid=193 reason=1 count=3328
occ_conflict_trace pid=204 reason=1 count=3072
occ_conflict_trace pid=205 reason=1 count=3072
occ_conflict_trace pid=197 reason=0 count=2304
occ_conflict_trace pid=204 reason=0 count=2560
occ_conflict_trace pid=195 reason=1 count=3328
occ_conflict_trace pid=196 reason=1 count=3072
occ_conflict_trace pid=202 reason=1 count=3328
occ_conflict_trace pid=207 reason=1 count=3328
occ_conflict_trace pid=203 reason=1 count=3328
occ_conflict_trace pid=208 reason=1 count=3328
occ_conflict_trace pid=200 reason=1 count=3328
occ_conflict_trace pid=197 reason=1 count=3328
occ_conflict_trace pid=206 reason=1 count=3328
occ_conflict_trace pid=198 reason=1 count=3328
occ_conflict_trace pid=201 reason=0 count=2560
occ_conflict_trace pid=194 reason=0 count=2560
occ_conflict_trace pid=203 reason=0 count=2560
occ_conflict_trace pid=205 reason=0 count=2560
occ_conflict_trace pid=196 reason=0 count=2560
occ_conflict_trace pid=199 reason=0 count=2560
occ_conflict_trace pid=194 reason=1 count=3328
occ_conflict_trace pid=193 reason=0 count=2560
occ_conflict_trace pid=208 reason=0 count=2560
occ_conflict_trace pid=199 reason=1 count=3328
occ_conflict_trace pid=206 reason=0 count=2560
occ_conflict_trace pid=195 reason=0 count=2560
occ_conflict_trace pid=195 reason=1 count=3584
occ_conflict_trace pid=204 reason=1 count=3328
occ_conflict_trace pid=193 reason=1 count=3584
occ_conflict_trace pid=205 reason=1 count=3328
occ_conflict_trace pid=198 reason=0 count=2560
occ_conflict_trace pid=201 reason=1 count=3328
occ_conflict_trace pid=207 reason=0 count=2560
occ_conflict_trace pid=207 reason=1 count=3584
occ_conflict_trace pid=196 reason=1 count=3328
occ_conflict_trace pid=202 reason=1 count=3584
occ_conflict_trace pid=202 reason=0 count=2560
occ_conflict_trace pid=203 reason=1 count=3584
occ_conflict_trace pid=200 reason=0 count=2560
occ_conflict_trace pid=208 reason=1 count=3584
occ_conflict_trace pid=197 reason=1 count=3584
occ_conflict_trace pid=200 reason=1 count=3584
occ_conflict_trace pid=206 reason=1 count=3584
occ_conflict_trace pid=204 reason=0 count=2816
occ_conflict_trace pid=197 reason=0 count=2560
occ_conflict_trace pid=198 reason=1 count=3584
occ_conflict_trace pid=201 reason=0 count=2816
occ_conflict_trace pid=194 reason=1 count=3584
occ_conflict_trace pid=194 reason=0 count=2816
occ_conflict_trace pid=199 reason=1 count=3584
occ_conflict_trace pid=195 reason=1 count=3840
hyperfeed_crucible_interval: profile=diagnostic elapsed_secs=30.074 interval_secs=4.998 interval_tps=300817.14 total_ops=8882324 arena_head_bytes=32037016 fresh_bytes=50032 reclaimed_nodes=1206939 retired_backlog=0 alloc_failure_events=0 retired_postings=0 reclaimed_postings=0
hyperfeed_crucible_fresh: profile=diagnostic elapsed_secs=30.074 general_bytes=0 row_version_bytes=49808 skip_node_bytes=0 skip_posting_bytes=0 skip_tower_bytes=224 spill_bytes=0
hyperfeed_crucible_correctness: profile=diagnostic table_rows=50000 index_postings=50000 exact_match=true
hyperfeed_crucible_stability: profile=diagnostic tail_fresh_bytes=157920 fresh_growth_budget_bytes=18255872 early_interval_tps=293430.18 late_interval_tps=297273.84 retained_tps=1.0131 arena_head_bytes=32037016
hyperfeed_crucible_gc_drain: profile=diagnostic retired_backlog=0 gc_recycle_errors=0 retired_postings=0 reclaimed_postings=0
hyperfeed_crucible_allocation_class: profile=diagnostic class=nodes allocated=61555 reachable=50001 retired=0 reusable=11554
hyperfeed_crucible_allocation_class: profile=diagnostic class=postings allocated=61554 reachable=50000 retired=0 reusable=11554
hyperfeed_crucible_allocation_class: profile=diagnostic class=towers allocated=61559 reachable=50001 retired=0 reusable=11558
hyperfeed_crucible_allocation_class: profile=diagnostic class=tower_lanes allocated=124247 reachable=100195 retired=0 reusable=24052
hyperfeed_crucible_allocation_audit: profile=diagnostic status=pass
hyperfeed_crucible_retry: profile=diagnostic max_insert_attempts=1 pressure_state=0 retry_alloc=0 gc_recycle_errors=0
hyperfeed_crucible_config: profile=diagnostic mode=aerostore_only aerostore_shm_bytes=134217728 workers=16
| Engine | TPS | Total Ops | p50 (us) | p90 (us) | p99 (us) | Upserts | Scans | Hot Upserts | Conflicts | Index Remove Fail | Index Insert Fail |
| aerostore | 296033.35 | 8882324 | 8.19 | 32.77 | 524.29 | 7105944 | 1776380 | 355305 | 103205 | 0 | 0 |
hyperfeed_crucible_engine_timing: profile=diagnostic aerostore_elapsed_secs=30.004 operation_failures=0
hyperfeed_crucible_reclaim: profile=diagnostic vacuum_reclaimed_rows=7105944 index_retired_nodes=7105944 index_reclaimed_nodes=7105944 free_list_pushes=0 free_list_pops=0
hyperfeed_crucible_occ: profile=diagnostic alloc_fresh=123943 reused=7085206
