note: verifying root module (selected functions)

note: function body check: not all errors may have been reported; rerun with a higher value for --multiple-errors to find other potential errors in this function
   --> /home/zpconn/code/aerostore/target/verification-p1-completion/final/lifecycle-interference/clear_wrong_native_owner.rs:766:1
    |
766 | / pub fn end_transaction_acquired<D: LockedPrimitives>(driver: &mut D, registration: ProcArrayRegistration)
767 | |     -> (result: Result<(), ProcArrayError>)
    | |__________________________________________^

error: postcondition not satisfied
   --> /home/zpconn/code/aerostore/target/verification-p1-completion/final/lifecycle-interference/clear_wrong_native_owner.rs:770:65
    |
770 |     ensures final(driver).identity() == old(driver).identity(), well_formed(final(driver).state()), final(driver).state().lifecycle...
    |                                                                 ^^^^^^^^^^^^^^^^^^^^^^^^^^^^^^^^^^ failed this postcondition
...
805 | Ok ( ( ) )
    | ---------- at the end of the function body

error: postcondition not satisfied
   --> /home/zpconn/code/aerostore/target/verification-p1-completion/final/lifecycle-interference/clear_wrong_native_owner.rs:774:9
    |
774 | /         result.is_ok() ==> registration.slot_idx < PROCARRAY_SLOTS
775 | |             && old(driver).state().slots[registration.slot_idx as int].txid == registration.txid
776 | |             && final(driver).state().slots == old(driver).state().slots.update(registration.slot_idx as int,
777 | |                 Slot { txid: 0, snapshot_xmin: 0 }),
    | |___________________________________________________^ failed this postcondition
...
805 |   Ok ( ( ) )
    |   ---------- at the end of the function body

verification results:: 0 verified, 1 errors (partial verification with `--verify-*`)
error: aborting due to 2 previous errors

