note: verifying root module (selected functions)

note: function body check: not all errors may have been reported; rerun with a higher value for --multiple-errors to find other potential errors in this function
   --> /home/zpconn/code/aerostore/target/verification-p1-completion/final/lifecycle-interference/return_preacquisition_end_view.rs:948:1
    |
948 | / pub fn end_after_wait<D: WaitingPrimitives>(driver: &mut D, registration: ProcArrayRegistration,
949 | |     Tracked(owner): Tracked<OwnerToken>) -> (out: (Result<(), ProcArrayError>, Ghost<State>))
    | |____________________________________________________________________________________________^

error: postcondition not satisfied
   --> /home/zpconn/code/aerostore/target/verification-p1-completion/final/lifecycle-interference/return_preacquisition_end_view.rs:953:30
    |
953 |         well_formed(out.1@), out.1@.lifecycle_held,
    |                              ^^^^^^^^^^^^^^^^^^^^^ failed this postcondition
...
964 |     (result, Ghost(entry))
    |     ---------------------- at the end of the function body

error: postcondition not satisfied
   --> /home/zpconn/code/aerostore/target/verification-p1-completion/final/lifecycle-interference/return_preacquisition_end_view.rs:957:9
    |
957 |         final(driver).state().slots == out.1@.slots.update(registration.slot_idx as int, Slot { txid: 0, snapshot_xmin: 0 }),
    |         ^^^^^^^^^^^^^^^^^^^^^^^^^^^^^^^^^^^^^^^^^^^^^^^^^^^^^^^^^^^^^^^^^^^^^^^^^^^^^^^^^^^^^^^^^^^^^^^^^^^^^^^^^^^^^^^^^^^^ failed this postcondition
...
964 |     (result, Ghost(entry))
    |     ---------------------- at the end of the function body

verification results:: 0 verified, 1 errors (partial verification with `--verify-*`)
error: aborting due to 2 previous errors

