note: verifying root module (selected functions)

note: function body check: not all errors may have been reported; rerun with a higher value for --multiple-errors to find other potential errors in this function
    --> /home/zpconn/code/aerostore/target/verification-p1-completion/final/publication-slice/discard_acquired_guards.rs:1118:1
     |
1118 | / pub fn acquire_required_guards<P: predicate::Primitives, C: predicate::PairSet, G: guards::Primitives>(
1119 | |     driver: &P, locks: &G, tx: &predicate::OccTransaction, changes: &Vec<predicate::IndexChange>)
1120 | |     -> (result: Result<Locked, Error>)
     | |_____________________________________^

error: postcondition not satisfied
    --> /home/zpconn/code/aerostore/target/verification-p1-completion/final/publication-slice/discard_acquired_guards.rs:1125:9
     |
1125 |           result.is_ok() ==> guards::guards_match(locks.registry(), result.unwrap().keys@, result.unwrap().guards@),
     |           ^^^^^^^^^^^^^^^^^^^^^^^^^^^^^^^^^^^^^^^^^^^^^^^^^^^^^^^^^^^^^^^^^^^^^^^^^^^^^^^^^^^^^^^^^^^^^^^^^^^^^^^^^ failed this postcondition
...
1128 | / {
1129 | |     let keys = match predicate::index_lock_keys::<P, C>(driver, tx, changes) {
1130 | |         Ok(keys) => keys,
1131 | |         Err(_) => return Err(Error::Keys),
...    |
1149 | |     Ok(Locked { keys, guards: Vec::new() })
1150 | | }
     | |_- at the end of the function body

error: postcondition not satisfied
    --> /home/zpconn/code/aerostore/target/verification-p1-completion/final/publication-slice/discard_acquired_guards.rs:1127:9
     |
1127 |           result.is_ok() ==> covers(locks.registry(), result.unwrap().guards@, needed(driver.state(), *tx, changes@)),
     |           ^^^^^^^^^^^^^^^^^^^^^^^^^^^^^^^^^^^^^^^^^^^^^^^^^^^^^^^^^^^^^^^^^^^^^^^^^^^^^^^^^^^^^^^^^^^^^^^^^^^^^^^^^^^ failed this postcondition
1128 | / {
1129 | |     let keys = match predicate::index_lock_keys::<P, C>(driver, tx, changes) {
1130 | |         Ok(keys) => keys,
1131 | |         Err(_) => return Err(Error::Keys),
...    |
1149 | |     Ok(Locked { keys, guards: Vec::new() })
1150 | | }
     | |_- at the end of the function body

verification results:: 0 verified, 1 errors (partial verification with `--verify-*`)
error: aborting due to 2 previous errors

