Gnuplot not found, using plotters backend
hyperfeed_crucible_interval: profile=diagnostic elapsed_secs=5.014 interval_secs=5.014 interval_tps=318723.16 total_ops=1598128 arena_head_bytes=33710000 fresh_bytes=13549296 reclaimed_nodes=1273010 retired_backlog=5638 alloc_failure_events=0 retired_postings=0 reclaimed_postings=0
hyperfeed_crucible_fresh: profile=diagnostic elapsed_secs=5.014 general_bytes=0 row_version_bytes=10110408 skip_node_bytes=2437776 skip_posting_bytes=775656 skip_tower_bytes=225456 spill_bytes=0
hyperfeed_crucible_interval: profile=diagnostic elapsed_secs=10.028 interval_secs=5.014 interval_tps=314674.21 total_ops=3176007 arena_head_bytes=33733896 fresh_bytes=23896 reclaimed_nodes=1264884 retired_backlog=3033 alloc_failure_events=0 retired_postings=0 reclaimed_postings=0
hyperfeed_crucible_fresh: profile=diagnostic elapsed_secs=10.028 general_bytes=0 row_version_bytes=23408 skip_node_bytes=0 skip_posting_bytes=0 skip_tower_bytes=488 spill_bytes=0
hyperfeed_crucible_interval: profile=diagnostic elapsed_secs=15.040 interval_secs=5.011 interval_tps=309202.42 total_ops=4725538 arena_head_bytes=33785640 fresh_bytes=51744 reclaimed_nodes=1238748 retired_backlog=3916 alloc_failure_events=0 retired_postings=0 reclaimed_postings=0
hyperfeed_crucible_fresh: profile=diagnostic elapsed_secs=15.040 general_bytes=0 row_version_bytes=51744 skip_node_bytes=0 skip_posting_bytes=0 skip_tower_bytes=0 spill_bytes=0
hyperfeed_crucible_interval: profile=diagnostic elapsed_secs=20.061 interval_secs=5.022 interval_tps=308874.45 total_ops=6276575 arena_head_bytes=33927056 fresh_bytes=141416 reclaimed_nodes=1242858 retired_backlog=1891 alloc_failure_events=0 retired_postings=0 reclaimed_postings=0
hyperfeed_crucible_fresh: profile=diagnostic elapsed_secs=20.061 general_bytes=0 row_version_bytes=141416 skip_node_bytes=0 skip_posting_bytes=0 skip_tower_bytes=0 spill_bytes=0
hyperfeed_crucible_interval: profile=diagnostic elapsed_secs=25.074 interval_secs=5.013 interval_tps=285030.75 total_ops=7705319 arena_head_bytes=34133504 fresh_bytes=206448 reclaimed_nodes=1142667 retired_backlog=2229 alloc_failure_events=0 retired_postings=0 reclaimed_postings=0
hyperfeed_crucible_fresh: profile=diagnostic elapsed_secs=25.074 general_bytes=0 row_version_bytes=206448 skip_node_bytes=0 skip_posting_bytes=0 skip_tower_bytes=0 spill_bytes=0
hyperfeed_crucible_interval: profile=diagnostic elapsed_secs=30.076 interval_secs=5.002 interval_tps=271817.90 total_ops=9064963 arena_head_bytes=34922848 fresh_bytes=789344 reclaimed_nodes=1089953 retired_backlog=0 alloc_failure_events=0 retired_postings=0 reclaimed_postings=0
hyperfeed_crucible_fresh: profile=diagnostic elapsed_secs=30.076 general_bytes=0 row_version_bytes=734448 skip_node_bytes=38896 skip_posting_bytes=12376 skip_tower_bytes=3624 spill_bytes=0
hyperfeed_crucible_correctness: profile=diagnostic table_rows=50000 index_postings=50000 exact_match=true
hyperfeed_crucible_stability: profile=diagnostic tail_fresh_bytes=1137208 fresh_growth_budget_bytes=20160704 early_interval_tps=314199.93 late_interval_tps=288574.37 retained_tps=0.9184 arena_head_bytes=34922848
hyperfeed_crucible_gc_drain: profile=diagnostic retired_backlog=0 gc_recycle_errors=0 retired_postings=0 reclaimed_postings=0
hyperfeed_crucible_allocation_class: profile=diagnostic class=nodes allocated=64073 reachable=50001 retired=0 reusable=14072
hyperfeed_crucible_allocation_class: profile=diagnostic class=postings allocated=64072 reachable=50000 retired=0 reusable=14072
hyperfeed_crucible_allocation_class: profile=diagnostic class=towers allocated=64073 reachable=50001 retired=0 reusable=14072
hyperfeed_crucible_allocation_class: profile=diagnostic class=tower_lanes allocated=129270 reachable=100586 retired=0 reusable=28684
hyperfeed_crucible_allocation_audit: profile=diagnostic status=pass
hyperfeed_crucible_retry: profile=diagnostic max_insert_attempts=1 pressure_state=0 retry_alloc=0 gc_recycle_errors=0
hyperfeed_crucible_latency_bounds: profile=diagnostic engine=aerostore histogram_subdivisions=64 samples=9064963 p99_lower_ns=130048 p99_upper_ns=131071
hyperfeed_crucible_config: profile=diagnostic mode=aerostore_only aerostore_shm_bytes=134217728 workers=16
| Engine | TPS | Total Ops | p50 upper (us) | p90 upper (us) | p99 upper (us) | Upserts | Scans | Hot Upserts | Conflicts | Index Remove Fail | Index Insert Fail |
| aerostore | 302101.47 | 9064963 | 16.25 | 44.54 | 131.07 | 7252120 | 1812843 | 362612 | 77732 | 0 | 0 |
hyperfeed_crucible_engine_timing: profile=diagnostic aerostore_elapsed_secs=30.006 operation_failures=0
hyperfeed_crucible_reclaim: profile=diagnostic vacuum_reclaimed_rows=7252120 index_retired_nodes=7252120 index_reclaimed_nodes=7252120 free_list_pushes=0 free_list_pops=0
hyperfeed_crucible_occ: profile=diagnostic alloc_fresh=128044 reused=7201808
