Gnuplot not found, using plotters backend
hyperfeed_crucible_interval: profile=diagnostic elapsed_secs=5.013 interval_secs=5.013 interval_tps=320391.37 total_ops=1606027 arena_head_bytes=32443368 fresh_bytes=14187496 reclaimed_nodes=1279791 retired_backlog=5161 alloc_failure_events=0 retired_postings=0 reclaimed_postings=0
hyperfeed_crucible_fresh: profile=diagnostic elapsed_secs=5.013 general_bytes=0 row_version_bytes=11013816 skip_node_bytes=2244176 skip_posting_bytes=714056 skip_tower_bytes=215448 spill_bytes=0
hyperfeed_crucible_interval: profile=diagnostic elapsed_secs=10.028 interval_secs=5.015 interval_tps=316959.95 total_ops=3195626 arena_head_bytes=32732096 fresh_bytes=288728 reclaimed_nodes=1276891 retired_backlog=0 alloc_failure_events=0 retired_postings=0 reclaimed_postings=0
hyperfeed_crucible_fresh: profile=diagnostic elapsed_secs=10.028 general_bytes=0 row_version_bytes=69784 skip_node_bytes=155232 skip_posting_bytes=49392 skip_tower_bytes=14320 spill_bytes=0
hyperfeed_crucible_interval: profile=diagnostic elapsed_secs=15.042 interval_secs=5.014 interval_tps=320457.41 total_ops=4802447 arena_head_bytes=32895760 fresh_bytes=163664 reclaimed_nodes=1279825 retired_backlog=5571 alloc_failure_events=0 retired_postings=0 reclaimed_postings=0
hyperfeed_crucible_fresh: profile=diagnostic elapsed_secs=15.042 general_bytes=0 row_version_bytes=163504 skip_node_bytes=0 skip_posting_bytes=0 skip_tower_bytes=160 spill_bytes=0
hyperfeed_crucible_interval: profile=diagnostic elapsed_secs=20.042 interval_secs=5.000 interval_tps=314602.54 total_ops=6375589 arena_head_bytes=33484656 fresh_bytes=588896 reclaimed_nodes=1261577 retired_backlog=2505 alloc_failure_events=0 retired_postings=0 reclaimed_postings=0
hyperfeed_crucible_fresh: profile=diagnostic elapsed_secs=20.042 general_bytes=0 row_version_bytes=588544 skip_node_bytes=0 skip_posting_bytes=0 skip_tower_bytes=352 spill_bytes=0
hyperfeed_crucible_interval: profile=diagnostic elapsed_secs=25.056 interval_secs=5.014 interval_tps=310676.68 total_ops=7933250 arena_head_bytes=33543792 fresh_bytes=59136 reclaimed_nodes=1244079 retired_backlog=4545 alloc_failure_events=0 retired_postings=0 reclaimed_postings=0
hyperfeed_crucible_fresh: profile=diagnostic elapsed_secs=25.056 general_bytes=0 row_version_bytes=59136 skip_node_bytes=0 skip_posting_bytes=0 skip_tower_bytes=0 spill_bytes=0
hyperfeed_crucible_interval: profile=diagnostic elapsed_secs=30.071 interval_secs=5.015 interval_tps=317359.32 total_ops=9524682 arena_head_bytes=34314632 fresh_bytes=770840 reclaimed_nodes=1270866 retired_backlog=6854 alloc_failure_events=0 retired_postings=0 reclaimed_postings=0
hyperfeed_crucible_fresh: profile=diagnostic elapsed_secs=30.071 general_bytes=0 row_version_bytes=770616 skip_node_bytes=0 skip_posting_bytes=0 skip_tower_bytes=224 spill_bytes=0
hyperfeed_crucible_interval: profile=diagnostic elapsed_secs=35.085 interval_secs=5.014 interval_tps=312476.89 total_ops=11091488 arena_head_bytes=34314632 fresh_bytes=0 reclaimed_nodes=1252789 retired_backlog=7486 alloc_failure_events=0 retired_postings=0 reclaimed_postings=0
hyperfeed_crucible_fresh: profile=diagnostic elapsed_secs=35.085 general_bytes=0 row_version_bytes=0 skip_node_bytes=0 skip_posting_bytes=0 skip_tower_bytes=0 spill_bytes=0
hyperfeed_crucible_interval: profile=diagnostic elapsed_secs=40.099 interval_secs=5.015 interval_tps=317946.81 total_ops=12685841 arena_head_bytes=34473736 fresh_bytes=159104 reclaimed_nodes=1274739 retired_backlog=8227 alloc_failure_events=0 retired_postings=0 reclaimed_postings=0
hyperfeed_crucible_fresh: profile=diagnostic elapsed_secs=40.099 general_bytes=0 row_version_bytes=159104 skip_node_bytes=0 skip_posting_bytes=0 skip_tower_bytes=0 spill_bytes=0
hyperfeed_crucible_interval: profile=diagnostic elapsed_secs=45.114 interval_secs=5.015 interval_tps=315449.45 total_ops=14267670 arena_head_bytes=34473736 fresh_bytes=0 reclaimed_nodes=1271867 retired_backlog=1827 alloc_failure_events=0 retired_postings=0 reclaimed_postings=0
hyperfeed_crucible_fresh: profile=diagnostic elapsed_secs=45.114 general_bytes=0 row_version_bytes=0 skip_node_bytes=0 skip_posting_bytes=0 skip_tower_bytes=0 spill_bytes=0
hyperfeed_crucible_interval: profile=diagnostic elapsed_secs=50.130 interval_secs=5.016 interval_tps=313847.37 total_ops=15842014 arena_head_bytes=34477696 fresh_bytes=3960 reclaimed_nodes=1258583 retired_backlog=2739 alloc_failure_events=0 retired_postings=0 reclaimed_postings=0
hyperfeed_crucible_fresh: profile=diagnostic elapsed_secs=50.130 general_bytes=0 row_version_bytes=3960 skip_node_bytes=0 skip_posting_bytes=0 skip_tower_bytes=0 spill_bytes=0
hyperfeed_crucible_interval: profile=diagnostic elapsed_secs=55.132 interval_secs=5.001 interval_tps=308911.26 total_ops=17386972 arena_head_bytes=34477696 fresh_bytes=0 reclaimed_nodes=1235151 retired_backlog=3542 alloc_failure_events=0 retired_postings=0 reclaimed_postings=0
hyperfeed_crucible_fresh: profile=diagnostic elapsed_secs=55.132 general_bytes=0 row_version_bytes=0 skip_node_bytes=0 skip_posting_bytes=0 skip_tower_bytes=0 spill_bytes=0
hyperfeed_crucible_interval: profile=diagnostic elapsed_secs=60.146 interval_secs=5.014 interval_tps=313493.00 total_ops=18958881 arena_head_bytes=34479808 fresh_bytes=2112 reclaimed_nodes=1256232 retired_backlog=4849 alloc_failure_events=0 retired_postings=0 reclaimed_postings=0
hyperfeed_crucible_fresh: profile=diagnostic elapsed_secs=60.146 general_bytes=0 row_version_bytes=2112 skip_node_bytes=0 skip_posting_bytes=0 skip_tower_bytes=0 spill_bytes=0
hyperfeed_crucible_interval: profile=diagnostic elapsed_secs=65.159 interval_secs=5.013 interval_tps=314945.10 total_ops=20537630 arena_head_bytes=34480160 fresh_bytes=352 reclaimed_nodes=1264344 retired_backlog=3477 alloc_failure_events=0 retired_postings=0 reclaimed_postings=0
hyperfeed_crucible_fresh: profile=diagnostic elapsed_secs=65.159 general_bytes=0 row_version_bytes=352 skip_node_bytes=0 skip_posting_bytes=0 skip_tower_bytes=0 spill_bytes=0
hyperfeed_crucible_interval: profile=diagnostic elapsed_secs=70.173 interval_secs=5.014 interval_tps=318002.51 total_ops=22132120 arena_head_bytes=34480336 fresh_bytes=176 reclaimed_nodes=1278106 retired_backlog=970 alloc_failure_events=0 retired_postings=0 reclaimed_postings=0
hyperfeed_crucible_fresh: profile=diagnostic elapsed_secs=70.173 general_bytes=0 row_version_bytes=176 skip_node_bytes=0 skip_posting_bytes=0 skip_tower_bytes=0 spill_bytes=0
hyperfeed_crucible_interval: profile=diagnostic elapsed_secs=75.186 interval_secs=5.014 interval_tps=315601.33 total_ops=23714512 arena_head_bytes=34481480 fresh_bytes=1144 reclaimed_nodes=1261866 retired_backlog=5040 alloc_failure_events=0 retired_postings=0 reclaimed_postings=0
hyperfeed_crucible_fresh: profile=diagnostic elapsed_secs=75.186 general_bytes=0 row_version_bytes=1144 skip_node_bytes=0 skip_posting_bytes=0 skip_tower_bytes=0 spill_bytes=0
hyperfeed_crucible_interval: profile=diagnostic elapsed_secs=80.209 interval_secs=5.023 interval_tps=311233.47 total_ops=25277763 arena_head_bytes=34481832 fresh_bytes=352 reclaimed_nodes=1253726 retired_backlog=1891 alloc_failure_events=0 retired_postings=0 reclaimed_postings=0
hyperfeed_crucible_fresh: profile=diagnostic elapsed_secs=80.209 general_bytes=0 row_version_bytes=352 skip_node_bytes=0 skip_posting_bytes=0 skip_tower_bytes=0 spill_bytes=0
hyperfeed_crucible_interval: profile=diagnostic elapsed_secs=85.224 interval_secs=5.015 interval_tps=308456.50 total_ops=26824684 arena_head_bytes=34492040 fresh_bytes=10208 reclaimed_nodes=1236039 retired_backlog=3393 alloc_failure_events=0 retired_postings=0 reclaimed_postings=0
hyperfeed_crucible_fresh: profile=diagnostic elapsed_secs=85.224 general_bytes=0 row_version_bytes=10208 skip_node_bytes=0 skip_posting_bytes=0 skip_tower_bytes=0 spill_bytes=0
hyperfeed_crucible_interval: profile=diagnostic elapsed_secs=90.239 interval_secs=5.014 interval_tps=317046.78 total_ops=28414447 arena_head_bytes=34492040 fresh_bytes=0 reclaimed_nodes=1267173 retired_backlog=8059 alloc_failure_events=0 retired_postings=0 reclaimed_postings=0
hyperfeed_crucible_fresh: profile=diagnostic elapsed_secs=90.239 general_bytes=0 row_version_bytes=0 skip_node_bytes=0 skip_posting_bytes=0 skip_tower_bytes=0 spill_bytes=0
hyperfeed_crucible_interval: profile=diagnostic elapsed_secs=95.252 interval_secs=5.014 interval_tps=314732.38 total_ops=29992478 arena_head_bytes=34496088 fresh_bytes=4048 reclaimed_nodes=1263623 retired_backlog=6846 alloc_failure_events=0 retired_postings=0 reclaimed_postings=0
hyperfeed_crucible_fresh: profile=diagnostic elapsed_secs=95.252 general_bytes=0 row_version_bytes=4048 skip_node_bytes=0 skip_posting_bytes=0 skip_tower_bytes=0 spill_bytes=0
hyperfeed_crucible_interval: profile=diagnostic elapsed_secs=100.267 interval_secs=5.015 interval_tps=317828.80 total_ops=31586233 arena_head_bytes=34496088 fresh_bytes=0 reclaimed_nodes=1277735 retired_backlog=4111 alloc_failure_events=0 retired_postings=0 reclaimed_postings=0
hyperfeed_crucible_fresh: profile=diagnostic elapsed_secs=100.267 general_bytes=0 row_version_bytes=0 skip_node_bytes=0 skip_posting_bytes=0 skip_tower_bytes=0 spill_bytes=0
hyperfeed_crucible_interval: profile=diagnostic elapsed_secs=105.281 interval_secs=5.014 interval_tps=315567.24 total_ops=33168537 arena_head_bytes=34496440 fresh_bytes=352 reclaimed_nodes=1267923 retired_backlog=2026 alloc_failure_events=0 retired_postings=0 reclaimed_postings=0
hyperfeed_crucible_fresh: profile=diagnostic elapsed_secs=105.281 general_bytes=0 row_version_bytes=352 skip_node_bytes=0 skip_posting_bytes=0 skip_tower_bytes=0 spill_bytes=0
hyperfeed_crucible_interval: profile=diagnostic elapsed_secs=110.297 interval_secs=5.016 interval_tps=314513.92 total_ops=34746200 arena_head_bytes=34496704 fresh_bytes=264 reclaimed_nodes=1260143 retired_backlog=4040 alloc_failure_events=0 retired_postings=0 reclaimed_postings=0
hyperfeed_crucible_fresh: profile=diagnostic elapsed_secs=110.297 general_bytes=0 row_version_bytes=264 skip_node_bytes=0 skip_posting_bytes=0 skip_tower_bytes=0 spill_bytes=0
hyperfeed_crucible_interval: profile=diagnostic elapsed_secs=115.302 interval_secs=5.005 interval_tps=306502.05 total_ops=36280130 arena_head_bytes=34496792 fresh_bytes=88 reclaimed_nodes=1227872 retired_backlog=3298 alloc_failure_events=0 retired_postings=0 reclaimed_postings=0
hyperfeed_crucible_fresh: profile=diagnostic elapsed_secs=115.302 general_bytes=0 row_version_bytes=88 skip_node_bytes=0 skip_posting_bytes=0 skip_tower_bytes=0 spill_bytes=0
hyperfeed_crucible_interval: profile=diagnostic elapsed_secs=120.318 interval_secs=5.016 interval_tps=315784.41 total_ops=37864042 arena_head_bytes=34499168 fresh_bytes=2376 reclaimed_nodes=1261793 retired_backlog=8625 alloc_failure_events=0 retired_postings=0 reclaimed_postings=0
hyperfeed_crucible_fresh: profile=diagnostic elapsed_secs=120.318 general_bytes=0 row_version_bytes=2376 skip_node_bytes=0 skip_posting_bytes=0 skip_tower_bytes=0 spill_bytes=0
hyperfeed_crucible_interval: profile=diagnostic elapsed_secs=125.332 interval_secs=5.014 interval_tps=309540.33 total_ops=39416148 arena_head_bytes=34504272 fresh_bytes=5104 reclaimed_nodes=1242047 retired_backlog=8248 alloc_failure_events=0 retired_postings=0 reclaimed_postings=0
hyperfeed_crucible_fresh: profile=diagnostic elapsed_secs=125.332 general_bytes=0 row_version_bytes=5104 skip_node_bytes=0 skip_posting_bytes=0 skip_tower_bytes=0 spill_bytes=0
hyperfeed_crucible_interval: profile=diagnostic elapsed_secs=130.347 interval_secs=5.015 interval_tps=317248.03 total_ops=41007197 arena_head_bytes=34504272 fresh_bytes=0 reclaimed_nodes=1276328 retired_backlog=4770 alloc_failure_events=0 retired_postings=0 reclaimed_postings=0
hyperfeed_crucible_fresh: profile=diagnostic elapsed_secs=130.347 general_bytes=0 row_version_bytes=0 skip_node_bytes=0 skip_posting_bytes=0 skip_tower_bytes=0 spill_bytes=0
hyperfeed_crucible_interval: profile=diagnostic elapsed_secs=135.362 interval_secs=5.014 interval_tps=308731.56 total_ops=42555330 arena_head_bytes=34512192 fresh_bytes=7920 reclaimed_nodes=1241950 retired_backlog=1343 alloc_failure_events=0 retired_postings=0 reclaimed_postings=0
hyperfeed_crucible_fresh: profile=diagnostic elapsed_secs=135.362 general_bytes=0 row_version_bytes=7920 skip_node_bytes=0 skip_posting_bytes=0 skip_tower_bytes=0 spill_bytes=0
hyperfeed_crucible_interval: profile=diagnostic elapsed_secs=140.363 interval_secs=5.002 interval_tps=310932.53 total_ops=44110515 arena_head_bytes=34513160 fresh_bytes=968 reclaimed_nodes=1240889 retired_backlog=4578 alloc_failure_events=0 retired_postings=0 reclaimed_postings=0
hyperfeed_crucible_fresh: profile=diagnostic elapsed_secs=140.363 general_bytes=0 row_version_bytes=968 skip_node_bytes=0 skip_posting_bytes=0 skip_tower_bytes=0 spill_bytes=0
hyperfeed_crucible_interval: profile=diagnostic elapsed_secs=145.370 interval_secs=5.007 interval_tps=294519.62 total_ops=45585121 arena_head_bytes=34513160 fresh_bytes=0 reclaimed_nodes=1177114 retired_backlog=7156 alloc_failure_events=0 retired_postings=0 reclaimed_postings=0
hyperfeed_crucible_fresh: profile=diagnostic elapsed_secs=145.370 general_bytes=0 row_version_bytes=0 skip_node_bytes=0 skip_posting_bytes=0 skip_tower_bytes=0 spill_bytes=0
hyperfeed_crucible_interval: profile=diagnostic elapsed_secs=150.392 interval_secs=5.022 interval_tps=307735.74 total_ops=47130501 arena_head_bytes=34513160 fresh_bytes=0 reclaimed_nodes=1235877 retired_backlog=7583 alloc_failure_events=0 retired_postings=0 reclaimed_postings=0
hyperfeed_crucible_fresh: profile=diagnostic elapsed_secs=150.392 general_bytes=0 row_version_bytes=0 skip_node_bytes=0 skip_posting_bytes=0 skip_tower_bytes=0 spill_bytes=0
hyperfeed_crucible_interval: profile=diagnostic elapsed_secs=155.411 interval_secs=5.020 interval_tps=316490.71 total_ops=48719146 arena_head_bytes=34516504 fresh_bytes=3344 reclaimed_nodes=1274144 retired_backlog=4360 alloc_failure_events=0 retired_postings=0 reclaimed_postings=0
hyperfeed_crucible_fresh: profile=diagnostic elapsed_secs=155.411 general_bytes=0 row_version_bytes=3344 skip_node_bytes=0 skip_posting_bytes=0 skip_tower_bytes=0 spill_bytes=0
hyperfeed_crucible_interval: profile=diagnostic elapsed_secs=160.427 interval_secs=5.015 interval_tps=317687.34 total_ops=50312443 arena_head_bytes=34541848 fresh_bytes=25344 reclaimed_nodes=1270562 retired_backlog=8399 alloc_failure_events=0 retired_postings=0 reclaimed_postings=0
hyperfeed_crucible_fresh: profile=diagnostic elapsed_secs=160.427 general_bytes=0 row_version_bytes=25344 skip_node_bytes=0 skip_posting_bytes=0 skip_tower_bytes=0 spill_bytes=0
hyperfeed_crucible_interval: profile=diagnostic elapsed_secs=165.442 interval_secs=5.015 interval_tps=317096.96 total_ops=51902636 arena_head_bytes=34545392 fresh_bytes=3544 reclaimed_nodes=1276027 retired_backlog=4595 alloc_failure_events=0 retired_postings=0 reclaimed_postings=0
hyperfeed_crucible_fresh: profile=diagnostic elapsed_secs=165.442 general_bytes=0 row_version_bytes=0 skip_node_bytes=2464 skip_posting_bytes=784 skip_tower_bytes=296 spill_bytes=0
hyperfeed_crucible_interval: profile=diagnostic elapsed_secs=170.465 interval_secs=5.023 interval_tps=312020.80 total_ops=53469918 arena_head_bytes=34546008 fresh_bytes=616 reclaimed_nodes=1253994 retired_backlog=4414 alloc_failure_events=0 retired_postings=0 reclaimed_postings=0
hyperfeed_crucible_fresh: profile=diagnostic elapsed_secs=170.465 general_bytes=0 row_version_bytes=616 skip_node_bytes=0 skip_posting_bytes=0 skip_tower_bytes=0 spill_bytes=0
hyperfeed_crucible_interval: profile=diagnostic elapsed_secs=175.488 interval_secs=5.023 interval_tps=305777.66 total_ops=55005929 arena_head_bytes=34546008 fresh_bytes=0 reclaimed_nodes=1225744 retired_backlog=7453 alloc_failure_events=0 retired_postings=0 reclaimed_postings=0
hyperfeed_crucible_fresh: profile=diagnostic elapsed_secs=175.488 general_bytes=0 row_version_bytes=0 skip_node_bytes=0 skip_posting_bytes=0 skip_tower_bytes=0 spill_bytes=0
hyperfeed_crucible_interval: profile=diagnostic elapsed_secs=180.502 interval_secs=5.014 interval_tps=314156.03 total_ops=56581141 arena_head_bytes=34546008 fresh_bytes=0 reclaimed_nodes=1262284 retired_backlog=5348 alloc_failure_events=0 retired_postings=0 reclaimed_postings=0
hyperfeed_crucible_fresh: profile=diagnostic elapsed_secs=180.502 general_bytes=0 row_version_bytes=0 skip_node_bytes=0 skip_posting_bytes=0 skip_tower_bytes=0 spill_bytes=0
hyperfeed_crucible_interval: profile=diagnostic elapsed_secs=185.516 interval_secs=5.014 interval_tps=312020.76 total_ops=58145602 arena_head_bytes=34546448 fresh_bytes=440 reclaimed_nodes=1255054 retired_backlog=1867 alloc_failure_events=0 retired_postings=0 reclaimed_postings=0
hyperfeed_crucible_fresh: profile=diagnostic elapsed_secs=185.516 general_bytes=0 row_version_bytes=440 skip_node_bytes=0 skip_posting_bytes=0 skip_tower_bytes=0 spill_bytes=0
hyperfeed_crucible_interval: profile=diagnostic elapsed_secs=190.530 interval_secs=5.014 interval_tps=316358.27 total_ops=59731835 arena_head_bytes=34546448 fresh_bytes=0 reclaimed_nodes=1265209 retired_backlog=5621 alloc_failure_events=0 retired_postings=0 reclaimed_postings=0
hyperfeed_crucible_fresh: profile=diagnostic elapsed_secs=190.530 general_bytes=0 row_version_bytes=0 skip_node_bytes=0 skip_posting_bytes=0 skip_tower_bytes=0 spill_bytes=0
hyperfeed_crucible_interval: profile=diagnostic elapsed_secs=195.544 interval_secs=5.014 interval_tps=315787.89 total_ops=61315161 arena_head_bytes=34581472 fresh_bytes=35024 reclaimed_nodes=1270474 retired_backlog=1855 alloc_failure_events=0 retired_postings=0 reclaimed_postings=0
hyperfeed_crucible_fresh: profile=diagnostic elapsed_secs=195.544 general_bytes=0 row_version_bytes=35024 skip_node_bytes=0 skip_posting_bytes=0 skip_tower_bytes=0 spill_bytes=0
hyperfeed_crucible_interval: profile=diagnostic elapsed_secs=200.552 interval_secs=5.008 interval_tps=311943.30 total_ops=62877383 arena_head_bytes=34806456 fresh_bytes=224984 reclaimed_nodes=1242948 retired_backlog=8651 alloc_failure_events=0 retired_postings=0 reclaimed_postings=0
hyperfeed_crucible_fresh: profile=diagnostic elapsed_secs=200.552 general_bytes=0 row_version_bytes=34848 skip_node_bytes=134992 skip_posting_bytes=42952 skip_tower_bytes=12192 spill_bytes=0
hyperfeed_crucible_interval: profile=diagnostic elapsed_secs=205.563 interval_secs=5.011 interval_tps=304312.82 total_ops=64402364 arena_head_bytes=34806456 fresh_bytes=0 reclaimed_nodes=1226808 retired_backlog=1838 alloc_failure_events=0 retired_postings=0 reclaimed_postings=0
hyperfeed_crucible_fresh: profile=diagnostic elapsed_secs=205.563 general_bytes=0 row_version_bytes=0 skip_node_bytes=0 skip_posting_bytes=0 skip_tower_bytes=0 spill_bytes=0
hyperfeed_crucible_interval: profile=diagnostic elapsed_secs=210.578 interval_secs=5.014 interval_tps=312824.00 total_ops=65970996 arena_head_bytes=34816488 fresh_bytes=10032 reclaimed_nodes=1251020 retired_backlog=5725 alloc_failure_events=0 retired_postings=0 reclaimed_postings=0
hyperfeed_crucible_fresh: profile=diagnostic elapsed_secs=210.578 general_bytes=0 row_version_bytes=10032 skip_node_bytes=0 skip_posting_bytes=0 skip_tower_bytes=0 spill_bytes=0
hyperfeed_crucible_interval: profile=diagnostic elapsed_secs=215.592 interval_secs=5.014 interval_tps=310098.45 total_ops=67525881 arena_head_bytes=34822032 fresh_bytes=5544 reclaimed_nodes=1244612 retired_backlog=4999 alloc_failure_events=0 retired_postings=0 reclaimed_postings=0
hyperfeed_crucible_fresh: profile=diagnostic elapsed_secs=215.592 general_bytes=0 row_version_bytes=5544 skip_node_bytes=0 skip_posting_bytes=0 skip_tower_bytes=0 spill_bytes=0
hyperfeed_crucible_interval: profile=diagnostic elapsed_secs=220.605 interval_secs=5.013 interval_tps=315518.99 total_ops=69107602 arena_head_bytes=34822032 fresh_bytes=0 reclaimed_nodes=1269296 retired_backlog=1091 alloc_failure_events=0 retired_postings=0 reclaimed_postings=0
hyperfeed_crucible_fresh: profile=diagnostic elapsed_secs=220.605 general_bytes=0 row_version_bytes=0 skip_node_bytes=0 skip_posting_bytes=0 skip_tower_bytes=0 spill_bytes=0
hyperfeed_crucible_interval: profile=diagnostic elapsed_secs=225.618 interval_secs=5.013 interval_tps=308613.54 total_ops=70654791 arena_head_bytes=34823968 fresh_bytes=1936 reclaimed_nodes=1236172 retired_backlog=2658 alloc_failure_events=0 retired_postings=0 reclaimed_postings=0
hyperfeed_crucible_fresh: profile=diagnostic elapsed_secs=225.618 general_bytes=0 row_version_bytes=1936 skip_node_bytes=0 skip_posting_bytes=0 skip_tower_bytes=0 spill_bytes=0
hyperfeed_crucible_interval: profile=diagnostic elapsed_secs=230.640 interval_secs=5.022 interval_tps=311107.91 total_ops=72217093 arena_head_bytes=34824672 fresh_bytes=704 reclaimed_nodes=1245710 retired_backlog=6784 alloc_failure_events=0 retired_postings=0 reclaimed_postings=0
hyperfeed_crucible_fresh: profile=diagnostic elapsed_secs=230.640 general_bytes=0 row_version_bytes=704 skip_node_bytes=0 skip_posting_bytes=0 skip_tower_bytes=0 spill_bytes=0
hyperfeed_crucible_interval: profile=diagnostic elapsed_secs=235.645 interval_secs=5.005 interval_tps=303916.68 total_ops=73738304 arena_head_bytes=34824672 fresh_bytes=0 reclaimed_nodes=1219391 retired_backlog=4356 alloc_failure_events=0 retired_postings=0 reclaimed_postings=0
hyperfeed_crucible_fresh: profile=diagnostic elapsed_secs=235.645 general_bytes=0 row_version_bytes=0 skip_node_bytes=0 skip_posting_bytes=0 skip_tower_bytes=0 spill_bytes=0
hyperfeed_crucible_interval: profile=diagnostic elapsed_secs=240.117 interval_secs=4.471 interval_tps=304655.82 total_ops=75100540 arena_head_bytes=34824672 fresh_bytes=0 reclaimed_nodes=1094187 retired_backlog=0 alloc_failure_events=0 retired_postings=0 reclaimed_postings=0
hyperfeed_crucible_fresh: profile=diagnostic elapsed_secs=240.117 general_bytes=0 row_version_bytes=0 skip_node_bytes=0 skip_posting_bytes=0 skip_tower_bytes=0 spill_bytes=0
hyperfeed_crucible_correctness: profile=diagnostic table_rows=50000 index_postings=50000 exact_match=true
hyperfeed_crucible_stability: profile=diagnostic tail_fresh_bytes=325504 fresh_growth_budget_bytes=18255872 early_interval_tps=314699.44 late_interval_tps=310795.66 retained_tps=0.9876 arena_head_bytes=34824672
hyperfeed_crucible_gc_drain: profile=diagnostic retired_backlog=0 gc_recycle_errors=0 retired_postings=0 reclaimed_postings=0
hyperfeed_crucible_allocation_class: profile=diagnostic class=nodes allocated=64415 reachable=50001 retired=0 reusable=14414
hyperfeed_crucible_allocation_class: profile=diagnostic class=postings allocated=64414 reachable=50000 retired=0 reusable=14414
hyperfeed_crucible_allocation_class: profile=diagnostic class=towers allocated=64415 reachable=50001 retired=0 reusable=14414
hyperfeed_crucible_allocation_class: profile=diagnostic class=tower_lanes allocated=130417 reachable=99777 retired=0 reusable=30640
hyperfeed_crucible_allocation_audit: profile=diagnostic status=pass
hyperfeed_crucible_retry: profile=diagnostic max_insert_attempts=1 pressure_state=0 retry_alloc=0 gc_recycle_errors=0
hyperfeed_crucible_config: profile=diagnostic mode=aerostore_only aerostore_shm_bytes=134217728 workers=16
| Engine | TPS | Total Ops | p50 (us) | p90 (us) | p99 (us) | Upserts | Scans | Hot Upserts | Conflicts | Index Remove Fail | Index Insert Fail |
| aerostore | 312910.52 | 75100540 | 8.19 | 32.77 | 131.07 | 60080574 | 15019966 | 3004036 | 726212 | 0 | 0 |
hyperfeed_crucible_engine_timing: profile=diagnostic aerostore_elapsed_secs=240.006 operation_failures=0
hyperfeed_crucible_reclaim: profile=diagnostic vacuum_reclaimed_rows=60080574 index_retired_nodes=60080574 index_reclaimed_nodes=60080574 free_list_pushes=0 free_list_pops=0
hyperfeed_crucible_occ: profile=diagnostic alloc_fresh=147520 reused=60659266
