   Compiling proc-macro2 v1.0.106
   Compiling unicode-ident v1.0.24
   Compiling quote v1.0.44
   Compiling libc v0.2.182
   Compiling cfg-if v1.0.4
   Compiling version_check v0.9.5
   Compiling zerocopy v0.8.40
   Compiling syn v1.0.109
   Compiling serde_core v1.0.228
   Compiling typenum v1.19.0
   Compiling once_cell v1.21.3
   Compiling memchr v2.8.0
   Compiling pin-project-lite v0.2.16
   Compiling crossbeam-utils v0.8.21
   Compiling getrandom v0.3.4
   Compiling serde v1.0.228
   Compiling zmij v1.0.21
   Compiling subtle v2.6.1
   Compiling fnv v1.0.7
   Compiling futures-core v0.3.32
   Compiling itoa v1.0.17
   Compiling serde_json v1.0.149
   Compiling futures-sink v0.3.32
   Compiling regex-syntax v0.8.10
   Compiling tinyvec_macros v0.1.1
   Compiling ident_case v1.0.1
   Compiling strsim v0.10.0
   Compiling bytes v1.11.1
   Compiling log v0.4.29
   Compiling tinyvec v1.10.0
   Compiling cpufeatures v0.2.17
   Compiling futures-channel v0.3.32
   Compiling futures-io v0.3.32
   Compiling slab v0.4.12
   Compiling autocfg v1.5.0
   Compiling generic-array v0.14.7
   Compiling smallvec v1.15.1
   Compiling futures-task v0.3.32
   Compiling rustversion v1.0.22
   Compiling bitflags v2.11.0
   Compiling ahash v0.7.8
   Compiling parking_lot_core v0.9.12
   Compiling unicode-bidi v0.3.18
   Compiling unicode-properties v0.1.4
   Compiling getrandom v0.4.1
   Compiling shlex v1.3.0
   Compiling find-msvc-tools v0.1.9
   Compiling bytecheck v0.6.12
   Compiling rustix v1.1.4
   Compiling tracing-core v0.1.36
   Compiling linux-raw-sys v0.12.1
   Compiling scopeguard v1.2.0
   Compiling rayon-core v1.13.0
   Compiling unicode-normalization v0.1.25
   Compiling cc v1.2.56
   Compiling base64 v0.22.1
   Compiling either v1.15.0
   Compiling simdutf8 v0.1.5
   Compiling siphasher v1.0.2
   Compiling fallible-iterator v0.2.0
   Compiling num-traits v0.2.19
   Compiling rend v0.4.2
   Compiling byteorder v1.5.0
   Compiling lock_api v0.4.14
   Compiling crossbeam-epoch v0.9.18
   Compiling phf_shared v0.13.1
   Compiling plotters-backend v0.3.7
   Compiling anstyle v1.0.13
   Compiling ciborium-io v0.2.2
   Compiling rkyv v0.7.46
   Compiling rustix v0.38.44
   Compiling clap_lex v1.0.0
   Compiling lazy_static v1.5.0
   Compiling fastrand v2.3.0
   Compiling tracing v0.1.44
   Compiling stringprep v0.1.5
   Compiling sharded-slab v0.1.7
   Compiling phf v0.13.1
   Compiling syn v2.0.117
   Compiling crossbeam-deque v0.8.6
   Compiling clap_builder v4.5.60
   Compiling plotters-svg v0.3.7
   Compiling tracing-log v0.2.0
   Compiling itertools v0.10.5
   Compiling crossbeam-channel v0.5.15
   Compiling crossbeam-queue v0.3.12
   Compiling thread_local v1.1.9
   Compiling minimal-lexical v0.2.1
   Compiling percent-encoding v2.3.2
   Compiling quick-error v1.2.3
   Compiling bit-vec v0.8.0
   Compiling seahash v4.1.0
   Compiling cast v0.3.0
   Compiling linux-raw-sys v0.4.15
   Compiling same-file v1.0.6
   Compiling nu-ansi-term v0.50.3
   Compiling crossbeam-skiplist v0.1.3
   Compiling nom v7.1.3
   Compiling oorandom v11.1.5
   Compiling hex v0.4.3
   Compiling bit-set v0.8.0
   Compiling getrandom v0.2.17
   Compiling socket2 v0.6.2
   Compiling mio v1.1.1
   Compiling block-buffer v0.10.4
   Compiling crypto-common v0.1.7
   Compiling rand_core v0.9.5
   Compiling rand_core v0.6.4
   Compiling whoami v2.1.1
   Compiling wait-timeout v0.2.1
   Compiling digest v0.10.7
   Compiling plotters v0.3.7
   Compiling crossbeam v0.8.4
   Compiling walkdir v2.5.0
   Compiling rayon v1.11.0
   Compiling is-terminal v0.4.17
   Compiling hashbrown v0.12.3
   Compiling parking_lot v0.12.5
   Compiling sha2 v0.10.9
   Compiling hmac v0.12.1
   Compiling md-5 v0.10.6
   Compiling rand_xorshift v0.4.0
   Compiling scoped-tls v1.0.1
   Compiling ryu v1.0.23
   Compiling unarray v0.1.4
   Compiling anes v0.1.6
   Compiling aerostore_verified v0.1.0 (/home/zpconn/code/aerostore/target/verification-planning/final/p1-native/omit_own_write_candidates/source/aerostore_verified)
   Compiling regex-automata v0.4.14
   Compiling generator v0.8.8
   Compiling criterion-plot v0.5.0
   Compiling tempfile v3.26.0
   Compiling rusty-fork v0.3.1
   Compiling clap v4.5.60
   Compiling darling_core v0.13.4
   Compiling zerocopy-derive v0.8.40
   Compiling serde_derive v1.0.228
   Compiling futures-macro v0.3.32
   Compiling tokio-macros v2.6.0
   Compiling async-trait v0.1.89
   Compiling aerostore_macros v0.1.0 (/home/zpconn/code/aerostore/target/verification-planning/final/p1-native/omit_own_write_candidates/source/aerostore_macros)
   Compiling ptr_meta_derive v0.1.4
   Compiling bytecheck_derive v0.6.12
   Compiling rkyv_derive v0.7.46
   Compiling tokio v1.49.0
   Compiling matchers v0.2.0
   Compiling regex v1.12.3
   Compiling futures-util v0.3.32
   Compiling tracing-subscriber v0.3.22
   Compiling ptr_meta v0.1.4
   Compiling darling_macro v0.13.4
   Compiling darling v0.13.4
   Compiling serde_with_macros v1.5.2
   Compiling loom v0.7.2
   Compiling serde_with v1.14.0
   Compiling tinytemplate v1.2.1
   Compiling bincode v1.3.3
   Compiling futures-executor v0.3.32
   Compiling futures v0.3.32
   Compiling bollard-stubs v1.42.0-rc.3
   Compiling ppv-lite86 v0.2.21
   Compiling half v2.7.1
   Compiling tokio-util v0.7.18
   Compiling ciborium-ll v0.2.2
   Compiling rand_chacha v0.9.0
   Compiling rand_chacha v0.3.1
   Compiling ciborium v0.2.2
   Compiling rand v0.9.2
   Compiling rand v0.8.5
   Compiling criterion v0.5.1
   Compiling postgres-protocol v0.6.10
   Compiling proptest v1.10.0
   Compiling aerostore_core v0.1.0 (/home/zpconn/code/aerostore/target/verification-planning/final/p1-native/omit_own_write_candidates/source/aerostore_core)
   Compiling postgres-types v0.2.12
   Compiling tokio-postgres v0.7.16
warning: variable does not need to be mutable
   --> aerostore_core/src/occ_partitioned.rs:592:13
    |
592 |         let mut candidates: BTreeSet<usize> = candidates.into_iter().collect();
    |             ----^^^^^^^^^^
    |             |
    |             help: remove this `mut`
    |
    = note: `#[warn(unused_mut)]` (part of `#[warn(unused)]`) on by default

   Compiling postgres v0.19.12
warning: method `commit_with_record_before_publish` is never used
    --> aerostore_core/src/occ_partitioned.rs:1263:19
     |
 365 | impl<T: Copy + Send + Sync + 'static> OccTable<T> {
     | ------------------------------------------------- method in this implementation
...
1263 |     pub(crate) fn commit_with_record_before_publish<E, F>(
     |                   ^^^^^^^^^^^^^^^^^^^^^^^^^^^^^^^^^
     |
     = note: `#[warn(dead_code)]` (part of `#[warn(unused)]`) on by default

warning: `aerostore_core` (lib) generated 2 warnings (run `cargo fix --lib -p aerostore_core` to apply 1 suggestion)
   Compiling testcontainers v0.15.0
    Finished `test` profile [unoptimized + debuginfo] target(s) in 8.25s
     Running tests/occ_transactional_index.rs (/home/zpconn/code/aerostore/target/verification-planning/final/p1-native/omit_own_write_candidates/cargo-target/debug/deps/occ_transactional_index-e7acc5b379590bc5)

running 1 test
test p1_two_workers_empty_creation_retries_to_the_single_winner ... 
thread 'p1_two_workers_empty_creation_retries_to_the_single_winner' (33028) panicked at aerostore_core/tests/occ_transactional_index.rs:209:13:
assertion `left == right` failed: p1-native: indexed lookup must include this worker's pending creation
  left: []
 right: [0]
note: run with `RUST_BACKTRACE=1` environment variable to display a backtrace
FAILED

failures:

failures:
    p1_two_workers_empty_creation_retries_to_the_single_winner

test result: FAILED. 0 passed; 1 failed; 0 ignored; 0 measured; 25 filtered out; finished in 0.00s

error: test failed, to rerun pass `-p aerostore_core --test occ_transactional_index`
