   Compiling proc-macro2 v1.0.106
   Compiling unicode-ident v1.0.24
   Compiling quote v1.0.44
   Compiling libc v0.2.182
   Compiling cfg-if v1.0.4
   Compiling version_check v0.9.5
   Compiling zerocopy v0.8.40
   Compiling syn v1.0.109
   Compiling typenum v1.19.0
   Compiling serde_core v1.0.228
   Compiling memchr v2.8.0
   Compiling once_cell v1.21.3
   Compiling getrandom v0.3.4
   Compiling pin-project-lite v0.2.16
   Compiling crossbeam-utils v0.8.21
   Compiling zmij v1.0.21
   Compiling serde v1.0.228
   Compiling subtle v2.6.1
   Compiling fnv v1.0.7
   Compiling futures-sink v0.3.32
   Compiling serde_json v1.0.149
   Compiling futures-core v0.3.32
   Compiling tinyvec_macros v0.1.1
   Compiling strsim v0.10.0
   Compiling ident_case v1.0.1
   Compiling regex-syntax v0.8.10
   Compiling itoa v1.0.17
   Compiling log v0.4.29
   Compiling tinyvec v1.10.0
   Compiling rustversion v1.0.22
   Compiling futures-channel v0.3.32
   Compiling cpufeatures v0.2.17
   Compiling autocfg v1.5.0
   Compiling futures-task v0.3.32
   Compiling futures-io v0.3.32
   Compiling smallvec v1.15.1
   Compiling bytes v1.11.1
   Compiling generic-array v0.14.7
   Compiling slab v0.4.12
   Compiling unicode-properties v0.1.4
   Compiling getrandom v0.4.1
   Compiling shlex v1.3.0
   Compiling find-msvc-tools v0.1.9
   Compiling unicode-bidi v0.3.18
   Compiling rustix v1.1.4
   Compiling bitflags v2.11.0
   Compiling parking_lot_core v0.9.12
   Compiling ahash v0.7.8
   Compiling tracing-core v0.1.36
   Compiling siphasher v1.0.2
   Compiling byteorder v1.5.0
   Compiling linux-raw-sys v0.12.1
   Compiling cc v1.2.56
   Compiling unicode-normalization v0.1.25
   Compiling fallible-iterator v0.2.0
   Compiling num-traits v0.2.19
   Compiling rayon-core v1.13.0
   Compiling bytecheck v0.6.12
   Compiling either v1.15.0
   Compiling base64 v0.22.1
   Compiling scopeguard v1.2.0
   Compiling phf_shared v0.13.1
   Compiling lock_api v0.4.14
   Compiling simdutf8 v0.1.5
   Compiling crossbeam-epoch v0.9.18
   Compiling clap_lex v1.0.0
   Compiling rend v0.4.2
   Compiling plotters-backend v0.3.7
   Compiling anstyle v1.0.13
   Compiling lazy_static v1.5.0
   Compiling ciborium-io v0.2.2
   Compiling stringprep v0.1.5
   Compiling fastrand v2.3.0
   Compiling sharded-slab v0.1.7
   Compiling phf v0.13.1
   Compiling tracing v0.1.44
   Compiling crossbeam-deque v0.8.6
   Compiling tracing-log v0.2.0
   Compiling syn v2.0.117
   Compiling plotters-svg v0.3.7
   Compiling clap_builder v4.5.60
   Compiling itertools v0.10.5
   Compiling thread_local v1.1.9
   Compiling same-file v1.0.6
   Compiling bit-vec v0.8.0
   Compiling nu-ansi-term v0.50.3
   Compiling rkyv v0.7.46
   Compiling quick-error v1.2.3
   Compiling cast v0.3.0
   Compiling rustix v0.38.44
   Compiling percent-encoding v2.3.2
   Compiling walkdir v2.5.0
   Compiling crossbeam-channel v0.5.15
   Compiling crossbeam-queue v0.3.12
   Compiling getrandom v0.2.17
   Compiling mio v1.1.1
   Compiling socket2 v0.6.2
   Compiling whoami v2.1.1
   Compiling crypto-common v0.1.7
   Compiling block-buffer v0.10.4
   Compiling rand_core v0.9.5
   Compiling rand_core v0.6.4
   Compiling parking_lot v0.12.5
   Compiling wait-timeout v0.2.1
   Compiling digest v0.10.7
   Compiling rayon v1.11.0
   Compiling plotters v0.3.7
   Compiling bit-set v0.8.0
   Compiling is-terminal v0.4.17
   Compiling minimal-lexical v0.2.1
   Compiling hashbrown v0.12.3
   Compiling rand_xorshift v0.4.0
   Compiling unarray v0.1.4
   Compiling oorandom v11.1.5
   Compiling sha2 v0.10.9
   Compiling hmac v0.12.1
   Compiling md-5 v0.10.6
   Compiling anes v0.1.6
   Compiling scoped-tls v1.0.1
   Compiling hex v0.4.3
   Compiling seahash v4.1.0
   Compiling linux-raw-sys v0.4.15
   Compiling nom v7.1.3
   Compiling crossbeam v0.8.4
   Compiling crossbeam-skiplist v0.1.3
   Compiling ryu v1.0.23
   Compiling aerostore_verified v0.1.0 (/home/zpconn/code/aerostore/target/verification-planning/final/p1-native/reuse_writer_start_as_publication_stamp/source/aerostore_verified)
   Compiling regex-automata v0.4.14
   Compiling generator v0.8.8
   Compiling criterion-plot v0.5.0
   Compiling tempfile v3.26.0
   Compiling rusty-fork v0.3.1
   Compiling clap v4.5.60
   Compiling zerocopy-derive v0.8.40
   Compiling serde_derive v1.0.228
   Compiling futures-macro v0.3.32
   Compiling tokio-macros v2.6.0
   Compiling async-trait v0.1.89
   Compiling aerostore_macros v0.1.0 (/home/zpconn/code/aerostore/target/verification-planning/final/p1-native/reuse_writer_start_as_publication_stamp/source/aerostore_macros)
   Compiling darling_core v0.13.4
   Compiling ptr_meta_derive v0.1.4
   Compiling bytecheck_derive v0.6.12
   Compiling rkyv_derive v0.7.46
   Compiling matchers v0.2.0
   Compiling regex v1.12.3
   Compiling tokio v1.49.0
   Compiling tracing-subscriber v0.3.22
   Compiling futures-util v0.3.32
   Compiling ptr_meta v0.1.4
   Compiling darling_macro v0.13.4
   Compiling darling v0.13.4
   Compiling serde_with_macros v1.5.2
   Compiling loom v0.7.2
   Compiling serde_with v1.14.0
   Compiling tinytemplate v1.2.1
   Compiling bincode v1.3.3
   Compiling futures-executor v0.3.32
   Compiling futures v0.3.32
   Compiling bollard-stubs v1.42.0-rc.3
   Compiling ppv-lite86 v0.2.21
   Compiling half v2.7.1
   Compiling tokio-util v0.7.18
   Compiling ciborium-ll v0.2.2
   Compiling rand_chacha v0.9.0
   Compiling rand_chacha v0.3.1
   Compiling ciborium v0.2.2
   Compiling rand v0.9.2
   Compiling rand v0.8.5
   Compiling criterion v0.5.1
   Compiling postgres-protocol v0.6.10
   Compiling proptest v1.10.0
   Compiling postgres-types v0.2.12
   Compiling tokio-postgres v0.7.16
   Compiling postgres v0.19.12
   Compiling testcontainers v0.15.0
   Compiling aerostore_core v0.1.0 (/home/zpconn/code/aerostore/target/verification-planning/final/p1-native/reuse_writer_start_as_publication_stamp/source/aerostore_core)
    Finished `test` profile [unoptimized + debuginfo] target(s) in 11.70s
     Running unittests src/lib.rs (/home/zpconn/code/aerostore/target/verification-planning/final/p1-native/reuse_writer_start_as_publication_stamp/cargo-target/debug/deps/aerostore_core-458b83ba28fefdf8)

running 1 test
test occ_partitioned::predicate_completion_tests::predicate_lifecycle_key_move_guards_both_deregistration_stamp_cuts ... 
thread 'occ_partitioned::predicate_completion_tests::predicate_lifecycle_key_move_guards_both_deregistration_stamp_cuts' (49669) panicked at aerostore_core/src/occ_partitioned.rs:3869:9:
assertion `left == right` failed: a reader registered at this publication cut must retry; stale stamps could hide the moved old key
  left: Ok([])
 right: Err(SerializationFailure)
note: run with `RUST_BACKTRACE=1` environment variable to display a backtrace
FAILED

failures:

failures:
    occ_partitioned::predicate_completion_tests::predicate_lifecycle_key_move_guards_both_deregistration_stamp_cuts

test result: FAILED. 0 passed; 1 failed; 0 ignored; 0 measured; 206 filtered out; finished in 0.00s

error: test failed, to rerun pass `-p aerostore_core --lib`
