
running 19 tests
test acknowledged_dependent_commit_recovers_with_its_input ... ok
test async_ring_has_one_joined_writer_and_one_wal_file ... ok
test async_stream_must_share_the_tables_local_mapping ... ok
test bound_durable_table_rejects_unlogged_writes_but_allows_read_only_commit ... ok
test checkpoint_cannot_truncate_a_commit_missing_from_its_snapshot ... ok
test checkpoint_preserves_a_transaction_that_started_before_its_cut ... ok
test checkpoint_rejects_a_different_wal_file_without_truncating_it ... ok
test failed_wal_encoding_does_not_publish_a_transaction ... ok
test failed_wal_encoding_rolls_back_prepared_index_destinations ... ok
test file_checkpoint_refuses_an_undrained_async_stream ... ok
test independent_wal_writers_preserve_complete_frames ... ok
test inherited_sync_writer_reopens_its_file_lock_after_fork ... ok
test killed_async_writer_must_be_joined_before_replacement ... ok
test legacy_v1_checkpoint_remains_readable ... ok
test one_table_cannot_split_its_history_across_async_rings ... ok
test one_table_cannot_split_its_history_across_wal_files ... ok
test rejected_async_encoding_does_not_claim_a_full_wal_baseline ... ok
test rejected_async_enqueue_does_not_publish_a_transaction ... ok
test synchronous_acknowledgement_cannot_lose_an_async_dependency ... ok

test result: ok. 19 passed; 0 failed; 0 ignored; 0 measured; 0 filtered out; finished in 0.47s

    Finished `release` profile [optimized] target(s) in 0.06s
     Running tests/wal_protocol_regressions.rs (target/release/deps/wal_protocol_regressions-f74165b778087bc3)
