   Compiling proc-macro2 v1.0.106
   Compiling quote v1.0.44
   Compiling unicode-ident v1.0.24
   Compiling libc v0.2.182
   Compiling cfg-if v1.0.4
   Compiling version_check v0.9.5
   Compiling syn v1.0.109
   Compiling zerocopy v0.8.40
   Compiling serde_core v1.0.228
   Compiling typenum v1.19.0
   Compiling memchr v2.8.0
   Compiling once_cell v1.21.3
   Compiling crossbeam-utils v0.8.21
   Compiling pin-project-lite v0.2.16
   Compiling getrandom v0.3.4
   Compiling serde v1.0.228
   Compiling fnv v1.0.7
   Compiling subtle v2.6.1
   Compiling zmij v1.0.21
   Compiling itoa v1.0.17
   Compiling futures-core v0.3.32
   Compiling serde_json v1.0.149
   Compiling futures-sink v0.3.32
   Compiling regex-syntax v0.8.10
   Compiling tinyvec_macros v0.1.1
   Compiling log v0.4.29
   Compiling bytes v1.11.1
   Compiling ident_case v1.0.1
   Compiling strsim v0.10.0
   Compiling tinyvec v1.10.0
   Compiling autocfg v1.5.0
   Compiling smallvec v1.15.1
   Compiling futures-task v0.3.32
   Compiling futures-channel v0.3.32
   Compiling cpufeatures v0.2.17
   Compiling bitflags v2.11.0
   Compiling futures-io v0.3.32
   Compiling rustversion v1.0.22
   Compiling generic-array v0.14.7
   Compiling slab v0.4.12
   Compiling ahash v0.7.8
   Compiling unicode-bidi v0.3.18
   Compiling unicode-properties v0.1.4
   Compiling parking_lot_core v0.9.12
   Compiling find-msvc-tools v0.1.9
   Compiling rustix v1.1.4
   Compiling shlex v1.3.0
   Compiling bytecheck v0.6.12
   Compiling getrandom v0.4.1
   Compiling tracing-core v0.1.36
   Compiling linux-raw-sys v0.12.1
   Compiling base64 v0.22.1
   Compiling unicode-normalization v0.1.25
   Compiling cc v1.2.56
   Compiling either v1.15.0
   Compiling fallible-iterator v0.2.0
   Compiling num-traits v0.2.19
   Compiling simdutf8 v0.1.5
   Compiling byteorder v1.5.0
   Compiling rend v0.4.2
   Compiling crossbeam-epoch v0.9.18
   Compiling scopeguard v1.2.0
   Compiling rayon-core v1.13.0
   Compiling siphasher v1.0.2
   Compiling lock_api v0.4.14
   Compiling lazy_static v1.5.0
   Compiling plotters-backend v0.3.7
   Compiling anstyle v1.0.13
   Compiling rustix v0.38.44
   Compiling ciborium-io v0.2.2
   Compiling rkyv v0.7.46
   Compiling fastrand v2.3.0
   Compiling stringprep v0.1.5
   Compiling crossbeam-deque v0.8.6
   Compiling phf_shared v0.13.1
   Compiling clap_lex v1.0.0
   Compiling sharded-slab v0.1.7
   Compiling syn v2.0.117
   Compiling tracing-log v0.2.0
   Compiling tracing v0.1.44
   Compiling itertools v0.10.5
   Compiling plotters-svg v0.3.7
   Compiling clap_builder v4.5.60
   Compiling crossbeam-queue v0.3.12
   Compiling crossbeam-channel v0.5.15
   Compiling phf v0.13.1
   Compiling thread_local v1.1.9
   Compiling same-file v1.0.6
   Compiling nu-ansi-term v0.50.3
   Compiling minimal-lexical v0.2.1
   Compiling linux-raw-sys v0.4.15
   Compiling seahash v4.1.0
   Compiling percent-encoding v2.3.2
   Compiling cast v0.3.0
   Compiling quick-error v1.2.3
   Compiling bit-vec v0.8.0
   Compiling getrandom v0.2.17
   Compiling mio v1.1.1
   Compiling socket2 v0.6.2
   Compiling whoami v2.1.1
   Compiling block-buffer v0.10.4
   Compiling crypto-common v0.1.7
   Compiling rand_core v0.9.5
   Compiling rand_core v0.6.4
   Compiling wait-timeout v0.2.1
   Compiling rayon v1.11.0
   Compiling plotters v0.3.7
   Compiling parking_lot v0.12.5
   Compiling digest v0.10.7
   Compiling crossbeam v0.8.4
   Compiling bit-set v0.8.0
   Compiling nom v7.1.3
   Compiling rand_xorshift v0.4.0
   Compiling hashbrown v0.12.3
   Compiling is-terminal v0.4.17
   Compiling walkdir v2.5.0
   Compiling crossbeam-skiplist v0.1.3
   Compiling ryu v1.0.23
   Compiling sha2 v0.10.9
   Compiling hmac v0.12.1
   Compiling md-5 v0.10.6
   Compiling oorandom v11.1.5
   Compiling scoped-tls v1.0.1
   Compiling anes v0.1.6
   Compiling aerostore_verified v0.1.0 (/home/zpconn/code/aerostore/aerostore_verified)
   Compiling hex v0.4.3
   Compiling unarray v0.1.4
   Compiling generator v0.8.8
   Compiling regex-automata v0.4.14
   Compiling criterion-plot v0.5.0
   Compiling tempfile v3.26.0
   Compiling rusty-fork v0.3.1
   Compiling clap v4.5.60
   Compiling darling_core v0.13.4
   Compiling zerocopy-derive v0.8.40
   Compiling serde_derive v1.0.228
   Compiling futures-macro v0.3.32
   Compiling tokio-macros v2.6.0
   Compiling async-trait v0.1.89
   Compiling aerostore_macros v0.1.0 (/home/zpconn/code/aerostore/aerostore_macros)
   Compiling ptr_meta_derive v0.1.4
   Compiling bytecheck_derive v0.6.12
   Compiling rkyv_derive v0.7.46
   Compiling tokio v1.49.0
   Compiling futures-util v0.3.32
   Compiling matchers v0.2.0
   Compiling regex v1.12.3
   Compiling ptr_meta v0.1.4
   Compiling tracing-subscriber v0.3.22
   Compiling darling_macro v0.13.4
   Compiling darling v0.13.4
   Compiling serde_with_macros v1.5.2
   Compiling loom v0.7.2
   Compiling serde_with v1.14.0
   Compiling tinytemplate v1.2.1
   Compiling bincode v1.3.3
   Compiling futures-executor v0.3.32
   Compiling futures v0.3.32
   Compiling bollard-stubs v1.42.0-rc.3
   Compiling ppv-lite86 v0.2.21
   Compiling half v2.7.1
   Compiling tokio-util v0.7.18
   Compiling ciborium-ll v0.2.2
   Compiling rand_chacha v0.9.0
   Compiling rand_chacha v0.3.1
   Compiling ciborium v0.2.2
   Compiling rand v0.9.2
   Compiling rand v0.8.5
   Compiling criterion v0.5.1
   Compiling postgres-protocol v0.6.10
   Compiling proptest v1.10.0
   Compiling aerostore_core v0.1.0 (/home/zpconn/code/aerostore/aerostore_core)
   Compiling postgres-types v0.2.12
   Compiling tokio-postgres v0.7.16
   Compiling postgres v0.19.12
warning: method `commit_with_record_before_publish` is never used
    --> aerostore_core/src/occ_partitioned.rs:1240:19
     |
 357 | impl<T: Copy + Send + Sync + 'static> OccTable<T> {
     | ------------------------------------------------- method in this implementation
...
1240 |     pub(crate) fn commit_with_record_before_publish<E, F>(
     |                   ^^^^^^^^^^^^^^^^^^^^^^^^^^^^^^^^^
     |
     = note: `#[warn(dead_code)]` (part of `#[warn(unused)]`) on by default

warning: `aerostore_core` (lib) generated 1 warning
   Compiling testcontainers v0.15.0
    Finished `test` profile [unoptimized + debuginfo] target(s) in 8.59s
     Running tests/occ_checkpoint_benchmark.rs (target/verification-next/workspace-tests/debug/deps/occ_checkpoint_benchmark-718b99b676dae7f2)

running 2 tests
occ_checkpoint_latency_benchmark: rows=10000 elapsed=13.955856ms per_row_ns=1395.59 checkpoint_bytes=160028
occ_checkpoint_latency_benchmark: rows=100000 elapsed=23.811815ms per_row_ns=238.12 checkpoint_bytes=1600028
occ_checkpoint_latency_benchmark: rows=1000000 elapsed=154.625117ms per_row_ns=154.63 checkpoint_bytes=16000028
test benchmark_occ_checkpoint_latency_by_cardinality ... ok
logical_snapshot_replay_benchmark: rows=10000 elapsed=159.383469ms rows_per_sec=67447.40 snapshot_bytes=260040 wal_bytes=176000
logical_snapshot_replay_benchmark: rows=100000 elapsed=1.326744787s rows_per_sec=75937.74 snapshot_bytes=2600040 wal_bytes=176000
logical_snapshot_replay_benchmark: rows=1000000 elapsed=13.454724946s rows_per_sec=74379.08 snapshot_bytes=26000040 wal_bytes=176000
test benchmark_logical_snapshot_and_replay_recovery_by_cardinality ... ok

test result: ok. 2 passed; 0 failed; 0 ignored; 0 measured; 0 filtered out; finished in 16.11s

     Running tests/wal_crash_recovery.rs (target/verification-next/workspace-tests/debug/deps/wal_crash_recovery-1ebc6e5cd96aa9ed)

running 11 tests
test recovery_rejects_truncated_or_corrupt_wal_frames_with_explicit_error ... ok
test crash_recovery_restores_occ_rows_and_indexes_from_wal ... ok
test async_wal_daemon_restart_does_not_persist_rolled_back_savepoint_intents ... ok
test async_wal_daemon_crash_then_restart_replays_tcl_like_upserts_and_indexes ... ok
test replaying_same_wal_into_fresh_tables_is_idempotent ... ok
test checkpoint_compaction_truncates_wal_and_recovery_replays_checkpoint_plus_tail ... ok
test async_wal_daemon_crash_then_restart_preserves_replayable_wal_stream ... ok
test recovery_high_cardinality_multi_round_updates_restore_latest_values ... ok
test recovery_large_cardinality_index_parity_matches_table_scan ... ok
test checkpoint_under_write_load_remains_recoverable ... ok
occ_replay_benchmark: txns=12000 applied_writes=12000 elapsed=35.440643ms throughput_writes_per_sec=338594.31
test benchmark_occ_wal_replay_startup_throughput ... ok

test result: ok. 11 passed; 0 failed; 0 ignored; 0 measured; 0 filtered out; finished in 27.22s

     Running tests/wal_delta_codec.rs (target/verification-next/workspace-tests/debug/deps/wal_delta_codec-4c110583f87d52da)

running 1 test
test occ_commit_tracks_dirty_mask_and_emits_update_delta_record ... ok

test result: ok. 1 passed; 0 failed; 0 ignored; 0 measured; 0 filtered out; finished in 0.00s

     Running tests/wal_delta_recovery_pk_map.rs (target/verification-next/workspace-tests/debug/deps/wal_delta_recovery_pk_map-a7383cc680505e0e)

running 4 tests
test apply_recovered_write_cas_rejects_stale_expected_base_offset ... ok
test replay_update_record_with_pk_map_updates_existing_key_with_delta ... ok
test replay_update_record_with_pk_map_inserts_absent_key_then_applies_followup_delta ... ok
test checkpoint_recovery_with_pk_map_preserves_key_to_row_mapping_and_applies_delta_tail ... ok

test result: ok. 4 passed; 0 failed; 0 ignored; 0 measured; 0 filtered out; finished in 0.03s

     Running tests/wal_protocol_regressions.rs (target/verification-next/workspace-tests/debug/deps/wal_protocol_regressions-0361cf5b705ce594)

running 23 tests
test file_checkpoint_refuses_an_undrained_async_stream ... ok
test rejected_async_encoding_does_not_claim_a_full_wal_baseline ... ok
test legacy_v1_checkpoint_remains_readable ... ok
test one_table_cannot_split_its_history_across_async_rings ... ok
test rejected_async_enqueue_does_not_publish_a_transaction ... ok
test async_epoch_change_during_preparation_retries_without_accepting_stale_bytes ... ok
test async_stream_must_share_the_tables_local_mapping ... ok
test asynchronous_wal_encoding_runs_outside_commit_guards_and_revalidates ... ok
test failed_wal_encoding_does_not_publish_a_transaction ... ok

thread 'panicking_prepared_codec_aborts_without_rows_indexes_wal_or_registration' (4235) panicked at aerostore_core/tests/wal_protocol_regressions.rs:723:47:
injected preparation codec panic
note: run with `RUST_BACKTRACE=1` environment variable to display a backtrace
test synchronous_acknowledgement_cannot_lose_an_async_dependency ... ok
test bound_durable_table_rejects_unlogged_writes_but_allows_read_only_commit ... ok
test checkpoint_rejects_a_different_wal_file_without_truncating_it ... ok
test panicking_prepared_codec_aborts_without_rows_indexes_wal_or_registration ... ok
test failed_wal_encoding_rolls_back_prepared_index_destinations ... ok
test acknowledged_dependent_commit_recovers_with_its_input ... ok
test killed_async_writer_must_be_joined_before_replacement ... ok
test async_ring_has_one_joined_writer_and_one_wal_file ... ok
test synchronous_wal_encoding_runs_outside_commit_guards_and_revalidates ... ok
test one_table_cannot_split_its_history_across_wal_files ... ok
test checkpoint_preserves_a_transaction_that_started_before_its_cut ... ok
test checkpoint_cannot_truncate_a_commit_missing_from_its_snapshot ... ok
test inherited_sync_writer_reopens_its_file_lock_after_fork ... ok
test independent_wal_writers_preserve_complete_frames ... ok

test result: ok. 23 passed; 0 failed; 0 ignored; 0 measured; 0 filtered out; finished in 0.28s

     Running tests/wal_writer_lifecycle.rs (target/verification-next/workspace-tests/debug/deps/wal_writer_lifecycle-4a0cda50f03083ab)

running 1 test
test wal_writer_daemon_exits_when_parent_process_exits ... ok

test result: ok. 1 passed; 0 failed; 0 ignored; 0 measured; 0 filtered out; finished in 0.02s

