   Compiling aerostore_core v0.1.0 (/home/zpconn/code/aerostore/aerostore_core)
warning: method `commit_with_record_before_publish` is never used
    --> aerostore_core/src/occ_partitioned.rs:1256:19
     |
 357 | impl<T: Copy + Send + Sync + 'static> OccTable<T> {
     | ------------------------------------------------- method in this implementation
...
1256 |     pub(crate) fn commit_with_record_before_publish<E, F>(
     |                   ^^^^^^^^^^^^^^^^^^^^^^^^^^^^^^^^^
     |
     = note: `#[warn(dead_code)]` (part of `#[warn(unused)]`) on by default

warning: `aerostore_core` (lib) generated 1 warning
    Finished `test` profile [unoptimized + debuginfo] target(s) in 1.29s
     Running tests/wal_protocol_regressions.rs (target/verification-next/workspace-tests/debug/deps/wal_protocol_regressions-0361cf5b705ce594)

running 23 tests
test async_stream_must_share_the_tables_local_mapping ... ok
test async_epoch_change_during_preparation_retries_without_accepting_stale_bytes ... ok
test asynchronous_wal_encoding_runs_outside_commit_guards_and_revalidates ... ok
test rejected_async_encoding_does_not_claim_a_full_wal_baseline ... ok
test legacy_v1_checkpoint_remains_readable ... ok
test rejected_async_enqueue_does_not_publish_a_transaction ... ok
test file_checkpoint_refuses_an_undrained_async_stream ... ok
test one_table_cannot_split_its_history_across_async_rings ... ok

thread 'panicking_prepared_codec_aborts_without_rows_indexes_wal_or_registration' (484) panicked at aerostore_core/tests/wal_protocol_regressions.rs:723:47:
injected preparation codec panic
note: run with `RUST_BACKTRACE=1` environment variable to display a backtrace
test synchronous_acknowledgement_cannot_lose_an_async_dependency ... ok
test failed_wal_encoding_does_not_publish_a_transaction ... ok
test bound_durable_table_rejects_unlogged_writes_but_allows_read_only_commit ... ok
test failed_wal_encoding_rolls_back_prepared_index_destinations ... ok
test checkpoint_rejects_a_different_wal_file_without_truncating_it ... ok
test panicking_prepared_codec_aborts_without_rows_indexes_wal_or_registration ... ok
test acknowledged_dependent_commit_recovers_with_its_input ... ok
test killed_async_writer_must_be_joined_before_replacement ... ok
test synchronous_wal_encoding_runs_outside_commit_guards_and_revalidates ... ok
test async_ring_has_one_joined_writer_and_one_wal_file ... ok
test one_table_cannot_split_its_history_across_wal_files ... ok
test checkpoint_preserves_a_transaction_that_started_before_its_cut ... ok
test checkpoint_cannot_truncate_a_commit_missing_from_its_snapshot ... ok
test inherited_sync_writer_reopens_its_file_lock_after_fork ... ok
test independent_wal_writers_preserve_complete_frames ... ok

test result: ok. 23 passed; 0 failed; 0 ignored; 0 measured; 0 filtered out; finished in 0.29s

