Gnuplot not found, using plotters backend
hyperfeed_crucible_interval: profile=diagnostic elapsed_secs=5.015 interval_secs=5.015 interval_tps=301877.67 total_ops=1513987 arena_head_bytes=31528920 fresh_bytes=13268760 reclaimed_nodes=1206150 retired_backlog=5197 alloc_failure_events=0 retired_postings=0 reclaimed_postings=0
hyperfeed_crucible_fresh: profile=diagnostic elapsed_secs=5.015 general_bytes=0 row_version_bytes=10203512 skip_node_bytes=2170080 skip_posting_bytes=690480 skip_tower_bytes=204688 spill_bytes=0
hyperfeed_crucible_interval: profile=diagnostic elapsed_secs=10.029 interval_secs=5.014 interval_tps=304695.03 total_ops=3041682 arena_head_bytes=31595480 fresh_bytes=66560 reclaimed_nodes=1226819 retired_backlog=513 alloc_failure_events=0 retired_postings=0 reclaimed_postings=0
hyperfeed_crucible_fresh: profile=diagnostic elapsed_secs=10.029 general_bytes=0 row_version_bytes=65472 skip_node_bytes=0 skip_posting_bytes=0 skip_tower_bytes=1088 spill_bytes=0
hyperfeed_crucible_interval: profile=diagnostic elapsed_secs=15.043 interval_secs=5.014 interval_tps=309784.60 total_ops=4594879 arena_head_bytes=33261016 fresh_bytes=1665536 reclaimed_nodes=1239462 retired_backlog=3588 alloc_failure_events=0 retired_postings=0 reclaimed_postings=0
hyperfeed_crucible_fresh: profile=diagnostic elapsed_secs=15.043 general_bytes=0 row_version_bytes=1665400 skip_node_bytes=0 skip_posting_bytes=0 skip_tower_bytes=136 spill_bytes=0
hyperfeed_crucible_interval: profile=diagnostic elapsed_secs=20.063 interval_secs=5.020 interval_tps=307972.62 total_ops=6141032 arena_head_bytes=33266360 fresh_bytes=5344 reclaimed_nodes=1238725 retired_backlog=1796 alloc_failure_events=0 retired_postings=0 reclaimed_postings=0
hyperfeed_crucible_fresh: profile=diagnostic elapsed_secs=20.063 general_bytes=0 row_version_bytes=0 skip_node_bytes=3344 skip_posting_bytes=1064 skip_tower_bytes=936 spill_bytes=0
hyperfeed_crucible_interval: profile=diagnostic elapsed_secs=25.067 interval_secs=5.003 interval_tps=299429.29 total_ops=7639163 arena_head_bytes=33279032 fresh_bytes=12672 reclaimed_nodes=1197355 retired_backlog=2937 alloc_failure_events=0 retired_postings=0 reclaimed_postings=0
hyperfeed_crucible_fresh: profile=diagnostic elapsed_secs=25.067 general_bytes=0 row_version_bytes=12672 skip_node_bytes=0 skip_posting_bytes=0 skip_tower_bytes=0 spill_bytes=0
hyperfeed_crucible_interval: profile=diagnostic elapsed_secs=30.090 interval_secs=5.023 interval_tps=305389.24 total_ops=9173142 arena_head_bytes=33284136 fresh_bytes=5104 reclaimed_nodes=1226471 retired_backlog=3692 alloc_failure_events=0 retired_postings=0 reclaimed_postings=0
hyperfeed_crucible_fresh: profile=diagnostic elapsed_secs=30.090 general_bytes=0 row_version_bytes=5104 skip_node_bytes=0 skip_posting_bytes=0 skip_tower_bytes=0 spill_bytes=0
hyperfeed_crucible_interval: profile=diagnostic elapsed_secs=35.105 interval_secs=5.015 interval_tps=306203.09 total_ops=10708814 arena_head_bytes=33284136 fresh_bytes=0 reclaimed_nodes=1229739 retired_backlog=2435 alloc_failure_events=0 retired_postings=0 reclaimed_postings=0
hyperfeed_crucible_fresh: profile=diagnostic elapsed_secs=35.105 general_bytes=0 row_version_bytes=0 skip_node_bytes=0 skip_posting_bytes=0 skip_tower_bytes=0 spill_bytes=0
hyperfeed_crucible_interval: profile=diagnostic elapsed_secs=40.120 interval_secs=5.015 interval_tps=310319.69 total_ops=12265200 arena_head_bytes=33289416 fresh_bytes=5280 reclaimed_nodes=1239942 retired_backlog=7617 alloc_failure_events=0 retired_postings=0 reclaimed_postings=0
hyperfeed_crucible_fresh: profile=diagnostic elapsed_secs=40.120 general_bytes=0 row_version_bytes=5280 skip_node_bytes=0 skip_posting_bytes=0 skip_tower_bytes=0 spill_bytes=0
hyperfeed_crucible_interval: profile=diagnostic elapsed_secs=45.134 interval_secs=5.013 interval_tps=308063.88 total_ops=13809628 arena_head_bytes=33294080 fresh_bytes=4664 reclaimed_nodes=1239212 retired_backlog=3973 alloc_failure_events=0 retired_postings=0 reclaimed_postings=0
hyperfeed_crucible_fresh: profile=diagnostic elapsed_secs=45.134 general_bytes=0 row_version_bytes=4664 skip_node_bytes=0 skip_posting_bytes=0 skip_tower_bytes=0 spill_bytes=0
hyperfeed_crucible_interval: profile=diagnostic elapsed_secs=50.154 interval_secs=5.021 interval_tps=309582.97 total_ops=15363941 arena_head_bytes=33294520 fresh_bytes=440 reclaimed_nodes=1246109 retired_backlog=1268 alloc_failure_events=0 retired_postings=0 reclaimed_postings=0
hyperfeed_crucible_fresh: profile=diagnostic elapsed_secs=50.154 general_bytes=0 row_version_bytes=440 skip_node_bytes=0 skip_posting_bytes=0 skip_tower_bytes=0 spill_bytes=0
hyperfeed_crucible_interval: profile=diagnostic elapsed_secs=55.167 interval_secs=5.013 interval_tps=297290.61 total_ops=16854207 arena_head_bytes=33297528 fresh_bytes=3008 reclaimed_nodes=1189709 retired_backlog=3774 alloc_failure_events=0 retired_postings=0 reclaimed_postings=0
hyperfeed_crucible_fresh: profile=diagnostic elapsed_secs=55.167 general_bytes=0 row_version_bytes=2816 skip_node_bytes=0 skip_posting_bytes=0 skip_tower_bytes=192 spill_bytes=0
hyperfeed_crucible_interval: profile=diagnostic elapsed_secs=60.188 interval_secs=5.021 interval_tps=304676.47 total_ops=18384113 arena_head_bytes=33306768 fresh_bytes=9240 reclaimed_nodes=1226565 retired_backlog=1153 alloc_failure_events=0 retired_postings=0 reclaimed_postings=0
hyperfeed_crucible_fresh: profile=diagnostic elapsed_secs=60.188 general_bytes=0 row_version_bytes=9240 skip_node_bytes=0 skip_posting_bytes=0 skip_tower_bytes=0 spill_bytes=0
hyperfeed_crucible_interval: profile=diagnostic elapsed_secs=65.202 interval_secs=5.014 interval_tps=306078.39 total_ops=19918743 arena_head_bytes=33328064 fresh_bytes=21296 reclaimed_nodes=1227987 retired_backlog=863 alloc_failure_events=0 retired_postings=0 reclaimed_postings=0
hyperfeed_crucible_fresh: profile=diagnostic elapsed_secs=65.202 general_bytes=0 row_version_bytes=21296 skip_node_bytes=0 skip_posting_bytes=0 skip_tower_bytes=0 spill_bytes=0
hyperfeed_crucible_interval: profile=diagnostic elapsed_secs=70.216 interval_secs=5.014 interval_tps=310172.03 total_ops=21473820 arena_head_bytes=33328064 fresh_bytes=0 reclaimed_nodes=1238713 retired_backlog=6213 alloc_failure_events=0 retired_postings=0 reclaimed_postings=0
hyperfeed_crucible_fresh: profile=diagnostic elapsed_secs=70.216 general_bytes=0 row_version_bytes=0 skip_node_bytes=0 skip_posting_bytes=0 skip_tower_bytes=0 spill_bytes=0
hyperfeed_crucible_interval: profile=diagnostic elapsed_secs=75.231 interval_secs=5.015 interval_tps=308805.97 total_ops=23022597 arena_head_bytes=33333552 fresh_bytes=5488 reclaimed_nodes=1243820 retired_backlog=1449 alloc_failure_events=0 retired_postings=0 reclaimed_postings=0
hyperfeed_crucible_fresh: profile=diagnostic elapsed_secs=75.231 general_bytes=0 row_version_bytes=0 skip_node_bytes=3872 skip_posting_bytes=1232 skip_tower_bytes=384 spill_bytes=0
hyperfeed_crucible_interval: profile=diagnostic elapsed_secs=80.246 interval_secs=5.015 interval_tps=309669.20 total_ops=24575506 arena_head_bytes=33359272 fresh_bytes=25720 reclaimed_nodes=1237592 retired_backlog=6156 alloc_failure_events=0 retired_postings=0 reclaimed_postings=0
hyperfeed_crucible_fresh: profile=diagnostic elapsed_secs=80.246 general_bytes=0 row_version_bytes=264 skip_node_bytes=18128 skip_posting_bytes=5768 skip_tower_bytes=1560 spill_bytes=0
hyperfeed_crucible_interval: profile=diagnostic elapsed_secs=85.257 interval_secs=5.011 interval_tps=296684.23 total_ops=26062203 arena_head_bytes=33359272 fresh_bytes=0 reclaimed_nodes=1189801 retired_backlog=5712 alloc_failure_events=0 retired_postings=0 reclaimed_postings=0
hyperfeed_crucible_fresh: profile=diagnostic elapsed_secs=85.257 general_bytes=0 row_version_bytes=0 skip_node_bytes=0 skip_posting_bytes=0 skip_tower_bytes=0 spill_bytes=0
hyperfeed_crucible_interval: profile=diagnostic elapsed_secs=90.280 interval_secs=5.023 interval_tps=305483.43 total_ops=27596608 arena_head_bytes=33363056 fresh_bytes=3784 reclaimed_nodes=1229683 retired_backlog=3554 alloc_failure_events=0 retired_postings=0 reclaimed_postings=0
hyperfeed_crucible_fresh: profile=diagnostic elapsed_secs=90.280 general_bytes=0 row_version_bytes=3784 skip_node_bytes=0 skip_posting_bytes=0 skip_tower_bytes=0 spill_bytes=0
hyperfeed_crucible_interval: profile=diagnostic elapsed_secs=95.295 interval_secs=5.015 interval_tps=305118.29 total_ops=29126712 arena_head_bytes=33581712 fresh_bytes=218656 reclaimed_nodes=1225266 retired_backlog=2372 alloc_failure_events=0 retired_postings=0 reclaimed_postings=0
hyperfeed_crucible_fresh: profile=diagnostic elapsed_secs=95.295 general_bytes=0 row_version_bytes=14960 skip_node_bytes=144496 skip_posting_bytes=45976 skip_tower_bytes=13224 spill_bytes=0
hyperfeed_crucible_interval: profile=diagnostic elapsed_secs=100.310 interval_secs=5.015 interval_tps=307734.71 total_ops=30669980 arena_head_bytes=33601560 fresh_bytes=19848 reclaimed_nodes=1229566 retired_backlog=7434 alloc_failure_events=0 retired_postings=0 reclaimed_postings=0
hyperfeed_crucible_fresh: profile=diagnostic elapsed_secs=100.310 general_bytes=0 row_version_bytes=19712 skip_node_bytes=0 skip_posting_bytes=0 skip_tower_bytes=136 spill_bytes=0
hyperfeed_crucible_interval: profile=diagnostic elapsed_secs=105.323 interval_secs=5.014 interval_tps=305273.33 total_ops=32200468 arena_head_bytes=33601560 fresh_bytes=0 reclaimed_nodes=1227871 retired_backlog=3991 alloc_failure_events=0 retired_postings=0 reclaimed_postings=0
hyperfeed_crucible_fresh: profile=diagnostic elapsed_secs=105.323 general_bytes=0 row_version_bytes=0 skip_node_bytes=0 skip_posting_bytes=0 skip_tower_bytes=0 spill_bytes=0
hyperfeed_crucible_interval: profile=diagnostic elapsed_secs=110.339 interval_secs=5.016 interval_tps=308309.69 total_ops=33746991 arena_head_bytes=33688240 fresh_bytes=86680 reclaimed_nodes=1240376 retired_backlog=793 alloc_failure_events=0 retired_postings=0 reclaimed_postings=0
hyperfeed_crucible_fresh: profile=diagnostic elapsed_secs=110.339 general_bytes=0 row_version_bytes=86680 skip_node_bytes=0 skip_posting_bytes=0 skip_tower_bytes=0 spill_bytes=0
hyperfeed_crucible_interval: profile=diagnostic elapsed_secs=115.348 interval_secs=5.009 interval_tps=296917.56 total_ops=35234273 arena_head_bytes=33689120 fresh_bytes=880 reclaimed_nodes=1184453 retired_backlog=6167 alloc_failure_events=0 retired_postings=0 reclaimed_postings=0
hyperfeed_crucible_fresh: profile=diagnostic elapsed_secs=115.348 general_bytes=0 row_version_bytes=880 skip_node_bytes=0 skip_posting_bytes=0 skip_tower_bytes=0 spill_bytes=0
hyperfeed_crucible_interval: profile=diagnostic elapsed_secs=120.070 interval_secs=4.722 interval_tps=298457.73 total_ops=36643606 arena_head_bytes=33689736 fresh_bytes=616 reclaimed_nodes=1133603 retired_backlog=0 alloc_failure_events=0 retired_postings=0 reclaimed_postings=0
hyperfeed_crucible_fresh: profile=diagnostic elapsed_secs=120.070 general_bytes=0 row_version_bytes=616 skip_node_bytes=0 skip_posting_bytes=0 skip_tower_bytes=0 spill_bytes=0
hyperfeed_crucible_correctness: profile=diagnostic table_rows=50000 index_postings=50000 exact_match=true
hyperfeed_crucible_stability: profile=diagnostic tail_fresh_bytes=382968 fresh_growth_budget_bytes=18260160 early_interval_tps=305440.43 late_interval_tps=304892.05 retained_tps=0.9982 arena_head_bytes=33689736
hyperfeed_crucible_gc_drain: profile=diagnostic retired_backlog=0 gc_recycle_errors=0 retired_postings=0 reclaimed_postings=0
hyperfeed_crucible_allocation_class: profile=diagnostic class=nodes allocated=63296 reachable=50001 retired=0 reusable=13295
hyperfeed_crucible_allocation_class: profile=diagnostic class=postings allocated=63295 reachable=50000 retired=0 reusable=13295
hyperfeed_crucible_allocation_class: profile=diagnostic class=towers allocated=63297 reachable=50001 retired=0 reusable=13296
hyperfeed_crucible_allocation_class: profile=diagnostic class=tower_lanes allocated=128367 reachable=99928 retired=0 reusable=28439
hyperfeed_crucible_allocation_audit: profile=diagnostic status=pass
hyperfeed_crucible_retry: profile=diagnostic max_insert_attempts=1 pressure_state=0 retry_alloc=0 gc_recycle_errors=0
hyperfeed_crucible_config: profile=diagnostic mode=aerostore_only aerostore_shm_bytes=134217728 workers=16
| Engine | TPS | Total Ops | p50 (us) | p90 (us) | p99 (us) | Upserts | Scans | Hot Upserts | Conflicts | Index Remove Fail | Index Insert Fail |
| aerostore | 305352.40 | 36643606 | 8.19 | 32.77 | 131.07 | 29314989 | 7328617 | 1465758 | 326089 | 0 | 0 |
hyperfeed_crucible_engine_timing: profile=diagnostic aerostore_elapsed_secs=120.004 operation_failures=0
hyperfeed_crucible_reclaim: profile=diagnostic vacuum_reclaimed_rows=29314989 index_retired_nodes=29314989 index_reclaimed_nodes=29314989 free_list_pushes=0 free_list_pops=0
hyperfeed_crucible_occ: profile=diagnostic alloc_fresh=137759 reused=29503319
