TLC2 Version 2026.09.22.222048 (rev: 35d40c9)
Running breadth-first search Model-Checking with fp 0 and seed 1 with 1 worker on 24 cores with 491MB heap and 64MB offheap memory [pid: 694] (Linux 6.6.87.2-microsoft-standard-WSL2 amd64, Ubuntu 21.0.12.1 64bit, MSBDiskFPSet, DiskStateQueue).
Parsing file /tmp/aerostore-tlc-models-u3vja32j/Reclamation.tla
Parsing file /tmp/tlc-13545114333900018424/Naturals.tla (jar:file:/home/zpconn/code/aerostore/target/verification-tools/tla/tla2tools.jar!/tla2sany/StandardModules/Naturals.tla)
Parsing file /tmp/tlc-13545114333900018424/FiniteSets.tla (jar:file:/home/zpconn/code/aerostore/target/verification-tools/tla/tla2tools.jar!/tla2sany/StandardModules/FiniteSets.tla)
Parsing file /tmp/tlc-13545114333900018424/Sequences.tla (jar:file:/home/zpconn/code/aerostore/target/verification-tools/tla/tla2tools.jar!/tla2sany/StandardModules/Sequences.tla)
Semantic processing of module Naturals
Semantic processing of module Sequences
Semantic processing of module FiniteSets
Semantic processing of module Reclamation
Linting of module Reclamation
Starting... (2026-09-23 17:46:08)
Computing initial states...
Finished computing initial states: 1 distinct state generated at 2026-09-23 17:46:08.
Error: Invariant Safety is violated.
Error: The behavior up to this point is:
State 1: <Initial predicate>
/\ retired = FALSE
/\ writerActive = TRUE
/\ needsOld = {}
/\ guard = FALSE
/\ readers = {}
/\ phase = "FirstReader"
/\ turn = 1
/\ free = FALSE
/\ pinsOld = {}

State 2: <FirstReader line 15, col 5 to line 18, col 61 of module Reclamation>
/\ needsOld = {1}
/\ readers = {1}
/\ phase = "WriterCommit"
/\ pinsOld = {1}

State 3: <WriterCommit line 20, col 5 to line 23, col 66 of module Reclamation>
/\ retired = TRUE
/\ writerActive = FALSE
/\ needsOld = {1}
/\ readers = {1}
/\ phase = "SecondReader"
/\ pinsOld = {1}

State 4: <Collect line 53, col 5 to line 57, col 90 of module Reclamation>
/\ retired = TRUE
/\ writerActive = FALSE
/\ needsOld = {1}
/\ guard = FALSE
/\ readers = {1}
/\ phase = "SecondReader"
/\ turn = 1
/\ free = TRUE
/\ pinsOld = {1}

5 states generated, 5 distinct states found, 1 states left on queue.
The depth of the complete state graph search is 4.
Finished in 00s at (2026-09-23 17:46:08)
