Gnuplot not found, using plotters backend
hyperfeed_crucible_seed: mode=fixed seed=2026092399 algorithm=worker_add_xorshift64_v1
hyperfeed_crucible_interval: profile=diagnostic elapsed_secs=5.013 interval_secs=5.013 interval_tps=288987.28 total_ops=1448770 arena_head_bytes=33005864 fresh_bytes=12845160 reclaimed_nodes=1152131 retired_backlog=7037 alloc_failure_events=0 retired_postings=0 reclaimed_postings=0
hyperfeed_crucible_fresh: profile=diagnostic elapsed_secs=5.013 general_bytes=0 row_version_bytes=9950688 skip_node_bytes=2050928 skip_posting_bytes=652568 skip_tower_bytes=190976 spill_bytes=0
hyperfeed_crucible_interval: profile=diagnostic elapsed_secs=10.029 interval_secs=5.016 interval_tps=308212.29 total_ops=2994699 arena_head_bytes=33598384 fresh_bytes=592520 reclaimed_nodes=1243109 retired_backlog=619 alloc_failure_events=0 retired_postings=0 reclaimed_postings=0
hyperfeed_crucible_fresh: profile=diagnostic elapsed_secs=10.029 general_bytes=0 row_version_bytes=221144 skip_node_bytes=261008 skip_posting_bytes=83048 skip_tower_bytes=27320 spill_bytes=0
hyperfeed_crucible_interval: profile=diagnostic elapsed_secs=15.037 interval_secs=5.008 interval_tps=307336.47 total_ops=4533804 arena_head_bytes=33732672 fresh_bytes=134288 reclaimed_nodes=1228226 retired_backlog=3679 alloc_failure_events=0 retired_postings=0 reclaimed_postings=0
hyperfeed_crucible_fresh: profile=diagnostic elapsed_secs=15.037 general_bytes=0 row_version_bytes=134288 skip_node_bytes=0 skip_posting_bytes=0 skip_tower_bytes=0 spill_bytes=0
hyperfeed_crucible_interval: profile=diagnostic elapsed_secs=20.054 interval_secs=5.017 interval_tps=312368.36 total_ops=6100993 arena_head_bytes=33733728 fresh_bytes=1056 reclaimed_nodes=1252603 retired_backlog=4851 alloc_failure_events=0 retired_postings=0 reclaimed_postings=0
hyperfeed_crucible_fresh: profile=diagnostic elapsed_secs=20.054 general_bytes=0 row_version_bytes=1056 skip_node_bytes=0 skip_posting_bytes=0 skip_tower_bytes=0 spill_bytes=0
hyperfeed_crucible_interval: profile=diagnostic elapsed_secs=25.068 interval_secs=5.014 interval_tps=313791.46 total_ops=7674210 arena_head_bytes=33847424 fresh_bytes=113696 reclaimed_nodes=1256872 retired_backlog=6537 alloc_failure_events=0 retired_postings=0 reclaimed_postings=0
hyperfeed_crucible_fresh: profile=diagnostic elapsed_secs=25.068 general_bytes=0 row_version_bytes=88 skip_node_bytes=80256 skip_posting_bytes=25536 skip_tower_bytes=7816 spill_bytes=0
hyperfeed_crucible_interval: profile=diagnostic elapsed_secs=30.082 interval_secs=5.014 interval_tps=319501.14 total_ops=9276322 arena_head_bytes=33876992 fresh_bytes=29568 reclaimed_nodes=1284715 retired_backlog=3526 alloc_failure_events=0 retired_postings=0 reclaimed_postings=0
hyperfeed_crucible_fresh: profile=diagnostic elapsed_secs=30.082 general_bytes=0 row_version_bytes=29568 skip_node_bytes=0 skip_posting_bytes=0 skip_tower_bytes=0 spill_bytes=0
hyperfeed_crucible_interval: profile=diagnostic elapsed_secs=35.096 interval_secs=5.014 interval_tps=312715.71 total_ops=10844358 arena_head_bytes=33952856 fresh_bytes=75864 reclaimed_nodes=1251232 retired_backlog=6710 alloc_failure_events=0 retired_postings=0 reclaimed_postings=0
hyperfeed_crucible_fresh: profile=diagnostic elapsed_secs=35.096 general_bytes=0 row_version_bytes=10120 skip_node_bytes=46464 skip_posting_bytes=14784 skip_tower_bytes=4496 spill_bytes=0
hyperfeed_crucible_interval: profile=diagnostic elapsed_secs=40.110 interval_secs=5.014 interval_tps=294343.30 total_ops=12320170 arena_head_bytes=34277752 fresh_bytes=324896 reclaimed_nodes=1181001 retired_backlog=6383 alloc_failure_events=0 retired_postings=0 reclaimed_postings=0
hyperfeed_crucible_fresh: profile=diagnostic elapsed_secs=40.110 general_bytes=0 row_version_bytes=324896 skip_node_bytes=0 skip_posting_bytes=0 skip_tower_bytes=0 spill_bytes=0
hyperfeed_crucible_interval: profile=diagnostic elapsed_secs=45.131 interval_secs=5.021 interval_tps=295358.89 total_ops=13803226 arena_head_bytes=34350176 fresh_bytes=72424 reclaimed_nodes=1183988 retired_backlog=8849 alloc_failure_events=0 retired_postings=0 reclaimed_postings=0
hyperfeed_crucible_fresh: profile=diagnostic elapsed_secs=45.131 general_bytes=0 row_version_bytes=72424 skip_node_bytes=0 skip_posting_bytes=0 skip_tower_bytes=0 spill_bytes=0
hyperfeed_crucible_interval: profile=diagnostic elapsed_secs=50.153 interval_secs=5.021 interval_tps=298785.74 total_ops=15303532 arena_head_bytes=34350528 fresh_bytes=352 reclaimed_nodes=1204502 retired_backlog=4553 alloc_failure_events=0 retired_postings=0 reclaimed_postings=0
hyperfeed_crucible_fresh: profile=diagnostic elapsed_secs=50.153 general_bytes=0 row_version_bytes=352 skip_node_bytes=0 skip_posting_bytes=0 skip_tower_bytes=0 spill_bytes=0
hyperfeed_crucible_interval: profile=diagnostic elapsed_secs=55.166 interval_secs=5.013 interval_tps=302849.13 total_ops=16821717 arena_head_bytes=34487736 fresh_bytes=137208 reclaimed_nodes=1214709 retired_backlog=4401 alloc_failure_events=0 retired_postings=0 reclaimed_postings=0
hyperfeed_crucible_fresh: profile=diagnostic elapsed_secs=55.166 general_bytes=0 row_version_bytes=137016 skip_node_bytes=0 skip_posting_bytes=0 skip_tower_bytes=192 spill_bytes=0
hyperfeed_crucible_interval: profile=diagnostic elapsed_secs=60.180 interval_secs=5.015 interval_tps=303119.70 total_ops=18341739 arena_head_bytes=34513960 fresh_bytes=26224 reclaimed_nodes=1213365 retired_backlog=7033 alloc_failure_events=0 retired_postings=0 reclaimed_postings=0
hyperfeed_crucible_fresh: profile=diagnostic elapsed_secs=60.180 general_bytes=0 row_version_bytes=26224 skip_node_bytes=0 skip_posting_bytes=0 skip_tower_bytes=0 spill_bytes=0
hyperfeed_crucible_interval: profile=diagnostic elapsed_secs=65.195 interval_secs=5.015 interval_tps=308888.18 total_ops=19890805 arena_head_bytes=34513960 fresh_bytes=0 reclaimed_nodes=1241488 retired_backlog=4839 alloc_failure_events=0 retired_postings=0 reclaimed_postings=0
hyperfeed_crucible_fresh: profile=diagnostic elapsed_secs=65.195 general_bytes=0 row_version_bytes=0 skip_node_bytes=0 skip_posting_bytes=0 skip_tower_bytes=0 spill_bytes=0
hyperfeed_crucible_interval: profile=diagnostic elapsed_secs=70.210 interval_secs=5.015 interval_tps=318416.51 total_ops=21487609 arena_head_bytes=34527688 fresh_bytes=13728 reclaimed_nodes=1277784 retired_backlog=4468 alloc_failure_events=0 retired_postings=0 reclaimed_postings=0
hyperfeed_crucible_fresh: profile=diagnostic elapsed_secs=70.210 general_bytes=0 row_version_bytes=13728 skip_node_bytes=0 skip_posting_bytes=0 skip_tower_bytes=0 spill_bytes=0
hyperfeed_crucible_interval: profile=diagnostic elapsed_secs=75.212 interval_secs=5.002 interval_tps=306693.55 total_ops=23021760 arena_head_bytes=34528240 fresh_bytes=552 reclaimed_nodes=1226074 retired_backlog=5739 alloc_failure_events=0 retired_postings=0 reclaimed_postings=0
hyperfeed_crucible_fresh: profile=diagnostic elapsed_secs=75.212 general_bytes=0 row_version_bytes=352 skip_node_bytes=0 skip_posting_bytes=0 skip_tower_bytes=200 spill_bytes=0
hyperfeed_crucible_interval: profile=diagnostic elapsed_secs=80.234 interval_secs=5.022 interval_tps=304205.82 total_ops=24549456 arena_head_bytes=34546192 fresh_bytes=17952 reclaimed_nodes=1222322 retired_backlog=5570 alloc_failure_events=0 retired_postings=0 reclaimed_postings=0
hyperfeed_crucible_fresh: profile=diagnostic elapsed_secs=80.234 general_bytes=0 row_version_bytes=17952 skip_node_bytes=0 skip_posting_bytes=0 skip_tower_bytes=0 spill_bytes=0
hyperfeed_crucible_interval: profile=diagnostic elapsed_secs=85.249 interval_secs=5.014 interval_tps=258195.41 total_ops=25844124 arena_head_bytes=35190616 fresh_bytes=644424 reclaimed_nodes=1036441 retired_backlog=4862 alloc_failure_events=0 retired_postings=0 reclaimed_postings=0
hyperfeed_crucible_fresh: profile=diagnostic elapsed_secs=85.249 general_bytes=0 row_version_bytes=644424 skip_node_bytes=0 skip_posting_bytes=0 skip_tower_bytes=0 spill_bytes=0
hyperfeed_crucible_interval: profile=diagnostic elapsed_secs=90.264 interval_secs=5.015 interval_tps=293434.42 total_ops=27315729 arena_head_bytes=35196776 fresh_bytes=6160 reclaimed_nodes=1176127 retired_backlog=6027 alloc_failure_events=0 retired_postings=0 reclaimed_postings=0
hyperfeed_crucible_fresh: profile=diagnostic elapsed_secs=90.264 general_bytes=0 row_version_bytes=6160 skip_node_bytes=0 skip_posting_bytes=0 skip_tower_bytes=0 spill_bytes=0
hyperfeed_crucible_interval: profile=diagnostic elapsed_secs=95.278 interval_secs=5.015 interval_tps=293704.17 total_ops=28788552 arena_head_bytes=35206632 fresh_bytes=9856 reclaimed_nodes=1179334 retired_backlog=4912 alloc_failure_events=0 retired_postings=0 reclaimed_postings=0
hyperfeed_crucible_fresh: profile=diagnostic elapsed_secs=95.278 general_bytes=0 row_version_bytes=9856 skip_node_bytes=0 skip_posting_bytes=0 skip_tower_bytes=0 spill_bytes=0
hyperfeed_crucible_interval: profile=diagnostic elapsed_secs=100.293 interval_secs=5.014 interval_tps=289962.52 total_ops=30242524 arena_head_bytes=35348664 fresh_bytes=142032 reclaimed_nodes=1162038 retired_backlog=6108 alloc_failure_events=0 retired_postings=0 reclaimed_postings=0
hyperfeed_crucible_fresh: profile=diagnostic elapsed_secs=100.293 general_bytes=0 row_version_bytes=142032 skip_node_bytes=0 skip_posting_bytes=0 skip_tower_bytes=0 spill_bytes=0
hyperfeed_crucible_interval: profile=diagnostic elapsed_secs=105.294 interval_secs=5.001 interval_tps=293994.89 total_ops=31712820 arena_head_bytes=35348664 fresh_bytes=0 reclaimed_nodes=1177770 retired_backlog=4546 alloc_failure_events=0 retired_postings=0 reclaimed_postings=0
hyperfeed_crucible_fresh: profile=diagnostic elapsed_secs=105.294 general_bytes=0 row_version_bytes=0 skip_node_bytes=0 skip_posting_bytes=0 skip_tower_bytes=0 spill_bytes=0
hyperfeed_crucible_interval: profile=diagnostic elapsed_secs=110.311 interval_secs=5.017 interval_tps=313338.58 total_ops=33284809 arena_head_bytes=35348664 fresh_bytes=0 reclaimed_nodes=1257819 retired_backlog=4299 alloc_failure_events=0 retired_postings=0 reclaimed_postings=0
hyperfeed_crucible_fresh: profile=diagnostic elapsed_secs=110.311 general_bytes=0 row_version_bytes=0 skip_node_bytes=0 skip_posting_bytes=0 skip_tower_bytes=0 spill_bytes=0
hyperfeed_crucible_interval: profile=diagnostic elapsed_secs=115.324 interval_secs=5.013 interval_tps=288004.30 total_ops=34728635 arena_head_bytes=35350248 fresh_bytes=1584 reclaimed_nodes=1154268 retired_backlog=5136 alloc_failure_events=0 retired_postings=0 reclaimed_postings=0
hyperfeed_crucible_fresh: profile=diagnostic elapsed_secs=115.324 general_bytes=0 row_version_bytes=1584 skip_node_bytes=0 skip_posting_bytes=0 skip_tower_bytes=0 spill_bytes=0
hyperfeed_crucible_interval: profile=diagnostic elapsed_secs=120.338 interval_secs=5.014 interval_tps=312946.49 total_ops=36297739 arena_head_bytes=35863632 fresh_bytes=513384 reclaimed_nodes=1253917 retired_backlog=6465 alloc_failure_events=0 retired_postings=0 reclaimed_postings=0
hyperfeed_crucible_fresh: profile=diagnostic elapsed_secs=120.338 general_bytes=0 row_version_bytes=13112 skip_node_bytes=355344 skip_posting_bytes=113064 skip_tower_bytes=31864 spill_bytes=0
hyperfeed_crucible_interval: profile=diagnostic elapsed_secs=125.351 interval_secs=5.013 interval_tps=313682.54 total_ops=37870238 arena_head_bytes=35864072 fresh_bytes=440 reclaimed_nodes=1257832 retired_backlog=6657 alloc_failure_events=0 retired_postings=0 reclaimed_postings=0
hyperfeed_crucible_fresh: profile=diagnostic elapsed_secs=125.351 general_bytes=0 row_version_bytes=440 skip_node_bytes=0 skip_posting_bytes=0 skip_tower_bytes=0 spill_bytes=0
hyperfeed_crucible_interval: profile=diagnostic elapsed_secs=130.364 interval_secs=5.013 interval_tps=297542.68 total_ops=39361900 arena_head_bytes=35864072 fresh_bytes=0 reclaimed_nodes=1192114 retired_backlog=7876 alloc_failure_events=0 retired_postings=0 reclaimed_postings=0
hyperfeed_crucible_fresh: profile=diagnostic elapsed_secs=130.364 general_bytes=0 row_version_bytes=0 skip_node_bytes=0 skip_posting_bytes=0 skip_tower_bytes=0 spill_bytes=0
hyperfeed_crucible_interval: profile=diagnostic elapsed_secs=135.367 interval_secs=5.003 interval_tps=287242.02 total_ops=40798952 arena_head_bytes=35880968 fresh_bytes=16896 reclaimed_nodes=1154425 retired_backlog=3078 alloc_failure_events=0 retired_postings=0 reclaimed_postings=0
hyperfeed_crucible_fresh: profile=diagnostic elapsed_secs=135.367 general_bytes=0 row_version_bytes=16896 skip_node_bytes=0 skip_posting_bytes=0 skip_tower_bytes=0 spill_bytes=0
hyperfeed_crucible_interval: profile=diagnostic elapsed_secs=140.385 interval_secs=5.018 interval_tps=299765.37 total_ops=42303256 arena_head_bytes=35937992 fresh_bytes=57024 reclaimed_nodes=1200988 retired_backlog=5570 alloc_failure_events=0 retired_postings=0 reclaimed_postings=0
hyperfeed_crucible_fresh: profile=diagnostic elapsed_secs=140.385 general_bytes=0 row_version_bytes=57024 skip_node_bytes=0 skip_posting_bytes=0 skip_tower_bytes=0 spill_bytes=0
hyperfeed_crucible_interval: profile=diagnostic elapsed_secs=145.401 interval_secs=5.016 interval_tps=295851.01 total_ops=43787222 arena_head_bytes=35938168 fresh_bytes=176 reclaimed_nodes=1188293 retired_backlog=4455 alloc_failure_events=0 retired_postings=0 reclaimed_postings=0
hyperfeed_crucible_fresh: profile=diagnostic elapsed_secs=145.401 general_bytes=0 row_version_bytes=176 skip_node_bytes=0 skip_posting_bytes=0 skip_tower_bytes=0 spill_bytes=0
hyperfeed_crucible_interval: profile=diagnostic elapsed_secs=150.416 interval_secs=5.014 interval_tps=296508.64 total_ops=45274016 arena_head_bytes=35938168 fresh_bytes=0 reclaimed_nodes=1184893 retired_backlog=8974 alloc_failure_events=0 retired_postings=0 reclaimed_postings=0
hyperfeed_crucible_fresh: profile=diagnostic elapsed_secs=150.416 general_bytes=0 row_version_bytes=0 skip_node_bytes=0 skip_posting_bytes=0 skip_tower_bytes=0 spill_bytes=0
hyperfeed_crucible_interval: profile=diagnostic elapsed_secs=155.432 interval_secs=5.016 interval_tps=269015.44 total_ops=46623384 arena_head_bytes=35939488 fresh_bytes=1320 reclaimed_nodes=1083155 retired_backlog=5329 alloc_failure_events=0 retired_postings=0 reclaimed_postings=0
hyperfeed_crucible_fresh: profile=diagnostic elapsed_secs=155.432 general_bytes=0 row_version_bytes=1320 skip_node_bytes=0 skip_posting_bytes=0 skip_tower_bytes=0 spill_bytes=0
hyperfeed_crucible_interval: profile=diagnostic elapsed_secs=160.448 interval_secs=5.017 interval_tps=298506.71 total_ops=48120929 arena_head_bytes=35939488 fresh_bytes=0 reclaimed_nodes=1196587 retired_backlog=6775 alloc_failure_events=0 retired_postings=0 reclaimed_postings=0
hyperfeed_crucible_fresh: profile=diagnostic elapsed_secs=160.448 general_bytes=0 row_version_bytes=0 skip_node_bytes=0 skip_posting_bytes=0 skip_tower_bytes=0 spill_bytes=0
hyperfeed_crucible_interval: profile=diagnostic elapsed_secs=165.466 interval_secs=5.017 interval_tps=296871.96 total_ops=49610457 arena_head_bytes=35939928 fresh_bytes=440 reclaimed_nodes=1189597 retired_backlog=8747 alloc_failure_events=0 retired_postings=0 reclaimed_postings=0
hyperfeed_crucible_fresh: profile=diagnostic elapsed_secs=165.466 general_bytes=0 row_version_bytes=440 skip_node_bytes=0 skip_posting_bytes=0 skip_tower_bytes=0 spill_bytes=0
hyperfeed_crucible_interval: profile=diagnostic elapsed_secs=170.484 interval_secs=5.019 interval_tps=305947.39 total_ops=51145861 arena_head_bytes=35940192 fresh_bytes=264 reclaimed_nodes=1231715 retired_backlog=5398 alloc_failure_events=0 retired_postings=0 reclaimed_postings=0
hyperfeed_crucible_fresh: profile=diagnostic elapsed_secs=170.484 general_bytes=0 row_version_bytes=264 skip_node_bytes=0 skip_posting_bytes=0 skip_tower_bytes=0 spill_bytes=0
hyperfeed_crucible_interval: profile=diagnostic elapsed_secs=175.498 interval_secs=5.014 interval_tps=309093.71 total_ops=52695660 arena_head_bytes=35940400 fresh_bytes=208 reclaimed_nodes=1241540 retired_backlog=3693 alloc_failure_events=0 retired_postings=0 reclaimed_postings=0
hyperfeed_crucible_fresh: profile=diagnostic elapsed_secs=175.498 general_bytes=0 row_version_bytes=0 skip_node_bytes=0 skip_posting_bytes=0 skip_tower_bytes=208 spill_bytes=0
hyperfeed_crucible_interval: profile=diagnostic elapsed_secs=180.512 interval_secs=5.013 interval_tps=293937.79 total_ops=54169274 arena_head_bytes=35940928 fresh_bytes=528 reclaimed_nodes=1179034 retired_backlog=3537 alloc_failure_events=0 retired_postings=0 reclaimed_postings=0
hyperfeed_crucible_fresh: profile=diagnostic elapsed_secs=180.512 general_bytes=0 row_version_bytes=528 skip_node_bytes=0 skip_posting_bytes=0 skip_tower_bytes=0 spill_bytes=0
hyperfeed_crucible_interval: profile=diagnostic elapsed_secs=185.524 interval_secs=5.013 interval_tps=282359.30 total_ops=55584668 arena_head_bytes=35940928 fresh_bytes=0 reclaimed_nodes=1132429 retired_backlog=3431 alloc_failure_events=0 retired_postings=0 reclaimed_postings=0
hyperfeed_crucible_fresh: profile=diagnostic elapsed_secs=185.524 general_bytes=0 row_version_bytes=0 skip_node_bytes=0 skip_posting_bytes=0 skip_tower_bytes=0 spill_bytes=0
hyperfeed_crucible_interval: profile=diagnostic elapsed_secs=190.540 interval_secs=5.015 interval_tps=294807.11 total_ops=57063230 arena_head_bytes=35940928 fresh_bytes=0 reclaimed_nodes=1183790 retired_backlog=2483 alloc_failure_events=0 retired_postings=0 reclaimed_postings=0
hyperfeed_crucible_fresh: profile=diagnostic elapsed_secs=190.540 general_bytes=0 row_version_bytes=0 skip_node_bytes=0 skip_posting_bytes=0 skip_tower_bytes=0 spill_bytes=0
hyperfeed_crucible_interval: profile=diagnostic elapsed_secs=195.554 interval_secs=5.014 interval_tps=285729.16 total_ops=58495829 arena_head_bytes=35942776 fresh_bytes=1848 reclaimed_nodes=1142237 retired_backlog=6327 alloc_failure_events=0 retired_postings=0 reclaimed_postings=0
hyperfeed_crucible_fresh: profile=diagnostic elapsed_secs=195.554 general_bytes=0 row_version_bytes=1848 skip_node_bytes=0 skip_posting_bytes=0 skip_tower_bytes=0 spill_bytes=0
hyperfeed_crucible_interval: profile=diagnostic elapsed_secs=200.571 interval_secs=5.018 interval_tps=299184.86 total_ops=59997071 arena_head_bytes=35942776 fresh_bytes=0 reclaimed_nodes=1205501 retired_backlog=1786 alloc_failure_events=0 retired_postings=0 reclaimed_postings=0
hyperfeed_crucible_fresh: profile=diagnostic elapsed_secs=200.571 general_bytes=0 row_version_bytes=0 skip_node_bytes=0 skip_posting_bytes=0 skip_tower_bytes=0 spill_bytes=0
hyperfeed_crucible_interval: profile=diagnostic elapsed_secs=205.585 interval_secs=5.014 interval_tps=298128.38 total_ops=61491888 arena_head_bytes=35946560 fresh_bytes=3784 reclaimed_nodes=1191529 retired_backlog=6129 alloc_failure_events=0 retired_postings=0 reclaimed_postings=0
hyperfeed_crucible_fresh: profile=diagnostic elapsed_secs=205.585 general_bytes=0 row_version_bytes=3784 skip_node_bytes=0 skip_posting_bytes=0 skip_tower_bytes=0 spill_bytes=0
hyperfeed_crucible_interval: profile=diagnostic elapsed_secs=210.600 interval_secs=5.014 interval_tps=304547.21 total_ops=63018929 arena_head_bytes=35947176 fresh_bytes=616 reclaimed_nodes=1222024 retired_backlog=5800 alloc_failure_events=0 retired_postings=0 reclaimed_postings=0
hyperfeed_crucible_fresh: profile=diagnostic elapsed_secs=210.600 general_bytes=0 row_version_bytes=616 skip_node_bytes=0 skip_posting_bytes=0 skip_tower_bytes=0 spill_bytes=0
hyperfeed_crucible_interval: profile=diagnostic elapsed_secs=215.614 interval_secs=5.015 interval_tps=302840.12 total_ops=64537586 arena_head_bytes=35947176 fresh_bytes=0 reclaimed_nodes=1214535 retired_backlog=6113 alloc_failure_events=0 retired_postings=0 reclaimed_postings=0
hyperfeed_crucible_fresh: profile=diagnostic elapsed_secs=215.614 general_bytes=0 row_version_bytes=0 skip_node_bytes=0 skip_posting_bytes=0 skip_tower_bytes=0 spill_bytes=0
hyperfeed_crucible_interval: profile=diagnostic elapsed_secs=220.638 interval_secs=5.023 interval_tps=304794.08 total_ops=66068680 arena_head_bytes=35947176 fresh_bytes=0 reclaimed_nodes=1227644 retired_backlog=3383 alloc_failure_events=0 retired_postings=0 reclaimed_postings=0
hyperfeed_crucible_fresh: profile=diagnostic elapsed_secs=220.638 general_bytes=0 row_version_bytes=0 skip_node_bytes=0 skip_posting_bytes=0 skip_tower_bytes=0 spill_bytes=0
hyperfeed_crucible_interval: profile=diagnostic elapsed_secs=225.638 interval_secs=5.001 interval_tps=289107.90 total_ops=67514442 arena_head_bytes=35947176 fresh_bytes=0 reclaimed_nodes=1157209 retired_backlog=2753 alloc_failure_events=0 retired_postings=0 reclaimed_postings=0
hyperfeed_crucible_fresh: profile=diagnostic elapsed_secs=225.638 general_bytes=0 row_version_bytes=0 skip_node_bytes=0 skip_posting_bytes=0 skip_tower_bytes=0 spill_bytes=0
hyperfeed_crucible_interval: profile=diagnostic elapsed_secs=230.655 interval_secs=5.017 interval_tps=294533.90 total_ops=68992030 arena_head_bytes=35947176 fresh_bytes=0 reclaimed_nodes=1180016 retired_backlog=4826 alloc_failure_events=0 retired_postings=0 reclaimed_postings=0
hyperfeed_crucible_fresh: profile=diagnostic elapsed_secs=230.655 general_bytes=0 row_version_bytes=0 skip_node_bytes=0 skip_posting_bytes=0 skip_tower_bytes=0 spill_bytes=0
hyperfeed_crucible_interval: profile=diagnostic elapsed_secs=235.669 interval_secs=5.014 interval_tps=284026.92 total_ops=70416101 arena_head_bytes=35947968 fresh_bytes=792 reclaimed_nodes=1138478 retired_backlog=5641 alloc_failure_events=0 retired_postings=0 reclaimed_postings=0
hyperfeed_crucible_fresh: profile=diagnostic elapsed_secs=235.669 general_bytes=0 row_version_bytes=792 skip_node_bytes=0 skip_posting_bytes=0 skip_tower_bytes=0 spill_bytes=0
hyperfeed_crucible_interval: profile=diagnostic elapsed_secs=240.106 interval_secs=4.437 interval_tps=284870.75 total_ops=71680025 arena_head_bytes=35948056 fresh_bytes=88 reclaimed_nodes=1016735 retired_backlog=0 alloc_failure_events=0 retired_postings=0 reclaimed_postings=0
hyperfeed_crucible_fresh: profile=diagnostic elapsed_secs=240.106 general_bytes=0 row_version_bytes=88 skip_node_bytes=0 skip_posting_bytes=0 skip_tower_bytes=0 spill_bytes=0
hyperfeed_crucible_correctness: profile=diagnostic table_rows=50000 index_postings=50000 exact_match=true
hyperfeed_crucible_stability: profile=diagnostic tail_fresh_bytes=84424 fresh_growth_budget_bytes=20160704 early_interval_tps=301631.43 late_interval_tps=295370.62 retained_tps=0.9792 arena_head_bytes=35948056
hyperfeed_crucible_gc_drain: profile=diagnostic retired_backlog=0 gc_recycle_errors=0 retired_postings=0 reclaimed_postings=0
hyperfeed_crucible_allocation_class: profile=diagnostic class=nodes allocated=65876 reachable=50001 retired=0 reusable=15875
hyperfeed_crucible_allocation_class: profile=diagnostic class=postings allocated=65875 reachable=50000 retired=0 reusable=15875
hyperfeed_crucible_allocation_class: profile=diagnostic class=towers allocated=65878 reachable=50001 retired=0 reusable=15877
hyperfeed_crucible_allocation_class: profile=diagnostic class=tower_lanes allocated=133458 reachable=100200 retired=0 reusable=33258
hyperfeed_crucible_allocation_audit: profile=diagnostic status=pass
hyperfeed_crucible_retry: profile=diagnostic max_insert_attempts=1 pressure_state=0 retry_alloc=0 gc_recycle_errors=0
hyperfeed_crucible_latency_bounds: profile=diagnostic engine=aerostore histogram_subdivisions=64 samples=71680025 p99_lower_ns=141312 p99_upper_ns=143359
hyperfeed_crucible_config: profile=diagnostic mode=aerostore_only aerostore_shm_bytes=134217728 workers=16
| Engine | TPS | Total Ops | p50 upper (us) | p90 upper (us) | p99 upper (us) | Upserts | Scans | Hot Upserts | Conflicts | Index Remove Fail | Index Insert Fail |
| aerostore | 298656.13 | 71680025 | 16.13 | 45.05 | 143.36 | 57344135 | 14335890 | 2867214 | 620655 | 0 | 0 |
hyperfeed_crucible_engine_timing: profile=diagnostic aerostore_elapsed_secs=240.009 operation_failures=0
hyperfeed_crucible_reclaim: profile=diagnostic vacuum_reclaimed_rows=57344135 index_retired_nodes=57344135 index_reclaimed_nodes=57344135 free_list_pushes=0 free_list_pops=0
hyperfeed_crucible_occ: profile=diagnostic alloc_fresh=134560 reused=57830230
