note: verifying root module (selected functions)

note: function body check: not all errors may have been reported; rerun with a higher value for --multiple-errors to find other potential errors in this function
   --> /home/zpconn/code/aerostore/target/verification-next/formal-optimized/concurrent/skip_wal_binding_check.rs:294:1
    |
294 | / pub fn commit_with_record_impl<T, D: CommitPrimitives<T>, const WRITE_AHEAD: bool, P, F>(driver: &mut D, tx: &mut OccTransaction<...
295 | |  -> (result: Result<OccCommitRecord<T>, Error>)
    | |______________________________________________^

error: postcondition not satisfied
   --> /home/zpconn/code/aerostore/target/verification-next/formal-optimized/concurrent/skip_wal_binding_check.rs:298:4
    |
298 |      result.is_ok() ==> completed(final(driver).events()),
    |      ^^^^^^^^^^^^^^^^^^^^^^^^^^^^^^^^^^^^^^^^^^^^^^^^^^^^ failed this postcondition
299 |      result.is_err() && final(driver).events().rows_published ==> final(driver).events().poisoned,
300 | / {
301 | | driver . ensure_open ( tx ) ? ;
302 | | let final_write_indices = driver . final_write_indices ( tx ) ;
303 | | let index_changes = driver . index_changes ( tx , & final_write_indices ) ? ;
...   |
388 | | Ok ( commit_record )
389 | | }
    | |_- at the end of the function body

error: precondition not satisfied
   --> /home/zpconn/code/aerostore/target/verification-next/formal-optimized/concurrent/skip_wal_binding_check.rs:337:16
    |
193 | /             !old(self).events().write_ahead && old(self).events().has_writes
194 | |                 ==> (old(self).events().unlogged_write_checked && !old(self).events().durably_bound),
    | |____________________________________________________________________________________________________- failed precondition
...
337 |   let inserted = driver . prepare_index_destinations ( & index_changes ) ? ;
    |                  ^^^^^^^^^^^^^^^^^^^^^^^^^^^^^^^^^^^^^^^^^^^^^^^^^^^^^^^

verification results:: 0 verified, 1 errors (partial verification with `--verify-*`)
error: aborting due to 2 previous errors

