note: verifying root module (selected functions)

error: precondition not satisfied
   --> /home/zpconn/code/aerostore/target/verification-next/formal-optimized/concurrent/stamp_before_deregister.rs:379:20
    |
278 |         requires held(old(self).events()), old(self).events().rows_published, old(self).events().deregistered,
    |                                                                               ------------------------------- failed precondition
...
379 | let finish = match driver . publish_index_stamps ( & index_changes ) {
    |                    ^^^^^^^^^^^^^^^^^^^^^^^^^^^^^^^^^^^^^^^^^^^^^^^^^

error: precondition not satisfied
   --> /home/zpconn/code/aerostore/target/verification-next/formal-optimized/concurrent/stamp_before_deregister.rs:380:19
    |
278 |         requires held(old(self).events()), old(self).events().rows_published, old(self).events().deregistered,
    |                                                                               ------------------------------- failed precondition
...
380 |     Ok ( ( ) ) => driver . publish_index_stamps ( & index_changes ) , Err ( err ) => Err ( err ) ,
    |                   ^^^^^^^^^^^^^^^^^^^^^^^^^^^^^^^^^^^^^^^^^^^^^^^^^

note: function body check: not all errors may have been reported; rerun with a higher value for --multiple-errors to find other potential errors in this function
   --> /home/zpconn/code/aerostore/target/verification-next/formal-optimized/concurrent/stamp_before_deregister.rs:294:1
    |
294 | / pub fn commit_with_record_impl<T, D: CommitPrimitives<T>, const WRITE_AHEAD: bool, P, F>(driver: &mut D, tx: &mut OccTransaction<...
295 | |  -> (result: Result<OccCommitRecord<T>, Error>)
    | |______________________________________________^

verification results:: 0 verified, 1 errors (partial verification with `--verify-*`)
error: aborting due to 2 previous errors

