note: verifying root module (selected functions)

note: function body check: not all errors may have been reported; rerun with a higher value for --multiple-errors to find other potential errors in this function
   --> /home/zpconn/code/aerostore/target/verification/predicate-phase/final/predicate/skip_nonempty_publication.rs:255:1
    |
255 | / pub fn publish_index_stamps<D: Primitives, C: PairSet>(driver: &mut D, changes: &Vec<IndexChange>)
256 | |     -> (result: Result<(), Error>)
    | |_________________________________^

error: postcondition not satisfied
   --> /home/zpconn/code/aerostore/target/verification/predicate-phase/final/predicate/skip_nonempty_publication.rs:265:9
    |
265 |         final(driver).state().clock == if changes.len() == 0 { old(driver).state().clock as int } else { old(driver).state().clock + 1 },
    |         ^^^^^^^^^^^^^^^^^^^^^^^^^^^^^^^^^^^^^^^^^^^^^^^^^^^^^^^^^^^^^^^^^^^^^^^^^^^^^^^^^^^^^^^^^^^^^^^^^^^^^^^^^^^^^^^^^^^^^^^^^^^^^^^^ failed this postcondition
...
280 |     return Ok ( ( ) ) ;
    |     ----------------- at this exit

error: postcondition not satisfied
   --> /home/zpconn/code/aerostore/target/verification/predicate-phase/final/predicate/skip_nonempty_publication.rs:267:9
    |
267 | /         result.is_ok() ==> stamp_relation(old(driver).state().stamps, final(driver).state().stamps,
268 | |             change_keys(old(driver).state(), changes@, changes.len() as int), old(driver).state().clock),
    | |________________________________________________________________________________________________________^ failed this postcondition
...
280 |       return Ok ( ( ) ) ;
    |       ----------------- at this exit

verification results:: 2 verified, 1 errors (partial verification with `--verify-*`)
error: aborting due to 2 previous errors

