TLC2 Version 2026.09.22.222048 (rev: 35d40c9)
Running breadth-first search Model-Checking with fp 0 and seed 1 with 1 worker on 24 cores with 491MB heap and 64MB offheap memory [pid: 12818] (Linux 6.6.87.2-microsoft-standard-WSL2 amd64, Ubuntu 21.0.12.1 64bit, MSBDiskFPSet, DiskStateQueue).
Parsing file /tmp/aerostore-tlc-models-sim6s1tp/Reclamation.tla
Parsing file /tmp/tlc-504306265547097612/Naturals.tla (jar:file:/home/zpconn/code/aerostore/target/verification-tools/tla/tla2tools.jar!/tla2sany/StandardModules/Naturals.tla)
Parsing file /tmp/tlc-504306265547097612/FiniteSets.tla (jar:file:/home/zpconn/code/aerostore/target/verification-tools/tla/tla2tools.jar!/tla2sany/StandardModules/FiniteSets.tla)
Parsing file /tmp/tlc-504306265547097612/Sequences.tla (jar:file:/home/zpconn/code/aerostore/target/verification-tools/tla/tla2tools.jar!/tla2sany/StandardModules/Sequences.tla)
Semantic processing of module Naturals
Semantic processing of module Sequences
Semantic processing of module FiniteSets
Semantic processing of module Reclamation
Linting of module Reclamation
Starting... (2026-09-23 18:19:52)
Implied-temporal checking--satisfiability problem has 1 branches.
Computing initial states...
Finished computing initial states: 1 distinct state generated at 2026-09-23 18:19:52.
Progress(8) at 2026-09-23 18:19:52: 9 states generated, 8 distinct states found, 0 states left on queue.
Checking temporal properties for the complete state space with 8 total distinct states at (2026-09-23 18:19:52)
Error: Temporal property ReclaimedEventually was violated.

Error: The following behavior constitutes a counter-example:

State 1: <Initial predicate>
/\ retired = FALSE
/\ writerActive = TRUE
/\ needsOld = {}
/\ guard = FALSE
/\ readers = {}
/\ phase = "FirstReader"
/\ turn = 1
/\ free = FALSE
/\ pinsOld = {}

State 2: <FirstReader line 15, col 5 to line 18, col 61 of module Reclamation>
/\ retired = FALSE
/\ writerActive = TRUE
/\ needsOld = {1}
/\ guard = FALSE
/\ readers = {1}
/\ phase = "WriterCommit"
/\ turn = 1
/\ free = FALSE
/\ pinsOld = {1}

State 3: <WriterCommit line 20, col 5 to line 23, col 66 of module Reclamation>
/\ retired = TRUE
/\ writerActive = FALSE
/\ needsOld = {1}
/\ guard = FALSE
/\ readers = {1}
/\ phase = "SecondReader"
/\ turn = 1
/\ free = FALSE
/\ pinsOld = {1}

State 4: <SecondReader line 25, col 5 to line 29, col 71 of module Reclamation>
/\ retired = TRUE
/\ writerActive = FALSE
/\ needsOld = {1}
/\ guard = FALSE
/\ readers = {1, 2}
/\ phase = "EndFirst"
/\ turn = 1
/\ free = FALSE
/\ pinsOld = {1, 2}

State 5: <EndFirst line 31, col 5 to line 34, col 61 of module Reclamation>
/\ retired = TRUE
/\ writerActive = FALSE
/\ needsOld = {}
/\ guard = FALSE
/\ readers = {2}
/\ phase = "StartNext"
/\ turn = 1
/\ free = FALSE
/\ pinsOld = {2}

State 6: <StartNext line 36, col 5 to line 41, col 71 of module Reclamation>
/\ retired = TRUE
/\ writerActive = FALSE
/\ needsOld = {}
/\ guard = FALSE
/\ readers = {1, 2}
/\ phase = "EndPrevious"
/\ turn = 1
/\ free = FALSE
/\ pinsOld = {1, 2}

State 7: <EndPrevious line 43, col 5 to line 46, col 65 of module Reclamation>
/\ retired = TRUE
/\ writerActive = FALSE
/\ needsOld = {}
/\ guard = FALSE
/\ readers = {1}
/\ phase = "StartNext"
/\ turn = 2
/\ free = FALSE
/\ pinsOld = {1}

State 8: <StartNext line 36, col 5 to line 41, col 71 of module Reclamation>
/\ retired = TRUE
/\ writerActive = FALSE
/\ needsOld = {}
/\ guard = FALSE
/\ readers = {1, 2}
/\ phase = "EndPrevious"
/\ turn = 2
/\ free = FALSE
/\ pinsOld = {1, 2}

Back to state 5: <EndPrevious line 43, col 5 to line 46, col 65 of module Reclamation>

Finished checking temporal properties in 00s at 2026-09-23 18:19:52
9 states generated, 8 distinct states found, 0 states left on queue.
The depth of the complete state graph search is 8.
Finished in 00s at (2026-09-23 18:19:52)
