Gnuplot not found, using plotters backend
hyperfeed_crucible_interval: profile=diagnostic elapsed_secs=5.014 interval_secs=5.014 interval_tps=303575.56 total_ops=1522064 arena_head_bytes=31321040 fresh_bytes=13060880 reclaimed_nodes=1213542 retired_backlog=4273 alloc_failure_events=0 retired_postings=0 reclaimed_postings=0
hyperfeed_crucible_fresh: profile=diagnostic elapsed_secs=5.014 general_bytes=0 row_version_bytes=10463200 skip_node_bytes=1839200 skip_posting_bytes=585200 skip_tower_bytes=173280 spill_bytes=0
hyperfeed_crucible_interval: profile=diagnostic elapsed_secs=10.028 interval_secs=5.014 interval_tps=300034.25 total_ops=3026449 arena_head_bytes=31488992 fresh_bytes=167952 reclaimed_nodes=1206719 retired_backlog=1028 alloc_failure_events=0 retired_postings=0 reclaimed_postings=0
hyperfeed_crucible_fresh: profile=diagnostic elapsed_secs=10.028 general_bytes=0 row_version_bytes=6248 skip_node_bytes=114400 skip_posting_bytes=36400 skip_tower_bytes=10904 spill_bytes=0
hyperfeed_crucible_interval: profile=diagnostic elapsed_secs=15.032 interval_secs=5.004 interval_tps=302983.06 total_ops=4542502 arena_head_bytes=32186848 fresh_bytes=697856 reclaimed_nodes=1208136 retired_backlog=5725 alloc_failure_events=0 retired_postings=0 reclaimed_postings=0
hyperfeed_crucible_fresh: profile=diagnostic elapsed_secs=15.032 general_bytes=0 row_version_bytes=431376 skip_node_bytes=187968 skip_posting_bytes=59808 skip_tower_bytes=18704 spill_bytes=0
hyperfeed_crucible_interval: profile=diagnostic elapsed_secs=20.041 interval_secs=5.009 interval_tps=302779.87 total_ops=6059261 arena_head_bytes=32577232 fresh_bytes=390384 reclaimed_nodes=1218143 retired_backlog=1001 alloc_failure_events=0 retired_postings=0 reclaimed_postings=0
hyperfeed_crucible_fresh: profile=diagnostic elapsed_secs=20.041 general_bytes=0 row_version_bytes=440 skip_node_bytes=276320 skip_posting_bytes=87920 skip_tower_bytes=25704 spill_bytes=0
hyperfeed_crucible_interval: profile=diagnostic elapsed_secs=25.044 interval_secs=5.003 interval_tps=292727.17 total_ops=7523672 arena_head_bytes=32742936 fresh_bytes=165704 reclaimed_nodes=1170493 retired_backlog=2059 alloc_failure_events=0 retired_postings=0 reclaimed_postings=0
hyperfeed_crucible_fresh: profile=diagnostic elapsed_secs=25.044 general_bytes=0 row_version_bytes=165704 skip_node_bytes=0 skip_posting_bytes=0 skip_tower_bytes=0 spill_bytes=0
hyperfeed_crucible_interval: profile=diagnostic elapsed_secs=30.060 interval_secs=5.016 interval_tps=300120.25 total_ops=9029049 arena_head_bytes=32743112 fresh_bytes=176 reclaimed_nodes=1199076 retired_backlog=7260 alloc_failure_events=0 retired_postings=0 reclaimed_postings=0
hyperfeed_crucible_fresh: profile=diagnostic elapsed_secs=30.060 general_bytes=0 row_version_bytes=176 skip_node_bytes=0 skip_posting_bytes=0 skip_tower_bytes=0 spill_bytes=0
hyperfeed_crucible_interval: profile=diagnostic elapsed_secs=35.074 interval_secs=5.014 interval_tps=300177.33 total_ops=10534142 arena_head_bytes=32750856 fresh_bytes=7744 reclaimed_nodes=1209232 retired_backlog=2094 alloc_failure_events=0 retired_postings=0 reclaimed_postings=0
hyperfeed_crucible_fresh: profile=diagnostic elapsed_secs=35.074 general_bytes=0 row_version_bytes=7744 skip_node_bytes=0 skip_posting_bytes=0 skip_tower_bytes=0 spill_bytes=0
hyperfeed_crucible_interval: profile=diagnostic elapsed_secs=40.088 interval_secs=5.014 interval_tps=302461.12 total_ops=12050800 arena_head_bytes=32750856 fresh_bytes=0 reclaimed_nodes=1214037 retired_backlog=1383 alloc_failure_events=0 retired_postings=0 reclaimed_postings=0
hyperfeed_crucible_fresh: profile=diagnostic elapsed_secs=40.088 general_bytes=0 row_version_bytes=0 skip_node_bytes=0 skip_posting_bytes=0 skip_tower_bytes=0 spill_bytes=0
hyperfeed_crucible_interval: profile=diagnostic elapsed_secs=45.102 interval_secs=5.014 interval_tps=304324.92 total_ops=13576757 arena_head_bytes=32751120 fresh_bytes=264 reclaimed_nodes=1214382 retired_backlog=7777 alloc_failure_events=0 retired_postings=0 reclaimed_postings=0
hyperfeed_crucible_fresh: profile=diagnostic elapsed_secs=45.102 general_bytes=0 row_version_bytes=264 skip_node_bytes=0 skip_posting_bytes=0 skip_tower_bytes=0 spill_bytes=0
hyperfeed_crucible_interval: profile=diagnostic elapsed_secs=50.106 interval_secs=5.004 interval_tps=303206.79 total_ops=15094060 arena_head_bytes=32751736 fresh_bytes=616 reclaimed_nodes=1220148 retired_backlog=1458 alloc_failure_events=0 retired_postings=0 reclaimed_postings=0
hyperfeed_crucible_fresh: profile=diagnostic elapsed_secs=50.106 general_bytes=0 row_version_bytes=616 skip_node_bytes=0 skip_posting_bytes=0 skip_tower_bytes=0 spill_bytes=0
hyperfeed_crucible_interval: profile=diagnostic elapsed_secs=55.130 interval_secs=5.023 interval_tps=294646.47 total_ops=16574164 arena_head_bytes=32751928 fresh_bytes=192 reclaimed_nodes=1179594 retired_backlog=5911 alloc_failure_events=0 retired_postings=0 reclaimed_postings=0
hyperfeed_crucible_fresh: profile=diagnostic elapsed_secs=55.130 general_bytes=0 row_version_bytes=0 skip_node_bytes=0 skip_posting_bytes=0 skip_tower_bytes=192 spill_bytes=0
hyperfeed_crucible_interval: profile=diagnostic elapsed_secs=60.146 interval_secs=5.017 interval_tps=301191.11 total_ops=18085139 arena_head_bytes=32788008 fresh_bytes=36080 reclaimed_nodes=1207611 retired_backlog=7106 alloc_failure_events=0 retired_postings=0 reclaimed_postings=0
hyperfeed_crucible_fresh: profile=diagnostic elapsed_secs=60.146 general_bytes=0 row_version_bytes=36080 skip_node_bytes=0 skip_posting_bytes=0 skip_tower_bytes=0 spill_bytes=0
hyperfeed_crucible_interval: profile=diagnostic elapsed_secs=65.160 interval_secs=5.013 interval_tps=298231.84 total_ops=19580204 arena_head_bytes=32817048 fresh_bytes=29040 reclaimed_nodes=1196456 retired_backlog=6697 alloc_failure_events=0 retired_postings=0 reclaimed_postings=0
hyperfeed_crucible_fresh: profile=diagnostic elapsed_secs=65.160 general_bytes=0 row_version_bytes=29040 skip_node_bytes=0 skip_posting_bytes=0 skip_tower_bytes=0 spill_bytes=0
hyperfeed_crucible_interval: profile=diagnostic elapsed_secs=70.173 interval_secs=5.013 interval_tps=304271.45 total_ops=21105632 arena_head_bytes=32819952 fresh_bytes=2904 reclaimed_nodes=1225075 retired_backlog=1992 alloc_failure_events=0 retired_postings=0 reclaimed_postings=0
hyperfeed_crucible_fresh: profile=diagnostic elapsed_secs=70.173 general_bytes=0 row_version_bytes=2904 skip_node_bytes=0 skip_posting_bytes=0 skip_tower_bytes=0 spill_bytes=0
hyperfeed_crucible_interval: profile=diagnostic elapsed_secs=75.187 interval_secs=5.014 interval_tps=300860.46 total_ops=22614247 arena_head_bytes=32889320 fresh_bytes=69368 reclaimed_nodes=1207225 retired_backlog=1658 alloc_failure_events=0 retired_postings=0 reclaimed_postings=0
hyperfeed_crucible_fresh: profile=diagnostic elapsed_secs=75.187 general_bytes=0 row_version_bytes=69168 skip_node_bytes=0 skip_posting_bytes=0 skip_tower_bytes=200 spill_bytes=0
hyperfeed_crucible_interval: profile=diagnostic elapsed_secs=80.204 interval_secs=5.017 interval_tps=299273.31 total_ops=24115631 arena_head_bytes=32893192 fresh_bytes=3872 reclaimed_nodes=1197244 retired_backlog=5538 alloc_failure_events=0 retired_postings=0 reclaimed_postings=0
hyperfeed_crucible_fresh: profile=diagnostic elapsed_secs=80.204 general_bytes=0 row_version_bytes=3872 skip_node_bytes=0 skip_posting_bytes=0 skip_tower_bytes=0 spill_bytes=0
hyperfeed_crucible_interval: profile=diagnostic elapsed_secs=85.229 interval_secs=5.025 interval_tps=293221.16 total_ops=25588955 arena_head_bytes=32897856 fresh_bytes=4664 reclaimed_nodes=1177418 retired_backlog=6785 alloc_failure_events=0 retired_postings=0 reclaimed_postings=0
hyperfeed_crucible_fresh: profile=diagnostic elapsed_secs=85.229 general_bytes=0 row_version_bytes=4664 skip_node_bytes=0 skip_posting_bytes=0 skip_tower_bytes=0 spill_bytes=0
hyperfeed_crucible_interval: profile=diagnostic elapsed_secs=90.244 interval_secs=5.015 interval_tps=299518.90 total_ops=27091116 arena_head_bytes=32907008 fresh_bytes=9152 reclaimed_nodes=1201596 retired_backlog=6895 alloc_failure_events=0 retired_postings=0 reclaimed_postings=0
hyperfeed_crucible_fresh: profile=diagnostic elapsed_secs=90.244 general_bytes=0 row_version_bytes=9152 skip_node_bytes=0 skip_posting_bytes=0 skip_tower_bytes=0 spill_bytes=0
hyperfeed_crucible_interval: profile=diagnostic elapsed_secs=95.257 interval_secs=5.013 interval_tps=296133.05 total_ops=28575632 arena_head_bytes=32915720 fresh_bytes=8712 reclaimed_nodes=1186580 retired_backlog=7906 alloc_failure_events=0 retired_postings=0 reclaimed_postings=0
hyperfeed_crucible_fresh: profile=diagnostic elapsed_secs=95.257 general_bytes=0 row_version_bytes=8712 skip_node_bytes=0 skip_posting_bytes=0 skip_tower_bytes=0 spill_bytes=0
hyperfeed_crucible_interval: profile=diagnostic elapsed_secs=100.271 interval_secs=5.014 interval_tps=301816.67 total_ops=30088961 arena_head_bytes=32919152 fresh_bytes=3432 reclaimed_nodes=1212133 retired_backlog=6461 alloc_failure_events=0 retired_postings=0 reclaimed_postings=0
hyperfeed_crucible_fresh: profile=diagnostic elapsed_secs=100.271 general_bytes=0 row_version_bytes=3432 skip_node_bytes=0 skip_posting_bytes=0 skip_tower_bytes=0 spill_bytes=0
hyperfeed_crucible_interval: profile=diagnostic elapsed_secs=105.284 interval_secs=5.014 interval_tps=300590.76 total_ops=31595980 arena_head_bytes=32927160 fresh_bytes=8008 reclaimed_nodes=1203443 retired_backlog=8637 alloc_failure_events=0 retired_postings=0 reclaimed_postings=0
hyperfeed_crucible_fresh: profile=diagnostic elapsed_secs=105.284 general_bytes=0 row_version_bytes=8008 skip_node_bytes=0 skip_posting_bytes=0 skip_tower_bytes=0 spill_bytes=0
hyperfeed_crucible_interval: profile=diagnostic elapsed_secs=110.300 interval_secs=5.016 interval_tps=298307.03 total_ops=33092279 arena_head_bytes=32931120 fresh_bytes=3960 reclaimed_nodes=1203986 retired_backlog=1682 alloc_failure_events=0 retired_postings=0 reclaimed_postings=0
hyperfeed_crucible_fresh: profile=diagnostic elapsed_secs=110.300 general_bytes=0 row_version_bytes=3960 skip_node_bytes=0 skip_posting_bytes=0 skip_tower_bytes=0 spill_bytes=0
hyperfeed_crucible_interval: profile=diagnostic elapsed_secs=115.319 interval_secs=5.019 interval_tps=292327.25 total_ops=34559362 arena_head_bytes=32931120 fresh_bytes=0 reclaimed_nodes=1172304 retired_backlog=3049 alloc_failure_events=0 retired_postings=0 reclaimed_postings=0
hyperfeed_crucible_fresh: profile=diagnostic elapsed_secs=115.319 general_bytes=0 row_version_bytes=0 skip_node_bytes=0 skip_posting_bytes=0 skip_tower_bytes=0 spill_bytes=0
hyperfeed_crucible_interval: profile=diagnostic elapsed_secs=120.079 interval_secs=4.760 interval_tps=293945.71 total_ops=35958477 arena_head_bytes=32931120 fresh_bytes=0 reclaimed_nodes=1122308 retired_backlog=0 alloc_failure_events=0 retired_postings=0 reclaimed_postings=0
hyperfeed_crucible_fresh: profile=diagnostic elapsed_secs=120.079 general_bytes=0 row_version_bytes=0 skip_node_bytes=0 skip_posting_bytes=0 skip_tower_bytes=0 spill_bytes=0
hyperfeed_crucible_correctness: profile=diagnostic table_rows=50000 index_postings=50000 exact_match=true
hyperfeed_crucible_stability: profile=diagnostic tail_fresh_bytes=143112 fresh_growth_budget_bytes=18260160 early_interval_tps=300685.66 late_interval_tps=298208.13 retained_tps=0.9918 arena_head_bytes=32931120
hyperfeed_crucible_gc_drain: profile=diagnostic retired_backlog=0 gc_recycle_errors=0 retired_postings=0 reclaimed_postings=0
hyperfeed_crucible_allocation_class: profile=diagnostic class=nodes allocated=63739 reachable=50001 retired=0 reusable=13738
hyperfeed_crucible_allocation_class: profile=diagnostic class=postings allocated=63738 reachable=50000 retired=0 reusable=13738
hyperfeed_crucible_allocation_class: profile=diagnostic class=towers allocated=63741 reachable=50001 retired=0 reusable=13740
hyperfeed_crucible_allocation_class: profile=diagnostic class=tower_lanes allocated=129197 reachable=100241 retired=0 reusable=28956
hyperfeed_crucible_allocation_audit: profile=diagnostic status=pass
hyperfeed_crucible_retry: profile=diagnostic max_insert_attempts=1 pressure_state=0 retry_alloc=0 gc_recycle_errors=0
hyperfeed_crucible_config: profile=diagnostic mode=aerostore_only aerostore_shm_bytes=134217728 workers=16
| Engine | TPS | Total Ops | p50 (us) | p90 (us) | p99 (us) | Upserts | Scans | Hot Upserts | Conflicts | Index Remove Fail | Index Insert Fail |
| aerostore | 299637.89 | 35958477 | 8.19 | 32.77 | 131.07 | 28766881 | 7191596 | 1438351 | 317428 | 0 | 0 |
hyperfeed_crucible_engine_timing: profile=diagnostic aerostore_elapsed_secs=120.006 operation_failures=0
hyperfeed_crucible_reclaim: profile=diagnostic vacuum_reclaimed_rows=28766881 index_retired_nodes=28766881 index_reclaimed_nodes=28766881 free_list_pushes=0 free_list_pops=0
hyperfeed_crucible_occ: profile=diagnostic alloc_fresh=127895 reused=28956414
