warning: method `commit_with_record_before_publish` is never used
    --> aerostore_core/src/occ_partitioned.rs:1264:19
     |
 365 | impl<T: Copy + Send + Sync + 'static> OccTable<T> {
     | ------------------------------------------------- method in this implementation
...
1264 |     pub(crate) fn commit_with_record_before_publish<E, F>(
     |                   ^^^^^^^^^^^^^^^^^^^^^^^^^^^^^^^^^
     |
     = note: `#[warn(dead_code)]` (part of `#[warn(unused)]`) on by default

warning: `aerostore_core` (lib) generated 1 warning
    Finished `test` profile [unoptimized + debuginfo] target(s) in 0.06s
     Running tests/contention_runner.rs (target/debug/deps/contention_runner-d80a3213f1f2c351)

running 6 tests
test supervision::isolation_tests::cleanup_failure_cannot_preserve_a_success_verdict ... ok
test supervision::isolation_tests::isolated_timeout_terminates_the_entire_disposable_group ... ok
test supervision::isolation_tests::private_configuration_is_removed_even_after_early_return ... ok
test supervision::isolation_tests::repeated_output_paths_get_distinct_evidence_directories ... ok
test supervision::isolation_tests::stale_success_is_invalidated_before_configuration_or_setup ... ok
test supervision::tests::pacing_accounts_for_execution_time_and_never_extends_deadline ... ok

test result: ok. 6 passed; 0 failed; 0 ignored; 0 measured; 0 filtered out; finished in 0.05s

