PASS publication_empty_b1: completed_finite_search
PASS publication_empty_b2: completed_finite_search
PASS publication_move_b1: completed_finite_search
PASS publication_move_b2: completed_finite_search
PASS publication_disjoint_b1: completed_finite_search
PASS publication_disjoint_b2: completed_finite_search
PASS negative_omitempty: intended_counterexample
PASS negative_skipvalidation: intended_counterexample
PASS negative_beginstamp: intended_counterexample
PASS negative_earlyunlock: intended_counterexample
PASS witness_creator_conflict: reachable_witness
PASS witness_both_commit: reachable_witness
PASS witness_old_snapshot_retry: reachable_witness
PASS witness_captured_old_read: reachable_witness
PASS durability_dependent_unsafe_candidate: intended_counterexample
PASS durability_dependent_safe_design: completed_finite_search
PASS durability_checkpoint_unsafe_candidate: intended_counterexample
PASS durability_checkpoint_safe_design: completed_finite_search
PASS witness_nonempty_recovery: reachable_witness
PASS witness_checkpoint_recovery: reachable_witness
PASS durability_acknowledged_dependency_loss: intended_counterexample
PASS witness_dependent_recovery: reachable_witness
PASS reclamation_safe_snapshot: completed_finite_search
PASS reclamation_safe_guard: completed_finite_search
PASS reclamation_active_ids_only: intended_counterexample
PASS reclamation_ignores_guard: intended_counterexample
PASS reclamation_inherited_horizon: intended_liveness_counterexample
PASS witness_reclamation_with_readers: reachable_witness
PASS collector_priority_safe: completed_finite_search
PASS collector_no_priority: intended_liveness_counterexample
PASS collector_no_recheck: intended_counterexample
PASS witness_collector_runs: reachable_witness
PASS live_key_posting_safe: completed_finite_search
PASS live_key_posting_empty_keys_only: intended_liveness_counterexample
PASS witness_live_key_posting_reclaimed: reachable_witness
PASS checkpoint_active_cut_safe: completed_finite_search
PASS checkpoint_omit_active_cut: intended_counterexample
PASS checkpoint_release_after_snapshot: intended_counterexample
PASS checkpoint_truncate_before_persist: intended_counterexample
PASS witness_checkpoint_old_start: reachable_witness
PASS witness_checkpoint_concurrent_start: reachable_witness
PASS primary_key_allocate_same_key: completed_finite_search
PASS primary_key_allocate_colliding_keys: completed_finite_search
PASS primary_key_allocate_late_head: intended_counterexample
PASS primary_key_existing_same_key: completed_finite_search
PASS primary_key_existing_colliding_keys: completed_finite_search
PASS primary_key_existing_late_head: intended_counterexample
PASS witness_primary_key_retry: reachable_witness
PASS witness_primary_key_collisions: reachable_witness
PASS predicate_empty_b1: completed_finite_search
PASS predicate_empty_b2: completed_finite_search
PASS predicate_move_b1: completed_finite_search
PASS predicate_move_b2: completed_finite_search
PASS predicate_owninsert_b1: completed_finite_search
PASS predicate_owninsert_b2: completed_finite_search
PASS predicate_ownmovein_b1: completed_finite_search
PASS predicate_ownmovein_b2: completed_finite_search
PASS predicate_ownmoveout_b1: completed_finite_search
PASS predicate_ownmoveout_b2: completed_finite_search
PASS predicate_owndelete_b1: completed_finite_search
PASS predicate_owndelete_b2: completed_finite_search
PASS predicate_negative_empty_omitempty: intended_counterexample
PASS predicate_negative_move_skiprepeatvalidation: intended_counterexample
PASS predicate_negative_owninsert_omitowncandidates: intended_counterexample
PASS predicate_negative_ownmovein_omitowncandidates: intended_counterexample
PASS predicate_negative_move_beginstamp: intended_counterexample
PASS predicate_negative_move_earlyunlock: intended_counterexample
PASS predicate_negative_move_omitoldbucket: intended_counterexample
PASS predicate_negative_empty_unlockaftervalidation: intended_counterexample
PASS predicate_witness_own_insert: reachable_witness
PASS predicate_witness_repeat_success: reachable_witness
PASS predicate_witness_repeat_retry: reachable_witness
PASS predicate_witness_start_between_deregister_and_stamp: reachable_witness
PASS predicate_witness_captured_before_move: reachable_witness
PASS lifecycle_empty_b1: completed_finite_search
PASS lifecycle_empty_b2: completed_finite_search
PASS lifecycle_move_b1: completed_finite_search
PASS lifecycle_move_b2: completed_finite_search
PASS lifecycle_disjoint_b1: completed_finite_search
PASS lifecycle_disjoint_b2: completed_finite_search
PASS lifecycle_negative_nolifecycle: intended_counterexample
PASS lifecycle_negative_earlyunlock: intended_counterexample
PASS lifecycle_negative_prematurestamp: intended_counterexample
PASS lifecycle_negative_beginstamp: intended_counterexample
PASS lifecycle_negative_omitempty: intended_counterexample
PASS lifecycle_negative_skipvalidation: intended_counterexample
PASS lifecycle_witness_reserved_gap_blocks_snapshot: reachable_witness
PASS lifecycle_witness_late_older_writer: reachable_witness
PASS lifecycle_witness_reader_after_deregister_before_stamp: reachable_witness
PASS lifecycle_witness_creator_conflict: reachable_witness
PASS lifecycle_witness_both_commit: reachable_witness
PASS lifecycle_witness_captured_old_read: reachable_witness
PASS lifecycle_witness_reader_between_reservation_and_store: reachable_witness
PASS lifecycle_witness_disjoint_store_reordering: reachable_witness
PASS query_move_old_b1: completed_finite_search
PASS query_move_old_b2: completed_finite_search
PASS query_move_new_b1: completed_finite_search
PASS query_move_new_b2: completed_finite_search
PASS query_move_all_b1: completed_finite_search
PASS query_move_all_b2: completed_finite_search
PASS query_create_old_b1: completed_finite_search
PASS query_create_old_b2: completed_finite_search
PASS query_create_new_b1: completed_finite_search
PASS query_create_new_b2: completed_finite_search
PASS query_create_all_b1: completed_finite_search
PASS query_create_all_b2: completed_finite_search
PASS query_delete_old_b1: completed_finite_search
PASS query_delete_old_b2: completed_finite_search
PASS query_delete_new_b1: completed_finite_search
PASS query_delete_new_b2: completed_finite_search
PASS query_delete_all_b1: completed_finite_search
PASS query_delete_all_b2: completed_finite_search
PASS query_own_insert: completed_finite_search
PASS query_own_movein: completed_finite_search
PASS query_own_moveout: completed_finite_search
PASS query_own_delete: completed_finite_search
PASS query_stale_candidates: completed_finite_search
PASS query_negative_cachedsnapshotbeforewait: intended_counterexample
PASS query_negative_earlyunlock: intended_counterexample
PASS query_negative_dropretainedversion: intended_counterexample
PASS query_negative_beginstamp: intended_counterexample
PASS query_negative_omitoldstamp: intended_counterexample
PASS query_negative_skipcapturecheck: intended_counterexample
PASS query_negative_ignorecreatoractive: intended_counterexample
PASS query_negative_ignorecreatorxmax: intended_counterexample
PASS query_negative_omitowncandidates: intended_counterexample
PASS query_negative_skipkeyfilter: intended_counterexample
PASS query_negative_skipcommitvalidation: intended_counterexample
PASS query_witness_old_row_after_release: reachable_witness
PASS query_witness_writer_ends_while_waiting: reachable_witness
PASS query_witness_acquisition_refresh: reachable_witness
PASS query_witness_reader_after_reservation: reachable_witness
PASS query_witness_private_insert: reachable_witness
PASS query_witness_stale_filtered: reachable_witness
PASS query_witness_empty_success: reachable_witness
PASS query_witness_capture_then_commit_retry: reachable_witness
Evidence: /home/zpconn/code/aerostore/target/verification-planning/final/tla/report.json
