note: verifying root module (selected functions)

note: function body check: not all errors may have been reported; rerun with a higher value for --multiple-errors to find other potential errors in this function
   --> /home/zpconn/code/aerostore/target/verification-planning/final/predicate/skip_nonempty_publication.rs:260:1
    |
260 | / pub fn publish_index_stamps<D: Primitives, C: PairSet>(driver: &mut D, changes: &Vec<IndexChange>)
261 | |     -> (result: Result<(), Error>)
    | |_________________________________^

error: postcondition not satisfied
   --> /home/zpconn/code/aerostore/target/verification-planning/final/predicate/skip_nonempty_publication.rs:271:9
    |
271 |         changes.len() > 0 ==> old(driver).state().clock <= final(driver).state().reserved_stamp < u64::MAX,
    |         ^^^^^^^^^^^^^^^^^^^^^^^^^^^^^^^^^^^^^^^^^^^^^^^^^^^^^^^^^^^^^^^^^^^^^^^^^^^^^^^^^^^^^^^^^^^^^^^^^^ failed this postcondition
...
288 |     return Ok ( ( ) ) ;
    |     ----------------- at this exit

error: postcondition not satisfied
   --> /home/zpconn/code/aerostore/target/verification-planning/final/predicate/skip_nonempty_publication.rs:272:9
    |
272 |         changes.len() > 0 ==> final(driver).state().clock == final(driver).state().reserved_stamp + 1,
    |         ^^^^^^^^^^^^^^^^^^^^^^^^^^^^^^^^^^^^^^^^^^^^^^^^^^^^^^^^^^^^^^^^^^^^^^^^^^^^^^^^^^^^^^^^^^^^^ failed this postcondition
...
288 |     return Ok ( ( ) ) ;
    |     ----------------- at this exit

verification results:: 2 verified, 1 errors (partial verification with `--verify-*`)
error: aborting due to 2 previous errors

