note: verifying root module (selected functions)

note: while loop: not all errors may have been reported; rerun with a higher value for --multiple-errors to find other potential errors in this function
   --> /home/zpconn/code/aerostore/target/verification-planning/final/lookup/ignore_row_identity_change.rs:309:5
    |
309 |     while ri<tx.read_set.len()
    |     ^^^^^^^^^^^^^^^^^^^^^^^^^^

error: invariant not satisfied at end of loop body
   --> /home/zpconn/code/aerostore/target/verification-planning/final/lookup/ignore_row_identity_change.rs:312:13
    |
312 |             forall|i:int| 0<=i<ri ==> !read_conflict(driver.image().rows[tx.read_set[i].row_ptr],tx.read_set[i],*tx),
    |             ^^^^^^^^^^^^^^^^^^^^^^^^^^^^^^^^^^^^^^^^^^^^^^^^^^^^^^^^^^^^^^^^^^^^^^^^^^^^^^^^^^^^^^^^^^^^^^^^^^^^^^^^

error: loop invariant not satisfied
   --> /home/zpconn/code/aerostore/target/verification-planning/final/lookup/ignore_row_identity_change.rs:323:5
    |
312 |             forall|i:int| 0<=i<ri ==> !read_conflict(driver.image().rows[tx.read_set[i].row_ptr],tx.read_set[i],*tx),
    |             -------------------------------------------------------------------------------------------------------- failed this invariant
...
323 |     continue ;
    |     ^^^^^^^^ at this continue

verification results:: 1 verified, 1 errors (partial verification with `--verify-*`)
error: aborting due to 2 previous errors

