TLC2 Version 2026.09.22.222048 (rev: 35d40c9)
Running breadth-first search Model-Checking with fp 0 and seed 1 with 1 worker on 24 cores with 491MB heap and 64MB offheap memory [pid: 3575] (Linux 6.6.87.2-microsoft-standard-WSL2 amd64, Ubuntu 21.0.12.1 64bit, MSBDiskFPSet, DiskStateQueue).
Parsing file /tmp/aerostore-tlc-models-u3vja32j/QueryMaterialization.tla
Parsing file /tmp/tlc-10109403814012628362/Integers.tla (jar:file:/home/zpconn/code/aerostore/target/verification-tools/tla/tla2tools.jar!/tla2sany/StandardModules/Integers.tla)
Parsing file /tmp/tlc-10109403814012628362/FiniteSets.tla (jar:file:/home/zpconn/code/aerostore/target/verification-tools/tla/tla2tools.jar!/tla2sany/StandardModules/FiniteSets.tla)
Parsing file /tmp/tlc-10109403814012628362/Naturals.tla (jar:file:/home/zpconn/code/aerostore/target/verification-tools/tla/tla2tools.jar!/tla2sany/StandardModules/Naturals.tla)
Parsing file /tmp/tlc-10109403814012628362/Sequences.tla (jar:file:/home/zpconn/code/aerostore/target/verification-tools/tla/tla2tools.jar!/tla2sany/StandardModules/Sequences.tla)
Semantic processing of module Naturals
Semantic processing of module Integers
Semantic processing of module Sequences
Semantic processing of module FiniteSets
Semantic processing of module QueryMaterialization
Linting of module QueryMaterialization
Starting... (2026-09-23 17:46:42)
Computing initial states...
Finished computing initial states: 1 distinct state generated at 2026-09-23 17:46:42.
Error: Invariant LookupComplete is violated.
Error: The behavior up to this point is:
State 1: <Initial predicate>
s = [ wpc |-> "Begin",
  rpc |-> "Begin",
  clock |-> 1,
  wid |-> 0,
  rid |-> 0,
  active |-> {},
  lifecycle |-> 0,
  owners |-> (0 :> 0 @@ 1 :> 0),
  postings |-> {<<1, 1>>},
  stamps |-> (0 :> 0 @@ 1 :> 0),
  pubStamp |-> 0,
  stored |-> FALSE,
  oldXmax |-> 0,
  newHead |-> FALSE,
  retained |-> TRUE,
  committedKey |-> 1,
  snapMin |-> 0,
  snapMax |-> 0,
  snapActive |-> {},
  snapshotTaken |-> FALSE,
  expectedActive |-> {},
  expectedKey |-> 1,
  cachedActive |-> {},
  requested |-> FALSE,
  waitedMetadata |-> FALSE,
  waitedBuckets |-> FALSE,
  beganAfterReservation |-> FALSE,
  raw |-> {},
  captured |-> FALSE,
  dependency |-> (0 :> -1 @@ 1 :> -1),
  captureEpoch |-> 0,
  answer |-> {},
  answered |-> FALSE,
  rejected |-> FALSE,
  committed |-> FALSE,
  commitEpoch |-> 0,
  materializedAfterWriter |-> FALSE ]

State 2: <ReaderBeginLock line 78, col 20 to line 79, col 58 of module QueryMaterialization>
s = [ wpc |-> "Begin",
  rpc |-> "Register",
  clock |-> 1,
  wid |-> 0,
  rid |-> 0,
  active |-> {},
  lifecycle |-> 2,
  owners |-> (0 :> 0 @@ 1 :> 0),
  postings |-> {<<1, 1>>},
  stamps |-> (0 :> 0 @@ 1 :> 0),
  pubStamp |-> 0,
  stored |-> FALSE,
  oldXmax |-> 0,
  newHead |-> FALSE,
  retained |-> TRUE,
  committedKey |-> 1,
  snapMin |-> 0,
  snapMax |-> 0,
  snapActive |-> {},
  snapshotTaken |-> FALSE,
  expectedActive |-> {},
  expectedKey |-> 1,
  cachedActive |-> {},
  requested |-> FALSE,
  waitedMetadata |-> FALSE,
  waitedBuckets |-> FALSE,
  beganAfterReservation |-> FALSE,
  raw |-> {},
  captured |-> FALSE,
  dependency |-> (0 :> -1 @@ 1 :> -1),
  captureEpoch |-> 0,
  answer |-> {},
  answered |-> FALSE,
  rejected |-> FALSE,
  committed |-> FALSE,
  commitEpoch |-> 0,
  materializedAfterWriter |-> FALSE ]

State 3: <ReaderRegister line 80, col 19 to line 83, col 55 of module QueryMaterialization>
s = [ wpc |-> "Begin",
  rpc |-> "RequestSnapshot",
  clock |-> 2,
  wid |-> 0,
  rid |-> 1,
  active |-> {1},
  lifecycle |-> 0,
  owners |-> (0 :> 0 @@ 1 :> 0),
  postings |-> {<<1, 1>>},
  stamps |-> (0 :> 0 @@ 1 :> 0),
  pubStamp |-> 0,
  stored |-> FALSE,
  oldXmax |-> 0,
  newHead |-> FALSE,
  retained |-> TRUE,
  committedKey |-> 1,
  snapMin |-> 0,
  snapMax |-> 0,
  snapActive |-> {},
  snapshotTaken |-> FALSE,
  expectedActive |-> {},
  expectedKey |-> 1,
  cachedActive |-> {},
  requested |-> FALSE,
  waitedMetadata |-> FALSE,
  waitedBuckets |-> FALSE,
  beganAfterReservation |-> FALSE,
  raw |-> {},
  captured |-> FALSE,
  dependency |-> (0 :> -1 @@ 1 :> -1),
  captureEpoch |-> 0,
  answer |-> {},
  answered |-> FALSE,
  rejected |-> FALSE,
  committed |-> FALSE,
  commitEpoch |-> 0,
  materializedAfterWriter |-> FALSE ]

State 4: <ReaderRequestSnapshot line 84, col 26 to line 86, col 70 of module QueryMaterialization>
s = [ wpc |-> "Begin",
  rpc |-> "SnapshotWait",
  clock |-> 2,
  wid |-> 0,
  rid |-> 1,
  active |-> {1},
  lifecycle |-> 0,
  owners |-> (0 :> 0 @@ 1 :> 0),
  postings |-> {<<1, 1>>},
  stamps |-> (0 :> 0 @@ 1 :> 0),
  pubStamp |-> 0,
  stored |-> FALSE,
  oldXmax |-> 0,
  newHead |-> FALSE,
  retained |-> TRUE,
  committedKey |-> 1,
  snapMin |-> 0,
  snapMax |-> 0,
  snapActive |-> {},
  snapshotTaken |-> FALSE,
  expectedActive |-> {},
  expectedKey |-> 1,
  cachedActive |-> {1},
  requested |-> TRUE,
  waitedMetadata |-> FALSE,
  waitedBuckets |-> FALSE,
  beganAfterReservation |-> FALSE,
  raw |-> {},
  captured |-> FALSE,
  dependency |-> (0 :> -1 @@ 1 :> -1),
  captureEpoch |-> 0,
  answer |-> {},
  answered |-> FALSE,
  rejected |-> FALSE,
  committed |-> FALSE,
  commitEpoch |-> 0,
  materializedAfterWriter |-> FALSE ]

State 5: <ReaderSnapshotLock line 87, col 23 to line 88, col 58 of module QueryMaterialization>
s = [ wpc |-> "Begin",
  rpc |-> "Snapshot",
  clock |-> 2,
  wid |-> 0,
  rid |-> 1,
  active |-> {1},
  lifecycle |-> 2,
  owners |-> (0 :> 0 @@ 1 :> 0),
  postings |-> {<<1, 1>>},
  stamps |-> (0 :> 0 @@ 1 :> 0),
  pubStamp |-> 0,
  stored |-> FALSE,
  oldXmax |-> 0,
  newHead |-> FALSE,
  retained |-> TRUE,
  committedKey |-> 1,
  snapMin |-> 0,
  snapMax |-> 0,
  snapActive |-> {},
  snapshotTaken |-> FALSE,
  expectedActive |-> {},
  expectedKey |-> 1,
  cachedActive |-> {1},
  requested |-> TRUE,
  waitedMetadata |-> FALSE,
  waitedBuckets |-> FALSE,
  beganAfterReservation |-> FALSE,
  raw |-> {},
  captured |-> FALSE,
  dependency |-> (0 :> -1 @@ 1 :> -1),
  captureEpoch |-> 0,
  answer |-> {},
  answered |-> FALSE,
  rejected |-> FALSE,
  committed |-> FALSE,
  commitEpoch |-> 0,
  materializedAfterWriter |-> FALSE ]

State 6: <ReaderSnapshot line 89, col 19 to line 95, col 74 of module QueryMaterialization>
s = [ wpc |-> "Begin",
  rpc |-> "LookupWait",
  clock |-> 2,
  wid |-> 0,
  rid |-> 1,
  active |-> {1},
  lifecycle |-> 0,
  owners |-> (0 :> 0 @@ 1 :> 0),
  postings |-> {<<1, 1>>},
  stamps |-> (0 :> 0 @@ 1 :> 0),
  pubStamp |-> 0,
  stored |-> FALSE,
  oldXmax |-> 0,
  newHead |-> FALSE,
  retained |-> TRUE,
  committedKey |-> 1,
  snapMin |-> 1,
  snapMax |-> 2,
  snapActive |-> {1},
  snapshotTaken |-> TRUE,
  expectedActive |-> {1},
  expectedKey |-> 1,
  cachedActive |-> {1},
  requested |-> TRUE,
  waitedMetadata |-> FALSE,
  waitedBuckets |-> FALSE,
  beganAfterReservation |-> FALSE,
  raw |-> {},
  captured |-> FALSE,
  dependency |-> (0 :> -1 @@ 1 :> -1),
  captureEpoch |-> 0,
  answer |-> {},
  answered |-> FALSE,
  rejected |-> FALSE,
  committed |-> FALSE,
  commitEpoch |-> 0,
  materializedAfterWriter |-> FALSE ]

State 7: <ReaderLookupLock line 99, col 21 to line 100, col 118 of module QueryMaterialization>
s = [ wpc |-> "Begin",
  rpc |-> "Capture",
  clock |-> 2,
  wid |-> 0,
  rid |-> 1,
  active |-> {1},
  lifecycle |-> 0,
  owners |-> (0 :> 0 @@ 1 :> 2),
  postings |-> {<<1, 1>>},
  stamps |-> (0 :> 0 @@ 1 :> 0),
  pubStamp |-> 0,
  stored |-> FALSE,
  oldXmax |-> 0,
  newHead |-> FALSE,
  retained |-> TRUE,
  committedKey |-> 1,
  snapMin |-> 1,
  snapMax |-> 2,
  snapActive |-> {1},
  snapshotTaken |-> TRUE,
  expectedActive |-> {1},
  expectedKey |-> 1,
  cachedActive |-> {1},
  requested |-> TRUE,
  waitedMetadata |-> FALSE,
  waitedBuckets |-> FALSE,
  beganAfterReservation |-> FALSE,
  raw |-> {},
  captured |-> FALSE,
  dependency |-> (0 :> -1 @@ 1 :> -1),
  captureEpoch |-> 0,
  answer |-> {},
  answered |-> FALSE,
  rejected |-> FALSE,
  committed |-> FALSE,
  commitEpoch |-> 0,
  materializedAfterWriter |-> FALSE ]

State 8: <ReaderCapture line 101, col 18 to line 107, col 62 of module QueryMaterialization>
s = [ wpc |-> "Begin",
  rpc |-> "Materialize",
  clock |-> 2,
  wid |-> 0,
  rid |-> 1,
  active |-> {1},
  lifecycle |-> 0,
  owners |-> (0 :> 0 @@ 1 :> 0),
  postings |-> {<<1, 1>>},
  stamps |-> (0 :> 0 @@ 1 :> 0),
  pubStamp |-> 0,
  stored |-> FALSE,
  oldXmax |-> 0,
  newHead |-> FALSE,
  retained |-> TRUE,
  committedKey |-> 1,
  snapMin |-> 1,
  snapMax |-> 2,
  snapActive |-> {1},
  snapshotTaken |-> TRUE,
  expectedActive |-> {1},
  expectedKey |-> 1,
  cachedActive |-> {1},
  requested |-> TRUE,
  waitedMetadata |-> FALSE,
  waitedBuckets |-> FALSE,
  beganAfterReservation |-> FALSE,
  raw |-> {1},
  captured |-> TRUE,
  dependency |-> (0 :> -1 @@ 1 :> 0),
  captureEpoch |-> 0,
  answer |-> {},
  answered |-> FALSE,
  rejected |-> FALSE,
  committed |-> FALSE,
  commitEpoch |-> 0,
  materializedAfterWriter |-> FALSE ]

State 9: <ReaderMaterialize line 120, col 22 to line 124, col 55 of module QueryMaterialization>
s = [ wpc |-> "Begin",
  rpc |-> "CommitWait",
  clock |-> 2,
  wid |-> 0,
  rid |-> 1,
  active |-> {1},
  lifecycle |-> 0,
  owners |-> (0 :> 0 @@ 1 :> 0),
  postings |-> {<<1, 1>>},
  stamps |-> (0 :> 0 @@ 1 :> 0),
  pubStamp |-> 0,
  stored |-> FALSE,
  oldXmax |-> 0,
  newHead |-> FALSE,
  retained |-> TRUE,
  committedKey |-> 1,
  snapMin |-> 1,
  snapMax |-> 2,
  snapActive |-> {1},
  snapshotTaken |-> TRUE,
  expectedActive |-> {1},
  expectedKey |-> 1,
  cachedActive |-> {1},
  requested |-> TRUE,
  waitedMetadata |-> FALSE,
  waitedBuckets |-> FALSE,
  beganAfterReservation |-> FALSE,
  raw |-> {1},
  captured |-> TRUE,
  dependency |-> (0 :> -1 @@ 1 :> 0),
  captureEpoch |-> 0,
  answer |-> {1},
  answered |-> TRUE,
  rejected |-> FALSE,
  committed |-> FALSE,
  commitEpoch |-> 0,
  materializedAfterWriter |-> FALSE ]

129 states generated, 82 distinct states found, 23 states left on queue.
The depth of the complete state graph search is 9.
Finished in 00s at (2026-09-23 17:46:42)
