    Finished `bench` profile [optimized] target(s) in 0.09s
     Running benches/hyperfeed_crucible.rs (target/release/deps/hyperfeed_crucible-ad5d5cc489a334b2)
Gnuplot not found, using plotters backend
hyperfeed_crucible_interval: profile=profile_2g elapsed_secs=5.015 interval_secs=5.015 interval_tps=368872.96 total_ops=1849900 arena_head_bytes=21508936 fresh_bytes=3320456 reclaimed_nodes=1476500 retired_backlog=3556 alloc_failure_events=0 retired_postings=0 reclaimed_postings=0
hyperfeed_crucible_fresh: profile=profile_2g elapsed_secs=5.015 general_bytes=0 row_version_bytes=1165648 skip_node_bytes=1518352 skip_posting_bytes=483112 skip_tower_bytes=153344 spill_bytes=0
hyperfeed_crucible_interval: profile=profile_2g elapsed_secs=10.030 interval_secs=5.015 interval_tps=348862.90 total_ops=3599566 arena_head_bytes=21547000 fresh_bytes=38064 reclaimed_nodes=1403266 retired_backlog=0 alloc_failure_events=0 retired_postings=0 reclaimed_postings=0
hyperfeed_crucible_fresh: profile=profile_2g elapsed_secs=10.030 general_bytes=0 row_version_bytes=25872 skip_node_bytes=7568 skip_posting_bytes=2408 skip_tower_bytes=2216 spill_bytes=0
hyperfeed_crucible_interval: profile=profile_2g elapsed_secs=15.045 interval_secs=5.015 interval_tps=335804.06 total_ops=5283654 arena_head_bytes=21564544 fresh_bytes=17544 reclaimed_nodes=1343380 retired_backlog=3948 alloc_failure_events=0 retired_postings=0 reclaimed_postings=0
hyperfeed_crucible_fresh: profile=profile_2g elapsed_secs=15.045 general_bytes=0 row_version_bytes=17336 skip_node_bytes=0 skip_posting_bytes=0 skip_tower_bytes=208 spill_bytes=0
hyperfeed_crucible_interval: profile=profile_2g elapsed_secs=20.061 interval_secs=5.016 interval_tps=345656.44 total_ops=7017343 arena_head_bytes=21576776 fresh_bytes=12232 reclaimed_nodes=1384158 retired_backlog=6699 alloc_failure_events=0 retired_postings=0 reclaimed_postings=0
hyperfeed_crucible_fresh: profile=profile_2g elapsed_secs=20.061 general_bytes=0 row_version_bytes=12232 skip_node_bytes=0 skip_posting_bytes=0 skip_tower_bytes=0 spill_bytes=0
hyperfeed_crucible_interval: profile=profile_2g elapsed_secs=25.072 interval_secs=5.011 interval_tps=336787.14 total_ops=8705085 arena_head_bytes=21590856 fresh_bytes=14080 reclaimed_nodes=1350338 retired_backlog=6544 alloc_failure_events=0 retired_postings=0 reclaimed_postings=0
hyperfeed_crucible_fresh: profile=profile_2g elapsed_secs=25.072 general_bytes=0 row_version_bytes=14080 skip_node_bytes=0 skip_posting_bytes=0 skip_tower_bytes=0 spill_bytes=0
hyperfeed_crucible_interval: profile=profile_2g elapsed_secs=30.087 interval_secs=5.015 interval_tps=359811.61 total_ops=10509477 arena_head_bytes=21603968 fresh_bytes=13112 reclaimed_nodes=1445868 retired_backlog=4211 alloc_failure_events=0 retired_postings=0 reclaimed_postings=0
hyperfeed_crucible_fresh: profile=profile_2g elapsed_secs=30.087 general_bytes=0 row_version_bytes=13112 skip_node_bytes=0 skip_posting_bytes=0 skip_tower_bytes=0 spill_bytes=0
hyperfeed_crucible_interval: profile=profile_2g elapsed_secs=35.102 interval_secs=5.014 interval_tps=324523.44 total_ops=12136792 arena_head_bytes=21611360 fresh_bytes=7392 reclaimed_nodes=1304668 retired_backlog=1371 alloc_failure_events=0 retired_postings=0 reclaimed_postings=0
hyperfeed_crucible_fresh: profile=profile_2g elapsed_secs=35.102 general_bytes=0 row_version_bytes=7392 skip_node_bytes=0 skip_posting_bytes=0 skip_tower_bytes=0 spill_bytes=0
hyperfeed_crucible_interval: profile=profile_2g elapsed_secs=40.115 interval_secs=5.014 interval_tps=363064.27 total_ops=13957056 arena_head_bytes=21619984 fresh_bytes=8624 reclaimed_nodes=1451983 retired_backlog=5585 alloc_failure_events=0 retired_postings=0 reclaimed_postings=0
hyperfeed_crucible_fresh: profile=profile_2g elapsed_secs=40.115 general_bytes=0 row_version_bytes=8624 skip_node_bytes=0 skip_posting_bytes=0 skip_tower_bytes=0 spill_bytes=0
hyperfeed_crucible_interval: profile=profile_2g elapsed_secs=45.128 interval_secs=5.013 interval_tps=344835.26 total_ops=15685768 arena_head_bytes=21625528 fresh_bytes=5544 reclaimed_nodes=1385821 retired_backlog=2762 alloc_failure_events=0 retired_postings=0 reclaimed_postings=0
hyperfeed_crucible_fresh: profile=profile_2g elapsed_secs=45.128 general_bytes=0 row_version_bytes=5544 skip_node_bytes=0 skip_posting_bytes=0 skip_tower_bytes=0 spill_bytes=0
hyperfeed_crucible_interval: profile=profile_2g elapsed_secs=50.141 interval_secs=5.013 interval_tps=373545.93 total_ops=17558356 arena_head_bytes=21639224 fresh_bytes=13696 reclaimed_nodes=1500010 retired_backlog=835 alloc_failure_events=0 retired_postings=0 reclaimed_postings=0
hyperfeed_crucible_fresh: profile=profile_2g elapsed_secs=50.141 general_bytes=0 row_version_bytes=7128 skip_node_bytes=4048 skip_posting_bytes=1288 skip_tower_bytes=1232 spill_bytes=0
hyperfeed_crucible_interval: profile=profile_2g elapsed_secs=55.151 interval_secs=5.010 interval_tps=365162.33 total_ops=19387689 arena_head_bytes=21647232 fresh_bytes=8008 reclaimed_nodes=1459236 retired_backlog=5038 alloc_failure_events=0 retired_postings=0 reclaimed_postings=0
hyperfeed_crucible_fresh: profile=profile_2g elapsed_secs=55.151 general_bytes=0 row_version_bytes=8008 skip_node_bytes=0 skip_posting_bytes=0 skip_tower_bytes=0 spill_bytes=0
hyperfeed_crucible_interval: profile=profile_2g elapsed_secs=60.166 interval_secs=5.015 interval_tps=361289.24 total_ops=21199644 arena_head_bytes=21650400 fresh_bytes=3168 reclaimed_nodes=1453345 retired_backlog=1280 alloc_failure_events=0 retired_postings=0 reclaimed_postings=0
hyperfeed_crucible_fresh: profile=profile_2g elapsed_secs=60.166 general_bytes=0 row_version_bytes=3168 skip_node_bytes=0 skip_posting_bytes=0 skip_tower_bytes=0 spill_bytes=0
hyperfeed_crucible_interval: profile=profile_2g elapsed_secs=65.181 interval_secs=5.015 interval_tps=353185.87 total_ops=22970763 arena_head_bytes=21655680 fresh_bytes=5280 reclaimed_nodes=1417108 retired_backlog=1067 alloc_failure_events=0 retired_postings=0 reclaimed_postings=0
hyperfeed_crucible_fresh: profile=profile_2g elapsed_secs=65.181 general_bytes=0 row_version_bytes=5280 skip_node_bytes=0 skip_posting_bytes=0 skip_tower_bytes=0 spill_bytes=0
hyperfeed_crucible_interval: profile=profile_2g elapsed_secs=70.195 interval_secs=5.014 interval_tps=372897.74 total_ops=24840539 arena_head_bytes=21697504 fresh_bytes=41824 reclaimed_nodes=1488909 retired_backlog=7962 alloc_failure_events=0 retired_postings=0 reclaimed_postings=0
hyperfeed_crucible_fresh: profile=profile_2g elapsed_secs=70.195 general_bytes=0 row_version_bytes=5896 skip_node_bytes=25520 skip_posting_bytes=8120 skip_tower_bytes=2288 spill_bytes=0
hyperfeed_crucible_interval: profile=profile_2g elapsed_secs=75.209 interval_secs=5.013 interval_tps=364861.90 total_ops=26669718 arena_head_bytes=21702432 fresh_bytes=4928 reclaimed_nodes=1463806 retired_backlog=7509 alloc_failure_events=0 retired_postings=0 reclaimed_postings=0
hyperfeed_crucible_fresh: profile=profile_2g elapsed_secs=75.209 general_bytes=0 row_version_bytes=4928 skip_node_bytes=0 skip_posting_bytes=0 skip_tower_bytes=0 spill_bytes=0
hyperfeed_crucible_interval: profile=profile_2g elapsed_secs=80.223 interval_secs=5.015 interval_tps=386887.47 total_ops=28609792 arena_head_bytes=21707624 fresh_bytes=5192 reclaimed_nodes=1552841 retired_backlog=6752 alloc_failure_events=0 retired_postings=0 reclaimed_postings=0
hyperfeed_crucible_fresh: profile=profile_2g elapsed_secs=80.223 general_bytes=0 row_version_bytes=5192 skip_node_bytes=0 skip_posting_bytes=0 skip_tower_bytes=0 spill_bytes=0
hyperfeed_crucible_interval: profile=profile_2g elapsed_secs=85.243 interval_secs=5.020 interval_tps=368838.06 total_ops=30461413 arena_head_bytes=21711848 fresh_bytes=4224 reclaimed_nodes=1483126 retired_backlog=4910 alloc_failure_events=0 retired_postings=0 reclaimed_postings=0
hyperfeed_crucible_fresh: profile=profile_2g elapsed_secs=85.243 general_bytes=0 row_version_bytes=4224 skip_node_bytes=0 skip_posting_bytes=0 skip_tower_bytes=0 spill_bytes=0
hyperfeed_crucible_interval: profile=profile_2g elapsed_secs=90.258 interval_secs=5.015 interval_tps=382641.46 total_ops=32380250 arena_head_bytes=21715544 fresh_bytes=3696 reclaimed_nodes=1536959 retired_backlog=3017 alloc_failure_events=0 retired_postings=0 reclaimed_postings=0
hyperfeed_crucible_fresh: profile=profile_2g elapsed_secs=90.258 general_bytes=0 row_version_bytes=3696 skip_node_bytes=0 skip_posting_bytes=0 skip_tower_bytes=0 spill_bytes=0
hyperfeed_crucible_interval: profile=profile_2g elapsed_secs=95.272 interval_secs=5.014 interval_tps=370052.27 total_ops=34235712 arena_head_bytes=21718800 fresh_bytes=3256 reclaimed_nodes=1484636 retired_backlog=2738 alloc_failure_events=0 retired_postings=0 reclaimed_postings=0
hyperfeed_crucible_fresh: profile=profile_2g elapsed_secs=95.272 general_bytes=0 row_version_bytes=3256 skip_node_bytes=0 skip_posting_bytes=0 skip_tower_bytes=0 spill_bytes=0
hyperfeed_crucible_interval: profile=profile_2g elapsed_secs=100.286 interval_secs=5.014 interval_tps=385479.70 total_ops=36168574 arena_head_bytes=21723376 fresh_bytes=4576 reclaimed_nodes=1547165 retired_backlog=1864 alloc_failure_events=0 retired_postings=0 reclaimed_postings=0
hyperfeed_crucible_fresh: profile=profile_2g elapsed_secs=100.286 general_bytes=0 row_version_bytes=4576 skip_node_bytes=0 skip_posting_bytes=0 skip_tower_bytes=0 spill_bytes=0
hyperfeed_crucible_interval: profile=profile_2g elapsed_secs=105.301 interval_secs=5.014 interval_tps=360293.71 total_ops=37975213 arena_head_bytes=21726368 fresh_bytes=2992 reclaimed_nodes=1444710 retired_backlog=2432 alloc_failure_events=0 retired_postings=0 reclaimed_postings=0
hyperfeed_crucible_fresh: profile=profile_2g elapsed_secs=105.301 general_bytes=0 row_version_bytes=2992 skip_node_bytes=0 skip_posting_bytes=0 skip_tower_bytes=0 spill_bytes=0
hyperfeed_crucible_interval: profile=profile_2g elapsed_secs=110.316 interval_secs=5.015 interval_tps=367460.30 total_ops=39818136 arena_head_bytes=21729360 fresh_bytes=2992 reclaimed_nodes=1475334 retired_backlog=1453 alloc_failure_events=0 retired_postings=0 reclaimed_postings=0
hyperfeed_crucible_fresh: profile=profile_2g elapsed_secs=110.316 general_bytes=0 row_version_bytes=2992 skip_node_bytes=0 skip_posting_bytes=0 skip_tower_bytes=0 spill_bytes=0
hyperfeed_crucible_interval: profile=profile_2g elapsed_secs=115.325 interval_secs=5.009 interval_tps=332677.25 total_ops=41484597 arena_head_bytes=21729712 fresh_bytes=352 reclaimed_nodes=1331912 retired_backlog=2710 alloc_failure_events=0 retired_postings=0 reclaimed_postings=0
hyperfeed_crucible_fresh: profile=profile_2g elapsed_secs=115.325 general_bytes=0 row_version_bytes=352 skip_node_bytes=0 skip_posting_bytes=0 skip_tower_bytes=0 spill_bytes=0
hyperfeed_crucible_interval: profile=profile_2g elapsed_secs=120.120 interval_secs=4.795 interval_tps=331939.60 total_ops=43076086 arena_head_bytes=21730504 fresh_bytes=792 reclaimed_nodes=1275903 retired_backlog=0 alloc_failure_events=0 retired_postings=0 reclaimed_postings=0
hyperfeed_crucible_fresh: profile=profile_2g elapsed_secs=120.120 general_bytes=0 row_version_bytes=792 skip_node_bytes=0 skip_posting_bytes=0 skip_tower_bytes=0 spill_bytes=0
hyperfeed_crucible_correctness: profile=profile_2g table_rows=50000 index_postings=50000 exact_match=true
hyperfeed_crucible_stability: profile=profile_2g tail_fresh_bytes=80104 fresh_growth_budget_bytes=18188480 early_interval_tps=352351.30 late_interval_tps=364767.95 retained_tps=1.0352 arena_head_bytes=21730504
hyperfeed_crucible_gc_drain: profile=profile_2g retired_backlog=0 gc_recycle_errors=0 retired_postings=0 reclaimed_postings=0
hyperfeed_crucible_allocation_class: profile=profile_2g class=nodes allocated=58839 reachable=50001 retired=0 reusable=8838
hyperfeed_crucible_allocation_class: profile=profile_2g class=postings allocated=58838 reachable=50000 retired=0 reusable=8838
hyperfeed_crucible_allocation_class: profile=profile_2g class=towers allocated=58843 reachable=50001 retired=0 reusable=8842
hyperfeed_crucible_allocation_class: profile=profile_2g class=tower_lanes allocated=119756 reachable=99302 retired=0 reusable=20454
hyperfeed_crucible_allocation_audit: profile=profile_2g status=pass
hyperfeed_crucible_retry: profile=profile_2g max_insert_attempts=1 pressure_state=0 retry_alloc=0 gc_recycle_errors=0
hyperfeed_crucible_config: profile=profile_2g aerostore_shm_bytes=2147483648 vacuum_interval_ms=25 index_gc_interval_ms=25 workers=16 duration_secs=120 mix_upsert=80 mix_scan=20 hot_upsert_share=5% postgres={synchronous_commit=off,fsync=on,wal_writer_delay=10s}
| Engine | TPS | Total Ops | p50 (us) | p90 (us) | p99 (us) | Upserts | Scans | Hot Upserts | Conflicts | Index Remove Fail | Index Insert Fail |
|---|---:|---:|---:|---:|---:|---:|---:|---:|---:|---:|---:|
| aerostore | 358954.25 | 43076086 | 8.19 | 16.38 | 32.77 | 34460982 | 8615104 | 1723055 | 189 | 0 | 0 |
| postgres | 51289.63 | 6154871 | 262.14 | 262.14 | 262.14 | 4924019 | 1230852 | 246206 | 0 | 0 | 0 |
| Engine Memory Telemetry | Source | Peak (MiB) | End (MiB) | Samples | Notes |
|---|---|---:|---:|---:|---|
| aerostore | proc_pss_kb(parent) | 19.37 | 3.97 | 25 | profile_shm_bytes=2147483648 (2048.00 MiB) |
| postgres | docker_stats_mem_usage_kb | 266.30 | 266.30 | 25 | container_runtime_memory |
| Aerostore Reclaim Telemetry | vacuum_reclaimed_rows | index_retired_nodes_delta | index_reclaimed_nodes_delta | free_list_pushes_delta | free_list_pops_delta |
|---|---:|---:|---:|---:|---:|
| profile_2g | 34460982 | 34460982 | 34460982 | 0 | 0 |
| Aerostore Epoch Lag Telemetry | epoch_lag_start | epoch_lag_end | epoch_lag_peak | active_slots_start | active_slots_end |
|---|---:|---:|---:|---:|---:|
| profile_2g | 0 | 0 | 103 | 0 | 0 |
| Aerostore OCC Recycle Telemetry | alloc_from_starved | alloc_from_primary | alloc_from_probe | alloc_fresh | pop_empty | pop_cas_fail | push_success | push_cas_fail | stash_starved |
|---|---:|---:|---:|---:|---:|---:|---:|---:|---:|
| profile_2g | 0 | 33635280 | 810751 | 15140 | 1069276 | 0 | 34461171 | 0 | 0 |
| Aerostore Index Retry Telemetry | insert_ops | remove_ops | retry_loops | retry_alloc | retry_structural | retry_epoch | max_insert_attempts | max_remove_attempts | gc_nodes_examined | gc_nodes_requeued | gc_recycle_errors | gc_assist_calls | gc_assist_reclaimed | gc_daemon_cycles | gc_daemon_reclaimed | pressure_window_failures | pressure_window_reclaimed | pressure_consecutive_healthy_windows | retired_backlog | pressure_state | pressure_to_normal | pressure_to_warm | pressure_to_hot | alloc_failure_events | reserve_node_pushes | reserve_node_hits | reserve_node_misses | reserve_posting_pushes | reserve_posting_hits | reserve_posting_misses | reserve_tower_pushes | reserve_tower_hits | reserve_tower_misses | retry_phase_b_hits | retry_phase_c_hits |
|---|---:|---:|---:|---:|---:|---:|---:|---:|---:|---:|---:|---:|---:|---:|---:|---:|---:|---:|---:|---:|---:|---:|---:|---:|---:|---:|---:|---:|---:|---:|---:|---:|---:|---:|---:|
| profile_2g | 34510982 | 0 | 0 | 0 | 0 | 0 | 1 | 0 | 34968825 | 507843 | 0 | 0 | 0 | 10248 | 34460982 | 0 | 34460982 | 0 | 0 | 0 | 0 | 0 | 0 | 0 | 0 | 0 | 0 | 0 | 0 | 0 | 0 | 0 | 0 | 0 | 0 |
| Postgres Scan Breakdown | Client RTT p50 (us) | Server Exec p50 (us) | IPC/Protocol p50 (us) | Client RTT p90 (us) | Server Exec p90 (us) | IPC/Protocol p90 (us) | Client RTT p99 (us) | Server Exec p99 (us) | IPC/Protocol p99 (us) |
|---|---:|---:|---:|---:|---:|---:|---:|---:|---:|
| postgres_scan | 262.14 | 16.38 | 245.76 | 262.14 | 32.77 | 229.38 | 524.29 | 65.54 | 458.75 |
| Aerostore Raw Scan | p50 (us) | p90 (us) | p99 (us) |
|---|---:|---:|---:|
| aerostore_scan | 4.10 | 16.38 | 32.77 |
hyperfeed_crucible_summary: profile=profile_2g tps_ratio_aerostore_vs_postgres=7.00x total_p99_ratio=0.125
hyperfeed_crucible_engine_timing: profile=profile_2g aerostore_elapsed_secs=120.004 postgres_elapsed_secs=120.002 aerostore_upsert_p99_us=32.77 postgres_upsert_p99_us=262.14
Benchmarking hyperfeed_crucible/profile_2g_aerostore_vs_postgres_tps_ratio
Benchmarking hyperfeed_crucible/profile_2g_aerostore_vs_postgres_tps_ratio: Warming up for 3.0000 s
Benchmarking hyperfeed_crucible/profile_2g_aerostore_vs_postgres_tps_ratio: Collecting 10 samples in estimated 5.0000 s (27B iterations)
Benchmarking hyperfeed_crucible/profile_2g_aerostore_vs_postgres_tps_ratio: Analyzing
hyperfeed_crucible/profile_2g_aerostore_vs_postgres_tps_ratio
                        time:   [185.55 ps 186.40 ps 187.53 ps]
                        change: [-0.5075% -0.2242% +0.1654%] (p = 0.23 > 0.05)
                        No change in performance detected.
Found 1 outliers among 10 measurements (10.00%)
  1 (10.00%) high severe
Benchmarking hyperfeed_crucible/profile_2g_aerostore_vs_postgres_p99_ratio
Benchmarking hyperfeed_crucible/profile_2g_aerostore_vs_postgres_p99_ratio: Warming up for 3.0000 s
Benchmarking hyperfeed_crucible/profile_2g_aerostore_vs_postgres_p99_ratio: Collecting 10 samples in estimated 5.0000 s (27B iterations)
Benchmarking hyperfeed_crucible/profile_2g_aerostore_vs_postgres_p99_ratio: Analyzing
hyperfeed_crucible/profile_2g_aerostore_vs_postgres_p99_ratio
                        time:   [187.75 ps 188.06 ps 188.32 ps]
                        change: [+0.0955% +0.7520% +1.2679%] (p = 0.03 < 0.05)
                        Change within noise threshold.
Found 2 outliers among 10 measurements (20.00%)
  1 (10.00%) low mild
  1 (10.00%) high mild
