    Finished `bench` profile [optimized] target(s) in 0.08s
     Running benches/hyperfeed_crucible.rs (target/release/deps/hyperfeed_crucible-ad5d5cc489a334b2)
Gnuplot not found, using plotters backend
hyperfeed_crucible_interval: profile=profile_2g elapsed_secs=5.013 interval_secs=5.013 interval_tps=399740.32 total_ops=2003998 arena_head_bytes=21653592 fresh_bytes=3465112 reclaimed_nodes=1596467 retired_backlog=6805 alloc_failure_events=0 retired_postings=0 reclaimed_postings=0
hyperfeed_crucible_fresh: profile=profile_2g elapsed_secs=5.013 general_bytes=0 row_version_bytes=1222232 skip_node_bytes=1582240 skip_posting_bytes=503440 skip_tower_bytes=157200 spill_bytes=0
hyperfeed_crucible_interval: profile=profile_2g elapsed_secs=10.028 interval_secs=5.015 interval_tps=394573.26 total_ops=3982628 arena_head_bytes=21733544 fresh_bytes=79952 reclaimed_nodes=1589721 retired_backlog=0 alloc_failure_events=0 retired_postings=0 reclaimed_postings=0
hyperfeed_crucible_fresh: profile=profile_2g elapsed_secs=10.028 general_bytes=0 row_version_bytes=46112 skip_node_bytes=22880 skip_posting_bytes=7280 skip_tower_bytes=3680 spill_bytes=0
hyperfeed_crucible_interval: profile=profile_2g elapsed_secs=15.042 interval_secs=5.014 interval_tps=395147.66 total_ops=5963822 arena_head_bytes=21752848 fresh_bytes=19304 reclaimed_nodes=1581545 retired_backlog=3463 alloc_failure_events=0 retired_postings=0 reclaimed_postings=0
hyperfeed_crucible_fresh: profile=profile_2g elapsed_secs=15.042 general_bytes=0 row_version_bytes=19096 skip_node_bytes=0 skip_posting_bytes=0 skip_tower_bytes=208 spill_bytes=0
hyperfeed_crucible_interval: profile=profile_2g elapsed_secs=20.056 interval_secs=5.015 interval_tps=392472.31 total_ops=7931975 arena_head_bytes=21766928 fresh_bytes=14080 reclaimed_nodes=1577902 retired_backlog=0 alloc_failure_events=0 retired_postings=0 reclaimed_postings=0
hyperfeed_crucible_fresh: profile=profile_2g elapsed_secs=20.056 general_bytes=0 row_version_bytes=14080 skip_node_bytes=0 skip_posting_bytes=0 skip_tower_bytes=0 spill_bytes=0
hyperfeed_crucible_interval: profile=profile_2g elapsed_secs=25.061 interval_secs=5.005 interval_tps=380862.08 total_ops=9838064 arena_head_bytes=21776344 fresh_bytes=9416 reclaimed_nodes=1521269 retired_backlog=3691 alloc_failure_events=0 retired_postings=0 reclaimed_postings=0
hyperfeed_crucible_fresh: profile=profile_2g elapsed_secs=25.061 general_bytes=0 row_version_bytes=9416 skip_node_bytes=0 skip_posting_bytes=0 skip_tower_bytes=0 spill_bytes=0
hyperfeed_crucible_interval: profile=profile_2g elapsed_secs=30.076 interval_secs=5.015 interval_tps=391576.91 total_ops=11801785 arena_head_bytes=21785144 fresh_bytes=8800 reclaimed_nodes=1573926 retired_backlog=755 alloc_failure_events=0 retired_postings=0 reclaimed_postings=0
hyperfeed_crucible_fresh: profile=profile_2g elapsed_secs=30.076 general_bytes=0 row_version_bytes=8800 skip_node_bytes=0 skip_posting_bytes=0 skip_tower_bytes=0 spill_bytes=0
hyperfeed_crucible_interval: profile=profile_2g elapsed_secs=35.089 interval_secs=5.013 interval_tps=385578.82 total_ops=13734816 arena_head_bytes=21790776 fresh_bytes=5632 reclaimed_nodes=1539615 retired_backlog=7551 alloc_failure_events=0 retired_postings=0 reclaimed_postings=0
hyperfeed_crucible_fresh: profile=profile_2g elapsed_secs=35.089 general_bytes=0 row_version_bytes=5632 skip_node_bytes=0 skip_posting_bytes=0 skip_tower_bytes=0 spill_bytes=0
hyperfeed_crucible_interval: profile=profile_2g elapsed_secs=40.102 interval_secs=5.013 interval_tps=393585.02 total_ops=15707837 arena_head_bytes=21798248 fresh_bytes=7472 reclaimed_nodes=1580162 retired_backlog=5779 alloc_failure_events=0 retired_postings=0 reclaimed_postings=0
hyperfeed_crucible_fresh: profile=profile_2g elapsed_secs=40.102 general_bytes=0 row_version_bytes=6688 skip_node_bytes=0 skip_posting_bytes=0 skip_tower_bytes=784 spill_bytes=0
hyperfeed_crucible_interval: profile=profile_2g elapsed_secs=45.117 interval_secs=5.014 interval_tps=389856.33 total_ops=17662736 arena_head_bytes=21805816 fresh_bytes=7568 reclaimed_nodes=1564350 retired_backlog=5359 alloc_failure_events=0 retired_postings=0 reclaimed_postings=0
hyperfeed_crucible_fresh: profile=profile_2g elapsed_secs=45.117 general_bytes=0 row_version_bytes=7568 skip_node_bytes=0 skip_posting_bytes=0 skip_tower_bytes=0 spill_bytes=0
hyperfeed_crucible_interval: profile=profile_2g elapsed_secs=50.131 interval_secs=5.014 interval_tps=394114.80 total_ops=19638844 arena_head_bytes=21811360 fresh_bytes=5544 reclaimed_nodes=1582295 retired_backlog=3912 alloc_failure_events=0 retired_postings=0 reclaimed_postings=0
hyperfeed_crucible_fresh: profile=profile_2g elapsed_secs=50.131 general_bytes=0 row_version_bytes=5544 skip_node_bytes=0 skip_posting_bytes=0 skip_tower_bytes=0 spill_bytes=0
hyperfeed_crucible_interval: profile=profile_2g elapsed_secs=55.131 interval_secs=5.000 interval_tps=380565.35 total_ops=21541860 arena_head_bytes=21816552 fresh_bytes=5192 reclaimed_nodes=1524617 retired_backlog=1755 alloc_failure_events=0 retired_postings=0 reclaimed_postings=0
hyperfeed_crucible_fresh: profile=profile_2g elapsed_secs=55.131 general_bytes=0 row_version_bytes=5192 skip_node_bytes=0 skip_posting_bytes=0 skip_tower_bytes=0 spill_bytes=0
hyperfeed_crucible_interval: profile=profile_2g elapsed_secs=60.155 interval_secs=5.024 interval_tps=390658.07 total_ops=23504463 arena_head_bytes=21819192 fresh_bytes=2640 reclaimed_nodes=1570411 retired_backlog=1437 alloc_failure_events=0 retired_postings=0 reclaimed_postings=0
hyperfeed_crucible_fresh: profile=profile_2g elapsed_secs=60.155 general_bytes=0 row_version_bytes=2640 skip_node_bytes=0 skip_posting_bytes=0 skip_tower_bytes=0 spill_bytes=0
hyperfeed_crucible_interval: profile=profile_2g elapsed_secs=65.168 interval_secs=5.013 interval_tps=388434.98 total_ops=25451624 arena_head_bytes=21823768 fresh_bytes=4576 reclaimed_nodes=1551211 retired_backlog=7930 alloc_failure_events=0 retired_postings=0 reclaimed_postings=0
hyperfeed_crucible_fresh: profile=profile_2g elapsed_secs=65.168 general_bytes=0 row_version_bytes=4576 skip_node_bytes=0 skip_posting_bytes=0 skip_tower_bytes=0 spill_bytes=0
hyperfeed_crucible_interval: profile=profile_2g elapsed_secs=70.181 interval_secs=5.013 interval_tps=389858.58 total_ops=27406057 arena_head_bytes=21827288 fresh_bytes=3520 reclaimed_nodes=1565758 retired_backlog=5705 alloc_failure_events=0 retired_postings=0 reclaimed_postings=0
hyperfeed_crucible_fresh: profile=profile_2g elapsed_secs=70.181 general_bytes=0 row_version_bytes=3520 skip_node_bytes=0 skip_posting_bytes=0 skip_tower_bytes=0 spill_bytes=0
hyperfeed_crucible_interval: profile=profile_2g elapsed_secs=75.195 interval_secs=5.014 interval_tps=385465.23 total_ops=29338832 arena_head_bytes=21830808 fresh_bytes=3520 reclaimed_nodes=1546022 retired_backlog=5942 alloc_failure_events=0 retired_postings=0 reclaimed_postings=0
hyperfeed_crucible_fresh: profile=profile_2g elapsed_secs=75.195 general_bytes=0 row_version_bytes=3520 skip_node_bytes=0 skip_posting_bytes=0 skip_tower_bytes=0 spill_bytes=0
hyperfeed_crucible_interval: profile=profile_2g elapsed_secs=80.209 interval_secs=5.014 interval_tps=392802.47 total_ops=31308229 arena_head_bytes=21833888 fresh_bytes=3080 reclaimed_nodes=1576569 retired_backlog=4853 alloc_failure_events=0 retired_postings=0 reclaimed_postings=0
hyperfeed_crucible_fresh: profile=profile_2g elapsed_secs=80.209 general_bytes=0 row_version_bytes=3080 skip_node_bytes=0 skip_posting_bytes=0 skip_tower_bytes=0 spill_bytes=0
hyperfeed_crucible_interval: profile=profile_2g elapsed_secs=85.213 interval_secs=5.004 interval_tps=382532.12 total_ops=33222471 arena_head_bytes=21837496 fresh_bytes=3608 reclaimed_nodes=1529699 retired_backlog=6565 alloc_failure_events=0 retired_postings=0 reclaimed_postings=0
hyperfeed_crucible_fresh: profile=profile_2g elapsed_secs=85.213 general_bytes=0 row_version_bytes=3608 skip_node_bytes=0 skip_posting_bytes=0 skip_tower_bytes=0 spill_bytes=0
hyperfeed_crucible_interval: profile=profile_2g elapsed_secs=90.230 interval_secs=5.017 interval_tps=390295.07 total_ops=35180527 arena_head_bytes=21841264 fresh_bytes=3768 reclaimed_nodes=1569145 retired_backlog=3873 alloc_failure_events=0 retired_postings=0 reclaimed_postings=0
hyperfeed_crucible_fresh: profile=profile_2g elapsed_secs=90.230 general_bytes=0 row_version_bytes=3608 skip_node_bytes=0 skip_posting_bytes=0 skip_tower_bytes=160 spill_bytes=0
hyperfeed_crucible_interval: profile=profile_2g elapsed_secs=95.243 interval_secs=5.013 interval_tps=390443.48 total_ops=37137922 arena_head_bytes=21845312 fresh_bytes=4048 reclaimed_nodes=1567178 retired_backlog=2584 alloc_failure_events=0 retired_postings=0 reclaimed_postings=0
hyperfeed_crucible_fresh: profile=profile_2g elapsed_secs=95.243 general_bytes=0 row_version_bytes=4048 skip_node_bytes=0 skip_posting_bytes=0 skip_tower_bytes=0 spill_bytes=0
hyperfeed_crucible_interval: profile=profile_2g elapsed_secs=100.258 interval_secs=5.015 interval_tps=392101.86 total_ops=39104198 arena_head_bytes=21848744 fresh_bytes=3432 reclaimed_nodes=1575258 retired_backlog=377 alloc_failure_events=0 retired_postings=0 reclaimed_postings=0
hyperfeed_crucible_fresh: profile=profile_2g elapsed_secs=100.258 general_bytes=0 row_version_bytes=3432 skip_node_bytes=0 skip_posting_bytes=0 skip_tower_bytes=0 spill_bytes=0
hyperfeed_crucible_interval: profile=profile_2g elapsed_secs=105.272 interval_secs=5.014 interval_tps=387713.10 total_ops=41048380 arena_head_bytes=21850680 fresh_bytes=1936 reclaimed_nodes=1547580 retired_backlog=8123 alloc_failure_events=0 retired_postings=0 reclaimed_postings=0
hyperfeed_crucible_fresh: profile=profile_2g elapsed_secs=105.272 general_bytes=0 row_version_bytes=1936 skip_node_bytes=0 skip_posting_bytes=0 skip_tower_bytes=0 spill_bytes=0
hyperfeed_crucible_interval: profile=profile_2g elapsed_secs=110.287 interval_secs=5.015 interval_tps=394999.31 total_ops=43029156 arena_head_bytes=21852968 fresh_bytes=2288 reclaimed_nodes=1585788 retired_backlog=6960 alloc_failure_events=0 retired_postings=0 reclaimed_postings=0
hyperfeed_crucible_fresh: profile=profile_2g elapsed_secs=110.287 general_bytes=0 row_version_bytes=2288 skip_node_bytes=0 skip_posting_bytes=0 skip_tower_bytes=0 spill_bytes=0
hyperfeed_crucible_interval: profile=profile_2g elapsed_secs=115.296 interval_secs=5.009 interval_tps=376907.09 total_ops=44917126 arena_head_bytes=21855080 fresh_bytes=2112 reclaimed_nodes=1514500 retired_backlog=2852 alloc_failure_events=0 retired_postings=0 reclaimed_postings=0
hyperfeed_crucible_fresh: profile=profile_2g elapsed_secs=115.296 general_bytes=0 row_version_bytes=2112 skip_node_bytes=0 skip_posting_bytes=0 skip_tower_bytes=0 spill_bytes=0
hyperfeed_crucible_interval: profile=profile_2g elapsed_secs=120.313 interval_secs=5.017 interval_tps=384099.68 total_ops=46844285 arena_head_bytes=21856400 fresh_bytes=1320 reclaimed_nodes=1544566 retired_backlog=0 alloc_failure_events=0 retired_postings=0 reclaimed_postings=0
hyperfeed_crucible_fresh: profile=profile_2g elapsed_secs=120.313 general_bytes=0 row_version_bytes=1320 skip_node_bytes=0 skip_posting_bytes=0 skip_tower_bytes=0 spill_bytes=0
hyperfeed_crucible_interval: profile=profile_2g elapsed_secs=125.327 interval_secs=5.013 interval_tps=377325.51 total_ops=48735947 arena_head_bytes=21857016 fresh_bytes=616 reclaimed_nodes=1507347 retired_backlog=5983 alloc_failure_events=0 retired_postings=0 reclaimed_postings=0
hyperfeed_crucible_fresh: profile=profile_2g elapsed_secs=125.327 general_bytes=0 row_version_bytes=616 skip_node_bytes=0 skip_posting_bytes=0 skip_tower_bytes=0 spill_bytes=0
hyperfeed_crucible_interval: profile=profile_2g elapsed_secs=130.341 interval_secs=5.014 interval_tps=382983.16 total_ops=50656130 arena_head_bytes=21858336 fresh_bytes=1320 reclaimed_nodes=1539506 retired_backlog=2616 alloc_failure_events=0 retired_postings=0 reclaimed_postings=0
hyperfeed_crucible_fresh: profile=profile_2g elapsed_secs=130.341 general_bytes=0 row_version_bytes=1320 skip_node_bytes=0 skip_posting_bytes=0 skip_tower_bytes=0 spill_bytes=0
hyperfeed_crucible_interval: profile=profile_2g elapsed_secs=135.354 interval_secs=5.014 interval_tps=382343.47 total_ops=52573147 arena_head_bytes=21859216 fresh_bytes=880 reclaimed_nodes=1533612 retired_backlog=2591 alloc_failure_events=0 retired_postings=0 reclaimed_postings=0
hyperfeed_crucible_fresh: profile=profile_2g elapsed_secs=135.354 general_bytes=0 row_version_bytes=880 skip_node_bytes=0 skip_posting_bytes=0 skip_tower_bytes=0 spill_bytes=0
hyperfeed_crucible_interval: profile=profile_2g elapsed_secs=140.368 interval_secs=5.014 interval_tps=392266.39 total_ops=54539831 arena_head_bytes=21860008 fresh_bytes=792 reclaimed_nodes=1573961 retired_backlog=1985 alloc_failure_events=0 retired_postings=0 reclaimed_postings=0
hyperfeed_crucible_fresh: profile=profile_2g elapsed_secs=140.368 general_bytes=0 row_version_bytes=792 skip_node_bytes=0 skip_posting_bytes=0 skip_tower_bytes=0 spill_bytes=0
hyperfeed_crucible_interval: profile=profile_2g elapsed_secs=145.375 interval_secs=5.007 interval_tps=370024.06 total_ops=56392640 arena_head_bytes=21861768 fresh_bytes=1760 reclaimed_nodes=1479998 retired_backlog=4271 alloc_failure_events=0 retired_postings=0 reclaimed_postings=0
hyperfeed_crucible_fresh: profile=profile_2g elapsed_secs=145.375 general_bytes=0 row_version_bytes=1760 skip_node_bytes=0 skip_posting_bytes=0 skip_tower_bytes=0 spill_bytes=0
hyperfeed_crucible_interval: profile=profile_2g elapsed_secs=150.393 interval_secs=5.017 interval_tps=370471.69 total_ops=58251437 arena_head_bytes=21862208 fresh_bytes=440 reclaimed_nodes=1490223 retired_backlog=1093 alloc_failure_events=0 retired_postings=0 reclaimed_postings=0
hyperfeed_crucible_fresh: profile=profile_2g elapsed_secs=150.393 general_bytes=0 row_version_bytes=440 skip_node_bytes=0 skip_posting_bytes=0 skip_tower_bytes=0 spill_bytes=0
hyperfeed_crucible_interval: profile=profile_2g elapsed_secs=155.406 interval_secs=5.014 interval_tps=374203.40 total_ops=60127576 arena_head_bytes=21862824 fresh_bytes=616 reclaimed_nodes=1495537 retired_backlog=6454 alloc_failure_events=0 retired_postings=0 reclaimed_postings=0
hyperfeed_crucible_fresh: profile=profile_2g elapsed_secs=155.406 general_bytes=0 row_version_bytes=616 skip_node_bytes=0 skip_posting_bytes=0 skip_tower_bytes=0 spill_bytes=0
hyperfeed_crucible_interval: profile=profile_2g elapsed_secs=160.421 interval_secs=5.014 interval_tps=359242.15 total_ops=61928867 arena_head_bytes=21863528 fresh_bytes=704 reclaimed_nodes=1445560 retired_backlog=1928 alloc_failure_events=0 retired_postings=0 reclaimed_postings=0
hyperfeed_crucible_fresh: profile=profile_2g elapsed_secs=160.421 general_bytes=0 row_version_bytes=704 skip_node_bytes=0 skip_posting_bytes=0 skip_tower_bytes=0 spill_bytes=0
hyperfeed_crucible_interval: profile=profile_2g elapsed_secs=165.436 interval_secs=5.015 interval_tps=347876.00 total_ops=63673503 arena_head_bytes=21864056 fresh_bytes=528 reclaimed_nodes=1391184 retired_backlog=6432 alloc_failure_events=0 retired_postings=0 reclaimed_postings=0
hyperfeed_crucible_fresh: profile=profile_2g elapsed_secs=165.436 general_bytes=0 row_version_bytes=528 skip_node_bytes=0 skip_posting_bytes=0 skip_tower_bytes=0 spill_bytes=0
hyperfeed_crucible_interval: profile=profile_2g elapsed_secs=170.451 interval_secs=5.015 interval_tps=378914.29 total_ops=65573770 arena_head_bytes=21865288 fresh_bytes=1232 reclaimed_nodes=1521605 retired_backlog=5047 alloc_failure_events=0 retired_postings=0 reclaimed_postings=0
hyperfeed_crucible_fresh: profile=profile_2g elapsed_secs=170.451 general_bytes=0 row_version_bytes=1232 skip_node_bytes=0 skip_posting_bytes=0 skip_tower_bytes=0 spill_bytes=0
hyperfeed_crucible_interval: profile=profile_2g elapsed_secs=175.451 interval_secs=5.001 interval_tps=357752.06 total_ops=67362809 arena_head_bytes=21866520 fresh_bytes=1232 reclaimed_nodes=1433976 retired_backlog=2312 alloc_failure_events=0 retired_postings=0 reclaimed_postings=0
hyperfeed_crucible_fresh: profile=profile_2g elapsed_secs=175.451 general_bytes=0 row_version_bytes=1232 skip_node_bytes=0 skip_posting_bytes=0 skip_tower_bytes=0 spill_bytes=0
hyperfeed_crucible_interval: profile=profile_2g elapsed_secs=180.470 interval_secs=5.018 interval_tps=346550.92 total_ops=69101969 arena_head_bytes=21867400 fresh_bytes=880 reclaimed_nodes=1389895 retired_backlog=3708 alloc_failure_events=0 retired_postings=0 reclaimed_postings=0
hyperfeed_crucible_fresh: profile=profile_2g elapsed_secs=180.470 general_bytes=0 row_version_bytes=880 skip_node_bytes=0 skip_posting_bytes=0 skip_tower_bytes=0 spill_bytes=0
hyperfeed_crucible_interval: profile=profile_2g elapsed_secs=185.485 interval_secs=5.015 interval_tps=338077.35 total_ops=70797454 arena_head_bytes=21868368 fresh_bytes=968 reclaimed_nodes=1354440 retired_backlog=5697 alloc_failure_events=0 retired_postings=0 reclaimed_postings=0
hyperfeed_crucible_fresh: profile=profile_2g elapsed_secs=185.485 general_bytes=0 row_version_bytes=968 skip_node_bytes=0 skip_posting_bytes=0 skip_tower_bytes=0 spill_bytes=0
hyperfeed_crucible_interval: profile=profile_2g elapsed_secs=190.500 interval_secs=5.015 interval_tps=354308.28 total_ops=72574342 arena_head_bytes=21869384 fresh_bytes=1016 reclaimed_nodes=1424473 retired_backlog=2711 alloc_failure_events=0 retired_postings=0 reclaimed_postings=0
hyperfeed_crucible_fresh: profile=profile_2g elapsed_secs=190.500 general_bytes=0 row_version_bytes=792 skip_node_bytes=0 skip_posting_bytes=0 skip_tower_bytes=224 spill_bytes=0
hyperfeed_crucible_interval: profile=profile_2g elapsed_secs=195.515 interval_secs=5.015 interval_tps=343846.43 total_ops=74298709 arena_head_bytes=21869560 fresh_bytes=176 reclaimed_nodes=1374691 retired_backlog=7510 alloc_failure_events=0 retired_postings=0 reclaimed_postings=0
hyperfeed_crucible_fresh: profile=profile_2g elapsed_secs=195.515 general_bytes=0 row_version_bytes=176 skip_node_bytes=0 skip_posting_bytes=0 skip_tower_bytes=0 spill_bytes=0
hyperfeed_crucible_interval: profile=profile_2g elapsed_secs=200.529 interval_secs=5.014 interval_tps=366902.76 total_ops=76138351 arena_head_bytes=21869912 fresh_bytes=352 reclaimed_nodes=1476223 retired_backlog=3006 alloc_failure_events=0 retired_postings=0 reclaimed_postings=0
hyperfeed_crucible_fresh: profile=profile_2g elapsed_secs=200.529 general_bytes=0 row_version_bytes=352 skip_node_bytes=0 skip_posting_bytes=0 skip_tower_bytes=0 spill_bytes=0
hyperfeed_crucible_interval: profile=profile_2g elapsed_secs=205.551 interval_secs=5.022 interval_tps=341777.05 total_ops=77854675 arena_head_bytes=21869912 fresh_bytes=0 reclaimed_nodes=1369863 retired_backlog=6205 alloc_failure_events=0 retired_postings=0 reclaimed_postings=0
hyperfeed_crucible_fresh: profile=profile_2g elapsed_secs=205.551 general_bytes=0 row_version_bytes=0 skip_node_bytes=0 skip_posting_bytes=0 skip_tower_bytes=0 spill_bytes=0
hyperfeed_crucible_interval: profile=profile_2g elapsed_secs=210.567 interval_secs=5.016 interval_tps=361921.22 total_ops=79670247 arena_head_bytes=21870352 fresh_bytes=440 reclaimed_nodes=1457245 retired_backlog=1436 alloc_failure_events=0 retired_postings=0 reclaimed_postings=0
hyperfeed_crucible_fresh: profile=profile_2g elapsed_secs=210.567 general_bytes=0 row_version_bytes=440 skip_node_bytes=0 skip_posting_bytes=0 skip_tower_bytes=0 spill_bytes=0
hyperfeed_crucible_interval: profile=profile_2g elapsed_secs=215.581 interval_secs=5.014 interval_tps=371396.57 total_ops=81532257 arena_head_bytes=21870616 fresh_bytes=264 reclaimed_nodes=1483947 retired_backlog=7104 alloc_failure_events=0 retired_postings=0 reclaimed_postings=0
hyperfeed_crucible_fresh: profile=profile_2g elapsed_secs=215.581 general_bytes=0 row_version_bytes=264 skip_node_bytes=0 skip_posting_bytes=0 skip_tower_bytes=0 spill_bytes=0
hyperfeed_crucible_interval: profile=profile_2g elapsed_secs=220.596 interval_secs=5.015 interval_tps=378764.96 total_ops=83431733 arena_head_bytes=21871496 fresh_bytes=880 reclaimed_nodes=1522110 retired_backlog=4565 alloc_failure_events=0 retired_postings=0 reclaimed_postings=0
hyperfeed_crucible_fresh: profile=profile_2g elapsed_secs=220.596 general_bytes=0 row_version_bytes=880 skip_node_bytes=0 skip_posting_bytes=0 skip_tower_bytes=0 spill_bytes=0
hyperfeed_crucible_interval: profile=profile_2g elapsed_secs=225.610 interval_secs=5.015 interval_tps=373087.39 total_ops=85302614 arena_head_bytes=21873080 fresh_bytes=1584 reclaimed_nodes=1498515 retired_backlog=2784 alloc_failure_events=0 retired_postings=0 reclaimed_postings=0
hyperfeed_crucible_fresh: profile=profile_2g elapsed_secs=225.610 general_bytes=0 row_version_bytes=1584 skip_node_bytes=0 skip_posting_bytes=0 skip_tower_bytes=0 spill_bytes=0
hyperfeed_crucible_interval: profile=profile_2g elapsed_secs=230.625 interval_secs=5.015 interval_tps=375041.66 total_ops=87183360 arena_head_bytes=21874048 fresh_bytes=968 reclaimed_nodes=1501091 retired_backlog=6264 alloc_failure_events=0 retired_postings=0 reclaimed_postings=0
hyperfeed_crucible_fresh: profile=profile_2g elapsed_secs=230.625 general_bytes=0 row_version_bytes=968 skip_node_bytes=0 skip_posting_bytes=0 skip_tower_bytes=0 spill_bytes=0
hyperfeed_crucible_interval: profile=profile_2g elapsed_secs=235.637 interval_secs=5.012 interval_tps=350001.52 total_ops=88937399 arena_head_bytes=21874224 fresh_bytes=176 reclaimed_nodes=1402782 retired_backlog=6691 alloc_failure_events=0 retired_postings=0 reclaimed_postings=0
hyperfeed_crucible_fresh: profile=profile_2g elapsed_secs=235.637 general_bytes=0 row_version_bytes=176 skip_node_bytes=0 skip_posting_bytes=0 skip_tower_bytes=0 spill_bytes=0
hyperfeed_crucible_interval: profile=profile_2g elapsed_secs=240.055 interval_secs=4.419 interval_tps=334648.31 total_ops=90416047 arena_head_bytes=21874224 fresh_bytes=0 reclaimed_nodes=1189624 retired_backlog=0 alloc_failure_events=0 retired_postings=0 reclaimed_postings=0
hyperfeed_crucible_fresh: profile=profile_2g elapsed_secs=240.055 general_bytes=0 row_version_bytes=0 skip_node_bytes=0 skip_posting_bytes=0 skip_tower_bytes=0 spill_bytes=0
hyperfeed_crucible_correctness: profile=profile_2g table_rows=50000 index_postings=50000 exact_match=true
hyperfeed_crucible_stability: profile=profile_2g tail_fresh_bytes=17824 fresh_growth_budget_bytes=18188480 early_interval_tps=389349.33 late_interval_tps=363738.61 retained_tps=0.9342 arena_head_bytes=21874224
hyperfeed_crucible_gc_drain: profile=profile_2g retired_backlog=0 gc_recycle_errors=0 retired_postings=0 reclaimed_postings=0
hyperfeed_crucible_allocation_class: profile=profile_2g class=nodes allocated=59121 reachable=50001 retired=0 reusable=9120
hyperfeed_crucible_allocation_class: profile=profile_2g class=postings allocated=59120 reachable=50000 retired=0 reusable=9120
hyperfeed_crucible_allocation_class: profile=profile_2g class=towers allocated=59232 reachable=50001 retired=0 reusable=9231
hyperfeed_crucible_allocation_class: profile=profile_2g class=tower_lanes allocated=120127 reachable=100115 retired=0 reusable=20012
hyperfeed_crucible_allocation_audit: profile=profile_2g status=pass
hyperfeed_crucible_retry: profile=profile_2g max_insert_attempts=1 pressure_state=0 retry_alloc=0 gc_recycle_errors=0
hyperfeed_crucible_config: profile=profile_2g aerostore_shm_bytes=2147483648 vacuum_interval_ms=25 index_gc_interval_ms=25 workers=16 duration_secs=240 mix_upsert=80 mix_scan=20 hot_upsert_share=5% postgres={synchronous_commit=off,fsync=on,wal_writer_delay=10s}
| Engine | TPS | Total Ops | p50 (us) | p90 (us) | p99 (us) | Upserts | Scans | Hot Upserts | Conflicts | Index Remove Fail | Index Insert Fail |
|---|---:|---:|---:|---:|---:|---:|---:|---:|---:|---:|---:|
| aerostore | 376726.68 | 90416047 | 4.10 | 16.38 | 32.77 | 72332962 | 18083085 | 3616656 | 402 | 0 | 0 |
| postgres | 49160.54 | 11798643 | 262.14 | 262.14 | 524.29 | 9439062 | 2359581 | 471956 | 0 | 0 | 0 |
| Engine Memory Telemetry | Source | Peak (MiB) | End (MiB) | Samples | Notes |
|---|---|---:|---:|---:|---|
| aerostore | proc_pss_kb(parent) | 19.50 | 4.13 | 49 | profile_shm_bytes=2147483648 (2048.00 MiB) |
| postgres | docker_stats_mem_usage_kb | 255.40 | 241.50 | 49 | container_runtime_memory |
| Aerostore Reclaim Telemetry | vacuum_reclaimed_rows | index_retired_nodes_delta | index_reclaimed_nodes_delta | free_list_pushes_delta | free_list_pops_delta |
|---|---:|---:|---:|---:|---:|
| profile_2g | 72332962 | 72332962 | 72332962 | 0 | 0 |
| Aerostore Epoch Lag Telemetry | epoch_lag_start | epoch_lag_end | epoch_lag_peak | active_slots_start | active_slots_end |
|---|---:|---:|---:|---:|---:|
| profile_2g | 0 | 0 | 98 | 0 | 0 |
| Aerostore OCC Recycle Telemetry | alloc_from_starved | alloc_from_primary | alloc_from_probe | alloc_fresh | pop_empty | pop_cas_fail | push_success | push_cas_fail | stash_starved |
|---|---:|---:|---:|---:|---:|---:|---:|---:|---:|
| profile_2g | 0 | 71137079 | 1180289 | 15996 | 1480440 | 0 | 72333364 | 0 | 0 |
| Aerostore Index Retry Telemetry | insert_ops | remove_ops | retry_loops | retry_alloc | retry_structural | retry_epoch | max_insert_attempts | max_remove_attempts | gc_nodes_examined | gc_nodes_requeued | gc_recycle_errors | gc_assist_calls | gc_assist_reclaimed | gc_daemon_cycles | gc_daemon_reclaimed | pressure_window_failures | pressure_window_reclaimed | pressure_consecutive_healthy_windows | retired_backlog | pressure_state | pressure_to_normal | pressure_to_warm | pressure_to_hot | alloc_failure_events | reserve_node_pushes | reserve_node_hits | reserve_node_misses | reserve_posting_pushes | reserve_posting_hits | reserve_posting_misses | reserve_tower_pushes | reserve_tower_hits | reserve_tower_misses | retry_phase_b_hits | retry_phase_c_hits |
|---|---:|---:|---:|---:|---:|---:|---:|---:|---:|---:|---:|---:|---:|---:|---:|---:|---:|---:|---:|---:|---:|---:|---:|---:|---:|---:|---:|---:|---:|---:|---:|---:|---:|---:|---:|
| profile_2g | 72382962 | 0 | 0 | 0 | 0 | 0 | 1 | 0 | 73223601 | 890639 | 0 | 0 | 0 | 20483 | 72332962 | 0 | 72332962 | 0 | 0 | 0 | 0 | 0 | 0 | 0 | 0 | 0 | 0 | 0 | 0 | 0 | 0 | 0 | 0 | 0 | 0 |
| Postgres Scan Breakdown | Client RTT p50 (us) | Server Exec p50 (us) | IPC/Protocol p50 (us) | Client RTT p90 (us) | Server Exec p90 (us) | IPC/Protocol p90 (us) | Client RTT p99 (us) | Server Exec p99 (us) | IPC/Protocol p99 (us) |
|---|---:|---:|---:|---:|---:|---:|---:|---:|---:|
| postgres_scan | 262.14 | 16.38 | 245.76 | 262.14 | 32.77 | 229.38 | 524.29 | 65.54 | 458.75 |
| Aerostore Raw Scan | p50 (us) | p90 (us) | p99 (us) |
|---|---:|---:|---:|
| aerostore_scan | 4.10 | 16.38 | 32.77 |
hyperfeed_crucible_summary: profile=profile_2g tps_ratio_aerostore_vs_postgres=7.66x total_p99_ratio=0.062
hyperfeed_crucible_engine_timing: profile=profile_2g aerostore_elapsed_secs=240.004 postgres_elapsed_secs=240.002 aerostore_upsert_p99_us=32.77 postgres_upsert_p99_us=262.14
Benchmarking hyperfeed_crucible/profile_2g_aerostore_vs_postgres_tps_ratio
Benchmarking hyperfeed_crucible/profile_2g_aerostore_vs_postgres_tps_ratio: Warming up for 3.0000 s
Benchmarking hyperfeed_crucible/profile_2g_aerostore_vs_postgres_tps_ratio: Collecting 10 samples in estimated 5.0000 s (27B iterations)
Benchmarking hyperfeed_crucible/profile_2g_aerostore_vs_postgres_tps_ratio: Analyzing
hyperfeed_crucible/profile_2g_aerostore_vs_postgres_tps_ratio
                        time:   [186.53 ps 187.78 ps 189.08 ps]
                        change: [+0.2104% +0.7096% +1.2234%] (p = 0.01 < 0.05)
                        Change within noise threshold.
Found 1 outliers among 10 measurements (10.00%)
  1 (10.00%) high mild
Benchmarking hyperfeed_crucible/profile_2g_aerostore_vs_postgres_p99_ratio
Benchmarking hyperfeed_crucible/profile_2g_aerostore_vs_postgres_p99_ratio: Warming up for 3.0000 s
Benchmarking hyperfeed_crucible/profile_2g_aerostore_vs_postgres_p99_ratio: Collecting 10 samples in estimated 5.0000 s (26B iterations)
Benchmarking hyperfeed_crucible/profile_2g_aerostore_vs_postgres_p99_ratio: Analyzing
hyperfeed_crucible/profile_2g_aerostore_vs_postgres_p99_ratio
                        time:   [188.17 ps 188.52 ps 189.05 ps]
                        change: [+0.1836% +0.3924% +0.6264%] (p = 0.00 < 0.05)
                        Change within noise threshold.
