note: verifying module admission (selected functions)

note: function body check: not all errors may have been reported; rerun with a higher value for --multiple-errors to find other potential errors in this function
    --> /home/zpconn/code/aerostore/target/verification-planning/final/write-admission/omit_native_change_agreement.rs:2035:1
     |
2035 | pub proof fn validation_establishes_plan(before:DataState,plan:Plan,ordinary_plan:OrdinaryPlan)
     | ^^^^^^^^^^^^^^^^^^^^^^^^^^^^^^^^^^^^^^^^^^^^^^^^^^^^^^^^^^^^^^^^^^^^^^^^^^^^^^^^^^^^^^^^^^^^^^^

error: postcondition not satisfied
    --> /home/zpconn/code/aerostore/target/verification-planning/final/write-admission/omit_native_change_agreement.rs:2046:13
     |
2035 | pub proof fn validation_establishes_plan(before:DataState,plan:Plan,ordinary_plan:OrdinaryPlan)
     | ----------------------------------------------------------------------------------------------- at the end of the function body
...
2046 |     ensures crate::planned(before,plan),crate::ordinary_matches(plan,ordinary_plan),
     |             ^^^^^^^^^^^^^^^^^^^^^^^^^^^ failed this postcondition

error: assertion failed
    --> /home/zpconn/code/aerostore/target/verification-planning/final/write-admission/omit_native_change_agreement.rs:2051:12
     |
2051 |     assert(plan.changes[0].before==crate::head_key(before.image,w.row_id));
     |            ^^^^^^^^^^^^^^^^^^^^^^^^^^^^^^^^^^^^^^^^^^^^^^^^^^^^^^^^^^^^^^ assertion failed

verification results:: 0 verified, 1 errors (partial verification with `--verify-*`)
error: aborting due to 2 previous errors

