TLC2 Version 2026.09.22.222048 (rev: 35d40c9)
Running breadth-first search Model-Checking with fp 0 and seed 1 with 1 worker on 24 cores with 491MB heap and 64MB offheap memory [pid: 105] (Linux 6.6.87.2-microsoft-standard-WSL2 amd64, Ubuntu 21.0.12.1 64bit, MSBDiskFPSet, DiskStateQueue).
Parsing file /tmp/aerostore-tlc-models-3zjhiex5/ServiceProtocol.tla
Parsing file /tmp/tlc-5709987146781268555/Naturals.tla (jar:file:/home/zpconn/code/aerostore/target/verification-tools/tla/tla2tools.jar!/tla2sany/StandardModules/Naturals.tla)
Parsing file /tmp/tlc-5709987146781268555/FiniteSets.tla (jar:file:/home/zpconn/code/aerostore/target/verification-tools/tla/tla2tools.jar!/tla2sany/StandardModules/FiniteSets.tla)
Parsing file /tmp/tlc-5709987146781268555/Sequences.tla (jar:file:/home/zpconn/code/aerostore/target/verification-tools/tla/tla2tools.jar!/tla2sany/StandardModules/Sequences.tla)
Semantic processing of module Naturals
Semantic processing of module Sequences
Semantic processing of module FiniteSets
Semantic processing of module ServiceProtocol
Linting of module ServiceProtocol
Starting... (2026-09-25 00:30:18)
Computing initial states...
Finished computing initial states: 1 distinct state generated at 2026-09-25 00:30:18.
Error: Invariant Safety is violated.
Error: The behavior up to this point is:
State 1: <Initial predicate>
/\ learned = <<"unknown", "unknown">>
/\ applied = <<0, 0>>
/\ alive = <<TRUE, TRUE>>
/\ outcome = <<"unknown", "unknown">>
/\ phase = <<"new", "new">>
/\ accepted = <<FALSE, FALSE>>
/\ registered = <<FALSE, FALSE>>

State 2: <Begin(1) line 19, col 5 to line 22, col 63 of module ServiceProtocol>
/\ phase = <<"open", "new">>
/\ registered = <<TRUE, FALSE>>

State 3: <Accept(1) line 25, col 5 to line 29, col 56 of module ServiceProtocol>
/\ outcome = <<"pending", "unknown">>
/\ phase = <<"accepted", "new">>
/\ accepted = <<TRUE, FALSE>>

State 4: <Kill line 41, col 5 to line 43, col 75 of module ServiceProtocol>
/\ alive = <<FALSE, TRUE>>
/\ outcome = <<"pending", "unknown">>
/\ phase = <<"accepted", "new">>
/\ accepted = <<TRUE, FALSE>>

State 5: <Cleanup(1) line 46, col 5 to line 51, col 54 of module ServiceProtocol>
/\ learned = <<"unknown", "unknown">>
/\ applied = <<0, 0>>
/\ alive = <<FALSE, TRUE>>
/\ outcome = <<"aborted", "unknown">>
/\ phase = <<"aborted", "new">>
/\ accepted = <<TRUE, FALSE>>
/\ registered = <<FALSE, FALSE>>

54 states generated, 27 distinct states found, 13 states left on queue.
The depth of the complete state graph search is 5.
Finished in 00s at (2026-09-25 00:30:18)
