TLC2 Version 2026.09.22.222048 (rev: 35d40c9)
Running breadth-first search Model-Checking with fp 0 and seed 1 with 1 worker on 24 cores with 491MB heap and 64MB offheap memory [pid: 19360] (Linux 6.6.87.2-microsoft-standard-WSL2 amd64, Ubuntu 21.0.12.1 64bit, MSBDiskFPSet, DiskStateQueue).
Parsing file /tmp/aerostore-tlc-models-fwsb3tl1/LifecyclePublication.tla
Parsing file /tmp/tlc-10132929802246754651/Integers.tla (jar:file:/home/zpconn/code/aerostore/target/verification-tools/tla/tla2tools.jar!/tla2sany/StandardModules/Integers.tla)
Parsing file /tmp/tlc-10132929802246754651/FiniteSets.tla (jar:file:/home/zpconn/code/aerostore/target/verification-tools/tla/tla2tools.jar!/tla2sany/StandardModules/FiniteSets.tla)
Parsing file /tmp/tlc-10132929802246754651/Naturals.tla (jar:file:/home/zpconn/code/aerostore/target/verification-tools/tla/tla2tools.jar!/tla2sany/StandardModules/Naturals.tla)
Parsing file /tmp/tlc-10132929802246754651/Sequences.tla (jar:file:/home/zpconn/code/aerostore/target/verification-tools/tla/tla2tools.jar!/tla2sany/StandardModules/Sequences.tla)
Semantic processing of module Naturals
Semantic processing of module Integers
Semantic processing of module Sequences
Semantic processing of module FiniteSets
Semantic processing of module LifecyclePublication
Linting of module LifecyclePublication
Starting... (2026-09-23 22:17:51)
Computing initial states...
Finished computing initial states: 1 distinct state generated at 2026-09-23 22:17:51.
Error: Invariant WitnessNotReached is violated.
Error: The behavior up to this point is:
State 1: <Initial predicate>
/\ active = {}
/\ beganBetweenReserveAndStore = {}
/\ snapshotActive = <<{}, {}>>
/\ dependencies = <<(0 :> -1 @@ 1 :> -1), (0 :> -1 @@ 1 :> -1)>>
/\ rejected = {}
/\ snapRows = <<<<1, 0>>, <<1, 0>>>>
/\ snapshotXmax = <<0, 0>>
/\ willWrite = <<FALSE, FALSE>>
/\ pc = <<"Start", "Start">>
/\ publicationStamp = <<0, 0>>
/\ captured = <<{}, {}>>
/\ nextId = 1
/\ answers = <<[rows |-> {}, afterMove |-> FALSE], [rows |-> {}, afterMove |-> FALSE]>>
/\ snapshotEnded = <<{}, {}>>
/\ lifecycle = 0
/\ committed = {}
/\ txid = <<0, 0>>
/\ rowHeads = <<1, 0>>
/\ postings = {<<1, 1>>}
/\ answered = {}
/\ snapped = {}
/\ logicalRows = <<1, 0>>
/\ stamps = (0 :> 0 @@ 1 :> 0)
/\ owner = (0 :> 0 @@ 1 :> 0)
/\ ended = {}

State 2: <StartLock(1) line 59, col 5 to line 64, col 98 of module LifecyclePublication>
/\ pc = <<"Reserve", "Start">>
/\ lifecycle = 1

State 3: <Reserve(1) line 66, col 5 to line 73, col 83 of module LifecyclePublication>
/\ pc = <<"Register", "Start">>
/\ nextId = 2
/\ txid = <<1, 0>>

State 4: <Register(1) line 75, col 5 to line 79, col 83 of module LifecyclePublication>
/\ active = {1}
/\ pc = <<"BeginUnlock", "Start">>

State 5: <BeginUnlock(1) line 81, col 5 to line 85, col 83 of module LifecyclePublication>
/\ pc = <<"SnapshotLock", "Start">>
/\ lifecycle = 0

State 6: <SnapshotLock(1) line 87, col 5 to line 91, col 83 of module LifecyclePublication>
/\ pc = <<"Snapshot", "Start">>
/\ lifecycle = 1

State 7: <Snapshot(1) line 93, col 5 to line 103, col 91 of module LifecyclePublication>
/\ snapshotActive = <<{1}, {}>>
/\ snapshotXmax = <<2, 0>>
/\ willWrite = <<TRUE, FALSE>>
/\ pc = <<"Acquire", "Start">>
/\ lifecycle = 0
/\ snapped = {1}

State 8: <AcquireOne(1) line 143, col 5 to line 150, col 51 of module LifecyclePublication>
/\ owner = (0 :> 1 @@ 1 :> 0)

State 9: <StartLock(2) line 59, col 5 to line 64, col 98 of module LifecyclePublication>
/\ pc = <<"Acquire", "Reserve">>
/\ lifecycle = 2

State 10: <Reserve(2) line 66, col 5 to line 73, col 83 of module LifecyclePublication>
/\ pc = <<"Acquire", "Register">>
/\ nextId = 3
/\ txid = <<1, 2>>

State 11: <Register(2) line 75, col 5 to line 79, col 83 of module LifecyclePublication>
/\ active = {1, 2}
/\ pc = <<"Acquire", "BeginUnlock">>

State 12: <BeginUnlock(2) line 81, col 5 to line 85, col 83 of module LifecyclePublication>
/\ pc = <<"Acquire", "SnapshotLock">>
/\ lifecycle = 0

State 13: <SnapshotLock(2) line 87, col 5 to line 91, col 83 of module LifecyclePublication>
/\ pc = <<"Acquire", "Snapshot">>
/\ lifecycle = 2

State 14: <Snapshot(2) line 93, col 5 to line 103, col 91 of module LifecyclePublication>
/\ snapshotActive = <<{1}, {1, 2}>>
/\ snapshotXmax = <<2, 3>>
/\ pc = <<"Acquire", "LookupLock">>
/\ lifecycle = 0
/\ snapped = {1, 2}

State 15: <LookupLock(2) line 106, col 5 to line 111, col 51 of module LifecyclePublication>
/\ pc = <<"Acquire", "Capture">>
/\ owner = (0 :> 1 @@ 1 :> 2)

State 16: <Capture(2) line 114, col 5 to line 124, col 78 of module LifecyclePublication>
/\ dependencies = <<(0 :> -1 @@ 1 :> -1), (0 :> -1 @@ 1 :> 0)>>
/\ pc = <<"Acquire", "Materialize">>
/\ captured = <<{}, {1}>>
/\ owner = (0 :> 1 @@ 1 :> 0)

State 17: <AcquireOne(1) line 143, col 5 to line 150, col 51 of module LifecyclePublication>
/\ owner = (0 :> 1 @@ 1 :> 1)

State 18: <Acquired(1) line 153, col 5 to line 157, col 61 of module LifecyclePublication>
/\ pc = <<"Validate", "Materialize">>

State 19: <Validate(1) line 160, col 5 to line 168, col 61 of module LifecyclePublication>
/\ pc = <<"Prepare", "Materialize">>

State 20: <Prepare(1) line 171, col 5 to line 176, col 51 of module LifecyclePublication>
/\ pc = <<"RemoveSource", "Materialize">>
/\ postings = {<<1, 1>>, <<2, 1>>}

State 21: <RemoveSource(1) line 179, col 5 to line 184, col 51 of module LifecyclePublication>
/\ pc = <<"PublishRow", "Materialize">>
/\ postings = {<<2, 1>>}

State 22: <PublishRow(1) line 187, col 5 to line 193, col 51 of module LifecyclePublication>
/\ pc = <<"EndLock", "Materialize">>
/\ rowHeads = <<2, 0>>

State 23: <EndLock(1) line 203, col 5 to line 207, col 83 of module LifecyclePublication>
/\ pc = <<"Deregister", "Materialize">>
/\ lifecycle = 1

State 24: <Deregister(1) line 209, col 5 to line 215, col 94 of module LifecyclePublication>
/\ active = {2}
/\ pc = <<"Stamp", "Materialize">>
/\ logicalRows = <<2, 0>>
/\ ended = {1}

State 25: <Materialize(2) line 127, col 5 to line 135, col 79 of module LifecyclePublication>
/\ active = {2}
/\ beganBetweenReserveAndStore = {}
/\ snapshotActive = <<{1}, {1, 2}>>
/\ dependencies = <<(0 :> -1 @@ 1 :> -1), (0 :> -1 @@ 1 :> 0)>>
/\ rejected = {}
/\ snapRows = <<<<1, 0>>, <<1, 0>>>>
/\ snapshotXmax = <<2, 3>>
/\ willWrite = <<TRUE, FALSE>>
/\ pc = <<"Stamp", "Acquire">>
/\ publicationStamp = <<0, 0>>
/\ captured = <<{}, {1}>>
/\ nextId = 3
/\ answers = <<[rows |-> {}, afterMove |-> FALSE], [rows |-> {1}, afterMove |-> TRUE]>>
/\ snapshotEnded = <<{}, {}>>
/\ lifecycle = 0
/\ committed = {}
/\ txid = <<1, 2>>
/\ rowHeads = <<2, 0>>
/\ postings = {<<2, 1>>}
/\ answered = {2}
/\ snapped = {1, 2}
/\ logicalRows = <<2, 0>>
/\ stamps = (0 :> 0 @@ 1 :> 0)
/\ owner = (0 :> 1 @@ 1 :> 1)
/\ ended = {1}

416 states generated, 274 distinct states found, 20 states left on queue.
The depth of the complete state graph search is 25.
Finished in 00s at (2026-09-23 22:17:51)
