note: verifying root module (selected functions)

note: function body check: not all errors may have been reported; rerun with a higher value for --multiple-errors to find other potential errors in this function
   --> /home/zpconn/code/aerostore/target/verification-p1-completion/final/lifecycle/omit_retention_lock.rs:451:1
    |
451 | pub fn oldest_snapshot_xmin<D: LifecyclePrimitives>(driver: &mut D) -> (result: u64)
    | ^^^^^^^^^^^^^^^^^^^^^^^^^^^^^^^^^^^^^^^^^^^^^^^^^^^^^^^^^^^^^^^^^^^^^^^^^^^^^^^^^^^

error: precondition not satisfied
   --> /home/zpconn/code/aerostore/target/verification-p1-completion/final/lifecycle/omit_retention_lock.rs:459:56
    |
130 |         requires old(self).state().lifecycle_held,
    |                  -------------------------------- failed precondition
...
459 |     let ghost initial = driver.state(); let mut xmin = driver . load_clock ( ) ;
    |                                                        ^^^^^^^^^^^^^^^^^^^^^^^

error: precondition not satisfied
   --> /home/zpconn/code/aerostore/target/verification-p1-completion/final/lifecycle/omit_retention_lock.rs:462:17
    |
168 |     requires well_formed(before), observation(before, after),
    |                                   -------------------------- failed precondition
...
462 |         proof { observation_preserves_state(State { lifecycle_held: true, ..initial }, loaded); }
    |                 ^^^^^^^^^^^^^^^^^^^^^^^^^^^^^^^^^^^^^^^^^^^^^^^^^^^^^^^^^^^^^^^^^^^^^^^^^^^^^^

error: invariant not satisfied before loop
   --> /home/zpconn/code/aerostore/target/verification-p1-completion/final/lifecycle/omit_retention_lock.rs:466:64
    |
466 |                 well_formed(loaded), driver.state() == loaded, loaded.lifecycle_held,
    |                                                                ^^^^^^^^^^^^^^^^^^^^^

verification results:: 1 verified, 1 errors (partial verification with `--verify-*`)
error: aborting due to 3 previous errors

