   Compiling aerostore_core v0.1.0 (/tmp/aerostore-vacuum-api-iw1_el02/patched-workspace/aerostore_core)
warning: unused variable: `retained_xmin`
    --> aerostore_core/src/occ_partitioned.rs:2473:13
     |
2473 |         let retained_xmin = crate::vacuum::compute_global_xmin(self.shm.as_ref());
     |             ^^^^^^^^^^^^^ help: if this is intentional, prefix it with an underscore: `_retained_xmin`
     |
     = note: `#[warn(unused_variables)]` (part of `#[warn(unused)]`) on by default

warning: method `commit_with_record_before_publish` is never used
    --> aerostore_core/src/occ_partitioned.rs:1264:19
     |
 365 | impl<T: Copy + Send + Sync + 'static> OccTable<T> {
     | ------------------------------------------------- method in this implementation
...
1264 |     pub(crate) fn commit_with_record_before_publish<E, F>(
     |                   ^^^^^^^^^^^^^^^^^^^^^^^^^^^^^^^^^
     |
     = note: `#[warn(dead_code)]` (part of `#[warn(unused)]`) on by default

warning: `aerostore_core` (lib) generated 2 warnings (run `cargo fix --lib -p aerostore_core` to apply 1 suggestion)
    Finished `release` profile [optimized] target(s) in 2.61s
     Running tests/occ_transactional_index.rs (/tmp/aerostore-vacuum-api-target/release/deps/occ_transactional_index-80a51d590d615acb)

running 1 test

thread 'public_vacuum_clamps_caller_horizon_to_retained_snapshot' (127) panicked at aerostore_core/tests/occ_transactional_index.rs:657:5:
a caller must not advance the retained horizon
note: run with `RUST_BACKTRACE=1` environment variable to display a backtrace
test public_vacuum_clamps_caller_horizon_to_retained_snapshot ... FAILED

failures:

failures:
    public_vacuum_clamps_caller_horizon_to_retained_snapshot

test result: FAILED. 0 passed; 1 failed; 0 ignored; 0 measured; 20 filtered out; finished in 0.00s

error: test failed, to rerun pass `-p aerostore_core --test occ_transactional_index`
