TLC2 Version 2026.09.22.222048 (rev: 35d40c9)
Running breadth-first search Model-Checking with fp 0 and seed 1 with 1 worker on 24 cores with 491MB heap and 64MB offheap memory [pid: 13869] (Linux 6.6.87.2-microsoft-standard-WSL2 amd64, Ubuntu 21.0.12.1 64bit, MSBDiskFPSet, DiskStateQueue).
Parsing file /tmp/aerostore-tlc-models-sim6s1tp/PredicatePublication.tla
Parsing file /tmp/tlc-11184563688003847686/Integers.tla (jar:file:/home/zpconn/code/aerostore/target/verification-tools/tla/tla2tools.jar!/tla2sany/StandardModules/Integers.tla)
Parsing file /tmp/tlc-11184563688003847686/FiniteSets.tla (jar:file:/home/zpconn/code/aerostore/target/verification-tools/tla/tla2tools.jar!/tla2sany/StandardModules/FiniteSets.tla)
Parsing file /tmp/tlc-11184563688003847686/Naturals.tla (jar:file:/home/zpconn/code/aerostore/target/verification-tools/tla/tla2tools.jar!/tla2sany/StandardModules/Naturals.tla)
Parsing file /tmp/tlc-11184563688003847686/Sequences.tla (jar:file:/home/zpconn/code/aerostore/target/verification-tools/tla/tla2tools.jar!/tla2sany/StandardModules/Sequences.tla)
Semantic processing of module Naturals
Semantic processing of module Integers
Semantic processing of module Sequences
Semantic processing of module FiniteSets
Semantic processing of module PredicatePublication
Linting of module PredicatePublication
Starting... (2026-09-23 18:20:03)
Computing initial states...
Finished computing initial states: 1 distinct state generated at 2026-09-23 18:20:03.
Error: Invariant PredicateSafety is violated.
Error: The behavior up to this point is:
State 1: <Initial predicate>
/\ commitRows = <<1, 0>>
/\ dependency = -1
/\ sawOwn = FALSE
/\ repeatedAfterMove = FALSE
/\ rejected = FALSE
/\ writerPC = "Acquire"
/\ captured = {}
/\ nextId = 2
/\ answers = {}
/\ readerId = 0
/\ committed = FALSE
/\ rowHeads = <<1, 0>>
/\ postings = {<<1, 1>>}
/\ answerCount = 0
/\ readerStartedDuringPublication = FALSE
/\ captureAfterMove = FALSE
/\ snapshot = <<1, 0>>
/\ registered = TRUE
/\ logicalRows = <<1, 0>>
/\ stamps = (0 :> 0 @@ 1 :> 0)
/\ readerPC = "Start"
/\ owner = (0 :> 0 @@ 1 :> 0)

State 2: <ReaderStart line 50, col 5 to line 57, col 85 of module PredicatePublication>
/\ nextId = 3
/\ readerId = 2
/\ readerPC = "LookupLock"

State 3: <ReaderLock line 59, col 5 to line 65, col 78 of module PredicatePublication>
/\ readerPC = "Capture"
/\ owner = (0 :> 0 @@ 1 :> 2)

State 4: <ReaderCapture line 67, col 5 to line 81, col 51 of module PredicatePublication>
/\ dependency = 0
/\ captured = {1}
/\ readerPC = "Materialize"

State 5: <ReaderMaterialize line 83, col 5 to line 94, col 51 of module PredicatePublication>
/\ commitRows = <<1, 0>>
/\ dependency = 0
/\ sawOwn = FALSE
/\ repeatedAfterMove = FALSE
/\ rejected = FALSE
/\ writerPC = "Acquire"
/\ captured = {1}
/\ nextId = 3
/\ answers = {1}
/\ readerId = 2
/\ committed = FALSE
/\ rowHeads = <<1, 0>>
/\ postings = {<<1, 1>>}
/\ answerCount = 1
/\ readerStartedDuringPublication = FALSE
/\ captureAfterMove = FALSE
/\ snapshot = <<1, 0>>
/\ registered = TRUE
/\ logicalRows = <<1, 0>>
/\ stamps = (0 :> 0 @@ 1 :> 0)
/\ readerPC = "LookupLock"
/\ owner = (0 :> 0 @@ 1 :> 0)

12 states generated, 10 distinct states found, 2 states left on queue.
The depth of the complete state graph search is 5.
Finished in 00s at (2026-09-23 18:20:03)
