TLC2 Version 2026.09.22.222048 (rev: 35d40c9)
Running breadth-first search Model-Checking with fp 0 and seed 1 with 1 worker on 24 cores with 491MB heap and 64MB offheap memory [pid: 2384] (Linux 6.6.87.2-microsoft-standard-WSL2 amd64, Ubuntu 21.0.12.1 64bit, MSBDiskFPSet, DiskStateQueue).
Parsing file /tmp/aerostore-tlc-models-1rf9dm2d/CollectorPriority.tla
Parsing file /tmp/tlc-11356447500620926021/Naturals.tla (jar:file:/home/zpconn/code/aerostore/target/verification-tools/tla/tla2tools.jar!/tla2sany/StandardModules/Naturals.tla)
Semantic processing of module Naturals
Semantic processing of module CollectorPriority
Linting of module CollectorPriority
Starting... (2026-09-23 09:37:31)
Computing initial states...
Finished computing initial states: 1 distinct state generated at 2026-09-23 09:37:31.
Error: Invariant AdmissionSafety is violated.
Error: The behavior up to this point is:
State 1: <Initial predicate>
/\ owner = "Free"
/\ done = FALSE
/\ waiting = FALSE
/\ fgPhase = "Idle"
/\ acquiredWhileWaiting = FALSE

State 2: <ForegroundObserve line 14, col 5 to line 17, col 63 of module CollectorPriority>
/\ fgPhase = "Ready"

State 3: <Request line 11, col 12 to line 12, col 70 of module CollectorPriority>
/\ waiting = TRUE

State 4: <ForegroundAcquire line 19, col 5 to line 22, col 34 of module CollectorPriority>
/\ owner = "Foreground"
/\ waiting = TRUE
/\ fgPhase = "Recheck"
/\ acquiredWhileWaiting = TRUE

State 5: <ForegroundRecheck line 24, col 5 to line 28, col 56 of module CollectorPriority>
/\ owner = "Foreground"
/\ done = FALSE
/\ waiting = TRUE
/\ fgPhase = "Work"
/\ acquiredWhileWaiting = TRUE

13 states generated, 13 distinct states found, 4 states left on queue.
The depth of the complete state graph search is 5.
Finished in 00s at (2026-09-23 09:37:31)
