extended_crucible_start families=256 cycles=32 workers=16 phases=864 trace=fnv1a64:8d819fcddb4462a8
extended_crucible_phase engine=aerostore phase=1/864 name=cycle-000-plan-or-adhoc messages=256 retries=70 outputs=256 parity=PASS
extended_crucible_phase engine=aerostore phase=9/864 name=cycle-000-third-provenance messages=256 retries=545 outputs=1024 parity=PASS
extended_crucible_phase engine=aerostore phase=17/864 name=cycle-000-position-refresh messages=256 retries=1219 outputs=1024 parity=PASS
extended_crucible_phase engine=aerostore phase=25/864 name=cycle-000-duplicate-terminal messages=256 retries=0 outputs=0 parity=PASS
extended_crucible_phase engine=aerostore phase=33/864 name=cycle-001-position-source-2 messages=256 retries=373 outputs=512 parity=PASS
extended_crucible_phase engine=aerostore phase=41/864 name=cycle-001-project-due messages=256 retries=249 outputs=1792 parity=PASS
extended_crucible_phase engine=aerostore phase=49/864 name=cycle-001-cancelled-projections messages=256 retries=0 outputs=0 parity=PASS
extended_crucible_phase engine=aerostore phase=57/864 name=cycle-002-duplicate-position messages=256 retries=0 outputs=0 parity=PASS
extended_crucible_phase engine=aerostore phase=65/864 name=cycle-002-invalid-position messages=256 retries=0 outputs=0 parity=PASS
extended_crucible_phase engine=aerostore phase=73/864 name=cycle-002-terminal-source-1 messages=256 retries=805 outputs=1024 parity=PASS
extended_crucible_phase engine=aerostore phase=81/864 name=cycle-002-expire-family messages=256 retries=752 outputs=0 parity=PASS
extended_crucible_phase engine=aerostore phase=89/864 name=cycle-003-position-after-failed-fork messages=256 retries=399 outputs=512 parity=PASS
extended_crucible_phase engine=aerostore phase=97/864 name=cycle-003-position-after-diversion messages=256 retries=1722 outputs=1024 parity=PASS
extended_crucible_phase engine=aerostore phase=105/864 name=cycle-003-housekeeping messages=256 retries=118 outputs=0 parity=PASS
extended_crucible_phase engine=aerostore phase=113/864 name=cycle-004-second-provenance messages=256 retries=218 outputs=512 parity=PASS
extended_crucible_phase engine=aerostore phase=121/864 name=cycle-004-reschedule messages=256 retries=1505 outputs=1024 parity=PASS
extended_crucible_phase engine=aerostore phase=129/864 name=cycle-004-terminal-source-4 messages=256 retries=633 outputs=1024 parity=PASS
extended_crucible_phase engine=aerostore phase=137/864 name=cycle-005-position-source-1 messages=1024 retries=811 outputs=256 parity=PASS
extended_crucible_phase engine=aerostore phase=145/864 name=cycle-005-position-source-4 messages=256 retries=1408 outputs=1024 parity=PASS
extended_crucible_phase engine=aerostore phase=153/864 name=cycle-005-project-again messages=256 retries=294 outputs=1792 parity=PASS
extended_crucible_phase engine=aerostore phase=161/864 name=cycle-005-project-after-housekeeping messages=256 retries=1 outputs=0 parity=PASS
extended_crucible_phase engine=aerostore phase=169/864 name=cycle-006-failed-fork-savepoint messages=256 retries=6 outputs=0 parity=PASS
extended_crucible_phase engine=aerostore phase=177/864 name=cycle-006-diversion messages=256 retries=1001 outputs=1024 parity=PASS
extended_crucible_phase engine=aerostore phase=185/864 name=cycle-006-position-after-terminal messages=256 retries=27 outputs=0 parity=PASS
extended_crucible_phase engine=aerostore phase=193/864 name=cycle-007-delayed-position messages=256 retries=2 outputs=0 parity=PASS
extended_crucible_phase engine=aerostore phase=201/864 name=cycle-007-whole-message-abort messages=256 retries=0 outputs=0 parity=PASS
extended_crucible_phase engine=aerostore phase=209/864 name=cycle-007-terminal-source-2 messages=256 retries=581 outputs=1024 parity=PASS
extended_crucible_phase engine=aerostore phase=217/864 name=cycle-008-plan-or-adhoc messages=256 retries=50 outputs=256 parity=PASS
extended_crucible_phase engine=aerostore phase=225/864 name=cycle-008-third-provenance messages=256 retries=718 outputs=1024 parity=PASS
extended_crucible_phase engine=aerostore phase=233/864 name=cycle-008-position-refresh messages=256 retries=1448 outputs=1024 parity=PASS
extended_crucible_phase engine=aerostore phase=241/864 name=cycle-008-duplicate-terminal messages=256 retries=0 outputs=0 parity=PASS
extended_crucible_phase engine=aerostore phase=249/864 name=cycle-009-position-source-2 messages=256 retries=339 outputs=512 parity=PASS
extended_crucible_phase engine=aerostore phase=257/864 name=cycle-009-project-due messages=256 retries=260 outputs=1792 parity=PASS
extended_crucible_phase engine=aerostore phase=265/864 name=cycle-009-cancelled-projections messages=256 retries=0 outputs=0 parity=PASS
extended_crucible_phase engine=aerostore phase=273/864 name=cycle-010-duplicate-position messages=256 retries=0 outputs=0 parity=PASS
extended_crucible_phase engine=aerostore phase=281/864 name=cycle-010-invalid-position messages=256 retries=0 outputs=0 parity=PASS
extended_crucible_phase engine=aerostore phase=289/864 name=cycle-010-terminal-source-1 messages=256 retries=752 outputs=1024 parity=PASS
extended_crucible_phase engine=aerostore phase=297/864 name=cycle-010-expire-family messages=256 retries=882 outputs=0 parity=PASS
extended_crucible_phase engine=aerostore phase=305/864 name=cycle-011-position-after-failed-fork messages=256 retries=414 outputs=512 parity=PASS
extended_crucible_phase engine=aerostore phase=313/864 name=cycle-011-position-after-diversion messages=256 retries=1339 outputs=1024 parity=PASS
extended_crucible_phase engine=aerostore phase=321/864 name=cycle-011-housekeeping messages=256 retries=128 outputs=0 parity=PASS
extended_crucible_phase engine=aerostore phase=329/864 name=cycle-012-second-provenance messages=256 retries=255 outputs=512 parity=PASS
extended_crucible_phase engine=aerostore phase=337/864 name=cycle-012-reschedule messages=256 retries=1519 outputs=1024 parity=PASS
extended_crucible_phase engine=aerostore phase=345/864 name=cycle-012-terminal-source-4 messages=256 retries=629 outputs=1024 parity=PASS
extended_crucible_phase engine=aerostore phase=353/864 name=cycle-013-position-source-1 messages=1024 retries=838 outputs=256 parity=PASS
extended_crucible_phase engine=aerostore phase=361/864 name=cycle-013-position-source-4 messages=256 retries=1124 outputs=1024 parity=PASS
extended_crucible_phase engine=aerostore phase=369/864 name=cycle-013-project-again messages=256 retries=311 outputs=1792 parity=PASS
extended_crucible_phase engine=aerostore phase=377/864 name=cycle-013-project-after-housekeeping messages=256 retries=0 outputs=0 parity=PASS
extended_crucible_phase engine=aerostore phase=385/864 name=cycle-014-failed-fork-savepoint messages=256 retries=7 outputs=0 parity=PASS
extended_crucible_phase engine=aerostore phase=393/864 name=cycle-014-diversion messages=256 retries=1130 outputs=1024 parity=PASS
extended_crucible_phase engine=aerostore phase=401/864 name=cycle-014-position-after-terminal messages=256 retries=13 outputs=0 parity=PASS
extended_crucible_phase engine=aerostore phase=409/864 name=cycle-015-delayed-position messages=256 retries=7 outputs=0 parity=PASS
extended_crucible_phase engine=aerostore phase=417/864 name=cycle-015-whole-message-abort messages=256 retries=0 outputs=0 parity=PASS
extended_crucible_phase engine=aerostore phase=425/864 name=cycle-015-terminal-source-2 messages=256 retries=623 outputs=1024 parity=PASS
extended_crucible_phase engine=aerostore phase=433/864 name=cycle-016-plan-or-adhoc messages=256 retries=55 outputs=256 parity=PASS
extended_crucible_phase engine=aerostore phase=441/864 name=cycle-016-third-provenance messages=256 retries=790 outputs=1024 parity=PASS
extended_crucible_phase engine=aerostore phase=449/864 name=cycle-016-position-refresh messages=256 retries=1510 outputs=1024 parity=PASS
extended_crucible_phase engine=aerostore phase=457/864 name=cycle-016-duplicate-terminal messages=256 retries=0 outputs=0 parity=PASS
extended_crucible_phase engine=aerostore phase=465/864 name=cycle-017-position-source-2 messages=256 retries=373 outputs=512 parity=PASS
extended_crucible_phase engine=aerostore phase=473/864 name=cycle-017-project-due messages=256 retries=268 outputs=1792 parity=PASS
extended_crucible_phase engine=aerostore phase=481/864 name=cycle-017-cancelled-projections messages=256 retries=0 outputs=0 parity=PASS
extended_crucible_phase engine=aerostore phase=489/864 name=cycle-018-duplicate-position messages=256 retries=0 outputs=0 parity=PASS
extended_crucible_phase engine=aerostore phase=497/864 name=cycle-018-invalid-position messages=256 retries=0 outputs=0 parity=PASS
extended_crucible_phase engine=aerostore phase=505/864 name=cycle-018-terminal-source-1 messages=256 retries=795 outputs=1024 parity=PASS
extended_crucible_phase engine=aerostore phase=513/864 name=cycle-018-expire-family messages=256 retries=742 outputs=0 parity=PASS
extended_crucible_phase engine=aerostore phase=521/864 name=cycle-019-position-after-failed-fork messages=256 retries=435 outputs=512 parity=PASS
extended_crucible_phase engine=aerostore phase=529/864 name=cycle-019-position-after-diversion messages=256 retries=1408 outputs=1024 parity=PASS
extended_crucible_phase engine=aerostore phase=537/864 name=cycle-019-housekeeping messages=256 retries=98 outputs=0 parity=PASS
extended_crucible_phase engine=aerostore phase=545/864 name=cycle-020-second-provenance messages=256 retries=235 outputs=512 parity=PASS
extended_crucible_phase engine=aerostore phase=553/864 name=cycle-020-reschedule messages=256 retries=1273 outputs=1024 parity=PASS
extended_crucible_phase engine=aerostore phase=561/864 name=cycle-020-terminal-source-4 messages=256 retries=567 outputs=1024 parity=PASS
extended_crucible_phase engine=aerostore phase=569/864 name=cycle-021-position-source-1 messages=1024 retries=823 outputs=256 parity=PASS
extended_crucible_phase engine=aerostore phase=577/864 name=cycle-021-position-source-4 messages=256 retries=1302 outputs=1024 parity=PASS
extended_crucible_phase engine=aerostore phase=585/864 name=cycle-021-project-again messages=256 retries=311 outputs=1792 parity=PASS
extended_crucible_phase engine=aerostore phase=593/864 name=cycle-021-project-after-housekeeping messages=256 retries=0 outputs=0 parity=PASS
extended_crucible_phase engine=aerostore phase=601/864 name=cycle-022-failed-fork-savepoint messages=256 retries=4 outputs=0 parity=PASS
extended_crucible_phase engine=aerostore phase=609/864 name=cycle-022-diversion messages=256 retries=1075 outputs=1024 parity=PASS
extended_crucible_phase engine=aerostore phase=617/864 name=cycle-022-position-after-terminal messages=256 retries=18 outputs=0 parity=PASS
extended_crucible_phase engine=aerostore phase=625/864 name=cycle-023-delayed-position messages=256 retries=7 outputs=0 parity=PASS
extended_crucible_phase engine=aerostore phase=633/864 name=cycle-023-whole-message-abort messages=256 retries=0 outputs=0 parity=PASS
extended_crucible_phase engine=aerostore phase=641/864 name=cycle-023-terminal-source-2 messages=256 retries=602 outputs=1024 parity=PASS
extended_crucible_phase engine=aerostore phase=649/864 name=cycle-024-plan-or-adhoc messages=256 retries=79 outputs=256 parity=PASS
extended_crucible_phase engine=aerostore phase=657/864 name=cycle-024-third-provenance messages=256 retries=837 outputs=1024 parity=PASS
extended_crucible_phase engine=aerostore phase=665/864 name=cycle-024-position-refresh messages=256 retries=1606 outputs=1024 parity=PASS
extended_crucible_phase engine=aerostore phase=673/864 name=cycle-024-duplicate-terminal messages=256 retries=0 outputs=0 parity=PASS
extended_crucible_phase engine=aerostore phase=681/864 name=cycle-025-position-source-2 messages=256 retries=441 outputs=512 parity=PASS
extended_crucible_phase engine=aerostore phase=689/864 name=cycle-025-project-due messages=256 retries=280 outputs=1792 parity=PASS
extended_crucible_phase engine=aerostore phase=697/864 name=cycle-025-cancelled-projections messages=256 retries=0 outputs=0 parity=PASS
extended_crucible_phase engine=aerostore phase=705/864 name=cycle-026-duplicate-position messages=256 retries=0 outputs=0 parity=PASS
extended_crucible_phase engine=aerostore phase=713/864 name=cycle-026-invalid-position messages=256 retries=0 outputs=0 parity=PASS
extended_crucible_phase engine=aerostore phase=721/864 name=cycle-026-terminal-source-1 messages=256 retries=728 outputs=1024 parity=PASS
extended_crucible_phase engine=aerostore phase=729/864 name=cycle-026-expire-family messages=256 retries=910 outputs=0 parity=PASS
extended_crucible_phase engine=aerostore phase=737/864 name=cycle-027-position-after-failed-fork messages=256 retries=391 outputs=512 parity=PASS
extended_crucible_phase engine=aerostore phase=745/864 name=cycle-027-position-after-diversion messages=256 retries=1442 outputs=1024 parity=PASS
extended_crucible_phase engine=aerostore phase=753/864 name=cycle-027-housekeeping messages=256 retries=120 outputs=0 parity=PASS
extended_crucible_phase engine=aerostore phase=761/864 name=cycle-028-second-provenance messages=256 retries=213 outputs=512 parity=PASS
extended_crucible_phase engine=aerostore phase=769/864 name=cycle-028-reschedule messages=256 retries=1480 outputs=1024 parity=PASS
extended_crucible_phase engine=aerostore phase=777/864 name=cycle-028-terminal-source-4 messages=256 retries=704 outputs=1024 parity=PASS
extended_crucible_phase engine=aerostore phase=785/864 name=cycle-029-position-source-1 messages=1024 retries=832 outputs=256 parity=PASS
extended_crucible_phase engine=aerostore phase=793/864 name=cycle-029-position-source-4 messages=256 retries=1537 outputs=1024 parity=PASS
extended_crucible_phase engine=aerostore phase=801/864 name=cycle-029-project-again messages=256 retries=301 outputs=1792 parity=PASS
extended_crucible_phase engine=aerostore phase=809/864 name=cycle-029-project-after-housekeeping messages=256 retries=0 outputs=0 parity=PASS
extended_crucible_phase engine=aerostore phase=817/864 name=cycle-030-failed-fork-savepoint messages=256 retries=5 outputs=0 parity=PASS
extended_crucible_phase engine=aerostore phase=825/864 name=cycle-030-diversion messages=256 retries=1177 outputs=1024 parity=PASS
extended_crucible_phase engine=aerostore phase=833/864 name=cycle-030-position-after-terminal messages=256 retries=15 outputs=0 parity=PASS
extended_crucible_phase engine=aerostore phase=841/864 name=cycle-031-delayed-position messages=256 retries=6 outputs=0 parity=PASS
extended_crucible_phase engine=aerostore phase=849/864 name=cycle-031-whole-message-abort messages=256 retries=0 outputs=0 parity=PASS
extended_crucible_phase engine=aerostore phase=857/864 name=cycle-031-terminal-source-2 messages=256 retries=621 outputs=1024 parity=PASS
extended_crucible_phase engine=aerostore phase=864/864 name=cycle-031-expire-family messages=256 retries=820 outputs=0 parity=PASS
extended_crucible_contract engine=aerostore case=serializable_absent_candidate_creation status=PASS details=Expected one commit and one serialization rejection after overlapping empty candidate searches activate different slots for the same key. Observed initial counts=0/0, committed=1, rejected=1, matching_rows=1, matching_index_postings=1. Native predicate dependencies and automatic index maintenance; no caller-supplied locks.
extended_crucible_contract engine=aerostore case=committed_row_and_index_visibility status=PASS details=Expected staged writes to remain invisible, and native commit to publish row and index together. Before commit row=Some(10), new_key=[]; immediately after commit row=Some(20), new_key=[0], fresh_reader_committed=true, overlapping_reader_committed=false, raw_old_postings=[], raw_new_postings=[0].
extended_crucible_contract engine=aerostore case=index_candidates_respect_transaction_snapshot status=PASS details=Expected the old snapshot's row to remain discoverable after a key move, or explicit serialization rejection. Independent witness sees row=Some(10); old_key_candidates=[], rejected_at_lookup=true, candidate_reader_committed=false. Operational errors are not accepted as serialization protection.
extended_crucible_contract engine=aerostore case=savepoint_and_whole_message_rollback status=PASS details=Expected rollback to preserve pre-savepoint multirow writes [90,60,0], discard nested candidate writes, and leave the committed transfer unchanged after a later whole-message abort. Observed restored=[Some(90), Some(60), Some(0)], committed=true, committed_rows=[(0, 90), (1, 60), (2, 0)], after_abort=[(0, 90), (1, 60), (2, 0)]. This probe covers native table state; it makes no claim about an external index overlay.
extended_crucible_contract engine=aerostore case=multirow_table_snapshot_visibility status=PASS details=Expected a reader spanning a two-row transfer to retain [100,50] in its snapshot, and a new reader to observe [90,60]. Observed old_reader=[Some(100),Some(50)], writer_committed=true, new_reader=[Some(90), Some(60)], new_reader_committed=true. Both views must conserve total=150.
extended_crucible_contract engine=aerostore case=concrete_read_dependency_write_skew status=PASS details=Expected one serialization rejection when overlapping transactions read both active records and each deactivates a different record. Observed committed=1, rejected=1, remaining_active=1, final_rows=[(0, 0), (1, 1)]. This contrasts concrete row-read dependencies with the separate empty-candidate probe.
extended_crucible_replay engine=aerostore status=PASS messages=245760 committed=237568 retries=406725 messages_per_second=5512.77 p99_us=23061.26 error=None
extended_crucible_result mode=all status=PASS report=/home/zpconn/code/aerostore/docs/bench_data/verified_engine_2026-09-23/campaign/extended_256f_32c_16w/pair-02-baseline/extended.json
