note: verifying root module (selected functions)

error: precondition not satisfied
   --> /home/zpconn/code/aerostore/target/verification-next/formal-poison-lock/concurrent/skip_guarded_health_check.rs:362:16
    |
207 |         requires held(old(self).events()), validated(old(self).events()),
    |                                            ----------------------------- failed precondition
...
362 | let inserted = driver . prepare_index_destinations ( & index_changes ) ? ;
    |                ^^^^^^^^^^^^^^^^^^^^^^^^^^^^^^^^^^^^^^^^^^^^^^^^^^^^^^^

error: precondition not satisfied
   --> /home/zpconn/code/aerostore/target/verification-next/formal-poison-lock/concurrent/skip_guarded_health_check.rs:371:1
    |
273 |         requires held(old(self).events()), validated(old(self).events()), old(self).events().destinations_prepared,
    |                                            ----------------------------- failed precondition
...
371 | driver . remove_index_sources ( & index_changes ) ? ;
    | ^^^^^^^^^^^^^^^^^^^^^^^^^^^^^^^^^^^^^^^^^^^^^^^^^

note: function body check: not all errors may have been reported; rerun with a higher value for --multiple-errors to find other potential errors in this function
   --> /home/zpconn/code/aerostore/target/verification-next/formal-poison-lock/concurrent/skip_guarded_health_check.rs:311:1
    |
311 | / pub fn commit_with_record_impl<T, D: CommitPrimitives<T>, const WRITE_AHEAD: bool, P, F>(driver: &mut D, tx: &mut OccTransaction<...
312 | |  -> (result: Result<OccCommitRecord<T>, Error>)
    | |______________________________________________^

verification results:: 0 verified, 1 errors (partial verification with `--verify-*`)
error: aborting due to 2 previous errors

