TLC2 Version 2026.09.22.222048 (rev: 35d40c9)
Running breadth-first search Model-Checking with fp 0 and seed 1 with 1 worker on 24 cores with 491MB heap and 64MB offheap memory [pid: 2899] (Linux 6.6.87.2-microsoft-standard-WSL2 amd64, Ubuntu 21.0.12.1 64bit, MSBDiskFPSet, DiskStateQueue).
Parsing file /tmp/aerostore-tlc-models-hjskc0uv/CollectorPriority.tla
Parsing file /tmp/tlc-6749445654003113187/Naturals.tla (jar:file:/home/zpconn/code/aerostore/target/verification-tools/tla/tla2tools.jar!/tla2sany/StandardModules/Naturals.tla)
Semantic processing of module Naturals
Semantic processing of module CollectorPriority
Linting of module CollectorPriority
Starting... (2026-09-23 13:18:51)
Implied-temporal checking--satisfiability problem has 1 branches.
Computing initial states...
Finished computing initial states: 1 distinct state generated at 2026-09-23 13:18:51.
Progress(9) at 2026-09-23 13:18:51: 34 states generated, 22 distinct states found, 0 states left on queue.
Checking temporal properties for the complete state space with 22 total distinct states at (2026-09-23 13:18:51)
Error: Temporal property CollectorEventuallyRuns was violated.

Error: The following behavior constitutes a counter-example:

State 1: <Initial predicate>
/\ owner = "Free"
/\ done = FALSE
/\ waiting = FALSE
/\ fgPhase = "Idle"
/\ acquiredWhileWaiting = FALSE

State 2: <ForegroundObserve line 14, col 5 to line 17, col 63 of module CollectorPriority>
/\ owner = "Free"
/\ done = FALSE
/\ waiting = FALSE
/\ fgPhase = "Ready"
/\ acquiredWhileWaiting = FALSE

State 3: <Request line 11, col 12 to line 12, col 70 of module CollectorPriority>
/\ owner = "Free"
/\ done = FALSE
/\ waiting = TRUE
/\ fgPhase = "Ready"
/\ acquiredWhileWaiting = FALSE

State 4: <ForegroundAcquire line 19, col 5 to line 22, col 34 of module CollectorPriority>
/\ owner = "Foreground"
/\ done = FALSE
/\ waiting = TRUE
/\ fgPhase = "Recheck"
/\ acquiredWhileWaiting = TRUE

State 5: <ForegroundRecheck line 24, col 5 to line 28, col 56 of module CollectorPriority>
/\ owner = "Foreground"
/\ done = FALSE
/\ waiting = TRUE
/\ fgPhase = "Work"
/\ acquiredWhileWaiting = TRUE

State 6: <ForegroundRelease line 30, col 5 to line 32, col 56 of module CollectorPriority>
/\ owner = "Free"
/\ done = FALSE
/\ waiting = TRUE
/\ fgPhase = "Idle"
/\ acquiredWhileWaiting = TRUE

State 7: <ForegroundObserve line 14, col 5 to line 17, col 63 of module CollectorPriority>
/\ owner = "Free"
/\ done = FALSE
/\ waiting = TRUE
/\ fgPhase = "Ready"
/\ acquiredWhileWaiting = TRUE

Back to state 4: <ForegroundAcquire line 19, col 5 to line 22, col 34 of module CollectorPriority>

Finished checking temporal properties in 00s at 2026-09-23 13:18:51
34 states generated, 22 distinct states found, 0 states left on queue.
The depth of the complete state graph search is 9.
Finished in 00s at (2026-09-23 13:18:51)
