note: verifying root module (selected functions)

note: while loop: not all errors may have been reported; rerun with a higher value for --multiple-errors to find other potential errors in this function
   --> /home/zpconn/code/aerostore/target/verification-lifecycle/final/postings/wrong_destination_row.rs:268:9
    |
268 |         while change_idx < changes.len()
    |         ^^^^^^^^^^^^^^^^^^^^^^^^^^^^^^^^

error: invariant not satisfied at end of loop body
   --> /home/zpconn/code/aerostore/target/verification-lifecycle/final/postings/wrong_destination_row.rs:273:17
    |
273 |                 driver.state().postings == initial.postings.union(destinations(changes@, change_idx as int)),
    |                 ^^^^^^^^^^^^^^^^^^^^^^^^^^^^^^^^^^^^^^^^^^^^^^^^^^^^^^^^^^^^^^^^^^^^^^^^^^^^^^^^^^^^^^^^^^^^

error: precondition not satisfied
   --> /home/zpconn/code/aerostore/target/verification-lifecycle/final/postings/wrong_destination_row.rs:289:26
    |
 81 |             !old(self).state().postings.contains((binding, key, row)),
    |             --------------------------------------------------------- failed precondition
...
289 |     if let Err ( err ) = driver . transactional_insert ( index , after . clone ( ) , 0 ) {
    |                          ^^^^^^^^^^^^^^^^^^^^^^^^^^^^^^^^^^^^^^^^^^^^^^^^^^^^^^^^^^^^^^^

verification results:: 1 verified, 1 errors (partial verification with `--verify-*`)
error: aborting due to 2 previous errors

