note: verifying root module (selected functions)

note: while loop: not all errors may have been reported; rerun with a higher value for --multiple-errors to find other potential errors in this function
   --> /home/zpconn/code/aerostore/target/verification-lifecycle/final/postings/wrong_source_row.rs:318:9
    |
318 |         while ci < changes.len()
    |         ^^^^^^^^^^^^^^^^^^^^^^^^

error: postcondition not satisfied
   --> /home/zpconn/code/aerostore/target/verification-lifecycle/final/postings/wrong_source_row.rs:314:9
    |
314 |         removed_only(old(driver).state().postings, final(driver).state().postings, sources(changes@, changes.len() as int)),
    |         ^^^^^^^^^^^^^^^^^^^^^^^^^^^^^^^^^^^^^^^^^^^^^^^^^^^^^^^^^^^^^^^^^^^^^^^^^^^^^^^^^^^^^^^^^^^^^^^^^^^^^^^^^^^^^^^^^^^ failed this postcondition
...
330 |         return Err ( Error :: Index ) ;
    |         ----------------------------- at this exit

error: invariant not satisfied at end of loop body
   --> /home/zpconn/code/aerostore/target/verification-lifecycle/final/postings/wrong_source_row.rs:321:17
    |
321 |                 driver.state().postings == initial.postings.difference(sources(changes@, ci as int)),
    |                 ^^^^^^^^^^^^^^^^^^^^^^^^^^^^^^^^^^^^^^^^^^^^^^^^^^^^^^^^^^^^^^^^^^^^^^^^^^^^^^^^^^^^

verification results:: 1 verified, 1 errors (partial verification with `--verify-*`)
error: aborting due to 2 previous errors

