    Finished `bench` profile [optimized] target(s) in 0.06s
     Running benches/hyperfeed_crucible.rs (target/release/deps/hyperfeed_crucible-ad5d5cc489a334b2)
Gnuplot not found, using plotters backend
hyperfeed_crucible_interval: profile=diagnostic elapsed_secs=5.007 interval_secs=5.007 interval_tps=320475.12 total_ops=1604661 arena_head_bytes=21562632 fresh_bytes=3368200 reclaimed_nodes=1277239 retired_backlog=6627 alloc_failure_events=0 retired_postings=0 reclaimed_postings=0
hyperfeed_crucible_fresh: profile=diagnostic elapsed_secs=5.007 general_bytes=0 row_version_bytes=1342088 skip_node_bytes=1428768 skip_posting_bytes=454608 skip_tower_bytes=142736 spill_bytes=0
hyperfeed_crucible_interval: profile=diagnostic elapsed_secs=10.020 interval_secs=5.013 interval_tps=333741.48 total_ops=3277714 arena_head_bytes=21652648 fresh_bytes=90016 reclaimed_nodes=1345091 retired_backlog=0 alloc_failure_events=0 retired_postings=0 reclaimed_postings=0
hyperfeed_crucible_fresh: profile=diagnostic elapsed_secs=10.020 general_bytes=0 row_version_bytes=40128 skip_node_bytes=35728 skip_posting_bytes=11368 skip_tower_bytes=2792 spill_bytes=0
hyperfeed_crucible_interval: profile=diagnostic elapsed_secs=15.035 interval_secs=5.015 interval_tps=336165.43 total_ops=4963494 arena_head_bytes=21678504 fresh_bytes=25856 reclaimed_nodes=1347066 retired_backlog=1532 alloc_failure_events=0 retired_postings=0 reclaimed_postings=0
hyperfeed_crucible_fresh: profile=diagnostic elapsed_secs=15.035 general_bytes=0 row_version_bytes=25696 skip_node_bytes=0 skip_posting_bytes=0 skip_tower_bytes=160 spill_bytes=0
hyperfeed_crucible_interval: profile=diagnostic elapsed_secs=20.050 interval_secs=5.015 interval_tps=310209.07 total_ops=6519125 arena_head_bytes=21696280 fresh_bytes=17776 reclaimed_nodes=1243165 retired_backlog=2860 alloc_failure_events=0 retired_postings=0 reclaimed_postings=0
hyperfeed_crucible_fresh: profile=diagnostic elapsed_secs=20.050 general_bytes=0 row_version_bytes=17424 skip_node_bytes=0 skip_posting_bytes=0 skip_tower_bytes=352 spill_bytes=0
hyperfeed_crucible_interval: profile=diagnostic elapsed_secs=25.065 interval_secs=5.015 interval_tps=322043.65 total_ops=8134156 arena_head_bytes=21719248 fresh_bytes=22968 reclaimed_nodes=1290999 retired_backlog=3866 alloc_failure_events=0 retired_postings=0 reclaimed_postings=0
hyperfeed_crucible_fresh: profile=diagnostic elapsed_secs=25.065 general_bytes=0 row_version_bytes=22968 skip_node_bytes=0 skip_posting_bytes=0 skip_tower_bytes=0 spill_bytes=0
hyperfeed_crucible_interval: profile=diagnostic elapsed_secs=30.068 interval_secs=5.003 interval_tps=331197.52 total_ops=9791184 arena_head_bytes=21727920 fresh_bytes=8672 reclaimed_nodes=1325344 retired_backlog=4161 alloc_failure_events=0 retired_postings=0 reclaimed_postings=0
hyperfeed_crucible_fresh: profile=diagnostic elapsed_secs=30.068 general_bytes=0 row_version_bytes=8448 skip_node_bytes=0 skip_posting_bytes=0 skip_tower_bytes=224 spill_bytes=0
hyperfeed_crucible_interval: profile=diagnostic elapsed_secs=35.072 interval_secs=5.004 interval_tps=317997.73 total_ops=11382505 arena_head_bytes=21733024 fresh_bytes=5104 reclaimed_nodes=1272296 retired_backlog=4926 alloc_failure_events=0 retired_postings=0 reclaimed_postings=0
hyperfeed_crucible_fresh: profile=diagnostic elapsed_secs=35.072 general_bytes=0 row_version_bytes=5104 skip_node_bytes=0 skip_posting_bytes=0 skip_tower_bytes=0 spill_bytes=0
hyperfeed_crucible_interval: profile=diagnostic elapsed_secs=40.086 interval_secs=5.014 interval_tps=324684.52 total_ops=13010536 arena_head_bytes=21743056 fresh_bytes=10032 reclaimed_nodes=1304389 retired_backlog=2977 alloc_failure_events=0 retired_postings=0 reclaimed_postings=0
hyperfeed_crucible_fresh: profile=diagnostic elapsed_secs=40.086 general_bytes=0 row_version_bytes=10032 skip_node_bytes=0 skip_posting_bytes=0 skip_tower_bytes=0 spill_bytes=0
hyperfeed_crucible_interval: profile=diagnostic elapsed_secs=45.101 interval_secs=5.015 interval_tps=318464.05 total_ops=14607640 arena_head_bytes=21748688 fresh_bytes=5632 reclaimed_nodes=1278816 retired_backlog=1815 alloc_failure_events=0 retired_postings=0 reclaimed_postings=0
hyperfeed_crucible_fresh: profile=diagnostic elapsed_secs=45.101 general_bytes=0 row_version_bytes=5632 skip_node_bytes=0 skip_posting_bytes=0 skip_tower_bytes=0 spill_bytes=0
hyperfeed_crucible_interval: profile=diagnostic elapsed_secs=50.116 interval_secs=5.014 interval_tps=314858.25 total_ops=16186473 arena_head_bytes=21757048 fresh_bytes=8360 reclaimed_nodes=1258757 retired_backlog=6143 alloc_failure_events=0 retired_postings=0 reclaimed_postings=0
hyperfeed_crucible_fresh: profile=diagnostic elapsed_secs=50.116 general_bytes=0 row_version_bytes=8360 skip_node_bytes=0 skip_posting_bytes=0 skip_tower_bytes=0 spill_bytes=0
hyperfeed_crucible_interval: profile=diagnostic elapsed_secs=55.128 interval_secs=5.013 interval_tps=322778.30 total_ops=17804440 arena_head_bytes=21763296 fresh_bytes=6248 reclaimed_nodes=1295307 retired_backlog=5227 alloc_failure_events=0 retired_postings=0 reclaimed_postings=0
hyperfeed_crucible_fresh: profile=diagnostic elapsed_secs=55.128 general_bytes=0 row_version_bytes=6248 skip_node_bytes=0 skip_posting_bytes=0 skip_tower_bytes=0 spill_bytes=0
hyperfeed_crucible_interval: profile=diagnostic elapsed_secs=60.130 interval_secs=5.002 interval_tps=312317.45 total_ops=19366551 arena_head_bytes=21766816 fresh_bytes=3520 reclaimed_nodes=1251798 retired_backlog=3124 alloc_failure_events=0 retired_postings=0 reclaimed_postings=0
hyperfeed_crucible_fresh: profile=diagnostic elapsed_secs=60.130 general_bytes=0 row_version_bytes=3520 skip_node_bytes=0 skip_posting_bytes=0 skip_tower_bytes=0 spill_bytes=0
hyperfeed_crucible_interval: profile=diagnostic elapsed_secs=65.134 interval_secs=5.004 interval_tps=330798.29 total_ops=21021984 arena_head_bytes=21772536 fresh_bytes=5720 reclaimed_nodes=1322581 retired_backlog=4903 alloc_failure_events=0 retired_postings=0 reclaimed_postings=0
hyperfeed_crucible_fresh: profile=diagnostic elapsed_secs=65.134 general_bytes=0 row_version_bytes=5720 skip_node_bytes=0 skip_posting_bytes=0 skip_tower_bytes=0 spill_bytes=0
hyperfeed_crucible_interval: profile=diagnostic elapsed_secs=70.149 interval_secs=5.015 interval_tps=316704.48 total_ops=22610282 arena_head_bytes=21776760 fresh_bytes=4224 reclaimed_nodes=1273078 retired_backlog=2426 alloc_failure_events=0 retired_postings=0 reclaimed_postings=0
hyperfeed_crucible_fresh: profile=diagnostic elapsed_secs=70.149 general_bytes=0 row_version_bytes=4224 skip_node_bytes=0 skip_posting_bytes=0 skip_tower_bytes=0 spill_bytes=0
hyperfeed_crucible_interval: profile=diagnostic elapsed_secs=75.163 interval_secs=5.014 interval_tps=343502.48 total_ops=24332636 arena_head_bytes=21777992 fresh_bytes=1232 reclaimed_nodes=1377181 retired_backlog=3109 alloc_failure_events=0 retired_postings=0 reclaimed_postings=0
hyperfeed_crucible_fresh: profile=diagnostic elapsed_secs=75.163 general_bytes=0 row_version_bytes=1232 skip_node_bytes=0 skip_posting_bytes=0 skip_tower_bytes=0 spill_bytes=0
hyperfeed_crucible_interval: profile=diagnostic elapsed_secs=80.178 interval_secs=5.014 interval_tps=312842.69 total_ops=25901322 arena_head_bytes=21782920 fresh_bytes=4928 reclaimed_nodes=1257763 retired_backlog=293 alloc_failure_events=0 retired_postings=0 reclaimed_postings=0
hyperfeed_crucible_fresh: profile=diagnostic elapsed_secs=80.178 general_bytes=0 row_version_bytes=4928 skip_node_bytes=0 skip_posting_bytes=0 skip_tower_bytes=0 spill_bytes=0
hyperfeed_crucible_interval: profile=diagnostic elapsed_secs=85.192 interval_secs=5.015 interval_tps=314065.38 total_ops=27476259 arena_head_bytes=21785032 fresh_bytes=2112 reclaimed_nodes=1255224 retired_backlog=5026 alloc_failure_events=0 retired_postings=0 reclaimed_postings=0
hyperfeed_crucible_fresh: profile=diagnostic elapsed_secs=85.192 general_bytes=0 row_version_bytes=2112 skip_node_bytes=0 skip_posting_bytes=0 skip_tower_bytes=0 spill_bytes=0
hyperfeed_crucible_interval: profile=diagnostic elapsed_secs=90.193 interval_secs=5.000 interval_tps=332954.34 total_ops=29141134 arena_head_bytes=21789784 fresh_bytes=4752 reclaimed_nodes=1331605 retired_backlog=5368 alloc_failure_events=0 retired_postings=0 reclaimed_postings=0
hyperfeed_crucible_fresh: profile=diagnostic elapsed_secs=90.193 general_bytes=0 row_version_bytes=4752 skip_node_bytes=0 skip_posting_bytes=0 skip_tower_bytes=0 spill_bytes=0
hyperfeed_crucible_interval: profile=diagnostic elapsed_secs=95.211 interval_secs=5.019 interval_tps=315453.08 total_ops=30724320 arena_head_bytes=21791896 fresh_bytes=2112 reclaimed_nodes=1267465 retired_backlog=4406 alloc_failure_events=0 retired_postings=0 reclaimed_postings=0
hyperfeed_crucible_fresh: profile=diagnostic elapsed_secs=95.211 general_bytes=0 row_version_bytes=2112 skip_node_bytes=0 skip_posting_bytes=0 skip_tower_bytes=0 spill_bytes=0
hyperfeed_crucible_interval: profile=diagnostic elapsed_secs=100.226 interval_secs=5.015 interval_tps=313825.37 total_ops=32298157 arena_head_bytes=21797088 fresh_bytes=5192 reclaimed_nodes=1262976 retired_backlog=518 alloc_failure_events=0 retired_postings=0 reclaimed_postings=0
hyperfeed_crucible_fresh: profile=diagnostic elapsed_secs=100.226 general_bytes=0 row_version_bytes=5192 skip_node_bytes=0 skip_posting_bytes=0 skip_tower_bytes=0 spill_bytes=0
hyperfeed_crucible_interval: profile=diagnostic elapsed_secs=105.240 interval_secs=5.014 interval_tps=308679.32 total_ops=33845801 arena_head_bytes=21798936 fresh_bytes=1848 reclaimed_nodes=1233575 retired_backlog=5063 alloc_failure_events=0 retired_postings=0 reclaimed_postings=0
hyperfeed_crucible_fresh: profile=diagnostic elapsed_secs=105.240 general_bytes=0 row_version_bytes=1848 skip_node_bytes=0 skip_posting_bytes=0 skip_tower_bytes=0 spill_bytes=0
hyperfeed_crucible_interval: profile=diagnostic elapsed_secs=110.255 interval_secs=5.015 interval_tps=315635.98 total_ops=35428586 arena_head_bytes=21800168 fresh_bytes=1232 reclaimed_nodes=1267480 retired_backlog=3795 alloc_failure_events=0 retired_postings=0 reclaimed_postings=0
hyperfeed_crucible_fresh: profile=diagnostic elapsed_secs=110.255 general_bytes=0 row_version_bytes=1232 skip_node_bytes=0 skip_posting_bytes=0 skip_tower_bytes=0 spill_bytes=0
hyperfeed_crucible_interval: profile=diagnostic elapsed_secs=115.271 interval_secs=5.016 interval_tps=323545.47 total_ops=37051579 arena_head_bytes=21805448 fresh_bytes=5280 reclaimed_nodes=1297484 retired_backlog=4692 alloc_failure_events=0 retired_postings=0 reclaimed_postings=0
hyperfeed_crucible_fresh: profile=diagnostic elapsed_secs=115.271 general_bytes=0 row_version_bytes=5280 skip_node_bytes=0 skip_posting_bytes=0 skip_tower_bytes=0 spill_bytes=0
hyperfeed_crucible_interval: profile=diagnostic elapsed_secs=120.287 interval_secs=5.016 interval_tps=340017.86 total_ops=38757051 arena_head_bytes=21809584 fresh_bytes=4136 reclaimed_nodes=1366946 retired_backlog=2127 alloc_failure_events=0 retired_postings=0 reclaimed_postings=0
hyperfeed_crucible_fresh: profile=diagnostic elapsed_secs=120.287 general_bytes=0 row_version_bytes=4136 skip_node_bytes=0 skip_posting_bytes=0 skip_tower_bytes=0 spill_bytes=0
hyperfeed_crucible_interval: profile=diagnostic elapsed_secs=125.310 interval_secs=5.023 interval_tps=326749.92 total_ops=40398455 arena_head_bytes=21812576 fresh_bytes=2992 reclaimed_nodes=1312906 retired_backlog=2345 alloc_failure_events=0 retired_postings=0 reclaimed_postings=0
hyperfeed_crucible_fresh: profile=diagnostic elapsed_secs=125.310 general_bytes=0 row_version_bytes=2992 skip_node_bytes=0 skip_posting_bytes=0 skip_tower_bytes=0 spill_bytes=0
hyperfeed_crucible_interval: profile=diagnostic elapsed_secs=130.325 interval_secs=5.014 interval_tps=336044.21 total_ops=42083474 arena_head_bytes=21814776 fresh_bytes=2200 reclaimed_nodes=1349247 retired_backlog=1136 alloc_failure_events=0 retired_postings=0 reclaimed_postings=0
hyperfeed_crucible_fresh: profile=diagnostic elapsed_secs=130.325 general_bytes=0 row_version_bytes=2200 skip_node_bytes=0 skip_posting_bytes=0 skip_tower_bytes=0 spill_bytes=0
hyperfeed_crucible_interval: profile=diagnostic elapsed_secs=135.338 interval_secs=5.013 interval_tps=320891.21 total_ops=43692202 arena_head_bytes=21820232 fresh_bytes=5456 reclaimed_nodes=1283585 retired_backlog=4513 alloc_failure_events=0 retired_postings=0 reclaimed_postings=0
hyperfeed_crucible_fresh: profile=diagnostic elapsed_secs=135.338 general_bytes=0 row_version_bytes=5456 skip_node_bytes=0 skip_posting_bytes=0 skip_tower_bytes=0 spill_bytes=0
hyperfeed_crucible_interval: profile=diagnostic elapsed_secs=140.351 interval_secs=5.013 interval_tps=290976.73 total_ops=45150953 arena_head_bytes=21833168 fresh_bytes=12936 reclaimed_nodes=1169021 retired_backlog=2469 alloc_failure_events=0 retired_postings=0 reclaimed_postings=0
hyperfeed_crucible_fresh: profile=diagnostic elapsed_secs=140.351 general_bytes=0 row_version_bytes=12936 skip_node_bytes=0 skip_posting_bytes=0 skip_tower_bytes=0 spill_bytes=0
hyperfeed_crucible_interval: profile=diagnostic elapsed_secs=145.366 interval_secs=5.015 interval_tps=316029.93 total_ops=46735897 arena_head_bytes=21835104 fresh_bytes=1936 reclaimed_nodes=1268387 retired_backlog=2067 alloc_failure_events=0 retired_postings=0 reclaimed_postings=0
hyperfeed_crucible_fresh: profile=diagnostic elapsed_secs=145.366 general_bytes=0 row_version_bytes=1936 skip_node_bytes=0 skip_posting_bytes=0 skip_tower_bytes=0 spill_bytes=0
hyperfeed_crucible_interval: profile=diagnostic elapsed_secs=150.375 interval_secs=5.008 interval_tps=328875.39 total_ops=48382999 arena_head_bytes=21836512 fresh_bytes=1408 reclaimed_nodes=1316205 retired_backlog=3563 alloc_failure_events=0 retired_postings=0 reclaimed_postings=0
hyperfeed_crucible_fresh: profile=diagnostic elapsed_secs=150.375 general_bytes=0 row_version_bytes=1408 skip_node_bytes=0 skip_posting_bytes=0 skip_tower_bytes=0 spill_bytes=0
hyperfeed_crucible_interval: profile=diagnostic elapsed_secs=155.379 interval_secs=5.005 interval_tps=337982.92 total_ops=50074452 arena_head_bytes=21836864 fresh_bytes=352 reclaimed_nodes=1350392 retired_backlog=6320 alloc_failure_events=0 retired_postings=0 reclaimed_postings=0
hyperfeed_crucible_fresh: profile=diagnostic elapsed_secs=155.379 general_bytes=0 row_version_bytes=352 skip_node_bytes=0 skip_posting_bytes=0 skip_tower_bytes=0 spill_bytes=0
hyperfeed_crucible_interval: profile=diagnostic elapsed_secs=160.392 interval_secs=5.013 interval_tps=344754.56 total_ops=51802777 arena_head_bytes=21837480 fresh_bytes=616 reclaimed_nodes=1384924 retired_backlog=4053 alloc_failure_events=0 retired_postings=0 reclaimed_postings=0
hyperfeed_crucible_fresh: profile=diagnostic elapsed_secs=160.392 general_bytes=0 row_version_bytes=616 skip_node_bytes=0 skip_posting_bytes=0 skip_tower_bytes=0 spill_bytes=0
hyperfeed_crucible_interval: profile=diagnostic elapsed_secs=165.407 interval_secs=5.014 interval_tps=302800.79 total_ops=53321148 arena_head_bytes=21838800 fresh_bytes=1320 reclaimed_nodes=1217542 retired_backlog=1194 alloc_failure_events=0 retired_postings=0 reclaimed_postings=0
hyperfeed_crucible_fresh: profile=diagnostic elapsed_secs=165.407 general_bytes=0 row_version_bytes=1320 skip_node_bytes=0 skip_posting_bytes=0 skip_tower_bytes=0 spill_bytes=0
hyperfeed_crucible_interval: profile=diagnostic elapsed_secs=170.420 interval_secs=5.013 interval_tps=305982.34 total_ops=54855138 arena_head_bytes=21841000 fresh_bytes=2200 reclaimed_nodes=1222750 retired_backlog=5654 alloc_failure_events=0 retired_postings=0 reclaimed_postings=0
hyperfeed_crucible_fresh: profile=diagnostic elapsed_secs=170.420 general_bytes=0 row_version_bytes=2200 skip_node_bytes=0 skip_posting_bytes=0 skip_tower_bytes=0 spill_bytes=0
hyperfeed_crucible_interval: profile=diagnostic elapsed_secs=175.435 interval_secs=5.015 interval_tps=311204.88 total_ops=56415794 arena_head_bytes=21842584 fresh_bytes=1584 reclaimed_nodes=1249070 retired_backlog=5120 alloc_failure_events=0 retired_postings=0 reclaimed_postings=0
hyperfeed_crucible_fresh: profile=diagnostic elapsed_secs=175.435 general_bytes=0 row_version_bytes=1584 skip_node_bytes=0 skip_posting_bytes=0 skip_tower_bytes=0 spill_bytes=0
hyperfeed_crucible_interval: profile=diagnostic elapsed_secs=180.443 interval_secs=5.008 interval_tps=313612.56 total_ops=57986377 arena_head_bytes=21843288 fresh_bytes=704 reclaimed_nodes=1256000 retired_backlog=5583 alloc_failure_events=0 retired_postings=0 reclaimed_postings=0
hyperfeed_crucible_fresh: profile=diagnostic elapsed_secs=180.443 general_bytes=0 row_version_bytes=704 skip_node_bytes=0 skip_posting_bytes=0 skip_tower_bytes=0 spill_bytes=0
hyperfeed_crucible_interval: profile=diagnostic elapsed_secs=185.467 interval_secs=5.024 interval_tps=310571.61 total_ops=59546570 arena_head_bytes=21845400 fresh_bytes=2112 reclaimed_nodes=1249210 retired_backlog=4527 alloc_failure_events=0 retired_postings=0 reclaimed_postings=0
hyperfeed_crucible_fresh: profile=diagnostic elapsed_secs=185.467 general_bytes=0 row_version_bytes=2112 skip_node_bytes=0 skip_posting_bytes=0 skip_tower_bytes=0 spill_bytes=0
hyperfeed_crucible_interval: profile=diagnostic elapsed_secs=190.480 interval_secs=5.013 interval_tps=320973.85 total_ops=61155657 arena_head_bytes=21845928 fresh_bytes=528 reclaimed_nodes=1290628 retired_backlog=1166 alloc_failure_events=0 retired_postings=0 reclaimed_postings=0
hyperfeed_crucible_fresh: profile=diagnostic elapsed_secs=190.480 general_bytes=0 row_version_bytes=528 skip_node_bytes=0 skip_posting_bytes=0 skip_tower_bytes=0 spill_bytes=0
hyperfeed_crucible_interval: profile=diagnostic elapsed_secs=195.495 interval_secs=5.015 interval_tps=332803.11 total_ops=62824546 arena_head_bytes=21846896 fresh_bytes=968 reclaimed_nodes=1334815 retired_backlog=1479 alloc_failure_events=0 retired_postings=0 reclaimed_postings=0
hyperfeed_crucible_fresh: profile=diagnostic elapsed_secs=195.495 general_bytes=0 row_version_bytes=968 skip_node_bytes=0 skip_posting_bytes=0 skip_tower_bytes=0 spill_bytes=0
hyperfeed_crucible_interval: profile=diagnostic elapsed_secs=200.510 interval_secs=5.015 interval_tps=338692.44 total_ops=64523153 arena_head_bytes=21848216 fresh_bytes=1320 reclaimed_nodes=1359244 retired_backlog=1103 alloc_failure_events=0 retired_postings=0 reclaimed_postings=0
hyperfeed_crucible_fresh: profile=diagnostic elapsed_secs=200.510 general_bytes=0 row_version_bytes=1320 skip_node_bytes=0 skip_posting_bytes=0 skip_tower_bytes=0 spill_bytes=0
hyperfeed_crucible_interval: profile=diagnostic elapsed_secs=205.525 interval_secs=5.016 interval_tps=284720.48 total_ops=65951209 arena_head_bytes=21850240 fresh_bytes=2024 reclaimed_nodes=1137642 retired_backlog=5902 alloc_failure_events=0 retired_postings=0 reclaimed_postings=0
hyperfeed_crucible_fresh: profile=diagnostic elapsed_secs=205.525 general_bytes=0 row_version_bytes=2024 skip_node_bytes=0 skip_posting_bytes=0 skip_tower_bytes=0 spill_bytes=0
hyperfeed_crucible_interval: profile=diagnostic elapsed_secs=210.547 interval_secs=5.021 interval_tps=323802.73 total_ops=67577132 arena_head_bytes=21850416 fresh_bytes=176 reclaimed_nodes=1303016 retired_backlog=3614 alloc_failure_events=0 retired_postings=0 reclaimed_postings=0
hyperfeed_crucible_fresh: profile=diagnostic elapsed_secs=210.547 general_bytes=0 row_version_bytes=176 skip_node_bytes=0 skip_posting_bytes=0 skip_tower_bytes=0 spill_bytes=0
hyperfeed_crucible_interval: profile=diagnostic elapsed_secs=215.547 interval_secs=5.001 interval_tps=335028.97 total_ops=69252506 arena_head_bytes=21850768 fresh_bytes=352 reclaimed_nodes=1339006 retired_backlog=4931 alloc_failure_events=0 retired_postings=0 reclaimed_postings=0
hyperfeed_crucible_fresh: profile=diagnostic elapsed_secs=215.547 general_bytes=0 row_version_bytes=352 skip_node_bytes=0 skip_posting_bytes=0 skip_tower_bytes=0 spill_bytes=0
hyperfeed_crucible_interval: profile=diagnostic elapsed_secs=220.561 interval_secs=5.014 interval_tps=342118.67 total_ops=70967722 arena_head_bytes=21851472 fresh_bytes=704 reclaimed_nodes=1373126 retired_backlog=3961 alloc_failure_events=0 retired_postings=0 reclaimed_postings=0
hyperfeed_crucible_fresh: profile=diagnostic elapsed_secs=220.561 general_bytes=0 row_version_bytes=704 skip_node_bytes=0 skip_posting_bytes=0 skip_tower_bytes=0 spill_bytes=0
hyperfeed_crucible_interval: profile=diagnostic elapsed_secs=225.575 interval_secs=5.014 interval_tps=341610.78 total_ops=72680480 arena_head_bytes=21852088 fresh_bytes=616 reclaimed_nodes=1370162 retired_backlog=4037 alloc_failure_events=0 retired_postings=0 reclaimed_postings=0
hyperfeed_crucible_fresh: profile=diagnostic elapsed_secs=225.575 general_bytes=0 row_version_bytes=616 skip_node_bytes=0 skip_posting_bytes=0 skip_tower_bytes=0 spill_bytes=0
hyperfeed_crucible_interval: profile=diagnostic elapsed_secs=230.589 interval_secs=5.014 interval_tps=332493.28 total_ops=74347749 arena_head_bytes=21853320 fresh_bytes=1232 reclaimed_nodes=1334697 retired_backlog=3118 alloc_failure_events=0 retired_postings=0 reclaimed_postings=0
hyperfeed_crucible_fresh: profile=diagnostic elapsed_secs=230.589 general_bytes=0 row_version_bytes=1232 skip_node_bytes=0 skip_posting_bytes=0 skip_tower_bytes=0 spill_bytes=0
hyperfeed_crucible_interval: profile=diagnostic elapsed_secs=235.604 interval_secs=5.015 interval_tps=310253.30 total_ops=75903567 arena_head_bytes=21855168 fresh_bytes=1848 reclaimed_nodes=1245795 retired_backlog=1976 alloc_failure_events=0 retired_postings=0 reclaimed_postings=0
hyperfeed_crucible_fresh: profile=diagnostic elapsed_secs=235.604 general_bytes=0 row_version_bytes=1848 skip_node_bytes=0 skip_posting_bytes=0 skip_tower_bytes=0 spill_bytes=0
hyperfeed_crucible_interval: profile=diagnostic elapsed_secs=240.073 interval_secs=4.469 interval_tps=312774.92 total_ops=77301333 arena_head_bytes=21855520 fresh_bytes=352 reclaimed_nodes=1120198 retired_backlog=0 alloc_failure_events=0 retired_postings=0 reclaimed_postings=0
hyperfeed_crucible_fresh: profile=diagnostic elapsed_secs=240.073 general_bytes=0 row_version_bytes=352 skip_node_bytes=0 skip_posting_bytes=0 skip_tower_bytes=0 spill_bytes=0
hyperfeed_crucible_correctness: profile=diagnostic table_rows=50000 index_postings=50000 exact_match=true
hyperfeed_crucible_stability: profile=diagnostic tail_fresh_bytes=45936 fresh_growth_budget_bytes=18194432 early_interval_tps=322206.56 late_interval_tps=321739.57 retained_tps=0.9986 arena_head_bytes=21855520
hyperfeed_crucible_gc_drain: profile=diagnostic retired_backlog=0 gc_recycle_errors=0 retired_postings=0 reclaimed_postings=0
hyperfeed_crucible_allocation_class: profile=diagnostic class=nodes allocated=58322 reachable=50001 retired=0 reusable=8321
hyperfeed_crucible_allocation_class: profile=diagnostic class=postings allocated=58321 reachable=50000 retired=0 reusable=8321
hyperfeed_crucible_allocation_class: profile=diagnostic class=towers allocated=58326 reachable=50001 retired=0 reusable=8325
hyperfeed_crucible_allocation_class: profile=diagnostic class=tower_lanes allocated=118326 reachable=100350 retired=0 reusable=17976
hyperfeed_crucible_allocation_audit: profile=diagnostic status=pass
hyperfeed_crucible_retry: profile=diagnostic max_insert_attempts=1 pressure_state=0 retry_alloc=0 gc_recycle_errors=0
hyperfeed_crucible_config: profile=diagnostic mode=aerostore_only aerostore_shm_bytes=134217728 workers=16
| Engine | TPS | Total Ops | p50 (us) | p90 (us) | p99 (us) | Upserts | Scans | Hot Upserts | Conflicts | Index Remove Fail | Index Insert Fail |
| aerostore | 322082.64 | 77301333 | 4.10 | 16.38 | 1048.58 | 61841193 | 15460140 | 3092066 | 2357991 | 0 | 0 |
hyperfeed_crucible_engine_timing: profile=diagnostic aerostore_elapsed_secs=240.005 operation_failures=0
hyperfeed_crucible_reclaim: profile=diagnostic vacuum_reclaimed_rows=61841193 index_retired_nodes=61841193 index_reclaimed_nodes=61841193 free_list_pushes=0 free_list_pops=0
hyperfeed_crucible_occ: profile=diagnostic alloc_fresh=18004 reused=64181180
