Current metrics: e.%totalcpu:i.%totalcpu:name
Current Sort Metric: Exclusive Total CPU Time ( e.%totalcpu )
Available metrics:
Exclusive Total CPU Time: e.%totalcpu
Inclusive Total CPU Time: i.%totalcpu
                    Size: size
              PC Address: address
                    Name: name

ID Sel PID Experiment 
== === === ======================================================== 
 1 yes   5 target/verification-next/profile/baseline/cpu.er 
 2 yes   9 target/verification-next/profile/baseline/cpu.er/_f1.er 
 3 yes  10 target/verification-next/profile/baseline/cpu.er/_f2.er 
 4 yes  11 target/verification-next/profile/baseline/cpu.er/_f3.er 
 5 yes  12 target/verification-next/profile/baseline/cpu.er/_f4.er 
 6 yes  13 target/verification-next/profile/baseline/cpu.er/_f5.er 
 7 yes  14 target/verification-next/profile/baseline/cpu.er/_f6.er 
 8 yes  15 target/verification-next/profile/baseline/cpu.er/_f7.er 
 9 yes  16 target/verification-next/profile/baseline/cpu.er/_f8.er 
10 yes  17 target/verification-next/profile/baseline/cpu.er/_f9.er 
11 yes  18 target/verification-next/profile/baseline/cpu.er/_f10.er 
12 yes  19 target/verification-next/profile/baseline/cpu.er/_f11.er 
13 yes  20 target/verification-next/profile/baseline/cpu.er/_f12.er 
14 yes  21 target/verification-next/profile/baseline/cpu.er/_f13.er 
15 yes  22 target/verification-next/profile/baseline/cpu.er/_f14.er 
16 yes  23 target/verification-next/profile/baseline/cpu.er/_f15.er 
17 yes  24 target/verification-next/profile/baseline/cpu.er/_f16.er 
18 yes  25 target/verification-next/profile/baseline/cpu.er/_f17.er 
Experiment(s):

Experiment      :target/verification-next/profile/baseline/cpu.er (plus 17 more)
  Target        : '/home/zpconn/code/aerostore/target/verification-next/baseline-fine/hyperfeed_crucible --noplot'
  Host          : HomePC (x86_64, Linux 6.6.87.2-microsoft-standard-WSL2)
  Start Time    : Wed Sep 23 12:28:13 2026
  Duration      : 31.170 Seconds

Metrics:

  Experiment Duration (Seconds): [31.170]
  Clock Profiling
    [X]Total CPU Time - totalcpu (Seconds): [*178.820]

Notes: '*' indicates hot metrics, '[X]' indicates currently enabled metrics.
       The metrics command can be used to change selections. The metric_list command lists all available metrics.
<Sum across selected experiments>
        Aggregated statistics for selected samples

                                       Start Label: Total
                                         End Label: Total
                                 Start Time (sec.): N/A
                                   End Time (sec.): N/A
                                   Duration (sec.): 556.069
                          Total Thread Time (sec.): 560.743
                         Average number of Threads:   1.008

                              Process Times (sec.):
                                          User CPU: 117.096 ( 20.9%)
                                        System CPU:  70.590 ( 12.6%)
                                          Trap CPU:   0.    (  0. %)
                                         User Lock:   0.    (  0. %)
                                   Data Page Fault:   0.    (  0. %)
                                   Text Page Fault:   0.    (  0. %)
                                 Kernel Page Fault:   0.    (  0. %)
                                           Stopped:   0.    (  0. %)
                                          Wait CPU:   0.    (  0. %)
                                             Sleep: 373.058 ( 66.5%)

                                 Minor Page Faults:   55145
                                 Major Page Faults:      56
                                     Process swaps:       0
                                      Input blocks:       0
                                     Output blocks: 1502752
                                     Messages sent:       0
                                 Messages received:       0
                                   Signals handled:       0
                        Voluntary context switches: 2023129
                      Involuntary context switches:     152
                                      System calls:       0
                                 Characters of I/O:       0


Experiment: target/verification-next/profile/baseline/cpu.er
        Aggregated statistics for selected samples

                                       Start Label: Total
                                         End Label: Total
                                 Start Time (sec.):   0.000
                                   End Time (sec.):  31.170
                                   Duration (sec.):  31.170
                          Total Thread Time (sec.):  35.844
                         Average number of Threads:   1.150

                              Process Times (sec.):
                                          User CPU:   8.872 ( 24.8%)
                                        System CPU:   1.711 (  4.8%)
                                          Trap CPU:   0.    (  0. %)
                                         User Lock:   0.    (  0. %)
                                   Data Page Fault:   0.    (  0. %)
                                   Text Page Fault:   0.    (  0. %)
                                 Kernel Page Fault:   0.    (  0. %)
                                           Stopped:   0.    (  0. %)
                                          Wait CPU:   0.    (  0. %)
                                             Sleep:  25.261 ( 70.5%)

                                 Minor Page Faults:   13989
                                 Major Page Faults:       4
                                     Process swaps:       0
                                      Input blocks:       0
                                     Output blocks:     240
                                     Messages sent:       0
                                 Messages received:       0
                                   Signals handled:       0
                        Voluntary context switches:  140884
                      Involuntary context switches:      16
                                      System calls:       0
                                 Characters of I/O:       0

Experiment: target/verification-next/profile/baseline/cpu.er/_f1.er
        Aggregated statistics for selected samples

                                       Start Label: Total
                                         End Label: Total
                                 Start Time (sec.):   0.000
                                   End Time (sec.):  30.991
                                   Duration (sec.):  30.991
                          Total Thread Time (sec.):  30.991
                         Average number of Threads:   1.000

                              Process Times (sec.):
                                          User CPU:   1.415 (  4.6%)
                                        System CPU:   1.590 (  5.1%)
                                          Trap CPU:   0.    (  0. %)
                                         User Lock:   0.    (  0. %)
                                   Data Page Fault:   0.    (  0. %)
                                   Text Page Fault:   0.    (  0. %)
                                 Kernel Page Fault:   0.    (  0. %)
                                           Stopped:   0.    (  0. %)
                                          Wait CPU:   0.    (  0. %)
                                             Sleep:  27.986 ( 90.3%)

                                 Minor Page Faults:     355
                                 Major Page Faults:       2
                                     Process swaps:       0
                                      Input blocks:       0
                                     Output blocks: 1498448
                                     Messages sent:       0
                                 Messages received:       0
                                   Signals handled:       0
                        Voluntary context switches:  252585
                      Involuntary context switches:       8
                                      System calls:       0
                                 Characters of I/O:       0

Experiment: target/verification-next/profile/baseline/cpu.er/_f2.er
        Aggregated statistics for selected samples

                                       Start Label: Total
                                         End Label: Total
                                 Start Time (sec.):   0.000
                                   End Time (sec.):  30.872
                                   Duration (sec.):  30.872
                          Total Thread Time (sec.):  30.872
                         Average number of Threads:   1.000

                              Process Times (sec.):
                                          User CPU:   6.771 ( 21.9%)
                                        System CPU:   4.094 ( 13.3%)
                                          Trap CPU:   0.    (  0. %)
                                         User Lock:   0.    (  0. %)
                                   Data Page Fault:   0.    (  0. %)
                                   Text Page Fault:   0.    (  0. %)
                                 Kernel Page Fault:   0.    (  0. %)
                                           Stopped:   0.    (  0. %)
                                          Wait CPU:   0.    (  0. %)
                                             Sleep:  20.007 ( 64.8%)

                                 Minor Page Faults:    2514
                                 Major Page Faults:       3
                                     Process swaps:       0
                                      Input blocks:       0
                                     Output blocks:     256
                                     Messages sent:       0
                                 Messages received:       0
                                   Signals handled:       0
                        Voluntary context switches:  102146
                      Involuntary context switches:       4
                                      System calls:       0
                                 Characters of I/O:       0

Experiment: target/verification-next/profile/baseline/cpu.er/_f3.er
        Aggregated statistics for selected samples

                                       Start Label: Total
                                         End Label: Total
                                 Start Time (sec.):   0.000
                                   End Time (sec.):  30.870
                                   Duration (sec.):  30.870
                          Total Thread Time (sec.):  30.870
                         Average number of Threads:   1.000

                              Process Times (sec.):
                                          User CPU:   6.514 ( 21.1%)
                                        System CPU:   4.401 ( 14.3%)
                                          Trap CPU:   0.    (  0. %)
                                         User Lock:   0.    (  0. %)
                                   Data Page Fault:   0.    (  0. %)
                                   Text Page Fault:   0.    (  0. %)
                                 Kernel Page Fault:   0.    (  0. %)
                                           Stopped:   0.    (  0. %)
                                          Wait CPU:   0.    (  0. %)
                                             Sleep:  19.956 ( 64.6%)

                                 Minor Page Faults:    2712
                                 Major Page Faults:       3
                                     Process swaps:       0
                                      Input blocks:       0
                                     Output blocks:     248
                                     Messages sent:       0
                                 Messages received:       0
                                   Signals handled:       0
                        Voluntary context switches:   99360
                      Involuntary context switches:       8
                                      System calls:       0
                                 Characters of I/O:       0

Experiment: target/verification-next/profile/baseline/cpu.er/_f4.er
        Aggregated statistics for selected samples

                                       Start Label: Total
                                         End Label: Total
                                 Start Time (sec.):   0.000
                                   End Time (sec.):  30.870
                                   Duration (sec.):  30.870
                          Total Thread Time (sec.):  30.870
                         Average number of Threads:   1.000

                              Process Times (sec.):
                                          User CPU:   6.558 ( 21.2%)
                                        System CPU:   4.080 ( 13.2%)
                                          Trap CPU:   0.    (  0. %)
                                         User Lock:   0.    (  0. %)
                                   Data Page Fault:   0.    (  0. %)
                                   Text Page Fault:   0.    (  0. %)
                                 Kernel Page Fault:   0.    (  0. %)
                                           Stopped:   0.    (  0. %)
                                          Wait CPU:   0.    (  0. %)
                                             Sleep:  20.232 ( 65.5%)

                                 Minor Page Faults:    2191
                                 Major Page Faults:       3
                                     Process swaps:       0
                                      Input blocks:       0
                                     Output blocks:     256
                                     Messages sent:       0
                                 Messages received:       0
                                   Signals handled:       0
                        Voluntary context switches:  105210
                      Involuntary context switches:       6
                                      System calls:       0
                                 Characters of I/O:       0

Experiment: target/verification-next/profile/baseline/cpu.er/_f5.er
        Aggregated statistics for selected samples

                                       Start Label: Total
                                         End Label: Total
                                 Start Time (sec.):   0.000
                                   End Time (sec.):  30.870
                                   Duration (sec.):  30.870
                          Total Thread Time (sec.):  30.870
                         Average number of Threads:   1.000

                              Process Times (sec.):
                                          User CPU:   6.568 ( 21.3%)
                                        System CPU:   4.278 ( 13.9%)
                                          Trap CPU:   0.    (  0. %)
                                         User Lock:   0.    (  0. %)
                                   Data Page Fault:   0.    (  0. %)
                                   Text Page Fault:   0.    (  0. %)
                                 Kernel Page Fault:   0.    (  0. %)
                                           Stopped:   0.    (  0. %)
                                          Wait CPU:   0.    (  0. %)
                                             Sleep:  20.024 ( 64.9%)

                                 Minor Page Faults:    2349
                                 Major Page Faults:       3
                                     Process swaps:       0
                                      Input blocks:       0
                                     Output blocks:     256
                                     Messages sent:       0
                                 Messages received:       0
                                   Signals handled:       0
                        Voluntary context switches:  103790
                      Involuntary context switches:       9
                                      System calls:       0
                                 Characters of I/O:       0

Experiment: target/verification-next/profile/baseline/cpu.er/_f6.er
        Aggregated statistics for selected samples

                                       Start Label: Total
                                         End Label: Total
                                 Start Time (sec.):   0.000
                                   End Time (sec.):  30.870
                                   Duration (sec.):  30.870
                          Total Thread Time (sec.):  30.870
                         Average number of Threads:   1.000

                              Process Times (sec.):
                                          User CPU:   6.741 ( 21.8%)
                                        System CPU:   4.315 ( 14.0%)
                                          Trap CPU:   0.    (  0. %)
                                         User Lock:   0.    (  0. %)
                                   Data Page Fault:   0.    (  0. %)
                                   Text Page Fault:   0.    (  0. %)
                                 Kernel Page Fault:   0.    (  0. %)
                                           Stopped:   0.    (  0. %)
                                          Wait CPU:   0.    (  0. %)
                                             Sleep:  19.814 ( 64.2%)

                                 Minor Page Faults:    2553
                                 Major Page Faults:       3
                                     Process swaps:       0
                                      Input blocks:       0
                                     Output blocks:     248
                                     Messages sent:       0
                                 Messages received:       0
                                   Signals handled:       0
                        Voluntary context switches:  100191
                      Involuntary context switches:      11
                                      System calls:       0
                                 Characters of I/O:       0

Experiment: target/verification-next/profile/baseline/cpu.er/_f7.er
        Aggregated statistics for selected samples

                                       Start Label: Total
                                         End Label: Total
                                 Start Time (sec.):   0.000
                                   End Time (sec.):  30.870
                                   Duration (sec.):  30.870
                          Total Thread Time (sec.):  30.870
                         Average number of Threads:   1.000

                              Process Times (sec.):
                                          User CPU:   6.751 ( 21.9%)
                                        System CPU:   4.147 ( 13.4%)
                                          Trap CPU:   0.    (  0. %)
                                         User Lock:   0.    (  0. %)
                                   Data Page Fault:   0.    (  0. %)
                                   Text Page Fault:   0.    (  0. %)
                                 Kernel Page Fault:   0.    (  0. %)
                                           Stopped:   0.    (  0. %)
                                          Wait CPU:   0.    (  0. %)
                                             Sleep:  19.972 ( 64.7%)

                                 Minor Page Faults:    2690
                                 Major Page Faults:       4
                                     Process swaps:       0
                                      Input blocks:       0
                                     Output blocks:     248
                                     Messages sent:       0
                                 Messages received:       0
                                   Signals handled:       0
                        Voluntary context switches:  101698
                      Involuntary context switches:       6
                                      System calls:       0
                                 Characters of I/O:       0

Experiment: target/verification-next/profile/baseline/cpu.er/_f8.er
        Aggregated statistics for selected samples

                                       Start Label: Total
                                         End Label: Total
                                 Start Time (sec.):   0.000
                                   End Time (sec.):  30.870
                                   Duration (sec.):  30.870
                          Total Thread Time (sec.):  30.870
                         Average number of Threads:   1.000

                              Process Times (sec.):
                                          User CPU:   6.606 ( 21.4%)
                                        System CPU:   4.133 ( 13.4%)
                                          Trap CPU:   0.    (  0. %)
                                         User Lock:   0.    (  0. %)
                                   Data Page Fault:   0.    (  0. %)
                                   Text Page Fault:   0.    (  0. %)
                                 Kernel Page Fault:   0.    (  0. %)
                                           Stopped:   0.    (  0. %)
                                          Wait CPU:   0.    (  0. %)
                                             Sleep:  20.131 ( 65.2%)

                                 Minor Page Faults:    2742
                                 Major Page Faults:       3
                                     Process swaps:       0
                                      Input blocks:       0
                                     Output blocks:     256
                                     Messages sent:       0
                                 Messages received:       0
                                   Signals handled:       0
                        Voluntary context switches:  102352
                      Involuntary context switches:      11
                                      System calls:       0
                                 Characters of I/O:       0

Experiment: target/verification-next/profile/baseline/cpu.er/_f9.er
        Aggregated statistics for selected samples

                                       Start Label: Total
                                         End Label: Total
                                 Start Time (sec.):   0.000
                                   End Time (sec.):  30.870
                                   Duration (sec.):  30.870
                          Total Thread Time (sec.):  30.870
                         Average number of Threads:   1.000

                              Process Times (sec.):
                                          User CPU:   6.627 ( 21.5%)
                                        System CPU:   4.219 ( 13.7%)
                                          Trap CPU:   0.    (  0. %)
                                         User Lock:   0.    (  0. %)
                                   Data Page Fault:   0.    (  0. %)
                                   Text Page Fault:   0.    (  0. %)
                                 Kernel Page Fault:   0.    (  0. %)
                                           Stopped:   0.    (  0. %)
                                          Wait CPU:   0.    (  0. %)
                                             Sleep:  20.023 ( 64.9%)

                                 Minor Page Faults:    2841
                                 Major Page Faults:       3
                                     Process swaps:       0
                                      Input blocks:       0
                                     Output blocks:     256
                                     Messages sent:       0
                                 Messages received:       0
                                   Signals handled:       0
                        Voluntary context switches:  104069
                      Involuntary context switches:       7
                                      System calls:       0
                                 Characters of I/O:       0

Experiment: target/verification-next/profile/baseline/cpu.er/_f10.er
        Aggregated statistics for selected samples

                                       Start Label: Total
                                         End Label: Total
                                 Start Time (sec.):   0.000
                                   End Time (sec.):  30.869
                                   Duration (sec.):  30.869
                          Total Thread Time (sec.):  30.869
                         Average number of Threads:   1.000

                              Process Times (sec.):
                                          User CPU:   6.749 ( 21.9%)
                                        System CPU:   4.179 ( 13.5%)
                                          Trap CPU:   0.    (  0. %)
                                         User Lock:   0.    (  0. %)
                                   Data Page Fault:   0.    (  0. %)
                                   Text Page Fault:   0.    (  0. %)
                                 Kernel Page Fault:   0.    (  0. %)
                                           Stopped:   0.    (  0. %)
                                          Wait CPU:   0.    (  0. %)
                                             Sleep:  19.941 ( 64.6%)

                                 Minor Page Faults:    2299
                                 Major Page Faults:       3
                                     Process swaps:       0
                                      Input blocks:       0
                                     Output blocks:     256
                                     Messages sent:       0
                                 Messages received:       0
                                   Signals handled:       0
                        Voluntary context switches:  103051
                      Involuntary context switches:       5
                                      System calls:       0
                                 Characters of I/O:       0

Experiment: target/verification-next/profile/baseline/cpu.er/_f11.er
        Aggregated statistics for selected samples

                                       Start Label: Total
                                         End Label: Total
                                 Start Time (sec.):   0.000
                                   End Time (sec.):  30.869
                                   Duration (sec.):  30.869
                          Total Thread Time (sec.):  30.869
                         Average number of Threads:   1.000

                              Process Times (sec.):
                                          User CPU:   6.629 ( 21.5%)
                                        System CPU:   4.308 ( 14.0%)
                                          Trap CPU:   0.    (  0. %)
                                         User Lock:   0.    (  0. %)
                                   Data Page Fault:   0.    (  0. %)
                                   Text Page Fault:   0.    (  0. %)
                                 Kernel Page Fault:   0.    (  0. %)
                                           Stopped:   0.    (  0. %)
                                          Wait CPU:   0.    (  0. %)
                                             Sleep:  19.931 ( 64.6%)

                                 Minor Page Faults:    2721
                                 Major Page Faults:       3
                                     Process swaps:       0
                                      Input blocks:       0
                                     Output blocks:     256
                                     Messages sent:       0
                                 Messages received:       0
                                   Signals handled:       0
                        Voluntary context switches:  100684
                      Involuntary context switches:      11
                                      System calls:       0
                                 Characters of I/O:       0

Experiment: target/verification-next/profile/baseline/cpu.er/_f12.er
        Aggregated statistics for selected samples

                                       Start Label: Total
                                         End Label: Total
                                 Start Time (sec.):   0.000
                                   End Time (sec.):  30.869
                                   Duration (sec.):  30.869
                          Total Thread Time (sec.):  30.869
                         Average number of Threads:   1.000

                              Process Times (sec.):
                                          User CPU:   6.777 ( 22.0%)
                                        System CPU:   4.150 ( 13.4%)
                                          Trap CPU:   0.    (  0. %)
                                         User Lock:   0.    (  0. %)
                                   Data Page Fault:   0.    (  0. %)
                                   Text Page Fault:   0.    (  0. %)
                                 Kernel Page Fault:   0.    (  0. %)
                                           Stopped:   0.    (  0. %)
                                          Wait CPU:   0.    (  0. %)
                                             Sleep:  19.941 ( 64.6%)

                                 Minor Page Faults:    2482
                                 Major Page Faults:       4
                                     Process swaps:       0
                                      Input blocks:       0
                                     Output blocks:     256
                                     Messages sent:       0
                                 Messages received:       0
                                   Signals handled:       0
                        Voluntary context switches:  100459
                      Involuntary context switches:       9
                                      System calls:       0
                                 Characters of I/O:       0

Experiment: target/verification-next/profile/baseline/cpu.er/_f13.er
        Aggregated statistics for selected samples

                                       Start Label: Total
                                         End Label: Total
                                 Start Time (sec.):   0.000
                                   End Time (sec.):  30.868
                                   Duration (sec.):  30.868
                          Total Thread Time (sec.):  30.868
                         Average number of Threads:   1.000

                              Process Times (sec.):
                                          User CPU:   6.738 ( 21.8%)
                                        System CPU:   4.218 ( 13.7%)
                                          Trap CPU:   0.    (  0. %)
                                         User Lock:   0.    (  0. %)
                                   Data Page Fault:   0.    (  0. %)
                                   Text Page Fault:   0.    (  0. %)
                                 Kernel Page Fault:   0.    (  0. %)
                                           Stopped:   0.    (  0. %)
                                          Wait CPU:   0.    (  0. %)
                                             Sleep:  19.913 ( 64.5%)

                                 Minor Page Faults:    2754
                                 Major Page Faults:       3
                                     Process swaps:       0
                                      Input blocks:       0
                                     Output blocks:     248
                                     Messages sent:       0
                                 Messages received:       0
                                   Signals handled:       0
                        Voluntary context switches:  101037
                      Involuntary context switches:       3
                                      System calls:       0
                                 Characters of I/O:       0

Experiment: target/verification-next/profile/baseline/cpu.er/_f14.er
        Aggregated statistics for selected samples

                                       Start Label: Total
                                         End Label: Total
                                 Start Time (sec.):   0.000
                                   End Time (sec.):  30.868
                                   Duration (sec.):  30.868
                          Total Thread Time (sec.):  30.868
                         Average number of Threads:   1.000

                              Process Times (sec.):
                                          User CPU:   6.644 ( 21.5%)
                                        System CPU:   4.352 ( 14.1%)
                                          Trap CPU:   0.    (  0. %)
                                         User Lock:   0.    (  0. %)
                                   Data Page Fault:   0.    (  0. %)
                                   Text Page Fault:   0.    (  0. %)
                                 Kernel Page Fault:   0.    (  0. %)
                                           Stopped:   0.    (  0. %)
                                          Wait CPU:   0.    (  0. %)
                                             Sleep:  19.872 ( 64.4%)

                                 Minor Page Faults:    2564
                                 Major Page Faults:       3
                                     Process swaps:       0
                                      Input blocks:       0
                                     Output blocks:     256
                                     Messages sent:       0
                                 Messages received:       0
                                   Signals handled:       0
                        Voluntary context switches:  102744
                      Involuntary context switches:       9
                                      System calls:       0
                                 Characters of I/O:       0

Experiment: target/verification-next/profile/baseline/cpu.er/_f15.er
        Aggregated statistics for selected samples

                                       Start Label: Total
                                         End Label: Total
                                 Start Time (sec.):   0.000
                                   End Time (sec.):  30.868
                                   Duration (sec.):  30.868
                          Total Thread Time (sec.):  30.868
                         Average number of Threads:   1.000

                              Process Times (sec.):
                                          User CPU:   6.599 ( 21.4%)
                                        System CPU:   4.213 ( 13.6%)
                                          Trap CPU:   0.    (  0. %)
                                         User Lock:   0.    (  0. %)
                                   Data Page Fault:   0.    (  0. %)
                                   Text Page Fault:   0.    (  0. %)
                                 Kernel Page Fault:   0.    (  0. %)
                                           Stopped:   0.    (  0. %)
                                          Wait CPU:   0.    (  0. %)
                                             Sleep:  20.056 ( 65.0%)

                                 Minor Page Faults:    2312
                                 Major Page Faults:       3
                                     Process swaps:       0
                                      Input blocks:       0
                                     Output blocks:     256
                                     Messages sent:       0
                                 Messages received:       0
                                   Signals handled:       0
                        Voluntary context switches:  103185
                      Involuntary context switches:       7
                                      System calls:       0
                                 Characters of I/O:       0

Experiment: target/verification-next/profile/baseline/cpu.er/_f16.er
        Aggregated statistics for selected samples

                                       Start Label: Total
                                         End Label: Total
                                 Start Time (sec.):   0.000
                                   End Time (sec.):  30.868
                                   Duration (sec.):  30.868
                          Total Thread Time (sec.):  30.868
                         Average number of Threads:   1.000

                              Process Times (sec.):
                                          User CPU:   6.852 ( 22.2%)
                                        System CPU:   4.172 ( 13.5%)
                                          Trap CPU:   0.    (  0. %)
                                         User Lock:   0.    (  0. %)
                                   Data Page Fault:   0.    (  0. %)
                                   Text Page Fault:   0.    (  0. %)
                                 Kernel Page Fault:   0.    (  0. %)
                                           Stopped:   0.    (  0. %)
                                          Wait CPU:   0.    (  0. %)
                                             Sleep:  19.843 ( 64.3%)

                                 Minor Page Faults:    2682
                                 Major Page Faults:       3
                                     Process swaps:       0
                                      Input blocks:       0
                                     Output blocks:     256
                                     Messages sent:       0
                                 Messages received:       0
                                   Signals handled:       0
                        Voluntary context switches:  100166
                      Involuntary context switches:      12
                                      System calls:       0
                                 Characters of I/O:       0

Experiment: target/verification-next/profile/baseline/cpu.er/_f17.er
        Aggregated statistics for selected samples

                                       Start Label: Total
                                         End Label: Total
                                 Start Time (sec.):   0.000
                                   End Time (sec.):  30.868
                                   Duration (sec.):  30.868
                          Total Thread Time (sec.):  30.868
                         Average number of Threads:   1.000

                              Process Times (sec.):
                                          User CPU:   6.683 ( 21.7%)
                                        System CPU:   4.032 ( 13.1%)
                                          Trap CPU:   0.    (  0. %)
                                         User Lock:   0.    (  0. %)
                                   Data Page Fault:   0.    (  0. %)
                                   Text Page Fault:   0.    (  0. %)
                                 Kernel Page Fault:   0.    (  0. %)
                                           Stopped:   0.    (  0. %)
                                          Wait CPU:   0.    (  0. %)
                                             Sleep:  20.153 ( 65.3%)

                                 Minor Page Faults:    2395
                                 Major Page Faults:       3
                                     Process swaps:       0
                                      Input blocks:       0
                                     Output blocks:     256
                                     Messages sent:       0
                                 Messages received:       0
                                   Signals handled:       0
                        Voluntary context switches:   99518
                      Involuntary context switches:      10
                                      System calls:       0
                                 Characters of I/O:       0

Functions sorted by metric: Exclusive Total CPU Time

Excl. Total     Incl. Total      Name
CPU             CPU
   sec.      %     sec.      %
178.820 100.00  178.820 100.00   <Total>
 78.430  43.86   78.430  43.86   sched_yield
 33.510  18.74  112.080  62.68   aerostore_core::shm_lock::ShmMutex::lock
 15.170   8.48   15.240   8.52   aerostore_core::shm_skiplist::ShmSkipList<K>::find
  8.230   4.60  140.270  78.44   aerostore_core::wal_writer::OccCommitter<_,_>::commit
  6.630   3.71    8.190   4.58   aerostore_core::occ_partitioned::OccTable<T>::try_acquire_lock_indices
  3.560   1.99    3.760   2.10   clock_nanosleep
  3.550   1.99    3.550   1.99   aerostore_core::shm_skiplist::ShmSkipList<K>::find_readonly_exact
  2.830   1.58   17.890  10.00   aerostore_core::shm_index::SecondaryIndex<RowId>::try_scan_count_with_limit
  2.630   1.47   65.040  36.37   aerostore_core::shm_index::SecondaryIndex<RowId>::transactional_insert
  2.050   1.15    2.490   1.39   aerostore_core::procarray::ProcArray::begin_transaction
  1.970   1.10  166.790  93.27   hyperfeed_crucible::run_aerostore_worker
  1.500   0.84    1.500   0.84   <static>@0x188341 (<libc.so.6>)
  1.450   0.81    2.400   1.34   std::sys::backtrace::__rust_begin_short_backtrace
  1.440   0.81    1.640   0.92   aerostore_core::wal_delta::compute_dirty_mask
  1.320   0.74    1.810   1.01   <static>@0xaab1b (<libc.so.6>)
  0.990   0.55    1.340   0.75   aerostore_core::occ_partitioned::OccTable<T>::allocate_row
  0.980   0.55   56.460  31.57   aerostore_core::shm_index::SecondaryIndex<RowId>::transactional_remove
  0.970   0.54    0.970   0.54   aerostore_core::occ_partitioned::OccTable<T>::find_visible_row_ptr
  0.930   0.52    1.150   0.64   aerostore_core::procarray::ProcArray::create_transaction_snapshot
  0.740   0.41    0.740   0.41   malloc
  0.630   0.35    2.610   1.46   aerostore_core::wal_ring::serialize_commit_record
  0.610   0.34    0.730   0.41   bincode::internal::serialize
  0.600   0.34    0.600   0.34   write
  0.580   0.32    2.670   1.49   aerostore_core::wal_delta::build_update_record
  0.570   0.32    0.570   0.32   aerostore_core::shm_skiplist::ShmSkipList<K>::retire_node
  0.550   0.31    0.680   0.38   aerostore_core::occ_partitioned::OccTable<T>::publish_index_stamps
  0.490   0.27    1.470   0.82   free
  0.450   0.25    0.630   0.35   <aerostore_core::shm_skiplist::ProcArrayEpochGuard as core::ops::drop::Drop>::drop
  0.450   0.25    0.450   0.25   <static>@0xa8e24 (<libc.so.6>)
  0.400   0.22    0.460   0.26   hashbrown::map::HashMap<K,V,S,A>::insert
  0.390   0.22    0.680   0.38   realloc
  0.340   0.19    0.410   0.23   aerostore_core::procarray::ProcArray::end_transaction
  0.240   0.13    0.780   0.44   calloc
  0.210   0.12    0.320   0.18   aerostore_core::wal_delta::pack_delta_bytes
  0.200   0.11    0.200   0.11   <static>@0x98628 (<libc.so.6>)
  0.180   0.10    2.470   1.38   aerostore_core::wal_writer::wal_writer_daemon_loop
  0.170   0.10    3.680   2.06   aerostore_core::shm_skiplist::ShmSkipList<K>::unlink_node
  0.170   0.10    0.240   0.13   aerostore_core::wal_delta::apply_delta_bytes
  0.170   0.10    0.270   0.15   aerostore_core::wal_ring::deserialize_commit_record
  0.150   0.08    0.150   0.08   serde_core::de::SeqAccess::next_element
  0.130   0.07    0.160   0.09   aerostore_core::occ_partitioned::OccTable<T>::publish_write_set
  0.110   0.06    0.110   0.06   __vdso_clock_gettime
  0.110   0.06    0.160   0.09   bincode::internal::serialize
  0.090   0.05    0.090   0.05   aerostore_core::occ_partitioned::OccTable<T>::validate_index_bindings
  0.090   0.05    0.210   0.12   alloc::raw_vec::RawVec<T,A>::grow_one
  0.080   0.04    0.120   0.07   alloc::collections::btree::map::BTreeMap<K,V,A>::insert
  0.080   0.04    0.990   0.55   rkyv::util::aligned_vec::AlignedVec::do_reserve
  0.070   0.04  121.640  68.02   aerostore_core::occ_partitioned::OccTable<T>::apply_index_changes
  0.070   0.04    3.830   2.14   nanosleep
  0.070   0.04    0.120   0.07   posix_memalign
  0.070   0.04    0.430   0.24   std::time::Instant::elapsed
  0.060   0.03    0.060   0.03   __vdso_clock_gettime
  0.060   0.03    0.060   0.03   std::sys::pal::unix::time::Timespec::sub_timespec
  0.050   0.03    0.050   0.03   __vdso_clock_gettime
  0.050   0.03    0.050   0.03   __vdso_clock_gettime
  0.050   0.03    0.050   0.03   aerostore_core::shm_skiplist::ShmSkipList<K>::update_pressure_state
  0.050   0.03    0.090   0.05   alloc::collections::btree::map::IntoIter<K,V,A>::dying_next
  0.050   0.03    0.470   0.26   clock_gettime
  0.040   0.02    0.040   0.02   <static>@0xada6c (<libc.so.6>)
  0.040   0.02    0.040   0.02   __vdso_clock_gettime
  0.040   0.02    0.130   0.07   aerostore_core::occ_partitioned::OccTable<T>::has_row_lock_conflict
  0.040   0.02    0.110   0.06   aerostore_core::occ_partitioned::OccTable<T>::recycle_row_ptr
  0.040   0.02    0.050   0.03   alloc::collections::btree::map::IntoIter<K,V,A>::dying_next
  0.040   0.02    0.070   0.04   alloc::raw_vec::RawVec<T,A>::grow_one
  0.040   0.02    0.090   0.05   alloc::raw_vec::RawVecInner<A>::finish_grow
  0.040   0.02    0.060   0.03   core::hash::BuildHasher::hash_one
  0.040   0.02    0.040   0.02   core::ptr::drop_in_place<aerostore_core::occ_partitioned::PartitionLockGuard>
  0.030   0.02    0.030   0.02   __vdso_clock_gettime
  0.030   0.02    0.030   0.02   aerostore_core::shm_skiplist::ShmSkipList<K>::pop_recycled_tower_at_least

