note: verifying root module (selected functions)

note: while loop: not all errors may have been reported; rerun with a higher value for --multiple-errors to find other potential errors in this function
   --> /home/zpconn/code/aerostore/target/verification-p1-completion/final/guard-ownership/skip_release_all.rs:597:5
    |
597 |     while leases.len() > 0
    |     ^^^^^^^^^^^^^^^^^^^^^^

error: precondition not satisfied
   --> /home/zpconn/code/aerostore/target/verification-p1-completion/final/guard-ownership/skip_release_all.rs:618:13
    |
205 |     requires step(before, after, event),
    |              -------------------------- failed precondition
...
618 |             step_does_not_resurrect(&before, &*authority, Step::Release { key, serial });
    |             ^^^^^^^^^^^^^^^^^^^^^^^^^^^^^^^^^^^^^^^^^^^^^^^^^^^^^^^^^^^^^^^^^^^^^^^^^^^^

error: assertion failed
   --> /home/zpconn/code/aerostore/target/verification-p1-completion/final/guard-ownership/skip_release_all.rs:625:25
    |
625 |                 implies cells(authority)[lease_key(&initial[i])].owner != Some(lease_serial(&initial[i])) by {
    |                         ^^^^^^^^^^^^^^^^^^^^^^^^^^^^^^^^^^^^^^^^^^^^^^^^^^^^^^^^^^^^^^^^^^^^^^^^^^^^^^^^^ assertion failed

verification results:: 1 verified, 1 errors (partial verification with `--verify-*`)
error: aborting due to 2 previous errors

