TLC2 Version 2026.09.22.222048 (rev: 35d40c9)
Running breadth-first search Model-Checking with fp 0 and seed 1 with 1 worker on 24 cores with 491MB heap and 64MB offheap memory [pid: 2395] (Linux 6.6.87.2-microsoft-standard-WSL2 amd64, Ubuntu 21.0.12.1 64bit, MSBDiskFPSet, DiskStateQueue).
Parsing file /tmp/aerostore-tlc-models-b9p36w3c/Durability.tla
Parsing file /tmp/tlc-15858537915742290744/Naturals.tla (jar:file:/home/zpconn/code/aerostore/target/verification-tools/tla/tla2tools.jar!/tla2sany/StandardModules/Naturals.tla)
Parsing file /tmp/tlc-15858537915742290744/FiniteSets.tla (jar:file:/home/zpconn/code/aerostore/target/verification-tools/tla/tla2tools.jar!/tla2sany/StandardModules/FiniteSets.tla)
Parsing file /tmp/tlc-15858537915742290744/Sequences.tla (jar:file:/home/zpconn/code/aerostore/target/verification-tools/tla/tla2tools.jar!/tla2sany/StandardModules/Sequences.tla)
Semantic processing of module Naturals
Semantic processing of module Sequences
Semantic processing of module FiniteSets
Semantic processing of module Durability
Linting of module Durability
Starting... (2026-09-23 10:52:45)
Computing initial states...
Finished computing initial states: 1 distinct state generated at 2026-09-23 10:52:45.
Error: Invariant WitnessNotReached is violated.
Error: The behavior up to this point is:
State 1: <Initial predicate>
/\ sampledCut = 0
/\ checkpointPc = "Idle"
/\ crashed = FALSE
/\ durableCut = 0
/\ checkpointImage = {}
/\ pc = <<"Start", "Start">>
/\ acknowledged = {}
/\ durableLog = {}
/\ visible = {}
/\ allocated = {}
/\ recovered = {}
/\ snapshotRows = {}

State 2: <Start(1) line 25, col 13 to line 30, col 92 of module Durability>
/\ pc = <<"Log", "Start">>
/\ allocated = {1}

State 3: <DurableAppend(1) line 32, col 5 to line 36, col 81 of module Durability>
/\ pc = <<"Publish", "Start">>
/\ durableLog = {1}

State 4: <Publish(1) line 38, col 5 to line 42, col 81 of module Durability>
/\ pc = <<"Ack", "Start">>
/\ visible = {1}

State 5: <Ack(1) line 43, col 11 to line 47, col 81 of module Durability>
/\ pc = <<"Done", "Start">>
/\ acknowledged = {1}

State 6: <CheckpointSnapshot line 50, col 5 to line 57, col 69 of module Durability>
/\ checkpointPc = "SampleCut"
/\ snapshotRows = {1}

State 7: <SampleCut line 59, col 5 to line 63, col 69 of module Durability>
/\ sampledCut = 1
/\ checkpointPc = "Persist"

State 8: <PersistCheckpoint line 65, col 5 to line 69, col 52 of module Durability>
/\ checkpointPc = "Truncate"
/\ durableCut = 1
/\ checkpointImage = {1}

State 9: <Truncate line 71, col 5 to line 74, col 69 of module Durability>
/\ checkpointPc = "Done"
/\ durableCut = 1
/\ checkpointImage = {1}
/\ durableLog = {}

State 10: <Crash line 76, col 5 to line 81, col 75 of module Durability>
/\ sampledCut = 1
/\ checkpointPc = "Done"
/\ crashed = TRUE
/\ durableCut = 1
/\ checkpointImage = {1}
/\ pc = <<"Done", "Start">>
/\ acknowledged = {1}
/\ durableLog = {}
/\ visible = {1}
/\ allocated = {1}
/\ recovered = {1}
/\ snapshotRows = {1}

75 states generated, 52 distinct states found, 8 states left on queue.
The depth of the complete state graph search is 10.
Finished in 00s at (2026-09-23 10:52:45)
