note: verifying root module (selected functions)

note: function body check: not all errors may have been reported; rerun with a higher value for --multiple-errors to find other potential errors in this function
   --> /home/zpconn/code/aerostore/target/verification-lookup/final/lookup/ignore_private_write.rs:249:1
    |
249 | / pub fn read<D: Storage>(driver: &D, tx: &mut Transaction, row_id: usize)
250 | |     -> (r: Result<Option<Option<usize>>, Error>)
    | |_______________________________________________^

error: postcondition not satisfied
   --> /home/zpconn/code/aerostore/target/verification-lookup/final/lookup/ignore_private_write.rs:256:9
    |
256 | /         r.is_ok() ==> row_id < driver.image().capacity
257 | |             && r.unwrap() == selected_value(driver.image(),*old(tx),row_id),
    | |___________________________________________________________________________^ failed this postcondition
...
291 |       return Ok ( Some ( row . value ) ) ;
    |       ---------------------------------- at this exit

error: postcondition not satisfied
   --> /home/zpconn/code/aerostore/target/verification-lookup/final/lookup/ignore_private_write.rs:256:9
    |
256 | /         r.is_ok() ==> row_id < driver.image().capacity
257 | |             && r.unwrap() == selected_value(driver.image(),*old(tx),row_id),
    | |___________________________________________________________________________^ failed this postcondition
...
271 | / {
272 | |     driver . ensure_open ( tx ) ? ;
273 | | if row_id >= driver . capacity ( ) {
274 | |     return Err ( Error :: RowOutOfBounds {
...   |
293 | | Ok ( None )
294 | | }
    | |_- at the end of the function body

verification results:: 0 verified, 1 errors (partial verification with `--verify-*`)
error: aborting due to 2 previous errors

