note: verifying root module (selected functions)

note: function body check: not all errors may have been reported; rerun with a higher value for --multiple-errors to find other potential errors in this function
    --> /home/zpconn/code/aerostore/target/verification-p1-completion/final/commit-completion/retain_finished_registration.rs:3366:1
     |
3366 | / pub fn finish_transaction<L:LifecyclePrimitives>(driver:&mut L,tx:&mut FinishToken)
3367 | |     ->(result:Result<(),lifecycle::ProcArrayError>)
     | |__________________________________________________^

error: postcondition not satisfied
    --> /home/zpconn/code/aerostore/target/verification-p1-completion/final/commit-completion/retain_finished_registration.rs:3371:9
     |
3371 |         final(tx).registration.is_none(),
     |         ^^^^^^^^^^^^^^^^^^^^^^^^^^^^^^^^ failed this postcondition
...
3391 | ended ? ;
     |       - at this exit

error: postcondition not satisfied
    --> /home/zpconn/code/aerostore/target/verification-p1-completion/final/commit-completion/retain_finished_registration.rs:3371:9
     |
3371 |           final(tx).registration.is_none(),
     |           ^^^^^^^^^^^^^^^^^^^^^^^^^^^^^^^^ failed this postcondition
...
3384 | / {
3385 | |     let Some ( registration ) = tx . registration else {
3386 | |     return Ok ( ( ) ) ;
...    |
3392 | | Ok ( ( ) )
3393 | | }
     | |_- at the end of the function body

verification results:: 0 verified, 1 errors (partial verification with `--verify-*`)
error: aborting due to 2 previous errors

