Gnuplot not found, using plotters backend
hyperfeed_crucible_seed: mode=fixed seed=2026092399 algorithm=worker_add_xorshift64_v1
hyperfeed_crucible_interval: profile=diagnostic elapsed_secs=5.019 interval_secs=5.019 interval_tps=302055.66 total_ops=1515893 arena_head_bytes=34045336 fresh_bytes=13888920 reclaimed_nodes=1208312 retired_backlog=4519 alloc_failure_events=0 retired_postings=0 reclaimed_postings=0
hyperfeed_crucible_fresh: profile=diagnostic elapsed_secs=5.019 general_bytes=0 row_version_bytes=10968936 skip_node_bytes=2067824 skip_posting_bytes=657944 skip_tower_bytes=194216 spill_bytes=0
hyperfeed_crucible_interval: profile=diagnostic elapsed_secs=10.033 interval_secs=5.014 interval_tps=301728.25 total_ops=3028780 arena_head_bytes=34571216 fresh_bytes=525880 reclaimed_nodes=1214804 retired_backlog=0 alloc_failure_events=0 retired_postings=0 reclaimed_postings=0
hyperfeed_crucible_fresh: profile=diagnostic elapsed_secs=10.033 general_bytes=0 row_version_bytes=525448 skip_node_bytes=0 skip_posting_bytes=0 skip_tower_bytes=432 spill_bytes=0
hyperfeed_crucible_interval: profile=diagnostic elapsed_secs=15.044 interval_secs=5.011 interval_tps=296593.88 total_ops=4514985 arena_head_bytes=34726256 fresh_bytes=155040 reclaimed_nodes=1187902 retired_backlog=1108 alloc_failure_events=0 retired_postings=0 reclaimed_postings=0
hyperfeed_crucible_fresh: profile=diagnostic elapsed_secs=15.044 general_bytes=0 row_version_bytes=154880 skip_node_bytes=0 skip_posting_bytes=0 skip_tower_bytes=160 spill_bytes=0
hyperfeed_crucible_interval: profile=diagnostic elapsed_secs=20.066 interval_secs=5.023 interval_tps=302613.08 total_ops=6034867 arena_head_bytes=34742696 fresh_bytes=16440 reclaimed_nodes=1212886 retired_backlog=4125 alloc_failure_events=0 retired_postings=0 reclaimed_postings=0
hyperfeed_crucible_fresh: profile=diagnostic elapsed_secs=20.066 general_bytes=0 row_version_bytes=15048 skip_node_bytes=176 skip_posting_bytes=56 skip_tower_bytes=1160 spill_bytes=0
hyperfeed_crucible_interval: profile=diagnostic elapsed_secs=25.081 interval_secs=5.015 interval_tps=296415.80 total_ops=7521352 arena_head_bytes=35406008 fresh_bytes=663312 reclaimed_nodes=1189047 retired_backlog=4271 alloc_failure_events=0 retired_postings=0 reclaimed_postings=0
hyperfeed_crucible_fresh: profile=diagnostic elapsed_secs=25.081 general_bytes=0 row_version_bytes=137280 skip_node_bytes=373120 skip_posting_bytes=118720 skip_tower_bytes=34192 spill_bytes=0
hyperfeed_crucible_interval: profile=diagnostic elapsed_secs=30.095 interval_secs=5.015 interval_tps=284675.73 total_ops=8948867 arena_head_bytes=35719424 fresh_bytes=313416 reclaimed_nodes=1143381 retired_backlog=2883 alloc_failure_events=0 retired_postings=0 reclaimed_postings=0
hyperfeed_crucible_fresh: profile=diagnostic elapsed_secs=30.095 general_bytes=0 row_version_bytes=313192 skip_node_bytes=0 skip_posting_bytes=0 skip_tower_bytes=224 spill_bytes=0
hyperfeed_crucible_interval: profile=diagnostic elapsed_secs=35.109 interval_secs=5.013 interval_tps=286734.48 total_ops=10386347 arena_head_bytes=35920944 fresh_bytes=201520 reclaimed_nodes=1146386 retired_backlog=6450 alloc_failure_events=0 retired_postings=0 reclaimed_postings=0
hyperfeed_crucible_fresh: profile=diagnostic elapsed_secs=35.109 general_bytes=0 row_version_bytes=201520 skip_node_bytes=0 skip_posting_bytes=0 skip_tower_bytes=0 spill_bytes=0
hyperfeed_crucible_interval: profile=diagnostic elapsed_secs=40.121 interval_secs=5.012 interval_tps=300307.55 total_ops=11891477 arena_head_bytes=35937664 fresh_bytes=16720 reclaimed_nodes=1207207 retired_backlog=3372 alloc_failure_events=0 retired_postings=0 reclaimed_postings=0
hyperfeed_crucible_fresh: profile=diagnostic elapsed_secs=40.121 general_bytes=0 row_version_bytes=16720 skip_node_bytes=0 skip_posting_bytes=0 skip_tower_bytes=0 spill_bytes=0
hyperfeed_crucible_interval: profile=diagnostic elapsed_secs=45.128 interval_secs=5.007 interval_tps=295710.25 total_ops=13372118 arena_head_bytes=35937664 fresh_bytes=0 reclaimed_nodes=1179971 retired_backlog=7931 alloc_failure_events=0 retired_postings=0 reclaimed_postings=0
hyperfeed_crucible_fresh: profile=diagnostic elapsed_secs=45.128 general_bytes=0 row_version_bytes=0 skip_node_bytes=0 skip_posting_bytes=0 skip_tower_bytes=0 spill_bytes=0
hyperfeed_crucible_interval: profile=diagnostic elapsed_secs=50.149 interval_secs=5.021 interval_tps=297366.86 total_ops=14865224 arena_head_bytes=35945232 fresh_bytes=7568 reclaimed_nodes=1198727 retired_backlog=3677 alloc_failure_events=0 retired_postings=0 reclaimed_postings=0
hyperfeed_crucible_fresh: profile=diagnostic elapsed_secs=50.149 general_bytes=0 row_version_bytes=7568 skip_node_bytes=0 skip_posting_bytes=0 skip_tower_bytes=0 spill_bytes=0
hyperfeed_crucible_interval: profile=diagnostic elapsed_secs=55.164 interval_secs=5.015 interval_tps=297249.67 total_ops=16356000 arena_head_bytes=35945232 fresh_bytes=0 reclaimed_nodes=1193804 retired_backlog=2494 alloc_failure_events=0 retired_postings=0 reclaimed_postings=0
hyperfeed_crucible_fresh: profile=diagnostic elapsed_secs=55.164 general_bytes=0 row_version_bytes=0 skip_node_bytes=0 skip_posting_bytes=0 skip_tower_bytes=0 spill_bytes=0
hyperfeed_crucible_interval: profile=diagnostic elapsed_secs=60.179 interval_secs=5.015 interval_tps=301148.10 total_ops=17866335 arena_head_bytes=35945672 fresh_bytes=440 reclaimed_nodes=1201813 retired_backlog=8935 alloc_failure_events=0 retired_postings=0 reclaimed_postings=0
hyperfeed_crucible_fresh: profile=diagnostic elapsed_secs=60.179 general_bytes=0 row_version_bytes=440 skip_node_bytes=0 skip_posting_bytes=0 skip_tower_bytes=0 spill_bytes=0
hyperfeed_crucible_interval: profile=diagnostic elapsed_secs=65.194 interval_secs=5.014 interval_tps=295234.63 total_ops=19346758 arena_head_bytes=35951480 fresh_bytes=5808 reclaimed_nodes=1188726 retired_backlog=4532 alloc_failure_events=0 retired_postings=0 reclaimed_postings=0
hyperfeed_crucible_fresh: profile=diagnostic elapsed_secs=65.194 general_bytes=0 row_version_bytes=5808 skip_node_bytes=0 skip_posting_bytes=0 skip_tower_bytes=0 spill_bytes=0
hyperfeed_crucible_interval: profile=diagnostic elapsed_secs=70.206 interval_secs=5.013 interval_tps=297286.37 total_ops=20836952 arena_head_bytes=36133640 fresh_bytes=182160 reclaimed_nodes=1187132 retired_backlog=9578 alloc_failure_events=0 retired_postings=0 reclaimed_postings=0
hyperfeed_crucible_fresh: profile=diagnostic elapsed_secs=70.206 general_bytes=0 row_version_bytes=182160 skip_node_bytes=0 skip_posting_bytes=0 skip_tower_bytes=0 spill_bytes=0
hyperfeed_crucible_interval: profile=diagnostic elapsed_secs=75.221 interval_secs=5.015 interval_tps=295025.45 total_ops=22316460 arena_head_bytes=36133640 fresh_bytes=0 reclaimed_nodes=1191930 retired_backlog=1293 alloc_failure_events=0 retired_postings=0 reclaimed_postings=0
hyperfeed_crucible_fresh: profile=diagnostic elapsed_secs=75.221 general_bytes=0 row_version_bytes=0 skip_node_bytes=0 skip_posting_bytes=0 skip_tower_bytes=0 spill_bytes=0
hyperfeed_crucible_interval: profile=diagnostic elapsed_secs=80.243 interval_secs=5.022 interval_tps=296820.74 total_ops=23807098 arena_head_bytes=36166640 fresh_bytes=33000 reclaimed_nodes=1187154 retired_backlog=6636 alloc_failure_events=0 retired_postings=0 reclaimed_postings=0
hyperfeed_crucible_fresh: profile=diagnostic elapsed_secs=80.243 general_bytes=0 row_version_bytes=33000 skip_node_bytes=0 skip_posting_bytes=0 skip_tower_bytes=0 spill_bytes=0
hyperfeed_crucible_interval: profile=diagnostic elapsed_secs=85.258 interval_secs=5.014 interval_tps=294301.81 total_ops=25282819 arena_head_bytes=36166640 fresh_bytes=0 reclaimed_nodes=1182513 retired_backlog=4704 alloc_failure_events=0 retired_postings=0 reclaimed_postings=0
hyperfeed_crucible_fresh: profile=diagnostic elapsed_secs=85.258 general_bytes=0 row_version_bytes=0 skip_node_bytes=0 skip_posting_bytes=0 skip_tower_bytes=0 spill_bytes=0
hyperfeed_crucible_interval: profile=diagnostic elapsed_secs=90.271 interval_secs=5.014 interval_tps=301057.13 total_ops=26792227 arena_head_bytes=36166640 fresh_bytes=0 reclaimed_nodes=1210211 retired_backlog=1978 alloc_failure_events=0 retired_postings=0 reclaimed_postings=0
hyperfeed_crucible_fresh: profile=diagnostic elapsed_secs=90.271 general_bytes=0 row_version_bytes=0 skip_node_bytes=0 skip_posting_bytes=0 skip_tower_bytes=0 spill_bytes=0
hyperfeed_crucible_interval: profile=diagnostic elapsed_secs=95.286 interval_secs=5.015 interval_tps=295655.59 total_ops=28274976 arena_head_bytes=36166640 fresh_bytes=0 reclaimed_nodes=1181570 retired_backlog=6624 alloc_failure_events=0 retired_postings=0 reclaimed_postings=0
hyperfeed_crucible_fresh: profile=diagnostic elapsed_secs=95.286 general_bytes=0 row_version_bytes=0 skip_node_bytes=0 skip_posting_bytes=0 skip_tower_bytes=0 spill_bytes=0
hyperfeed_crucible_interval: profile=diagnostic elapsed_secs=100.301 interval_secs=5.015 interval_tps=302297.21 total_ops=29790956 arena_head_bytes=36185472 fresh_bytes=18832 reclaimed_nodes=1216846 retired_backlog=2564 alloc_failure_events=0 retired_postings=0 reclaimed_postings=0
hyperfeed_crucible_fresh: profile=diagnostic elapsed_secs=100.301 general_bytes=0 row_version_bytes=18832 skip_node_bytes=0 skip_posting_bytes=0 skip_tower_bytes=0 spill_bytes=0
hyperfeed_crucible_interval: profile=diagnostic elapsed_secs=105.326 interval_secs=5.025 interval_tps=295944.56 total_ops=31278083 arena_head_bytes=36185472 fresh_bytes=0 reclaimed_nodes=1185517 retired_backlog=6785 alloc_failure_events=0 retired_postings=0 reclaimed_postings=0
hyperfeed_crucible_fresh: profile=diagnostic elapsed_secs=105.326 general_bytes=0 row_version_bytes=0 skip_node_bytes=0 skip_posting_bytes=0 skip_tower_bytes=0 spill_bytes=0
hyperfeed_crucible_interval: profile=diagnostic elapsed_secs=110.347 interval_secs=5.021 interval_tps=298604.07 total_ops=32777284 arena_head_bytes=36185472 fresh_bytes=0 reclaimed_nodes=1202852 retired_backlog=3294 alloc_failure_events=0 retired_postings=0 reclaimed_postings=0
hyperfeed_crucible_fresh: profile=diagnostic elapsed_secs=110.347 general_bytes=0 row_version_bytes=0 skip_node_bytes=0 skip_posting_bytes=0 skip_tower_bytes=0 spill_bytes=0
hyperfeed_crucible_interval: profile=diagnostic elapsed_secs=115.360 interval_secs=5.013 interval_tps=295915.46 total_ops=34260679 arena_head_bytes=36190928 fresh_bytes=5456 reclaimed_nodes=1183573 retired_backlog=6415 alloc_failure_events=0 retired_postings=0 reclaimed_postings=0
hyperfeed_crucible_fresh: profile=diagnostic elapsed_secs=115.360 general_bytes=0 row_version_bytes=5456 skip_node_bytes=0 skip_posting_bytes=0 skip_tower_bytes=0 spill_bytes=0
hyperfeed_crucible_interval: profile=diagnostic elapsed_secs=120.374 interval_secs=5.014 interval_tps=301684.51 total_ops=35773341 arena_head_bytes=37481008 fresh_bytes=1290080 reclaimed_nodes=1212272 retired_backlog=4285 alloc_failure_events=0 retired_postings=0 reclaimed_postings=0
hyperfeed_crucible_fresh: profile=diagnostic elapsed_secs=120.374 general_bytes=0 row_version_bytes=1290080 skip_node_bytes=0 skip_posting_bytes=0 skip_tower_bytes=0 spill_bytes=0
hyperfeed_crucible_interval: profile=diagnostic elapsed_secs=125.387 interval_secs=5.014 interval_tps=296842.27 total_ops=37261562 arena_head_bytes=37481008 fresh_bytes=0 reclaimed_nodes=1192473 retired_backlog=2385 alloc_failure_events=0 retired_postings=0 reclaimed_postings=0
hyperfeed_crucible_fresh: profile=diagnostic elapsed_secs=125.387 general_bytes=0 row_version_bytes=0 skip_node_bytes=0 skip_posting_bytes=0 skip_tower_bytes=0 spill_bytes=0
hyperfeed_crucible_interval: profile=diagnostic elapsed_secs=130.401 interval_secs=5.013 interval_tps=301259.66 total_ops=38771878 arena_head_bytes=37481008 fresh_bytes=0 reclaimed_nodes=1205523 retired_backlog=5107 alloc_failure_events=0 retired_postings=0 reclaimed_postings=0
hyperfeed_crucible_fresh: profile=diagnostic elapsed_secs=130.401 general_bytes=0 row_version_bytes=0 skip_node_bytes=0 skip_posting_bytes=0 skip_tower_bytes=0 spill_bytes=0
hyperfeed_crucible_interval: profile=diagnostic elapsed_secs=135.411 interval_secs=5.010 interval_tps=294890.71 total_ops=40249348 arena_head_bytes=37481008 fresh_bytes=0 reclaimed_nodes=1183740 retired_backlog=3323 alloc_failure_events=0 retired_postings=0 reclaimed_postings=0
hyperfeed_crucible_fresh: profile=diagnostic elapsed_secs=135.411 general_bytes=0 row_version_bytes=0 skip_node_bytes=0 skip_posting_bytes=0 skip_tower_bytes=0 spill_bytes=0
hyperfeed_crucible_interval: profile=diagnostic elapsed_secs=140.430 interval_secs=5.019 interval_tps=297984.18 total_ops=41745026 arena_head_bytes=37481008 fresh_bytes=0 reclaimed_nodes=1194326 retired_backlog=5546 alloc_failure_events=0 retired_postings=0 reclaimed_postings=0
hyperfeed_crucible_fresh: profile=diagnostic elapsed_secs=140.430 general_bytes=0 row_version_bytes=0 skip_node_bytes=0 skip_posting_bytes=0 skip_tower_bytes=0 spill_bytes=0
hyperfeed_crucible_interval: profile=diagnostic elapsed_secs=145.445 interval_secs=5.015 interval_tps=296176.31 total_ops=43230368 arena_head_bytes=37481424 fresh_bytes=416 reclaimed_nodes=1186278 retired_backlog=7532 alloc_failure_events=0 retired_postings=0 reclaimed_postings=0
hyperfeed_crucible_fresh: profile=diagnostic elapsed_secs=145.445 general_bytes=0 row_version_bytes=0 skip_node_bytes=0 skip_posting_bytes=0 skip_tower_bytes=416 spill_bytes=0
hyperfeed_crucible_interval: profile=diagnostic elapsed_secs=150.461 interval_secs=5.015 interval_tps=299753.53 total_ops=44733675 arena_head_bytes=37481424 fresh_bytes=0 reclaimed_nodes=1206301 retired_backlog=3899 alloc_failure_events=0 retired_postings=0 reclaimed_postings=0
hyperfeed_crucible_fresh: profile=diagnostic elapsed_secs=150.461 general_bytes=0 row_version_bytes=0 skip_node_bytes=0 skip_posting_bytes=0 skip_tower_bytes=0 spill_bytes=0
hyperfeed_crucible_interval: profile=diagnostic elapsed_secs=155.476 interval_secs=5.015 interval_tps=296190.78 total_ops=46219112 arena_head_bytes=37481424 fresh_bytes=0 reclaimed_nodes=1185243 retired_backlog=6977 alloc_failure_events=0 retired_postings=0 reclaimed_postings=0
hyperfeed_crucible_fresh: profile=diagnostic elapsed_secs=155.476 general_bytes=0 row_version_bytes=0 skip_node_bytes=0 skip_posting_bytes=0 skip_tower_bytes=0 spill_bytes=0
hyperfeed_crucible_interval: profile=diagnostic elapsed_secs=160.490 interval_secs=5.014 interval_tps=300972.18 total_ops=47728325 arena_head_bytes=37481424 fresh_bytes=0 reclaimed_nodes=1210476 retired_backlog=3909 alloc_failure_events=0 retired_postings=0 reclaimed_postings=0
hyperfeed_crucible_fresh: profile=diagnostic elapsed_secs=160.490 general_bytes=0 row_version_bytes=0 skip_node_bytes=0 skip_posting_bytes=0 skip_tower_bytes=0 spill_bytes=0
hyperfeed_crucible_interval: profile=diagnostic elapsed_secs=165.513 interval_secs=5.023 interval_tps=294612.70 total_ops=49208046 arena_head_bytes=37481512 fresh_bytes=88 reclaimed_nodes=1182394 retired_backlog=5281 alloc_failure_events=0 retired_postings=0 reclaimed_postings=0
hyperfeed_crucible_fresh: profile=diagnostic elapsed_secs=165.513 general_bytes=0 row_version_bytes=88 skip_node_bytes=0 skip_posting_bytes=0 skip_tower_bytes=0 spill_bytes=0
hyperfeed_crucible_interval: profile=diagnostic elapsed_secs=170.532 interval_secs=5.019 interval_tps=286669.04 total_ops=50646847 arena_head_bytes=37483272 fresh_bytes=1760 reclaimed_nodes=1149777 retired_backlog=6529 alloc_failure_events=0 retired_postings=0 reclaimed_postings=0
hyperfeed_crucible_fresh: profile=diagnostic elapsed_secs=170.532 general_bytes=0 row_version_bytes=1760 skip_node_bytes=0 skip_posting_bytes=0 skip_tower_bytes=0 spill_bytes=0
hyperfeed_crucible_interval: profile=diagnostic elapsed_secs=175.546 interval_secs=5.014 interval_tps=266035.94 total_ops=51980739 arena_head_bytes=37483272 fresh_bytes=0 reclaimed_nodes=1071847 retired_backlog=1773 alloc_failure_events=0 retired_postings=0 reclaimed_postings=0
hyperfeed_crucible_fresh: profile=diagnostic elapsed_secs=175.546 general_bytes=0 row_version_bytes=0 skip_node_bytes=0 skip_posting_bytes=0 skip_tower_bytes=0 spill_bytes=0
hyperfeed_crucible_interval: profile=diagnostic elapsed_secs=180.561 interval_secs=5.015 interval_tps=289989.29 total_ops=53435004 arena_head_bytes=37483272 fresh_bytes=0 reclaimed_nodes=1159030 retired_backlog=6182 alloc_failure_events=0 retired_postings=0 reclaimed_postings=0
hyperfeed_crucible_fresh: profile=diagnostic elapsed_secs=180.561 general_bytes=0 row_version_bytes=0 skip_node_bytes=0 skip_posting_bytes=0 skip_tower_bytes=0 spill_bytes=0
hyperfeed_crucible_interval: profile=diagnostic elapsed_secs=185.575 interval_secs=5.015 interval_tps=280752.99 total_ops=54842920 arena_head_bytes=37483272 fresh_bytes=0 reclaimed_nodes=1131225 retired_backlog=1297 alloc_failure_events=0 retired_postings=0 reclaimed_postings=0
hyperfeed_crucible_fresh: profile=diagnostic elapsed_secs=185.575 general_bytes=0 row_version_bytes=0 skip_node_bytes=0 skip_posting_bytes=0 skip_tower_bytes=0 spill_bytes=0
hyperfeed_crucible_interval: profile=diagnostic elapsed_secs=190.590 interval_secs=5.014 interval_tps=284349.01 total_ops=56268712 arena_head_bytes=37483272 fresh_bytes=0 reclaimed_nodes=1136350 retired_backlog=5571 alloc_failure_events=0 retired_postings=0 reclaimed_postings=0
hyperfeed_crucible_fresh: profile=diagnostic elapsed_secs=190.590 general_bytes=0 row_version_bytes=0 skip_node_bytes=0 skip_posting_bytes=0 skip_tower_bytes=0 spill_bytes=0
hyperfeed_crucible_interval: profile=diagnostic elapsed_secs=195.592 interval_secs=5.003 interval_tps=282325.82 total_ops=57681070 arena_head_bytes=37483272 fresh_bytes=0 reclaimed_nodes=1129162 retired_backlog=6329 alloc_failure_events=0 retired_postings=0 reclaimed_postings=0
hyperfeed_crucible_fresh: profile=diagnostic elapsed_secs=195.592 general_bytes=0 row_version_bytes=0 skip_node_bytes=0 skip_posting_bytes=0 skip_tower_bytes=0 spill_bytes=0
hyperfeed_crucible_interval: profile=diagnostic elapsed_secs=200.610 interval_secs=5.018 interval_tps=286652.00 total_ops=59119559 arena_head_bytes=37547072 fresh_bytes=63800 reclaimed_nodes=1152078 retired_backlog=5003 alloc_failure_events=0 retired_postings=0 reclaimed_postings=0
hyperfeed_crucible_fresh: profile=diagnostic elapsed_secs=200.610 general_bytes=0 row_version_bytes=63800 skip_node_bytes=0 skip_posting_bytes=0 skip_tower_bytes=0 spill_bytes=0
hyperfeed_crucible_interval: profile=diagnostic elapsed_secs=205.624 interval_secs=5.013 interval_tps=285172.11 total_ops=60549219 arena_head_bytes=37547072 fresh_bytes=0 reclaimed_nodes=1141937 retired_backlog=6823 alloc_failure_events=0 retired_postings=0 reclaimed_postings=0
hyperfeed_crucible_fresh: profile=diagnostic elapsed_secs=205.624 general_bytes=0 row_version_bytes=0 skip_node_bytes=0 skip_posting_bytes=0 skip_tower_bytes=0 spill_bytes=0
hyperfeed_crucible_interval: profile=diagnostic elapsed_secs=210.637 interval_secs=5.013 interval_tps=293357.92 total_ops=62019807 arena_head_bytes=37547072 fresh_bytes=0 reclaimed_nodes=1181758 retired_backlog=1499 alloc_failure_events=0 retired_postings=0 reclaimed_postings=0
hyperfeed_crucible_fresh: profile=diagnostic elapsed_secs=210.637 general_bytes=0 row_version_bytes=0 skip_node_bytes=0 skip_posting_bytes=0 skip_tower_bytes=0 spill_bytes=0
hyperfeed_crucible_interval: profile=diagnostic elapsed_secs=215.651 interval_secs=5.014 interval_tps=298979.26 total_ops=63518893 arena_head_bytes=37547072 fresh_bytes=0 reclaimed_nodes=1193277 retired_backlog=7495 alloc_failure_events=0 retired_postings=0 reclaimed_postings=0
hyperfeed_crucible_fresh: profile=diagnostic elapsed_secs=215.651 general_bytes=0 row_version_bytes=0 skip_node_bytes=0 skip_posting_bytes=0 skip_tower_bytes=0 spill_bytes=0
hyperfeed_crucible_interval: profile=diagnostic elapsed_secs=220.665 interval_secs=5.014 interval_tps=302663.58 total_ops=65036481 arena_head_bytes=37547336 fresh_bytes=264 reclaimed_nodes=1217159 retired_backlog=4413 alloc_failure_events=0 retired_postings=0 reclaimed_postings=0
hyperfeed_crucible_fresh: profile=diagnostic elapsed_secs=220.665 general_bytes=0 row_version_bytes=264 skip_node_bytes=0 skip_posting_bytes=0 skip_tower_bytes=0 spill_bytes=0
hyperfeed_crucible_interval: profile=diagnostic elapsed_secs=225.683 interval_secs=5.018 interval_tps=289396.20 total_ops=66488677 arena_head_bytes=37547336 fresh_bytes=0 reclaimed_nodes=1162194 retired_backlog=3954 alloc_failure_events=0 retired_postings=0 reclaimed_postings=0
hyperfeed_crucible_fresh: profile=diagnostic elapsed_secs=225.683 general_bytes=0 row_version_bytes=0 skip_node_bytes=0 skip_posting_bytes=0 skip_tower_bytes=0 spill_bytes=0
hyperfeed_crucible_interval: profile=diagnostic elapsed_secs=230.700 interval_secs=5.017 interval_tps=296532.14 total_ops=67976278 arena_head_bytes=37547336 fresh_bytes=0 reclaimed_nodes=1186622 retired_backlog=7436 alloc_failure_events=0 retired_postings=0 reclaimed_postings=0
hyperfeed_crucible_fresh: profile=diagnostic elapsed_secs=230.700 general_bytes=0 row_version_bytes=0 skip_node_bytes=0 skip_posting_bytes=0 skip_tower_bytes=0 spill_bytes=0
hyperfeed_crucible_interval: profile=diagnostic elapsed_secs=235.713 interval_secs=5.014 interval_tps=284913.37 total_ops=69404722 arena_head_bytes=37547336 fresh_bytes=0 reclaimed_nodes=1147170 retired_backlog=3046 alloc_failure_events=0 retired_postings=0 reclaimed_postings=0
hyperfeed_crucible_fresh: profile=diagnostic elapsed_secs=235.713 general_bytes=0 row_version_bytes=0 skip_node_bytes=0 skip_posting_bytes=0 skip_tower_bytes=0 spill_bytes=0
hyperfeed_crucible_interval: profile=diagnostic elapsed_secs=240.083 interval_secs=4.369 interval_tps=289310.37 total_ops=70668858 arena_head_bytes=37547336 fresh_bytes=0 reclaimed_nodes=1014348 retired_backlog=0 alloc_failure_events=0 retired_postings=0 reclaimed_postings=0
hyperfeed_crucible_fresh: profile=diagnostic elapsed_secs=240.083 general_bytes=0 row_version_bytes=0 skip_node_bytes=0 skip_posting_bytes=0 skip_tower_bytes=0 spill_bytes=0
hyperfeed_crucible_correctness: profile=diagnostic table_rows=50000 index_postings=50000 exact_match=true
hyperfeed_crucible_stability: profile=diagnostic tail_fresh_bytes=66328 fresh_growth_budget_bytes=20156416 early_interval_tps=297184.45 late_interval_tps=291490.89 retained_tps=0.9808 arena_head_bytes=37547336
hyperfeed_crucible_gc_drain: profile=diagnostic retired_backlog=0 gc_recycle_errors=0 retired_postings=0 reclaimed_postings=0
hyperfeed_crucible_allocation_class: profile=diagnostic class=nodes allocated=63871 reachable=50001 retired=0 reusable=13870
hyperfeed_crucible_allocation_class: profile=diagnostic class=postings allocated=63870 reachable=50000 retired=0 reusable=13870
hyperfeed_crucible_allocation_class: profile=diagnostic class=towers allocated=63876 reachable=50001 retired=0 reusable=13875
hyperfeed_crucible_allocation_class: profile=diagnostic class=tower_lanes allocated=128893 reachable=99867 retired=0 reusable=29026
hyperfeed_crucible_allocation_audit: profile=diagnostic status=pass
hyperfeed_crucible_retry: profile=diagnostic max_insert_attempts=1 pressure_state=0 retry_alloc=0 gc_recycle_errors=0
hyperfeed_crucible_latency_bounds: profile=diagnostic engine=aerostore histogram_subdivisions=64 samples=70668858 p99_lower_ns=471040 p99_upper_ns=475135
hyperfeed_crucible_config: profile=diagnostic mode=aerostore_only aerostore_shm_bytes=134217728 workers=16
| Engine | TPS | Total Ops | p50 upper (us) | p90 upper (us) | p99 upper (us) | Upserts | Scans | Hot Upserts | Conflicts | Index Remove Fail | Index Insert Fail |
| aerostore | 294445.75 | 70668858 | 11.90 | 35.84 | 475.13 | 56535224 | 14133634 | 2826767 | 705856 | 0 | 0 |
hyperfeed_crucible_engine_timing: profile=diagnostic aerostore_elapsed_secs=240.006 operation_failures=0
hyperfeed_crucible_reclaim: profile=diagnostic vacuum_reclaimed_rows=56535224 index_retired_nodes=56535224 index_reclaimed_nodes=56535224 free_list_pushes=0 free_list_pops=0
hyperfeed_crucible_occ: profile=diagnostic alloc_fresh=158435 reused=57082645
