checked 250/1393 archive artifacts
checked 500/1393 archive artifacts
checked 750/1393 archive artifacts
checked 1000/1393 archive artifacts
checked 1250/1393 archive artifacts
{
  "passed": false,
  "errors": [
    "005-aerostore-r128-s20260924-all-active-diag-on-metricsmetrics unexpectedly contains recorded history",
    "006-aerostore-r128-s20260924-housekeeping-diag-on-metricsmetrics unexpectedly contains recorded history",
    "007-aerostore-r128-s20260924-housekeeping-diag-off-metricsmetrics unexpectedly contains recorded history",
    "008-aerostore-r128-s20260924-all-active-diag-off-metricsmetrics unexpectedly contains recorded history",
    "009-postgres-r128-s20260924-all-active-diag-off-metricsmetrics unexpectedly contains recorded history",
    "015-postgres-r128-s20260925-all-active-diag-off-metricsmetrics unexpectedly contains recorded history",
    "016-aerostore-r128-s20260925-housekeeping-diag-off-metricsmetrics unexpectedly contains recorded history",
    "017-aerostore-r128-s20260925-housekeeping-diag-on-metricsmetrics unexpectedly contains recorded history",
    "018-aerostore-r128-s20260925-all-active-diag-on-metricsmetrics unexpectedly contains recorded history",
    "019-aerostore-r128-s20260925-all-active-diag-off-metricsmetrics unexpectedly contains recorded history",
    "025-aerostore-r128-s20260926-housekeeping-diag-off-metricsmetrics unexpectedly contains recorded history",
    "026-aerostore-r128-s20260926-all-active-diag-off-metricsmetrics unexpectedly contains recorded history",
    "027-aerostore-r128-s20260926-all-active-diag-on-metricsmetrics unexpectedly contains recorded history",
    "028-aerostore-r128-s20260926-housekeeping-diag-on-metricsmetrics unexpectedly contains recorded history",
    "029-postgres-r128-s20260926-all-active-diag-off-metricsmetrics unexpectedly contains recorded history",
    "035-postgres-r512-s20260924-all-active-diag-off-metricsmetrics unexpectedly contains recorded history",
    "036-aerostore-r512-s20260924-all-active-diag-on-metricsmetrics unexpectedly contains recorded history",
    "037-aerostore-r512-s20260924-all-active-diag-off-metricsmetrics unexpectedly contains recorded history",
    "038-aerostore-r512-s20260924-housekeeping-diag-off-metricsmetrics unexpectedly contains recorded history",
    "039-aerostore-r512-s20260924-housekeeping-diag-on-metricsmetrics unexpectedly contains recorded history",
    "045-aerostore-r512-s20260925-all-active-diag-on-metricsmetrics unexpectedly contains recorded history",
    "046-aerostore-r512-s20260925-housekeeping-diag-on-metricsmetrics unexpectedly contains recorded history",
    "047-aerostore-r512-s20260925-housekeeping-diag-off-metricsmetrics unexpectedly contains recorded history",
    "048-aerostore-r512-s20260925-all-active-diag-off-metricsmetrics unexpectedly contains recorded history",
    "049-postgres-r512-s20260925-all-active-diag-off-metricsmetrics unexpectedly contains recorded history",
    "055-postgres-r512-s20260926-all-active-diag-off-metricsmetrics unexpectedly contains recorded history",
    "056-aerostore-r512-s20260926-housekeeping-diag-off-metricsmetrics unexpectedly contains recorded history",
    "057-aerostore-r512-s20260926-housekeeping-diag-on-metricsmetrics unexpectedly contains recorded history",
    "058-aerostore-r512-s20260926-all-active-diag-on-metricsmetrics unexpectedly contains recorded history",
    "059-aerostore-r512-s20260926-all-active-diag-off-metricsmetrics unexpectedly contains recorded history",
    "065-aerostore-r2048-s20260924-housekeeping-diag-off-metricsmetrics unexpectedly contains recorded history",
    "066-aerostore-r2048-s20260924-all-active-diag-off-metricsmetrics unexpectedly contains recorded history",
    "067-aerostore-r2048-s20260924-all-active-diag-on-metricsfailed metrics unexpectedly contains history",
    "068-aerostore-r2048-s20260924-housekeeping-diag-on-metricsfailed metrics unexpectedly contains history",
    "069-postgres-r2048-s20260924-all-active-diag-off-metricsfailed metrics unexpectedly contains history",
    "075-postgres-r2048-s20260925-all-active-diag-off-metricsfailed metrics unexpectedly contains history",
    "076-aerostore-r2048-s20260925-all-active-diag-on-metricsfailed metrics unexpectedly contains history",
    "077-aerostore-r2048-s20260925-all-active-diag-off-metricsfailed metrics unexpectedly contains history",
    "078-aerostore-r2048-s20260925-housekeeping-diag-off-metricsfailed metrics unexpectedly contains history",
    "079-aerostore-r2048-s20260925-housekeeping-diag-on-metricsfailed metrics unexpectedly contains history",
    "085-aerostore-r2048-s20260926-all-active-diag-on-metricsfailed metrics unexpectedly contains history",
    "086-aerostore-r2048-s20260926-housekeeping-diag-on-metricsfailed metrics unexpectedly contains history",
    "087-aerostore-r2048-s20260926-housekeeping-diag-off-metricsfailed metrics unexpectedly contains history",
    "088-aerostore-r2048-s20260926-all-active-diag-off-metricsfailed metrics unexpectedly contains history",
    "089-postgres-r2048-s20260926-all-active-diag-off-metricsfailed metrics unexpectedly contains history"
  ],
  "elapsed_seconds": 7.130013073001464,
  "artifact_count": 1393,
  "archive_bytes": 194715050,
  "original_bytes": 4596384943,
  "documented_counts": {
    "low_rate_useful_trials": 60,
    "overload_native_trials": 24,
    "overload_native_failed": 19,
    "traced_native_failures": 10,
    "retained_tail_samples": 320,
    "tail_due_commit": 295,
    "tail_due_lookup": 25,
    "overload_native_completed": 5,
    "overload_full_completed": 3,
    "overload_metrics_completed": 2,
    "postgres_overload_failures": 6
  }
}
