Gnuplot not found, using plotters backend
hyperfeed_crucible_interval: profile=diagnostic elapsed_secs=5.013 interval_secs=5.013 interval_tps=303165.55 total_ops=1519713 arena_head_bytes=34101304 fresh_bytes=13940600 reclaimed_nodes=1213172 retired_backlog=2741 alloc_failure_events=0 retired_postings=0 reclaimed_postings=0
hyperfeed_crucible_fresh: profile=diagnostic elapsed_secs=5.013 general_bytes=0 row_version_bytes=11160248 skip_node_bytes=1968560 skip_posting_bytes=626360 skip_tower_bytes=185432 spill_bytes=0
hyperfeed_crucible_interval: profile=diagnostic elapsed_secs=10.027 interval_secs=5.014 interval_tps=310518.68 total_ops=3076801 arena_head_bytes=34532240 fresh_bytes=430936 reclaimed_nodes=1246712 retired_backlog=1717 alloc_failure_events=0 retired_postings=0 reclaimed_postings=0
hyperfeed_crucible_fresh: profile=diagnostic elapsed_secs=10.027 general_bytes=0 row_version_bytes=0 skip_node_bytes=305184 skip_posting_bytes=97104 skip_tower_bytes=28648 spill_bytes=0
hyperfeed_crucible_interval: profile=diagnostic elapsed_secs=15.041 interval_secs=5.013 interval_tps=312402.89 total_ops=4643031 arena_head_bytes=34532240 fresh_bytes=0 reclaimed_nodes=1249907 retired_backlog=4740 alloc_failure_events=0 retired_postings=0 reclaimed_postings=0
hyperfeed_crucible_fresh: profile=diagnostic elapsed_secs=15.041 general_bytes=0 row_version_bytes=0 skip_node_bytes=0 skip_posting_bytes=0 skip_tower_bytes=0 spill_bytes=0
hyperfeed_crucible_interval: profile=diagnostic elapsed_secs=20.055 interval_secs=5.014 interval_tps=310875.79 total_ops=6201711 arena_head_bytes=34574120 fresh_bytes=41880 reclaimed_nodes=1250931 retired_backlog=749 alloc_failure_events=0 retired_postings=0 reclaimed_postings=0
hyperfeed_crucible_fresh: profile=diagnostic elapsed_secs=20.055 general_bytes=0 row_version_bytes=41800 skip_node_bytes=0 skip_posting_bytes=0 skip_tower_bytes=80 spill_bytes=0
hyperfeed_crucible_interval: profile=diagnostic elapsed_secs=25.068 interval_secs=5.014 interval_tps=302683.79 total_ops=7719235 arena_head_bytes=34686920 fresh_bytes=112800 reclaimed_nodes=1208913 retired_backlog=5880 alloc_failure_events=0 retired_postings=0 reclaimed_postings=0
hyperfeed_crucible_fresh: profile=diagnostic elapsed_secs=25.068 general_bytes=0 row_version_bytes=2376 skip_node_bytes=78320 skip_posting_bytes=24920 skip_tower_bytes=7184 spill_bytes=0
hyperfeed_crucible_interval: profile=diagnostic elapsed_secs=30.082 interval_secs=5.014 interval_tps=308289.63 total_ops=9265034 arena_head_bytes=34720128 fresh_bytes=33208 reclaimed_nodes=1239117 retired_backlog=3414 alloc_failure_events=0 retired_postings=0 reclaimed_postings=0
hyperfeed_crucible_fresh: profile=diagnostic elapsed_secs=30.082 general_bytes=0 row_version_bytes=0 skip_node_bytes=20240 skip_posting_bytes=6440 skip_tower_bytes=6528 spill_bytes=0
hyperfeed_crucible_interval: profile=diagnostic elapsed_secs=35.096 interval_secs=5.013 interval_tps=308270.47 total_ops=10810544 arena_head_bytes=34749696 fresh_bytes=29568 reclaimed_nodes=1238798 retired_backlog=1034 alloc_failure_events=0 retired_postings=0 reclaimed_postings=0
hyperfeed_crucible_fresh: profile=diagnostic elapsed_secs=35.096 general_bytes=0 row_version_bytes=29568 skip_node_bytes=0 skip_posting_bytes=0 skip_tower_bytes=0 spill_bytes=0
hyperfeed_crucible_interval: profile=diagnostic elapsed_secs=40.109 interval_secs=5.013 interval_tps=314454.31 total_ops=12386919 arena_head_bytes=34839808 fresh_bytes=90112 reclaimed_nodes=1257024 retired_backlog=5081 alloc_failure_events=0 retired_postings=0 reclaimed_postings=0
hyperfeed_crucible_fresh: profile=diagnostic elapsed_secs=40.109 general_bytes=0 row_version_bytes=90112 skip_node_bytes=0 skip_posting_bytes=0 skip_tower_bytes=0 spill_bytes=0
hyperfeed_crucible_interval: profile=diagnostic elapsed_secs=45.123 interval_secs=5.014 interval_tps=307151.50 total_ops=13927099 arena_head_bytes=34970184 fresh_bytes=130376 reclaimed_nodes=1233796 retired_backlog=3436 alloc_failure_events=0 retired_postings=0 reclaimed_postings=0
hyperfeed_crucible_fresh: profile=diagnostic elapsed_secs=45.123 general_bytes=0 row_version_bytes=80784 skip_node_bytes=36608 skip_posting_bytes=11648 skip_tower_bytes=1336 spill_bytes=0
hyperfeed_crucible_interval: profile=diagnostic elapsed_secs=50.136 interval_secs=5.013 interval_tps=293921.27 total_ops=15400406 arena_head_bytes=35140464 fresh_bytes=170280 reclaimed_nodes=1176183 retired_backlog=5899 alloc_failure_events=0 retired_postings=0 reclaimed_postings=0
hyperfeed_crucible_fresh: profile=diagnostic elapsed_secs=50.136 general_bytes=0 row_version_bytes=170280 skip_node_bytes=0 skip_posting_bytes=0 skip_tower_bytes=0 spill_bytes=0
hyperfeed_crucible_interval: profile=diagnostic elapsed_secs=55.149 interval_secs=5.013 interval_tps=296461.71 total_ops=16886706 arena_head_bytes=35140656 fresh_bytes=192 reclaimed_nodes=1187287 retired_backlog=7640 alloc_failure_events=0 retired_postings=0 reclaimed_postings=0
hyperfeed_crucible_fresh: profile=diagnostic elapsed_secs=55.149 general_bytes=0 row_version_bytes=0 skip_node_bytes=0 skip_posting_bytes=0 skip_tower_bytes=192 spill_bytes=0
hyperfeed_crucible_interval: profile=diagnostic elapsed_secs=60.164 interval_secs=5.015 interval_tps=297104.52 total_ops=18376653 arena_head_bytes=35145672 fresh_bytes=5016 reclaimed_nodes=1196432 retired_backlog=3183 alloc_failure_events=0 retired_postings=0 reclaimed_postings=0
hyperfeed_crucible_fresh: profile=diagnostic elapsed_secs=60.164 general_bytes=0 row_version_bytes=5016 skip_node_bytes=0 skip_posting_bytes=0 skip_tower_bytes=0 spill_bytes=0
hyperfeed_crucible_interval: profile=diagnostic elapsed_secs=65.178 interval_secs=5.014 interval_tps=295686.97 total_ops=19859139 arena_head_bytes=35158344 fresh_bytes=12672 reclaimed_nodes=1182072 retired_backlog=7101 alloc_failure_events=0 retired_postings=0 reclaimed_postings=0
hyperfeed_crucible_fresh: profile=diagnostic elapsed_secs=65.178 general_bytes=0 row_version_bytes=12672 skip_node_bytes=0 skip_posting_bytes=0 skip_tower_bytes=0 spill_bytes=0
hyperfeed_crucible_interval: profile=diagnostic elapsed_secs=70.192 interval_secs=5.014 interval_tps=286744.64 total_ops=21296795 arena_head_bytes=35352120 fresh_bytes=193776 reclaimed_nodes=1155527 retired_backlog=1684 alloc_failure_events=0 retired_postings=0 reclaimed_postings=0
hyperfeed_crucible_fresh: profile=diagnostic elapsed_secs=70.192 general_bytes=0 row_version_bytes=193776 skip_node_bytes=0 skip_posting_bytes=0 skip_tower_bytes=0 spill_bytes=0
hyperfeed_crucible_interval: profile=diagnostic elapsed_secs=75.205 interval_secs=5.014 interval_tps=272553.62 total_ops=22663298 arena_head_bytes=35352320 fresh_bytes=200 reclaimed_nodes=1092822 retired_backlog=2063 alloc_failure_events=0 retired_postings=0 reclaimed_postings=0
hyperfeed_crucible_fresh: profile=diagnostic elapsed_secs=75.205 general_bytes=0 row_version_bytes=0 skip_node_bytes=0 skip_posting_bytes=0 skip_tower_bytes=200 spill_bytes=0
hyperfeed_crucible_interval: profile=diagnostic elapsed_secs=80.219 interval_secs=5.014 interval_tps=292261.68 total_ops=24128671 arena_head_bytes=35439088 fresh_bytes=86768 reclaimed_nodes=1170689 retired_backlog=3671 alloc_failure_events=0 retired_postings=0 reclaimed_postings=0
hyperfeed_crucible_fresh: profile=diagnostic elapsed_secs=80.219 general_bytes=0 row_version_bytes=33968 skip_node_bytes=37488 skip_posting_bytes=11928 skip_tower_bytes=3384 spill_bytes=0
hyperfeed_crucible_interval: profile=diagnostic elapsed_secs=85.233 interval_secs=5.014 interval_tps=288820.55 total_ops=25576686 arena_head_bytes=35458360 fresh_bytes=19272 reclaimed_nodes=1157958 retired_backlog=4146 alloc_failure_events=0 retired_postings=0 reclaimed_postings=0
hyperfeed_crucible_fresh: profile=diagnostic elapsed_secs=85.233 general_bytes=0 row_version_bytes=19272 skip_node_bytes=0 skip_posting_bytes=0 skip_tower_bytes=0 spill_bytes=0
hyperfeed_crucible_interval: profile=diagnostic elapsed_secs=90.246 interval_secs=5.013 interval_tps=278255.53 total_ops=26971668 arena_head_bytes=35475080 fresh_bytes=16720 reclaimed_nodes=1117857 retired_backlog=2271 alloc_failure_events=0 retired_postings=0 reclaimed_postings=0
hyperfeed_crucible_fresh: profile=diagnostic elapsed_secs=90.246 general_bytes=0 row_version_bytes=16720 skip_node_bytes=0 skip_posting_bytes=0 skip_tower_bytes=0 spill_bytes=0
hyperfeed_crucible_interval: profile=diagnostic elapsed_secs=95.259 interval_secs=5.013 interval_tps=280909.18 total_ops=28379915 arena_head_bytes=35487840 fresh_bytes=12760 reclaimed_nodes=1123318 retired_backlog=5520 alloc_failure_events=0 retired_postings=0 reclaimed_postings=0
hyperfeed_crucible_fresh: profile=diagnostic elapsed_secs=95.259 general_bytes=0 row_version_bytes=12760 skip_node_bytes=0 skip_posting_bytes=0 skip_tower_bytes=0 spill_bytes=0
hyperfeed_crucible_interval: profile=diagnostic elapsed_secs=100.273 interval_secs=5.014 interval_tps=295348.49 total_ops=29860710 arena_head_bytes=35488104 fresh_bytes=264 reclaimed_nodes=1182418 retired_backlog=7776 alloc_failure_events=0 retired_postings=0 reclaimed_postings=0
hyperfeed_crucible_fresh: profile=diagnostic elapsed_secs=100.273 general_bytes=0 row_version_bytes=264 skip_node_bytes=0 skip_posting_bytes=0 skip_tower_bytes=0 spill_bytes=0
hyperfeed_crucible_interval: profile=diagnostic elapsed_secs=105.287 interval_secs=5.014 interval_tps=288504.21 total_ops=31307201 arena_head_bytes=35547856 fresh_bytes=59752 reclaimed_nodes=1163079 retired_backlog=1849 alloc_failure_events=0 retired_postings=0 reclaimed_postings=0
hyperfeed_crucible_fresh: profile=diagnostic elapsed_secs=105.287 general_bytes=0 row_version_bytes=59752 skip_node_bytes=0 skip_posting_bytes=0 skip_tower_bytes=0 spill_bytes=0
hyperfeed_crucible_interval: profile=diagnostic elapsed_secs=110.301 interval_secs=5.014 interval_tps=279570.57 total_ops=32708952 arena_head_bytes=35688392 fresh_bytes=140536 reclaimed_nodes=1120641 retired_backlog=2640 alloc_failure_events=0 retired_postings=0 reclaimed_postings=0
hyperfeed_crucible_fresh: profile=diagnostic elapsed_secs=110.301 general_bytes=0 row_version_bytes=140536 skip_node_bytes=0 skip_posting_bytes=0 skip_tower_bytes=0 spill_bytes=0
hyperfeed_crucible_interval: profile=diagnostic elapsed_secs=115.314 interval_secs=5.013 interval_tps=294330.02 total_ops=34184487 arena_head_bytes=35688392 fresh_bytes=0 reclaimed_nodes=1180072 retired_backlog=3005 alloc_failure_events=0 retired_postings=0 reclaimed_postings=0
hyperfeed_crucible_fresh: profile=diagnostic elapsed_secs=115.314 general_bytes=0 row_version_bytes=0 skip_node_bytes=0 skip_posting_bytes=0 skip_tower_bytes=0 spill_bytes=0
hyperfeed_crucible_interval: profile=diagnostic elapsed_secs=120.114 interval_secs=4.800 interval_tps=278908.73 total_ops=35523268 arena_head_bytes=35696048 fresh_bytes=7656 reclaimed_nodes=1074003 retired_backlog=0 alloc_failure_events=0 retired_postings=0 reclaimed_postings=0
hyperfeed_crucible_fresh: profile=diagnostic elapsed_secs=120.114 general_bytes=0 row_version_bytes=7656 skip_node_bytes=0 skip_posting_bytes=0 skip_tower_bytes=0 spill_bytes=0
hyperfeed_crucible_correctness: profile=diagnostic table_rows=50000 index_postings=50000 exact_match=true
hyperfeed_crucible_stability: profile=diagnostic tail_fresh_bytes=550376 fresh_growth_budget_bytes=20160704 early_interval_tps=305441.68 late_interval_tps=285991.18 retained_tps=0.9363 arena_head_bytes=35696048
hyperfeed_crucible_gc_drain: profile=diagnostic retired_backlog=0 gc_recycle_errors=0 retired_postings=0 reclaimed_postings=0
hyperfeed_crucible_allocation_class: profile=diagnostic class=nodes allocated=63901 reachable=50001 retired=0 reusable=13900
hyperfeed_crucible_allocation_class: profile=diagnostic class=postings allocated=63900 reachable=50000 retired=0 reusable=13900
hyperfeed_crucible_allocation_class: profile=diagnostic class=towers allocated=63901 reachable=50001 retired=0 reusable=13900
hyperfeed_crucible_allocation_class: profile=diagnostic class=tower_lanes allocated=129697 reachable=99875 retired=0 reusable=29822
hyperfeed_crucible_allocation_audit: profile=diagnostic status=pass
hyperfeed_crucible_retry: profile=diagnostic max_insert_attempts=1 pressure_state=0 retry_alloc=0 gc_recycle_errors=0
hyperfeed_crucible_latency_bounds: profile=diagnostic engine=aerostore histogram_subdivisions=64 samples=35523268 p99_lower_ns=149504 p99_upper_ns=151551
hyperfeed_crucible_config: profile=diagnostic mode=aerostore_only aerostore_shm_bytes=134217728 workers=16
| Engine | TPS | Total Ops | p50 upper (us) | p90 upper (us) | p99 upper (us) | Upserts | Scans | Hot Upserts | Conflicts | Index Remove Fail | Index Insert Fail |
| aerostore | 296016.55 | 35523268 | 14.72 | 40.45 | 151.55 | 28418728 | 7104540 | 1420947 | 332330 | 0 | 0 |
hyperfeed_crucible_engine_timing: profile=diagnostic aerostore_elapsed_secs=120.004 operation_failures=0
hyperfeed_crucible_reclaim: profile=diagnostic vacuum_reclaimed_rows=28418728 index_retired_nodes=28418728 index_reclaimed_nodes=28418728 free_list_pushes=0 free_list_pops=0
hyperfeed_crucible_occ: profile=diagnostic alloc_fresh=137245 reused=28613813
